{"id":3429,"type":"info","level":2,"name":"stock-monitor","meta":{},"content":"收到股票更新事件","timestamp":1773792085291}
{"id":3430,"type":"info","level":2,"name":"stock-monitor","meta":{},"content":"发送股票数据到: http://felinus.gnway.cc:8000/stock","timestamp":1773792085292}
{"id":3431,"type":"info","level":2,"name":"stock-monitor","meta":{},"content":"发送数据: { unitPrice: \u001b[33m2.1958\u001b[39m, totalStock: \u001b[33m1006\u001b[39m, personalStock: \u001b[33m0\u001b[39m, totalMoney: \u001b[33m2208.929\u001b[39m, personalMoney: \u001b[33m0\u001b[39m }","timestamp":1773792085292}
{"id":3432,"type":"info","level":2,"name":"stock-monitor","meta":{},"content":"请求方法: POST","timestamp":1773792085292}
{"id":3433,"type":"info","level":2,"name":"stock-monitor","meta":{},"content":"发送成功: { success: \u001b[33mtrue\u001b[39m, message: \u001b[32m'股票数据接收成功'\u001b[39m, diskId: \u001b[33m82\u001b[39m, timestamp: \u001b[32m'2026-03-18T00:01:25.359Z'\u001b[39m }","timestamp":1773792085379}
{"id":3435,"type":"info","level":2,"name":"stock-monitor","meta":{},"content":"收到股票更新事件","timestamp":1773792205461}
{"id":3436,"type":"info","level":2,"name":"stock-monitor","meta":{},"content":"发送股票数据到: http://felinus.gnway.cc:8000/stock","timestamp":1773792205462}
{"id":3437,"type":"info","level":2,"name":"stock-monitor","meta":{},"content":"发送数据: { unitPrice: \u001b[33m2.7667\u001b[39m, totalStock: \u001b[33m1006\u001b[39m, personalStock: \u001b[33m0\u001b[39m, totalMoney: \u001b[33m2783.2505\u001b[39m, personalMoney: \u001b[33m0\u001b[39m }","timestamp":1773792205462}
{"id":3438,"type":"info","level":2,"name":"stock-monitor","meta":{},"content":"请求方法: POST","timestamp":1773792205463}
{"id":3439,"type":"info","level":2,"name":"stock-monitor","meta":{},"content":"发送成功: { success: \u001b[33mtrue\u001b[39m, message: \u001b[32m'股票数据接收成功'\u001b[39m, diskId: \u001b[33m82\u001b[39m, timestamp: \u001b[32m'2026-03-18T00:03:25.591Z'\u001b[39m }","timestamp":1773792205648}
{"id":3441,"type":"info","level":2,"name":"stock-monitor","meta":{},"content":"收到股票更新事件","timestamp":1773792325949}
{"id":3442,"type":"info","level":2,"name":"stock-monitor","meta":{},"content":"发送股票数据到: http://felinus.gnway.cc:8000/stock","timestamp":1773792325950}
{"id":3443,"type":"info","level":2,"name":"stock-monitor","meta":{},"content":"发送数据: { unitPrice: \u001b[33m0.415\u001b[39m, totalStock: \u001b[33m1194\u001b[39m, personalStock: \u001b[33m0\u001b[39m, totalMoney: \u001b[33m495.5071\u001b[39m, personalMoney: \u001b[33m0\u001b[39m }","timestamp":1773792325950}
{"id":3444,"type":"info","level":2,"name":"stock-monitor","meta":{},"content":"请求方法: POST","timestamp":1773792325950}
{"id":3445,"type":"info","level":2,"name":"stock-monitor","meta":{},"content":"发送成功: { success: \u001b[33mtrue\u001b[39m, message: \u001b[32m'股票数据接收成功'\u001b[39m, diskId: \u001b[33m82\u001b[39m, timestamp: \u001b[32m'2026-03-18T00:05:26.282Z'\u001b[39m }","timestamp":1773792326422}
{"id":3447,"type":"info","level":2,"name":"stock-monitor","meta":{},"content":"收到股票更新事件","timestamp":1773792445687}
{"id":3448,"type":"info","level":2,"name":"stock-monitor","meta":{},"content":"发送股票数据到: http://felinus.gnway.cc:8000/stock","timestamp":1773792445687}
{"id":3449,"type":"info","level":2,"name":"stock-monitor","meta":{},"content":"发送数据: { unitPrice: \u001b[33m0.0373\u001b[39m, totalStock: \u001b[33m2650\u001b[39m, personalStock: \u001b[33m0\u001b[39m, totalMoney: \u001b[33m98.9769\u001b[39m, personalMoney: \u001b[33m0\u001b[39m }","timestamp":1773792445687}
{"id":3450,"type":"info","level":2,"name":"stock-monitor","meta":{},"content":"请求方法: POST","timestamp":1773792445688}
{"id":3451,"type":"info","level":2,"name":"stock-monitor","meta":{},"content":"发送成功: { success: \u001b[33mtrue\u001b[39m, message: \u001b[32m'股票数据接收成功'\u001b[39m, diskId: \u001b[33m82\u001b[39m, timestamp: \u001b[32m'2026-03-18T00:07:25.744Z'\u001b[39m }","timestamp":1773792445765}
{"id":3464,"type":"info","level":2,"name":"stock-monitor","meta":{},"content":"收到股票更新事件","timestamp":1773792565966}
{"id":3465,"type":"info","level":2,"name":"stock-monitor","meta":{},"content":"发送股票数据到: http://felinus.gnway.cc:8000/stock","timestamp":1773792565967}
{"id":3466,"type":"info","level":2,"name":"stock-monitor","meta":{},"content":"发送数据: { unitPrice: \u001b[33m0.0411\u001b[39m, totalStock: \u001b[33m2650\u001b[39m, personalStock: \u001b[33m0\u001b[39m, totalMoney: \u001b[33m108.9769\u001b[39m, personalMoney: \u001b[33m0\u001b[39m }","timestamp":1773792565967}
{"id":3467,"type":"info","level":2,"name":"stock-monitor","meta":{},"content":"请求方法: POST","timestamp":1773792565967}
{"id":3468,"type":"info","level":2,"name":"stock-monitor","meta":{},"content":"发送成功: { success: \u001b[33mtrue\u001b[39m, message: \u001b[32m'股票数据接收成功'\u001b[39m, diskId: \u001b[33m82\u001b[39m, timestamp: \u001b[32m'2026-03-18T00:09:26.031Z'\u001b[39m }","timestamp":1773792566051}
{"id":3470,"type":"info","level":2,"name":"stock-monitor","meta":{},"content":"收到股票更新事件","timestamp":1773792685838}
{"id":3471,"type":"info","level":2,"name":"stock-monitor","meta":{},"content":"发送股票数据到: http://felinus.gnway.cc:8000/stock","timestamp":1773792685839}
{"id":3472,"type":"info","level":2,"name":"stock-monitor","meta":{},"content":"发送数据: { unitPrice: \u001b[33m0.3921\u001b[39m, totalStock: \u001b[33m2650\u001b[39m, personalStock: \u001b[33m0\u001b[39m, totalMoney: \u001b[33m1038.9769\u001b[39m, personalMoney: \u001b[33m0\u001b[39m }","timestamp":1773792685839}
{"id":3473,"type":"info","level":2,"name":"stock-monitor","meta":{},"content":"请求方法: POST","timestamp":1773792685840}
{"id":3474,"type":"info","level":2,"name":"stock-monitor","meta":{},"content":"发送成功: { success: \u001b[33mtrue\u001b[39m, message: \u001b[32m'股票数据接收成功'\u001b[39m, diskId: \u001b[33m82\u001b[39m, timestamp: \u001b[32m'2026-03-18T00:11:25.906Z'\u001b[39m }","timestamp":1773792685927}
{"id":3476,"type":"info","level":2,"name":"stock-monitor","meta":{},"content":"收到股票更新事件","timestamp":1773792805897}
{"id":3477,"type":"info","level":2,"name":"stock-monitor","meta":{},"content":"发送股票数据到: http://felinus.gnway.cc:8000/stock","timestamp":1773792805898}
{"id":3478,"type":"info","level":2,"name":"stock-monitor","meta":{},"content":"发送数据: { unitPrice: \u001b[33m0.0667\u001b[39m, totalStock: \u001b[33m2660\u001b[39m, personalStock: \u001b[33m0\u001b[39m, totalMoney: \u001b[33m177.2926\u001b[39m, personalMoney: \u001b[33m0\u001b[39m }","timestamp":1773792805898}
{"id":3479,"type":"info","level":2,"name":"stock-monitor","meta":{},"content":"请求方法: POST","timestamp":1773792805898}
{"id":3480,"type":"info","level":2,"name":"stock-monitor","meta":{},"content":"发送成功: { success: \u001b[33mtrue\u001b[39m, message: \u001b[32m'股票数据接收成功'\u001b[39m, diskId: \u001b[33m82\u001b[39m, timestamp: \u001b[32m'2026-03-18T00:13:25.963Z'\u001b[39m }","timestamp":1773792805984}
{"id":3482,"type":"info","level":2,"name":"stock-monitor","meta":{},"content":"收到股票更新事件","timestamp":1773792926105}
{"id":3483,"type":"info","level":2,"name":"stock-monitor","meta":{},"content":"发送股票数据到: http://felinus.gnway.cc:8000/stock","timestamp":1773792926106}
{"id":3484,"type":"info","level":2,"name":"stock-monitor","meta":{},"content":"发送数据: { unitPrice: \u001b[33m1\u001b[39m, totalStock: \u001b[33m1000\u001b[39m, personalStock: \u001b[33m0\u001b[39m, totalMoney: \u001b[33m1000\u001b[39m, personalMoney: \u001b[33m0\u001b[39m }","timestamp":1773792926106}
{"id":3485,"type":"info","level":2,"name":"stock-monitor","meta":{},"content":"请求方法: POST","timestamp":1773792926107}
{"id":3486,"type":"info","level":2,"name":"stock-monitor","meta":{},"content":"发送成功: { success: \u001b[33mtrue\u001b[39m, message: \u001b[32m'崩盘，新盘已创建'\u001b[39m, diskId: \u001b[33m83\u001b[39m, timestamp: \u001b[32m'2026-03-18T00:15:26.170Z'\u001b[39m }","timestamp":1773792926189}
{"id":3488,"type":"info","level":2,"name":"stock-monitor","meta":{},"content":"收到股票更新事件","timestamp":1773793046146}
{"id":3489,"type":"info","level":2,"name":"stock-monitor","meta":{},"content":"发送股票数据到: http://felinus.gnway.cc:8000/stock","timestamp":1773793046146}
{"id":3490,"type":"info","level":2,"name":"stock-monitor","meta":{},"content":"发送数据: { unitPrice: \u001b[33m1.12\u001b[39m, totalStock: \u001b[33m1000\u001b[39m, personalStock: \u001b[33m0\u001b[39m, totalMoney: \u001b[33m1120\u001b[39m, personalMoney: \u001b[33m0\u001b[39m }","timestamp":1773793046146}
{"id":3491,"type":"info","level":2,"name":"stock-monitor","meta":{},"content":"请求方法: POST","timestamp":1773793046146}
{"id":3492,"type":"info","level":2,"name":"stock-monitor","meta":{},"content":"发送成功: { success: \u001b[33mtrue\u001b[39m, message: \u001b[32m'股票数据接收成功'\u001b[39m, diskId: \u001b[33m83\u001b[39m, timestamp: \u001b[32m'2026-03-18T00:17:26.199Z'\u001b[39m }","timestamp":1773793046443}
{"id":3494,"type":"info","level":2,"name":"stock-monitor","meta":{},"content":"收到股票更新事件","timestamp":1773793166335}
{"id":3495,"type":"info","level":2,"name":"stock-monitor","meta":{},"content":"发送股票数据到: http://felinus.gnway.cc:8000/stock","timestamp":1773793166335}
{"id":3496,"type":"info","level":2,"name":"stock-monitor","meta":{},"content":"发送数据: { unitPrice: \u001b[33m0.896\u001b[39m, totalStock: \u001b[33m1535\u001b[39m, personalStock: \u001b[33m0\u001b[39m, totalMoney: \u001b[33m1375.36\u001b[39m, personalMoney: \u001b[33m0\u001b[39m }","timestamp":1773793166336}
{"id":3497,"type":"info","level":2,"name":"stock-monitor","meta":{},"content":"请求方法: POST","timestamp":1773793166336}
{"id":3498,"type":"info","level":2,"name":"stock-monitor","meta":{},"content":"发送成功: { success: \u001b[33mtrue\u001b[39m, message: \u001b[32m'股票数据接收成功'\u001b[39m, diskId: \u001b[33m83\u001b[39m, timestamp: \u001b[32m'2026-03-18T00:19:26.399Z'\u001b[39m }","timestamp":1773793166418}
{"id":3500,"type":"info","level":2,"name":"stock-monitor","meta":{},"content":"收到股票更新事件","timestamp":1773793286402}
{"id":3501,"type":"info","level":2,"name":"stock-monitor","meta":{},"content":"发送股票数据到: http://felinus.gnway.cc:8000/stock","timestamp":1773793286403}
{"id":3502,"type":"info","level":2,"name":"stock-monitor","meta":{},"content":"发送数据: { unitPrice: \u001b[33m1.6845\u001b[39m, totalStock: \u001b[33m1635\u001b[39m, personalStock: \u001b[33m0\u001b[39m, totalMoney: \u001b[33m2754.1248\u001b[39m, personalMoney: \u001b[33m0\u001b[39m }","timestamp":1773793286403}
{"id":3503,"type":"info","level":2,"name":"stock-monitor","meta":{},"content":"请求方法: POST","timestamp":1773793286403}
{"id":3504,"type":"info","level":2,"name":"stock-monitor","meta":{},"content":"发送成功: { success: \u001b[33mtrue\u001b[39m, message: \u001b[32m'股票数据接收成功'\u001b[39m, diskId: \u001b[33m83\u001b[39m, timestamp: \u001b[32m'2026-03-18T00:21:26.553Z'\u001b[39m }","timestamp":1773793286605}
{"id":3506,"type":"info","level":2,"name":"stock-monitor","meta":{},"content":"收到股票更新事件","timestamp":1773793406423}
{"id":3507,"type":"info","level":2,"name":"stock-monitor","meta":{},"content":"发送股票数据到: http://felinus.gnway.cc:8000/stock","timestamp":1773793406423}
{"id":3508,"type":"info","level":2,"name":"stock-monitor","meta":{},"content":"发送数据: { unitPrice: \u001b[33m0.1011\u001b[39m, totalStock: \u001b[33m1150\u001b[39m, personalStock: \u001b[33m0\u001b[39m, totalMoney: \u001b[33m116.2291\u001b[39m, personalMoney: \u001b[33m0\u001b[39m }","timestamp":1773793406424}
{"id":3509,"type":"info","level":2,"name":"stock-monitor","meta":{},"content":"请求方法: POST","timestamp":1773793406424}
{"id":3510,"type":"info","level":2,"name":"stock-monitor","meta":{},"content":"发送成功: { success: \u001b[33mtrue\u001b[39m, message: \u001b[32m'股票数据接收成功'\u001b[39m, diskId: \u001b[33m83\u001b[39m, timestamp: \u001b[32m'2026-03-18T00:23:26.484Z'\u001b[39m }","timestamp":1773793406503}
{"id":3512,"type":"info","level":2,"name":"stock-monitor","meta":{},"content":"收到股票更新事件","timestamp":1773793527163}
{"id":3513,"type":"info","level":2,"name":"stock-monitor","meta":{},"content":"发送股票数据到: http://felinus.gnway.cc:8000/stock","timestamp":1773793527163}
{"id":3514,"type":"info","level":2,"name":"stock-monitor","meta":{},"content":"发送数据: { unitPrice: \u001b[33m0.1829\u001b[39m, totalStock: \u001b[33m39617\u001b[39m, personalStock: \u001b[33m0\u001b[39m, totalMoney: \u001b[33m7247.3172\u001b[39m, personalMoney: \u001b[33m0\u001b[39m }","timestamp":1773793527163}
{"id":3515,"type":"info","level":2,"name":"stock-monitor","meta":{},"content":"请求方法: POST","timestamp":1773793527164}
{"id":3516,"type":"info","level":2,"name":"stock-monitor","meta":{},"content":"发送成功: { success: \u001b[33mtrue\u001b[39m, message: \u001b[32m'股票数据接收成功'\u001b[39m, diskId: \u001b[33m83\u001b[39m, timestamp: \u001b[32m'2026-03-18T00:25:27.220Z'\u001b[39m }","timestamp":1773793527239}
{"id":3518,"type":"info","level":2,"name":"stock-monitor","meta":{},"content":"收到股票更新事件","timestamp":1773793646561}
{"id":3519,"type":"info","level":2,"name":"stock-monitor","meta":{},"content":"发送股票数据到: http://felinus.gnway.cc:8000/stock","timestamp":1773793646562}
{"id":3520,"type":"info","level":2,"name":"stock-monitor","meta":{},"content":"发送数据: { unitPrice: \u001b[33m0.2727\u001b[39m, totalStock: \u001b[33m3220\u001b[39m, personalStock: \u001b[33m0\u001b[39m, totalMoney: \u001b[33m878.0235\u001b[39m, personalMoney: \u001b[33m0\u001b[39m }","timestamp":1773793646562}
{"id":3521,"type":"info","level":2,"name":"stock-monitor","meta":{},"content":"请求方法: POST","timestamp":1773793646562}
{"id":3522,"type":"info","level":2,"name":"stock-monitor","meta":{},"content":"发送成功: { success: \u001b[33mtrue\u001b[39m, message: \u001b[32m'股票数据接收成功'\u001b[39m, diskId: \u001b[33m83\u001b[39m, timestamp: \u001b[32m'2026-03-18T00:27:26.619Z'\u001b[39m }","timestamp":1773793646638}
{"id":3524,"type":"info","level":2,"name":"stock-monitor","meta":{},"content":"收到股票更新事件","timestamp":1773793766720}
{"id":3525,"type":"info","level":2,"name":"stock-monitor","meta":{},"content":"发送股票数据到: http://felinus.gnway.cc:8000/stock","timestamp":1773793766721}
{"id":3526,"type":"info","level":2,"name":"stock-monitor","meta":{},"content":"发送数据: { unitPrice: \u001b[33m1\u001b[39m, totalStock: \u001b[33m1000\u001b[39m, personalStock: \u001b[33m0\u001b[39m, totalMoney: \u001b[33m1000\u001b[39m, personalMoney: \u001b[33m0\u001b[39m }","timestamp":1773793766722}
{"id":3527,"type":"info","level":2,"name":"stock-monitor","meta":{},"content":"请求方法: POST","timestamp":1773793766722}
{"id":3528,"type":"info","level":2,"name":"stock-monitor","meta":{},"content":"发送成功: { success: \u001b[33mtrue\u001b[39m, message: \u001b[32m'崩盘，新盘已创建'\u001b[39m, diskId: \u001b[33m84\u001b[39m, timestamp: \u001b[32m'2026-03-18T00:29:26.797Z'\u001b[39m }","timestamp":1773793766818}
{"id":3539,"type":"info","level":2,"name":"stock-monitor","meta":{},"content":"收到股票更新事件","timestamp":1773793886795}
{"id":3540,"type":"info","level":2,"name":"stock-monitor","meta":{},"content":"发送股票数据到: http://felinus.gnway.cc:8000/stock","timestamp":1773793886796}
{"id":3541,"type":"info","level":2,"name":"stock-monitor","meta":{},"content":"发送数据: { unitPrice: \u001b[33m0.74\u001b[39m, totalStock: \u001b[33m1123\u001b[39m, personalStock: \u001b[33m0\u001b[39m, totalMoney: \u001b[33m831.02\u001b[39m, personalMoney: \u001b[33m0\u001b[39m }","timestamp":1773793886796}
{"id":3542,"type":"info","level":2,"name":"stock-monitor","meta":{},"content":"请求方法: POST","timestamp":1773793886796}
{"id":3543,"type":"info","level":2,"name":"stock-monitor","meta":{},"content":"发送成功: { success: \u001b[33mtrue\u001b[39m, message: \u001b[32m'股票数据接收成功'\u001b[39m, diskId: \u001b[33m84\u001b[39m, timestamp: \u001b[32m'2026-03-18T00:31:26.856Z'\u001b[39m }","timestamp":1773793886876}
{"id":3545,"type":"info","level":2,"name":"stock-monitor","meta":{},"content":"收到股票更新事件","timestamp":1773794006977}
{"id":3546,"type":"info","level":2,"name":"stock-monitor","meta":{},"content":"发送股票数据到: http://felinus.gnway.cc:8000/stock","timestamp":1773794006978}
{"id":3547,"type":"info","level":2,"name":"stock-monitor","meta":{},"content":"发送数据: { unitPrice: \u001b[33m0.0962\u001b[39m, totalStock: \u001b[33m1513\u001b[39m, personalStock: \u001b[33m0\u001b[39m, totalMoney: \u001b[33m145.5506\u001b[39m, personalMoney: \u001b[33m0\u001b[39m }","timestamp":1773794006978}
{"id":3548,"type":"info","level":2,"name":"stock-monitor","meta":{},"content":"请求方法: POST","timestamp":1773794006978}
{"id":3549,"type":"info","level":2,"name":"stock-monitor","meta":{},"content":"发送成功: { success: \u001b[33mtrue\u001b[39m, message: \u001b[32m'股票数据接收成功'\u001b[39m, diskId: \u001b[33m84\u001b[39m, timestamp: \u001b[32m'2026-03-18T00:33:27.069Z'\u001b[39m }","timestamp":1773794007089}
{"id":3551,"type":"info","level":2,"name":"stock-monitor","meta":{},"content":"收到股票更新事件","timestamp":1773794127033}
{"id":3552,"type":"info","level":2,"name":"stock-monitor","meta":{},"content":"发送股票数据到: http://felinus.gnway.cc:8000/stock","timestamp":1773794127033}
{"id":3553,"type":"info","level":2,"name":"stock-monitor","meta":{},"content":"发送数据: { unitPrice: \u001b[33m0.506\u001b[39m, totalStock: \u001b[33m1513\u001b[39m, personalStock: \u001b[33m0\u001b[39m, totalMoney: \u001b[33m765.5506\u001b[39m, personalMoney: \u001b[33m0\u001b[39m }","timestamp":1773794127033}
{"id":3554,"type":"info","level":2,"name":"stock-monitor","meta":{},"content":"请求方法: POST","timestamp":1773794127033}
{"id":3555,"type":"info","level":2,"name":"stock-monitor","meta":{},"content":"发送成功: { success: \u001b[33mtrue\u001b[39m, message: \u001b[32m'股票数据接收成功'\u001b[39m, diskId: \u001b[33m84\u001b[39m, timestamp: \u001b[32m'2026-03-18T00:35:27.097Z'\u001b[39m }","timestamp":1773794127118}
{"id":3557,"type":"info","level":2,"name":"stock-monitor","meta":{},"content":"收到股票更新事件","timestamp":1773794247126}
{"id":3558,"type":"info","level":2,"name":"stock-monitor","meta":{},"content":"发送股票数据到: http://felinus.gnway.cc:8000/stock","timestamp":1773794247127}
{"id":3559,"type":"info","level":2,"name":"stock-monitor","meta":{},"content":"发送数据: { unitPrice: \u001b[33m0.7337\u001b[39m, totalStock: \u001b[33m2344\u001b[39m, personalStock: \u001b[33m0\u001b[39m, totalMoney: \u001b[33m1719.7312\u001b[39m, personalMoney: \u001b[33m0\u001b[39m }","timestamp":1773794247127}
{"id":3560,"type":"info","level":2,"name":"stock-monitor","meta":{},"content":"请求方法: POST","timestamp":1773794247127}
{"id":3561,"type":"info","level":2,"name":"stock-monitor","meta":{},"content":"发送成功: { success: \u001b[33mtrue\u001b[39m, message: \u001b[32m'股票数据接收成功'\u001b[39m, diskId: \u001b[33m84\u001b[39m, timestamp: \u001b[32m'2026-03-18T00:37:27.206Z'\u001b[39m }","timestamp":1773794247225}
{"id":3563,"type":"info","level":2,"name":"stock-monitor","meta":{},"content":"收到股票更新事件","timestamp":1773794367352}
{"id":3564,"type":"info","level":2,"name":"stock-monitor","meta":{},"content":"发送股票数据到: http://felinus.gnway.cc:8000/stock","timestamp":1773794367353}
{"id":3565,"type":"info","level":2,"name":"stock-monitor","meta":{},"content":"发送数据: { unitPrice: \u001b[33m1.0858\u001b[39m, totalStock: \u001b[33m1644\u001b[39m, personalStock: \u001b[33m0\u001b[39m, totalMoney: \u001b[33m1785.1163\u001b[39m, personalMoney: \u001b[33m0\u001b[39m }","timestamp":1773794367353}
{"id":3566,"type":"info","level":2,"name":"stock-monitor","meta":{},"content":"请求方法: POST","timestamp":1773794367354}
{"id":3567,"type":"info","level":2,"name":"stock-monitor","meta":{},"content":"发送成功: { success: \u001b[33mtrue\u001b[39m, message: \u001b[32m'股票数据接收成功'\u001b[39m, diskId: \u001b[33m84\u001b[39m, timestamp: \u001b[32m'2026-03-18T00:39:27.425Z'\u001b[39m }","timestamp":1773794367446}
{"id":3569,"type":"info","level":2,"name":"stock-monitor","meta":{},"content":"收到股票更新事件","timestamp":1773794487345}
{"id":3570,"type":"info","level":2,"name":"stock-monitor","meta":{},"content":"发送股票数据到: http://felinus.gnway.cc:8000/stock","timestamp":1773794487345}
{"id":3571,"type":"info","level":2,"name":"stock-monitor","meta":{},"content":"发送数据: { unitPrice: \u001b[33m2.0522\u001b[39m, totalStock: \u001b[33m1518\u001b[39m, personalStock: \u001b[33m0\u001b[39m, totalMoney: \u001b[33m3115.2885\u001b[39m, personalMoney: \u001b[33m0\u001b[39m }","timestamp":1773794487345}
{"id":3572,"type":"info","level":2,"name":"stock-monitor","meta":{},"content":"请求方法: POST","timestamp":1773794487346}
{"id":3573,"type":"info","level":2,"name":"stock-monitor","meta":{},"content":"发送成功: { success: \u001b[33mtrue\u001b[39m, message: \u001b[32m'股票数据接收成功'\u001b[39m, diskId: \u001b[33m84\u001b[39m, timestamp: \u001b[32m'2026-03-18T00:41:27.409Z'\u001b[39m }","timestamp":1773794487428}
{"id":3575,"type":"info","level":2,"name":"stock-monitor","meta":{},"content":"收到股票更新事件","timestamp":1773794607422}
{"id":3576,"type":"info","level":2,"name":"stock-monitor","meta":{},"content":"发送股票数据到: http://felinus.gnway.cc:8000/stock","timestamp":1773794607422}
{"id":3577,"type":"info","level":2,"name":"stock-monitor","meta":{},"content":"发送数据: { unitPrice: \u001b[33m3.6735\u001b[39m, totalStock: \u001b[33m1080\u001b[39m, personalStock: \u001b[33m0\u001b[39m, totalMoney: \u001b[33m3967.3753\u001b[39m, personalMoney: \u001b[33m0\u001b[39m }","timestamp":1773794607422}
{"id":3578,"type":"info","level":2,"name":"stock-monitor","meta":{},"content":"请求方法: POST","timestamp":1773794607423}
{"id":3579,"type":"info","level":2,"name":"stock-monitor","meta":{},"content":"发送成功: { success: \u001b[33mtrue\u001b[39m, message: \u001b[32m'股票数据接收成功'\u001b[39m, diskId: \u001b[33m84\u001b[39m, timestamp: \u001b[32m'2026-03-18T00:43:27.496Z'\u001b[39m }","timestamp":1773794607515}
{"id":3581,"type":"info","level":2,"name":"stock-monitor","meta":{},"content":"收到股票更新事件","timestamp":1773794727617}
{"id":3582,"type":"info","level":2,"name":"stock-monitor","meta":{},"content":"发送股票数据到: http://felinus.gnway.cc:8000/stock","timestamp":1773794727618}
{"id":3583,"type":"info","level":2,"name":"stock-monitor","meta":{},"content":"发送数据: { unitPrice: \u001b[33m4.3715\u001b[39m, totalStock: \u001b[33m1225\u001b[39m, personalStock: \u001b[33m0\u001b[39m, totalMoney: \u001b[33m5355.0382\u001b[39m, personalMoney: \u001b[33m0\u001b[39m }","timestamp":1773794727620}
{"id":3584,"type":"info","level":2,"name":"stock-monitor","meta":{},"content":"请求方法: POST","timestamp":1773794727620}
{"id":3585,"type":"info","level":2,"name":"stock-monitor","meta":{},"content":"发送成功: { success: \u001b[33mtrue\u001b[39m, message: \u001b[32m'股票数据接收成功'\u001b[39m, diskId: \u001b[33m84\u001b[39m, timestamp: \u001b[32m'2026-03-18T00:45:27.686Z'\u001b[39m }","timestamp":1773794727705}
{"id":3587,"type":"info","level":2,"name":"stock-monitor","meta":{},"content":"收到股票更新事件","timestamp":1773794847697}
{"id":3588,"type":"info","level":2,"name":"stock-monitor","meta":{},"content":"发送股票数据到: http://felinus.gnway.cc:8000/stock","timestamp":1773794847698}
{"id":3589,"type":"info","level":2,"name":"stock-monitor","meta":{},"content":"发送数据: { unitPrice: \u001b[33m5.814\u001b[39m, totalStock: \u001b[33m1014\u001b[39m, personalStock: \u001b[33m0\u001b[39m, totalMoney: \u001b[33m5895.4381\u001b[39m, personalMoney: \u001b[33m0\u001b[39m }","timestamp":1773794847699}
{"id":3590,"type":"info","level":2,"name":"stock-monitor","meta":{},"content":"请求方法: POST","timestamp":1773794847699}
{"id":3591,"type":"info","level":2,"name":"stock-monitor","meta":{},"content":"发送成功: { success: \u001b[33mtrue\u001b[39m, message: \u001b[32m'股票数据接收成功'\u001b[39m, diskId: \u001b[33m84\u001b[39m, timestamp: \u001b[32m'2026-03-18T00:47:27.800Z'\u001b[39m }","timestamp":1773794847820}
{"id":3593,"type":"info","level":2,"name":"stock-monitor","meta":{},"content":"收到股票更新事件","timestamp":1773794968250}
{"id":3594,"type":"info","level":2,"name":"stock-monitor","meta":{},"content":"发送股票数据到: http://felinus.gnway.cc:8000/stock","timestamp":1773794968251}
{"id":3595,"type":"info","level":2,"name":"stock-monitor","meta":{},"content":"发送数据: { unitPrice: \u001b[33m6.5699\u001b[39m, totalStock: \u001b[33m1142\u001b[39m, personalStock: \u001b[33m0\u001b[39m, totalMoney: \u001b[33m7502.788\u001b[39m, personalMoney: \u001b[33m0\u001b[39m }","timestamp":1773794968251}
{"id":3596,"type":"info","level":2,"name":"stock-monitor","meta":{},"content":"请求方法: POST","timestamp":1773794968251}
{"id":3597,"type":"info","level":2,"name":"stock-monitor","meta":{},"content":"发送成功: { success: \u001b[33mtrue\u001b[39m, message: \u001b[32m'股票数据接收成功'\u001b[39m, diskId: \u001b[33m84\u001b[39m, timestamp: \u001b[32m'2026-03-18T00:49:28.342Z'\u001b[39m }","timestamp":1773794968361}
{"id":3599,"type":"info","level":2,"name":"stock-monitor","meta":{},"content":"收到股票更新事件","timestamp":1773795087980}
{"id":3600,"type":"info","level":2,"name":"stock-monitor","meta":{},"content":"发送股票数据到: http://felinus.gnway.cc:8000/stock","timestamp":1773795087980}
{"id":3601,"type":"info","level":2,"name":"stock-monitor","meta":{},"content":"发送数据: { unitPrice: \u001b[33m5.1902\u001b[39m, totalStock: \u001b[33m1118\u001b[39m, personalStock: \u001b[33m0\u001b[39m, totalMoney: \u001b[33m5802.6379\u001b[39m, personalMoney: \u001b[33m0\u001b[39m }","timestamp":1773795087981}
{"id":3602,"type":"info","level":2,"name":"stock-monitor","meta":{},"content":"请求方法: POST","timestamp":1773795087981}
{"id":3603,"type":"info","level":2,"name":"stock-monitor","meta":{},"content":"发送成功: { success: \u001b[33mtrue\u001b[39m, message: \u001b[32m'股票数据接收成功'\u001b[39m, diskId: \u001b[33m84\u001b[39m, timestamp: \u001b[32m'2026-03-18T00:51:28.047Z'\u001b[39m }","timestamp":1773795088065}
{"id":3605,"type":"info","level":2,"name":"stock-monitor","meta":{},"content":"收到股票更新事件","timestamp":1773795208606}
{"id":3606,"type":"info","level":2,"name":"stock-monitor","meta":{},"content":"发送股票数据到: http://felinus.gnway.cc:8000/stock","timestamp":1773795208607}
{"id":3607,"type":"info","level":2,"name":"stock-monitor","meta":{},"content":"发送数据: { unitPrice: \u001b[33m0.3633\u001b[39m, totalStock: \u001b[33m1308\u001b[39m, personalStock: \u001b[33m0\u001b[39m, totalMoney: \u001b[33m475.2142\u001b[39m, personalMoney: \u001b[33m0\u001b[39m }","timestamp":1773795208608}
{"id":3608,"type":"info","level":2,"name":"stock-monitor","meta":{},"content":"请求方法: POST","timestamp":1773795208608}
{"id":3609,"type":"info","level":2,"name":"stock-monitor","meta":{},"content":"发送成功: { success: \u001b[33mtrue\u001b[39m, message: \u001b[32m'股票数据接收成功'\u001b[39m, diskId: \u001b[33m84\u001b[39m, timestamp: \u001b[32m'2026-03-18T00:53:28.661Z'\u001b[39m }","timestamp":1773795208682}
{"id":3611,"type":"info","level":2,"name":"stock-monitor","meta":{},"content":"收到股票更新事件","timestamp":1773795328725}
{"id":3612,"type":"info","level":2,"name":"stock-monitor","meta":{},"content":"发送股票数据到: http://felinus.gnway.cc:8000/stock","timestamp":1773795328726}
{"id":3613,"type":"info","level":2,"name":"stock-monitor","meta":{},"content":"发送数据: { unitPrice: \u001b[33m0.6976\u001b[39m, totalStock: \u001b[33m8958\u001b[39m, personalStock: \u001b[33m0\u001b[39m, totalMoney: \u001b[33m6248.7621\u001b[39m, personalMoney: \u001b[33m0\u001b[39m }","timestamp":1773795328727}
{"id":3614,"type":"info","level":2,"name":"stock-monitor","meta":{},"content":"请求方法: POST","timestamp":1773795328727}
{"id":3615,"type":"info","level":2,"name":"stock-monitor","meta":{},"content":"发送成功: { success: \u001b[33mtrue\u001b[39m, message: \u001b[32m'股票数据接收成功'\u001b[39m, diskId: \u001b[33m84\u001b[39m, timestamp: \u001b[32m'2026-03-18T00:55:28.849Z'\u001b[39m }","timestamp":1773795328868}
{"id":3617,"type":"info","level":2,"name":"stock-monitor","meta":{},"content":"收到股票更新事件","timestamp":1773795448713}
{"id":3618,"type":"info","level":2,"name":"stock-monitor","meta":{},"content":"发送股票数据到: http://felinus.gnway.cc:8000/stock","timestamp":1773795448714}
{"id":3619,"type":"info","level":2,"name":"stock-monitor","meta":{},"content":"发送数据: { unitPrice: \u001b[33m1.1669\u001b[39m, totalStock: \u001b[33m1108\u001b[39m, personalStock: \u001b[33m0\u001b[39m, totalMoney: \u001b[33m1292.8989\u001b[39m, personalMoney: \u001b[33m0\u001b[39m }","timestamp":1773795448714}
{"id":3620,"type":"info","level":2,"name":"stock-monitor","meta":{},"content":"请求方法: POST","timestamp":1773795448715}
{"id":3621,"type":"info","level":2,"name":"stock-monitor","meta":{},"content":"发送成功: { success: \u001b[33mtrue\u001b[39m, message: \u001b[32m'股票数据接收成功'\u001b[39m, diskId: \u001b[33m84\u001b[39m, timestamp: \u001b[32m'2026-03-18T00:57:28.772Z'\u001b[39m }","timestamp":1773795448791}
{"id":3632,"type":"info","level":2,"name":"stock-monitor","meta":{},"content":"收到股票更新事件","timestamp":1773795568828}
{"id":3633,"type":"info","level":2,"name":"stock-monitor","meta":{},"content":"发送股票数据到: http://felinus.gnway.cc:8000/stock","timestamp":1773795568828}
{"id":3634,"type":"info","level":2,"name":"stock-monitor","meta":{},"content":"发送数据: { unitPrice: \u001b[33m1.1902\u001b[39m, totalStock: \u001b[33m1782\u001b[39m, personalStock: \u001b[33m0\u001b[39m, totalMoney: \u001b[33m2120.961\u001b[39m, personalMoney: \u001b[33m0\u001b[39m }","timestamp":1773795568828}
{"id":3635,"type":"info","level":2,"name":"stock-monitor","meta":{},"content":"请求方法: POST","timestamp":1773795568828}
{"id":3636,"type":"info","level":2,"name":"stock-monitor","meta":{},"content":"发送成功: { success: \u001b[33mtrue\u001b[39m, message: \u001b[32m'股票数据接收成功'\u001b[39m, diskId: \u001b[33m84\u001b[39m, timestamp: \u001b[32m'2026-03-18T00:59:28.919Z'\u001b[39m }","timestamp":1773795568940}
{"id":3638,"type":"info","level":2,"name":"stock-monitor","meta":{},"content":"收到股票更新事件","timestamp":1773795689010}
{"id":3639,"type":"info","level":2,"name":"stock-monitor","meta":{},"content":"发送股票数据到: http://felinus.gnway.cc:8000/stock","timestamp":1773795689011}
{"id":3640,"type":"info","level":2,"name":"stock-monitor","meta":{},"content":"发送数据: { unitPrice: \u001b[33m1.9281\u001b[39m, totalStock: \u001b[33m1008\u001b[39m, personalStock: \u001b[33m0\u001b[39m, totalMoney: \u001b[33m1943.5715\u001b[39m, personalMoney: \u001b[33m0\u001b[39m }","timestamp":1773795689011}
{"id":3641,"type":"info","level":2,"name":"stock-monitor","meta":{},"content":"请求方法: POST","timestamp":1773795689012}
{"id":3642,"type":"info","level":2,"name":"stock-monitor","meta":{},"content":"发送成功: { success: \u001b[33mtrue\u001b[39m, message: \u001b[32m'股票数据接收成功'\u001b[39m, diskId: \u001b[33m84\u001b[39m, timestamp: \u001b[32m'2026-03-18T01:01:29.226Z'\u001b[39m }","timestamp":1773795689307}
{"id":3654,"type":"info","level":2,"name":"stock-monitor","meta":{},"content":"收到股票更新事件","timestamp":1773795809028}
{"id":3655,"type":"info","level":2,"name":"stock-monitor","meta":{},"content":"发送股票数据到: http://felinus.gnway.cc:8000/stock","timestamp":1773795809028}
{"id":3656,"type":"info","level":2,"name":"stock-monitor","meta":{},"content":"发送数据: { unitPrice: \u001b[33m1.7546\u001b[39m, totalStock: \u001b[33m1596\u001b[39m, personalStock: \u001b[33m0\u001b[39m, totalMoney: \u001b[33m2800.3626\u001b[39m, personalMoney: \u001b[33m0\u001b[39m }","timestamp":1773795809028}
{"id":3657,"type":"info","level":2,"name":"stock-monitor","meta":{},"content":"请求方法: POST","timestamp":1773795809029}
{"id":3658,"type":"info","level":2,"name":"stock-monitor","meta":{},"content":"发送成功: { success: \u001b[33mtrue\u001b[39m, message: \u001b[32m'股票数据接收成功'\u001b[39m, diskId: \u001b[33m84\u001b[39m, timestamp: \u001b[32m'2026-03-18T01:03:29.099Z'\u001b[39m }","timestamp":1773795809117}
{"id":3660,"type":"info","level":2,"name":"stock-monitor","meta":{},"content":"收到股票更新事件","timestamp":1773795929132}
{"id":3661,"type":"info","level":2,"name":"stock-monitor","meta":{},"content":"发送股票数据到: http://felinus.gnway.cc:8000/stock","timestamp":1773795929133}
{"id":3662,"type":"info","level":2,"name":"stock-monitor","meta":{},"content":"发送数据: { unitPrice: \u001b[33m3.2636\u001b[39m, totalStock: \u001b[33m1311\u001b[39m, personalStock: \u001b[33m0\u001b[39m, totalMoney: \u001b[33m4278.554\u001b[39m, personalMoney: \u001b[33m0\u001b[39m }","timestamp":1773795929133}
{"id":3663,"type":"info","level":2,"name":"stock-monitor","meta":{},"content":"请求方法: POST","timestamp":1773795929133}
{"id":3664,"type":"info","level":2,"name":"stock-monitor","meta":{},"content":"发送成功: { success: \u001b[33mtrue\u001b[39m, message: \u001b[32m'股票数据接收成功'\u001b[39m, diskId: \u001b[33m84\u001b[39m, timestamp: \u001b[32m'2026-03-18T01:05:29.195Z'\u001b[39m }","timestamp":1773795929213}
{"id":3666,"type":"info","level":2,"name":"stock-monitor","meta":{},"content":"收到股票更新事件","timestamp":1773796049269}
{"id":3667,"type":"info","level":2,"name":"stock-monitor","meta":{},"content":"发送股票数据到: http://felinus.gnway.cc:8000/stock","timestamp":1773796049270}
{"id":3668,"type":"info","level":2,"name":"stock-monitor","meta":{},"content":"发送数据: { unitPrice: \u001b[33m4.928\u001b[39m, totalStock: \u001b[33m1108\u001b[39m, personalStock: \u001b[33m0\u001b[39m, totalMoney: \u001b[33m5460.2313\u001b[39m, personalMoney: \u001b[33m0\u001b[39m }","timestamp":1773796049270}
{"id":3669,"type":"info","level":2,"name":"stock-monitor","meta":{},"content":"请求方法: POST","timestamp":1773796049270}
{"id":3670,"type":"info","level":2,"name":"stock-monitor","meta":{},"content":"发送成功: { success: \u001b[33mtrue\u001b[39m, message: \u001b[32m'股票数据接收成功'\u001b[39m, diskId: \u001b[33m84\u001b[39m, timestamp: \u001b[32m'2026-03-18T01:07:29.330Z'\u001b[39m }","timestamp":1773796049352}
{"id":3672,"type":"info","level":2,"name":"stock-monitor","meta":{},"content":"收到股票更新事件","timestamp":1773796169311}
{"id":3673,"type":"info","level":2,"name":"stock-monitor","meta":{},"content":"发送股票数据到: http://felinus.gnway.cc:8000/stock","timestamp":1773796169312}
{"id":3674,"type":"info","level":2,"name":"stock-monitor","meta":{},"content":"发送数据: { unitPrice: \u001b[33m6.6035\u001b[39m, totalStock: \u001b[33m1058\u001b[39m, personalStock: \u001b[33m0\u001b[39m, totalMoney: \u001b[33m6986.5335\u001b[39m, personalMoney: \u001b[33m0\u001b[39m }","timestamp":1773796169312}
{"id":3675,"type":"info","level":2,"name":"stock-monitor","meta":{},"content":"请求方法: POST","timestamp":1773796169312}
{"id":3676,"type":"info","level":2,"name":"stock-monitor","meta":{},"content":"发送成功: { success: \u001b[33mtrue\u001b[39m, message: \u001b[32m'股票数据接收成功'\u001b[39m, diskId: \u001b[33m84\u001b[39m, timestamp: \u001b[32m'2026-03-18T01:09:29.376Z'\u001b[39m }","timestamp":1773796169397}
{"id":3678,"type":"info","level":2,"name":"stock-monitor","meta":{},"content":"收到股票更新事件","timestamp":1773796289372}
{"id":3679,"type":"info","level":2,"name":"stock-monitor","meta":{},"content":"发送股票数据到: http://felinus.gnway.cc:8000/stock","timestamp":1773796289372}
{"id":3680,"type":"info","level":2,"name":"stock-monitor","meta":{},"content":"发送数据: { unitPrice: \u001b[33m2.5093\u001b[39m, totalStock: \u001b[33m1058\u001b[39m, personalStock: \u001b[33m0\u001b[39m, totalMoney: \u001b[33m2654.8827\u001b[39m, personalMoney: \u001b[33m0\u001b[39m }","timestamp":1773796289373}
{"id":3681,"type":"info","level":2,"name":"stock-monitor","meta":{},"content":"请求方法: POST","timestamp":1773796289373}
{"id":3682,"type":"info","level":2,"name":"stock-monitor","meta":{},"content":"发送成功: { success: \u001b[33mtrue\u001b[39m, message: \u001b[32m'股票数据接收成功'\u001b[39m, diskId: \u001b[33m84\u001b[39m, timestamp: \u001b[32m'2026-03-18T01:11:29.438Z'\u001b[39m }","timestamp":1773796289458}
{"id":3684,"type":"info","level":2,"name":"stock-monitor","meta":{},"content":"收到股票更新事件","timestamp":1773796409554}
{"id":3685,"type":"info","level":2,"name":"stock-monitor","meta":{},"content":"发送股票数据到: http://felinus.gnway.cc:8000/stock","timestamp":1773796409555}
{"id":3686,"type":"info","level":2,"name":"stock-monitor","meta":{},"content":"发送数据: { unitPrice: \u001b[33m4.9434\u001b[39m, totalStock: \u001b[33m1051\u001b[39m, personalStock: \u001b[33m0\u001b[39m, totalMoney: \u001b[33m5195.5151\u001b[39m, personalMoney: \u001b[33m0\u001b[39m }","timestamp":1773796409555}
{"id":3687,"type":"info","level":2,"name":"stock-monitor","meta":{},"content":"请求方法: POST","timestamp":1773796409556}
{"id":3688,"type":"info","level":2,"name":"stock-monitor","meta":{},"content":"发送成功: { success: \u001b[33mtrue\u001b[39m, message: \u001b[32m'股票数据接收成功'\u001b[39m, diskId: \u001b[33m84\u001b[39m, timestamp: \u001b[32m'2026-03-18T01:13:29.618Z'\u001b[39m }","timestamp":1773796409637}
{"id":3690,"type":"info","level":2,"name":"stock-monitor","meta":{},"content":"收到股票更新事件","timestamp":1773796529642}
{"id":3691,"type":"info","level":2,"name":"stock-monitor","meta":{},"content":"发送股票数据到: http://felinus.gnway.cc:8000/stock","timestamp":1773796529642}
{"id":3692,"type":"info","level":2,"name":"stock-monitor","meta":{},"content":"发送数据: { unitPrice: \u001b[33m5.8332\u001b[39m, totalStock: \u001b[33m1159\u001b[39m, personalStock: \u001b[33m0\u001b[39m, totalMoney: \u001b[33m6760.695\u001b[39m, personalMoney: \u001b[33m0\u001b[39m }","timestamp":1773796529642}
{"id":3693,"type":"info","level":2,"name":"stock-monitor","meta":{},"content":"请求方法: POST","timestamp":1773796529642}
{"id":3694,"type":"info","level":2,"name":"stock-monitor","meta":{},"content":"发送成功: { success: \u001b[33mtrue\u001b[39m, message: \u001b[32m'股票数据接收成功'\u001b[39m, diskId: \u001b[33m84\u001b[39m, timestamp: \u001b[32m'2026-03-18T01:15:29.710Z'\u001b[39m }","timestamp":1773796529953}
{"id":3696,"type":"info","level":2,"name":"stock-monitor","meta":{},"content":"收到股票更新事件","timestamp":1773796649990}
{"id":3697,"type":"info","level":2,"name":"stock-monitor","meta":{},"content":"发送股票数据到: http://felinus.gnway.cc:8000/stock","timestamp":1773796649991}
{"id":3698,"type":"info","level":2,"name":"stock-monitor","meta":{},"content":"发送数据: { unitPrice: \u001b[33m4.3166\u001b[39m, totalStock: \u001b[33m1099\u001b[39m, personalStock: \u001b[33m0\u001b[39m, totalMoney: \u001b[33m4743.9196\u001b[39m, personalMoney: \u001b[33m0\u001b[39m }","timestamp":1773796649991}
{"id":3699,"type":"info","level":2,"name":"stock-monitor","meta":{},"content":"请求方法: POST","timestamp":1773796649991}
{"id":3700,"type":"info","level":2,"name":"stock-monitor","meta":{},"content":"发送成功: { success: \u001b[33mtrue\u001b[39m, message: \u001b[32m'股票数据接收成功'\u001b[39m, diskId: \u001b[33m84\u001b[39m, timestamp: \u001b[32m'2026-03-18T01:17:30.325Z'\u001b[39m }","timestamp":1773796650435}
{"id":3702,"type":"info","level":2,"name":"stock-monitor","meta":{},"content":"收到股票更新事件","timestamp":1773796771121}
{"id":3703,"type":"info","level":2,"name":"stock-monitor","meta":{},"content":"发送股票数据到: http://felinus.gnway.cc:8000/stock","timestamp":1773796771123}
{"id":3704,"type":"info","level":2,"name":"stock-monitor","meta":{},"content":"发送数据: { unitPrice: \u001b[33m5.0936\u001b[39m, totalStock: \u001b[33m1096\u001b[39m, personalStock: \u001b[33m0\u001b[39m, totalMoney: \u001b[33m5582.5444\u001b[39m, personalMoney: \u001b[33m0\u001b[39m }","timestamp":1773796771123}
{"id":3705,"type":"info","level":2,"name":"stock-monitor","meta":{},"content":"请求方法: POST","timestamp":1773796771125}
{"id":3706,"type":"info","level":2,"name":"stock-monitor","meta":{},"content":"发送成功: { success: \u001b[33mtrue\u001b[39m, message: \u001b[32m'股票数据接收成功'\u001b[39m, diskId: \u001b[33m84\u001b[39m, timestamp: \u001b[32m'2026-03-18T01:19:31.191Z'\u001b[39m }","timestamp":1773796771211}
{"id":3708,"type":"info","level":2,"name":"stock-monitor","meta":{},"content":"收到股票更新事件","timestamp":1773796890193}
{"id":3709,"type":"info","level":2,"name":"stock-monitor","meta":{},"content":"发送股票数据到: http://felinus.gnway.cc:8000/stock","timestamp":1773796890193}
{"id":3710,"type":"info","level":2,"name":"stock-monitor","meta":{},"content":"发送数据: { unitPrice: \u001b[33m1.5281\u001b[39m, totalStock: \u001b[33m1156\u001b[39m, personalStock: \u001b[33m0\u001b[39m, totalMoney: \u001b[33m1766.4474\u001b[39m, personalMoney: \u001b[33m0\u001b[39m }","timestamp":1773796890193}
{"id":3711,"type":"info","level":2,"name":"stock-monitor","meta":{},"content":"请求方法: POST","timestamp":1773796890193}
{"id":3712,"type":"info","level":2,"name":"stock-monitor","meta":{},"content":"发送成功: { success: \u001b[33mtrue\u001b[39m, message: \u001b[32m'股票数据接收成功'\u001b[39m, diskId: \u001b[33m84\u001b[39m, timestamp: \u001b[32m'2026-03-18T01:21:30.257Z'\u001b[39m }","timestamp":1773796890277}
{"id":3714,"type":"info","level":2,"name":"stock-monitor","meta":{},"content":"收到股票更新事件","timestamp":1773797010368}
{"id":3715,"type":"info","level":2,"name":"stock-monitor","meta":{},"content":"发送股票数据到: http://felinus.gnway.cc:8000/stock","timestamp":1773797010368}
{"id":3716,"type":"info","level":2,"name":"stock-monitor","meta":{},"content":"发送数据: { unitPrice: \u001b[33m1.3294\u001b[39m, totalStock: \u001b[33m1326\u001b[39m, personalStock: \u001b[33m0\u001b[39m, totalMoney: \u001b[33m1762.8106\u001b[39m, personalMoney: \u001b[33m0\u001b[39m }","timestamp":1773797010368}
{"id":3717,"type":"info","level":2,"name":"stock-monitor","meta":{},"content":"请求方法: POST","timestamp":1773797010369}
{"id":3718,"type":"info","level":2,"name":"stock-monitor","meta":{},"content":"发送成功: { success: \u001b[33mtrue\u001b[39m, message: \u001b[32m'股票数据接收成功'\u001b[39m, diskId: \u001b[33m84\u001b[39m, timestamp: \u001b[32m'2026-03-18T01:23:30.484Z'\u001b[39m }","timestamp":1773797010525}
{"id":3720,"type":"info","level":2,"name":"stock-monitor","meta":{},"content":"收到股票更新事件","timestamp":1773797131173}
{"id":3721,"type":"info","level":2,"name":"stock-monitor","meta":{},"content":"发送股票数据到: http://felinus.gnway.cc:8000/stock","timestamp":1773797131209}
{"id":3722,"type":"info","level":2,"name":"stock-monitor","meta":{},"content":"发送数据: { unitPrice: \u001b[33m1.1433\u001b[39m, totalStock: \u001b[33m1926\u001b[39m, personalStock: \u001b[33m0\u001b[39m, totalMoney: \u001b[33m2201.9978\u001b[39m, personalMoney: \u001b[33m0\u001b[39m }","timestamp":1773797131430}
{"id":3723,"type":"info","level":2,"name":"stock-monitor","meta":{},"content":"请求方法: POST","timestamp":1773797131432}
{"id":3724,"type":"info","level":2,"name":"stock-monitor","meta":{},"content":"发送成功: { success: \u001b[33mtrue\u001b[39m, message: \u001b[32m'股票数据接收成功'\u001b[39m, diskId: \u001b[33m84\u001b[39m, timestamp: \u001b[32m'2026-03-18T01:25:31.686Z'\u001b[39m }","timestamp":1773797132022}
{"id":3726,"type":"info","level":2,"name":"stock-monitor","meta":{},"content":"收到股票更新事件","timestamp":1773797250448}
{"id":3727,"type":"info","level":2,"name":"stock-monitor","meta":{},"content":"发送股票数据到: http://felinus.gnway.cc:8000/stock","timestamp":1773797250448}
{"id":3728,"type":"info","level":2,"name":"stock-monitor","meta":{},"content":"发送数据: { unitPrice: \u001b[33m1.8064\u001b[39m, totalStock: \u001b[33m3048\u001b[39m, personalStock: \u001b[33m0\u001b[39m, totalMoney: \u001b[33m5505.9548\u001b[39m, personalMoney: \u001b[33m0\u001b[39m }","timestamp":1773797250448}
{"id":3729,"type":"info","level":2,"name":"stock-monitor","meta":{},"content":"请求方法: POST","timestamp":1773797250501}
{"id":3730,"type":"info","level":2,"name":"stock-monitor","meta":{},"content":"发送成功: { success: \u001b[33mtrue\u001b[39m, message: \u001b[32m'股票数据接收成功'\u001b[39m, diskId: \u001b[33m84\u001b[39m, timestamp: \u001b[32m'2026-03-18T01:27:30.561Z'\u001b[39m }","timestamp":1773797250649}
{"id":3732,"type":"info","level":2,"name":"stock-monitor","meta":{},"content":"收到股票更新事件","timestamp":1773797371131}
{"id":3733,"type":"info","level":2,"name":"stock-monitor","meta":{},"content":"发送股票数据到: http://felinus.gnway.cc:8000/stock","timestamp":1773797371131}
{"id":3734,"type":"info","level":2,"name":"stock-monitor","meta":{},"content":"发送数据: { unitPrice: \u001b[33m2.3483\u001b[39m, totalStock: \u001b[33m1144\u001b[39m, personalStock: \u001b[33m0\u001b[39m, totalMoney: \u001b[33m2686.5013\u001b[39m, personalMoney: \u001b[33m0\u001b[39m }","timestamp":1773797371131}
{"id":3735,"type":"info","level":2,"name":"stock-monitor","meta":{},"content":"请求方法: POST","timestamp":1773797371145}
{"id":3736,"type":"info","level":2,"name":"stock-monitor","meta":{},"content":"发送成功: { success: \u001b[33mtrue\u001b[39m, message: \u001b[32m'股票数据接收成功'\u001b[39m, diskId: \u001b[33m84\u001b[39m, timestamp: \u001b[32m'2026-03-18T01:29:31.411Z'\u001b[39m }","timestamp":1773797371554}
{"id":3738,"type":"info","level":2,"name":"stock-monitor","meta":{},"content":"收到股票更新事件","timestamp":1773797490927}
{"id":3739,"type":"info","level":2,"name":"stock-monitor","meta":{},"content":"发送股票数据到: http://felinus.gnway.cc:8000/stock","timestamp":1773797490927}
{"id":3740,"type":"info","level":2,"name":"stock-monitor","meta":{},"content":"发送数据: { unitPrice: \u001b[33m0.5636\u001b[39m, totalStock: \u001b[33m1028\u001b[39m, personalStock: \u001b[33m0\u001b[39m, totalMoney: \u001b[33m579.3825\u001b[39m, personalMoney: \u001b[33m0\u001b[39m }","timestamp":1773797490927}
{"id":3741,"type":"info","level":2,"name":"stock-monitor","meta":{},"content":"请求方法: POST","timestamp":1773797490928}
{"id":3742,"type":"info","level":2,"name":"stock-monitor","meta":{},"content":"发送成功: { success: \u001b[33mtrue\u001b[39m, message: \u001b[32m'股票数据接收成功'\u001b[39m, diskId: \u001b[33m84\u001b[39m, timestamp: \u001b[32m'2026-03-18T01:31:30.986Z'\u001b[39m }","timestamp":1773797491009}
{"id":3744,"type":"info","level":2,"name":"stock-monitor","meta":{},"content":"收到股票更新事件","timestamp":1773797611037}
{"id":3745,"type":"info","level":2,"name":"stock-monitor","meta":{},"content":"发送股票数据到: http://felinus.gnway.cc:8000/stock","timestamp":1773797611038}
{"id":3746,"type":"info","level":2,"name":"stock-monitor","meta":{},"content":"发送数据: { unitPrice: \u001b[33m1\u001b[39m, totalStock: \u001b[33m1000\u001b[39m, personalStock: \u001b[33m0\u001b[39m, totalMoney: \u001b[33m1000\u001b[39m, personalMoney: \u001b[33m0\u001b[39m }","timestamp":1773797611039}
{"id":3747,"type":"info","level":2,"name":"stock-monitor","meta":{},"content":"请求方法: POST","timestamp":1773797611041}
{"id":3748,"type":"info","level":2,"name":"stock-monitor","meta":{},"content":"发送成功: { success: \u001b[33mtrue\u001b[39m, message: \u001b[32m'崩盘，新盘已创建'\u001b[39m, diskId: \u001b[33m85\u001b[39m, timestamp: \u001b[32m'2026-03-18T01:33:31.177Z'\u001b[39m }","timestamp":1773797611251}
{"id":3750,"type":"info","level":2,"name":"stock-monitor","meta":{},"content":"收到股票更新事件","timestamp":1773797731098}
{"id":3751,"type":"info","level":2,"name":"stock-monitor","meta":{},"content":"发送股票数据到: http://felinus.gnway.cc:8000/stock","timestamp":1773797731100}
{"id":3752,"type":"info","level":2,"name":"stock-monitor","meta":{},"content":"发送数据: { unitPrice: \u001b[33m0.75\u001b[39m, totalStock: \u001b[33m1201\u001b[39m, personalStock: \u001b[33m0\u001b[39m, totalMoney: \u001b[33m900.75\u001b[39m, personalMoney: \u001b[33m0\u001b[39m }","timestamp":1773797731100}
{"id":3753,"type":"info","level":2,"name":"stock-monitor","meta":{},"content":"请求方法: POST","timestamp":1773797731100}
{"id":3754,"type":"info","level":2,"name":"stock-monitor","meta":{},"content":"发送成功: { success: \u001b[33mtrue\u001b[39m, message: \u001b[32m'股票数据接收成功'\u001b[39m, diskId: \u001b[33m85\u001b[39m, timestamp: \u001b[32m'2026-03-18T01:35:31.159Z'\u001b[39m }","timestamp":1773797731179}
{"id":3756,"type":"info","level":2,"name":"stock-monitor","meta":{},"content":"收到股票更新事件","timestamp":1773797851371}
{"id":3757,"type":"info","level":2,"name":"stock-monitor","meta":{},"content":"发送股票数据到: http://felinus.gnway.cc:8000/stock","timestamp":1773797851372}
{"id":3758,"type":"info","level":2,"name":"stock-monitor","meta":{},"content":"发送数据: { unitPrice: \u001b[33m0.0825\u001b[39m, totalStock: \u001b[33m1403\u001b[39m, personalStock: \u001b[33m0\u001b[39m, totalMoney: \u001b[33m115.7475\u001b[39m, personalMoney: \u001b[33m0\u001b[39m }","timestamp":1773797851372}
{"id":3759,"type":"info","level":2,"name":"stock-monitor","meta":{},"content":"请求方法: POST","timestamp":1773797851372}
{"id":3760,"type":"info","level":2,"name":"stock-monitor","meta":{},"content":"发送成功: { success: \u001b[33mtrue\u001b[39m, message: \u001b[32m'股票数据接收成功'\u001b[39m, diskId: \u001b[33m85\u001b[39m, timestamp: \u001b[32m'2026-03-18T01:37:31.433Z'\u001b[39m }","timestamp":1773797851471}
{"id":3762,"type":"info","level":2,"name":"stock-monitor","meta":{},"content":"收到股票更新事件","timestamp":1773797971391}
{"id":3763,"type":"info","level":2,"name":"stock-monitor","meta":{},"content":"发送股票数据到: http://felinus.gnway.cc:8000/stock","timestamp":1773797971391}
{"id":3764,"type":"info","level":2,"name":"stock-monitor","meta":{},"content":"发送数据: { unitPrice: \u001b[33m0.3605\u001b[39m, totalStock: \u001b[33m1403\u001b[39m, personalStock: \u001b[33m0\u001b[39m, totalMoney: \u001b[33m505.7475\u001b[39m, personalMoney: \u001b[33m0\u001b[39m }","timestamp":1773797971392}
{"id":3765,"type":"info","level":2,"name":"stock-monitor","meta":{},"content":"请求方法: POST","timestamp":1773797971392}
{"id":3766,"type":"info","level":2,"name":"stock-monitor","meta":{},"content":"发送成功: { success: \u001b[33mtrue\u001b[39m, message: \u001b[32m'股票数据接收成功'\u001b[39m, diskId: \u001b[33m85\u001b[39m, timestamp: \u001b[32m'2026-03-18T01:39:31.450Z'\u001b[39m }","timestamp":1773797971469}
{"id":3768,"type":"info","level":2,"name":"stock-monitor","meta":{},"content":"收到股票更新事件","timestamp":1773798091772}
{"id":3769,"type":"info","level":2,"name":"stock-monitor","meta":{},"content":"发送股票数据到: http://felinus.gnway.cc:8000/stock","timestamp":1773798091773}
{"id":3770,"type":"info","level":2,"name":"stock-monitor","meta":{},"content":"发送数据: { unitPrice: \u001b[33m0.4757\u001b[39m, totalStock: \u001b[33m2604\u001b[39m, personalStock: \u001b[33m0\u001b[39m, totalMoney: \u001b[33m1238.6789\u001b[39m, personalMoney: \u001b[33m0\u001b[39m }","timestamp":1773798091773}
{"id":3771,"type":"info","level":2,"name":"stock-monitor","meta":{},"content":"请求方法: POST","timestamp":1773798091776}
{"id":3772,"type":"info","level":2,"name":"stock-monitor","meta":{},"content":"发送成功: { success: \u001b[33mtrue\u001b[39m, message: \u001b[32m'股票数据接收成功'\u001b[39m, diskId: \u001b[33m85\u001b[39m, timestamp: \u001b[32m'2026-03-18T01:41:31.844Z'\u001b[39m }","timestamp":1773798091864}
{"id":3774,"type":"info","level":2,"name":"stock-monitor","meta":{},"content":"收到股票更新事件","timestamp":1773798211679}
{"id":3775,"type":"info","level":2,"name":"stock-monitor","meta":{},"content":"发送股票数据到: http://felinus.gnway.cc:8000/stock","timestamp":1773798211680}
{"id":3776,"type":"info","level":2,"name":"stock-monitor","meta":{},"content":"发送数据: { unitPrice: \u001b[33m0.2338\u001b[39m, totalStock: \u001b[33m1654\u001b[39m, personalStock: \u001b[33m0\u001b[39m, totalMoney: \u001b[33m386.7799\u001b[39m, personalMoney: \u001b[33m0\u001b[39m }","timestamp":1773798211681}
{"id":3777,"type":"info","level":2,"name":"stock-monitor","meta":{},"content":"请求方法: POST","timestamp":1773798211682}
{"id":3778,"type":"info","level":2,"name":"stock-monitor","meta":{},"content":"发送成功: { success: \u001b[33mtrue\u001b[39m, message: \u001b[32m'股票数据接收成功'\u001b[39m, diskId: \u001b[33m85\u001b[39m, timestamp: \u001b[32m'2026-03-18T01:43:31.735Z'\u001b[39m }","timestamp":1773798211755}
{"id":3780,"type":"info","level":2,"name":"stock-monitor","meta":{},"content":"收到股票更新事件","timestamp":1773798331867}
{"id":3781,"type":"info","level":2,"name":"stock-monitor","meta":{},"content":"发送股票数据到: http://felinus.gnway.cc:8000/stock","timestamp":1773798331868}
{"id":3782,"type":"info","level":2,"name":"stock-monitor","meta":{},"content":"发送数据: { unitPrice: \u001b[33m0.4373\u001b[39m, totalStock: \u001b[33m5338\u001b[39m, personalStock: \u001b[33m0\u001b[39m, totalMoney: \u001b[33m2334.2565\u001b[39m, personalMoney: \u001b[33m0\u001b[39m }","timestamp":1773798331868}
{"id":3783,"type":"info","level":2,"name":"stock-monitor","meta":{},"content":"请求方法: POST","timestamp":1773798331869}
{"id":3784,"type":"info","level":2,"name":"stock-monitor","meta":{},"content":"发送成功: { success: \u001b[33mtrue\u001b[39m, message: \u001b[32m'股票数据接收成功'\u001b[39m, diskId: \u001b[33m85\u001b[39m, timestamp: \u001b[32m'2026-03-18T01:45:31.943Z'\u001b[39m }","timestamp":1773798331963}
{"id":3786,"type":"info","level":2,"name":"stock-monitor","meta":{},"content":"收到股票更新事件","timestamp":1773798451944}
{"id":3787,"type":"info","level":2,"name":"stock-monitor","meta":{},"content":"发送股票数据到: http://felinus.gnway.cc:8000/stock","timestamp":1773798451945}
{"id":3788,"type":"info","level":2,"name":"stock-monitor","meta":{},"content":"发送数据: { unitPrice: \u001b[33m0.1818\u001b[39m, totalStock: \u001b[33m1605\u001b[39m, personalStock: \u001b[33m0\u001b[39m, totalMoney: \u001b[33m291.8512\u001b[39m, personalMoney: \u001b[33m0\u001b[39m }","timestamp":1773798451945}
{"id":3789,"type":"info","level":2,"name":"stock-monitor","meta":{},"content":"请求方法: POST","timestamp":1773798451947}
{"id":3790,"type":"info","level":2,"name":"stock-monitor","meta":{},"content":"发送成功: { success: \u001b[33mtrue\u001b[39m, message: \u001b[32m'股票数据接收成功'\u001b[39m, diskId: \u001b[33m85\u001b[39m, timestamp: \u001b[32m'2026-03-18T01:47:32.004Z'\u001b[39m }","timestamp":1773798452025}
{"id":3792,"type":"info","level":2,"name":"stock-monitor","meta":{},"content":"收到股票更新事件","timestamp":1773798572219}
{"id":3793,"type":"info","level":2,"name":"stock-monitor","meta":{},"content":"发送股票数据到: http://felinus.gnway.cc:8000/stock","timestamp":1773798572220}
{"id":3794,"type":"info","level":2,"name":"stock-monitor","meta":{},"content":"发送数据: { unitPrice: \u001b[33m0.3301\u001b[39m, totalStock: \u001b[33m1956\u001b[39m, personalStock: \u001b[33m0\u001b[39m, totalMoney: \u001b[33m645.6766\u001b[39m, personalMoney: \u001b[33m0\u001b[39m }","timestamp":1773798572220}
{"id":3795,"type":"info","level":2,"name":"stock-monitor","meta":{},"content":"请求方法: POST","timestamp":1773798572221}
{"id":3796,"type":"info","level":2,"name":"stock-monitor","meta":{},"content":"发送成功: { success: \u001b[33mtrue\u001b[39m, message: \u001b[32m'股票数据接收成功'\u001b[39m, diskId: \u001b[33m85\u001b[39m, timestamp: \u001b[32m'2026-03-18T01:49:32.294Z'\u001b[39m }","timestamp":1773798572315}
{"id":3798,"type":"info","level":2,"name":"stock-monitor","meta":{},"content":"收到股票更新事件","timestamp":1773798692292}
{"id":3799,"type":"info","level":2,"name":"stock-monitor","meta":{},"content":"发送股票数据到: http://felinus.gnway.cc:8000/stock","timestamp":1773798692293}
{"id":3800,"type":"info","level":2,"name":"stock-monitor","meta":{},"content":"发送数据: { unitPrice: \u001b[33m0.2602\u001b[39m, totalStock: \u001b[33m1287\u001b[39m, personalStock: \u001b[33m0\u001b[39m, totalMoney: \u001b[33m334.8394\u001b[39m, personalMoney: \u001b[33m0\u001b[39m }","timestamp":1773798692296}
{"id":3801,"type":"info","level":2,"name":"stock-monitor","meta":{},"content":"请求方法: POST","timestamp":1773798692296}
{"id":3802,"type":"info","level":2,"name":"stock-monitor","meta":{},"content":"发送成功: { success: \u001b[33mtrue\u001b[39m, message: \u001b[32m'股票数据接收成功'\u001b[39m, diskId: \u001b[33m85\u001b[39m, timestamp: \u001b[32m'2026-03-18T01:51:32.367Z'\u001b[39m }","timestamp":1773798692387}
{"id":3804,"type":"info","level":2,"name":"stock-monitor","meta":{},"content":"收到股票更新事件","timestamp":1773798812755}
{"id":3805,"type":"info","level":2,"name":"stock-monitor","meta":{},"content":"发送股票数据到: http://felinus.gnway.cc:8000/stock","timestamp":1773798812756}
{"id":3806,"type":"info","level":2,"name":"stock-monitor","meta":{},"content":"发送数据: { unitPrice: \u001b[33m0.4658\u001b[39m, totalStock: \u001b[33m2237\u001b[39m, personalStock: \u001b[33m0\u001b[39m, totalMoney: \u001b[33m1042.0013\u001b[39m, personalMoney: \u001b[33m0\u001b[39m }","timestamp":1773798812756}
{"id":3807,"type":"info","level":2,"name":"stock-monitor","meta":{},"content":"请求方法: POST","timestamp":1773798812756}
{"id":3808,"type":"info","level":2,"name":"stock-monitor","meta":{},"content":"发送成功: { success: \u001b[33mtrue\u001b[39m, message: \u001b[32m'股票数据接收成功'\u001b[39m, diskId: \u001b[33m85\u001b[39m, timestamp: \u001b[32m'2026-03-18T01:53:32.817Z'\u001b[39m }","timestamp":1773798812836}
{"id":3810,"type":"info","level":2,"name":"stock-monitor","meta":{},"content":"收到股票更新事件","timestamp":1773798932738}
{"id":3811,"type":"info","level":2,"name":"stock-monitor","meta":{},"content":"发送股票数据到: http://felinus.gnway.cc:8000/stock","timestamp":1773798932739}
{"id":3812,"type":"info","level":2,"name":"stock-monitor","meta":{},"content":"发送数据: { unitPrice: \u001b[33m0.5443\u001b[39m, totalStock: \u001b[33m1274\u001b[39m, personalStock: \u001b[33m0\u001b[39m, totalMoney: \u001b[33m693.433\u001b[39m, personalMoney: \u001b[33m0\u001b[39m }","timestamp":1773798932739}
{"id":3813,"type":"info","level":2,"name":"stock-monitor","meta":{},"content":"请求方法: POST","timestamp":1773798932741}
{"id":3814,"type":"info","level":2,"name":"stock-monitor","meta":{},"content":"发送成功: { success: \u001b[33mtrue\u001b[39m, message: \u001b[32m'股票数据接收成功'\u001b[39m, diskId: \u001b[33m85\u001b[39m, timestamp: \u001b[32m'2026-03-18T01:55:32.807Z'\u001b[39m }","timestamp":1773798932827}
{"id":3816,"type":"info","level":2,"name":"stock-monitor","meta":{},"content":"收到股票更新事件","timestamp":1773799059196}
{"id":3817,"type":"info","level":2,"name":"stock-monitor","meta":{},"content":"发送股票数据到: http://felinus.gnway.cc:8000/stock","timestamp":1773799059199}
{"id":3818,"type":"info","level":2,"name":"stock-monitor","meta":{},"content":"发送数据: { unitPrice: \u001b[33m0.9525\u001b[39m, totalStock: \u001b[33m2286\u001b[39m, personalStock: \u001b[33m0\u001b[39m, totalMoney: \u001b[33m2177.4558\u001b[39m, personalMoney: \u001b[33m0\u001b[39m }","timestamp":1773799059199}
{"id":3819,"type":"info","level":2,"name":"stock-monitor","meta":{},"content":"请求方法: POST","timestamp":1773799059200}
{"id":3820,"type":"warn","level":2,"name":"stock-monitor","meta":{},"content":"发送失败 (尝试 1/1)","timestamp":1773799059331}
{"id":3821,"type":"error","level":1,"name":"stock-monitor","meta":{},"content":"错误信息: HTTPError: Bad Request at [cordis.invoke] \u001b[90m(E:\\Desktop\\test\\koishiBot\\koishiBot\\\u001b[39mnode_modules\\\u001b[4m@cordisjs\u001b[24m\\plugin-http\\lib\\index.cjs:340:23\u001b[90m)\u001b[39m \u001b[90m    at process.processTicksAndRejections (node:internal/process/task_queues:95:5)\u001b[39m at async Proxy.<anonymous> \u001b[90m(E:\\Desktop\\test\\koishiBot\\koishiBot\\\u001b[39mnode_modules\\\u001b[4m@cordisjs\u001b[24m\\plugin-http\\lib\\index.cjs:184:26\u001b[90m)\u001b[39m at sendStockData (e:\\Desktop\\test\\koishiBot\\koishiBot\\external\\iirosestock\\lib\\index.js:51:27) at <anonymous> (e:\\Desktop\\test\\koishiBot\\koishiBot\\external\\iirosestock\\lib\\index.js:94:9) { response: { data: { success: \u001b[33mfalse\u001b[39m, message: \u001b[32m'数据格式错误'\u001b[39m, error: \u001b[32m\"Cannot read properties of undefined (reading 'find')\"\u001b[39m }, url: \u001b[32m'http://felinus.gnway.cc:8000/stock'\u001b[39m, status: \u001b[33m400\u001b[39m, statusText: \u001b[32m'Bad Request'\u001b[39m, headers: HeadersList { [\u001b[32mSymbol(headers map)\u001b[39m]: Map(8) { \u001b[32m'server'\u001b[39m => \u001b[32m'nginx/1.8.1'\u001b[39m, \u001b[32m'date'\u001b[39m => \u001b[32m'Wed, 18 Mar 2026 01:57:31 GMT'\u001b[39m, \u001b[32m'content-type'\u001b[39m => \u001b[32m'application/json; charset=utf-8'\u001b[39m, \u001b[32m'content-length'\u001b[39m => \u001b[32m'111'\u001b[39m, \u001b[32m'connection'\u001b[39m => \u001b[32m'keep-alive'\u001b[39m, \u001b[32m'x-powered-by'\u001b[39m => \u001b[32m'Express'\u001b[39m, \u001b[32m'access-control-allow-origin'\u001b[39m => \u001b[32m'*'\u001b[39m, \u001b[32m'etag'\u001b[39m => \u001b[32m'W/\"6f-BT1EevbjxF+rOTq52hzg6VgBhJk\"'\u001b[39m }, [\u001b[32mSymbol(headers map sorted)\u001b[39m]: \u001b[1mnull\u001b[22m } }, code: \u001b[90mundefined\u001b[39m, [\u001b[32mSymbol(cordis.http.error)\u001b[39m]: \u001b[33mtrue\u001b[39m }","timestamp":1773799059334}
{"id":3822,"type":"error","level":1,"name":"stock-monitor","meta":{},"content":"发送失败，达到最大重试次数","timestamp":1773799059364}
{"id":3823,"type":"warn","level":2,"name":"DEV:adapter-iirose","meta":{},"content":"获取或转换图片失败: http://s.iirose.com/images/icon/cartoon/601433.jpg HTTPError: fetch http://s.iirose.com/images/icon/cartoon/601433.jpg failed at \u001b[90mE:\\Desktop\\test\\koishiBot\\koishiBot\\\u001b[39mnode_modules\\\u001b[4m@cordisjs\u001b[24m\\plugin-http\\lib\\index.cjs:327:23 at async [cordis.invoke] \u001b[90m(E:\\Desktop\\test\\koishiBot\\koishiBot\\\u001b[39mnode_modules\\\u001b[4m@cordisjs\u001b[24m\\plugin-http\\lib\\index.cjs:325:19\u001b[90m)\u001b[39m \u001b[90m    ... 2 lines matching cause stack trace ...\u001b[39m at async \u001b[90mE:\\Desktop\\test\\koishiBot\\koishiBot\\\u001b[39mnode_modules\\\u001b[4mkoishi-plugin-adapter-iirose\u001b[24m\\lib\\index.js:1126:29 { response: \u001b[90mundefined\u001b[39m, code: \u001b[90mundefined\u001b[39m, cause: TypeError: fetch failed \u001b[90m    at Object.fetch (node:internal/deps/undici/undici:11118:11)\u001b[39m at async [cordis.invoke] \u001b[90m(E:\\Desktop\\test\\koishiBot\\koishiBot\\\u001b[39mnode_modules\\\u001b[4m@cordisjs\u001b[24m\\plugin-http\\lib\\index.cjs:325:19\u001b[90m)\u001b[39m at async Proxy.file \u001b[90m(E:\\Desktop\\test\\koishiBot\\koishiBot\\\u001b[39mnode_modules\\\u001b[4m@cordisjs\u001b[24m\\plugin-http\\lib\\index.cjs:410:49\u001b[90m)\u001b[39m at async getImageAsBase64 \u001b[90m(E:\\Desktop\\test\\koishiBot\\koishiBot\\\u001b[39mnode_modules\\\u001b[4mkoishi-plugin-adapter-iirose\u001b[24m\\lib\\index.js:313:28\u001b[90m)\u001b[39m at async \u001b[90mE:\\Desktop\\test\\koishiBot\\koishiBot\\\u001b[39mnode_modules\\\u001b[4mkoishi-plugin-adapter-iirose\u001b[24m\\lib\\index.js:1126:29 { cause: Error: read ECONNRESET \u001b[90m    at __node_internal_captureLargerStackTrace (node:internal/errors:484:5)\u001b[39m \u001b[90m    at __node_internal_errnoException (node:internal/errors:614:12)\u001b[39m \u001b[90m    at TCP.onStreamRead (node:internal/stream_base_commons:217:20)\u001b[39m { errno: \u001b[33m-4077\u001b[39m, code: \u001b[32m'ECONNRESET'\u001b[39m, syscall: \u001b[32m'read'\u001b[39m } }, [\u001b[32mSymbol(cordis.http.error)\u001b[39m]: \u001b[33mtrue\u001b[39m }","timestamp":1773799121661}
{"id":3825,"type":"info","level":2,"name":"stock-monitor","meta":{},"content":"收到股票更新事件","timestamp":1773799173104}
{"id":3826,"type":"info","level":2,"name":"stock-monitor","meta":{},"content":"发送股票数据到: http://felinus.gnway.cc:8000/stock","timestamp":1773799173105}
{"id":3827,"type":"info","level":2,"name":"stock-monitor","meta":{},"content":"发送数据: { unitPrice: \u001b[33m0.2858\u001b[39m, totalStock: \u001b[33m1152\u001b[39m, personalStock: \u001b[33m0\u001b[39m, totalMoney: \u001b[33m329.1902\u001b[39m, personalMoney: \u001b[33m0\u001b[39m }","timestamp":1773799173105}
{"id":3828,"type":"info","level":2,"name":"stock-monitor","meta":{},"content":"请求方法: POST","timestamp":1773799173106}
{"id":3829,"type":"warn","level":2,"name":"stock-monitor","meta":{},"content":"发送失败 (尝试 1/1)","timestamp":1773799173188}
{"id":3830,"type":"error","level":1,"name":"stock-monitor","meta":{},"content":"错误信息: HTTPError: Bad Request at [cordis.invoke] \u001b[90m(E:\\Desktop\\test\\koishiBot\\koishiBot\\\u001b[39mnode_modules\\\u001b[4m@cordisjs\u001b[24m\\plugin-http\\lib\\index.cjs:340:23\u001b[90m)\u001b[39m \u001b[90m    at process.processTicksAndRejections (node:internal/process/task_queues:95:5)\u001b[39m at async Proxy.<anonymous> \u001b[90m(E:\\Desktop\\test\\koishiBot\\koishiBot\\\u001b[39mnode_modules\\\u001b[4m@cordisjs\u001b[24m\\plugin-http\\lib\\index.cjs:184:26\u001b[90m)\u001b[39m at sendStockData (e:\\Desktop\\test\\koishiBot\\koishiBot\\external\\iirosestock\\lib\\index.js:51:27) at <anonymous> (e:\\Desktop\\test\\koishiBot\\koishiBot\\external\\iirosestock\\lib\\index.js:94:9) { response: { data: { success: \u001b[33mfalse\u001b[39m, message: \u001b[32m'数据格式错误'\u001b[39m, error: \u001b[32m\"Cannot read properties of undefined (reading 'sort')\"\u001b[39m }, url: \u001b[32m'http://felinus.gnway.cc:8000/stock'\u001b[39m, status: \u001b[33m400\u001b[39m, statusText: \u001b[32m'Bad Request'\u001b[39m, headers: HeadersList { [\u001b[32mSymbol(headers map)\u001b[39m]: Map(8) { \u001b[32m'server'\u001b[39m => \u001b[32m'nginx/1.8.1'\u001b[39m, \u001b[32m'date'\u001b[39m => \u001b[32m'Wed, 18 Mar 2026 01:59:24 GMT'\u001b[39m, \u001b[32m'content-type'\u001b[39m => \u001b[32m'application/json; charset=utf-8'\u001b[39m, \u001b[32m'content-length'\u001b[39m => \u001b[32m'111'\u001b[39m, \u001b[32m'connection'\u001b[39m => \u001b[32m'keep-alive'\u001b[39m, \u001b[32m'x-powered-by'\u001b[39m => \u001b[32m'Express'\u001b[39m, \u001b[32m'access-control-allow-origin'\u001b[39m => \u001b[32m'*'\u001b[39m, \u001b[32m'etag'\u001b[39m => \u001b[32m'W/\"6f-iASe6hOGHMuCwLZ4NP5zu+hEQqs\"'\u001b[39m }, [\u001b[32mSymbol(headers map sorted)\u001b[39m]: \u001b[1mnull\u001b[22m } }, code: \u001b[90mundefined\u001b[39m, [\u001b[32mSymbol(cordis.http.error)\u001b[39m]: \u001b[33mtrue\u001b[39m }","timestamp":1773799173189}
{"id":3831,"type":"error","level":1,"name":"stock-monitor","meta":{},"content":"发送失败，达到最大重试次数","timestamp":1773799173193}
{"id":3832,"type":"warn","level":2,"name":"DEV:adapter-iirose","meta":{},"content":"获取或转换图片失败: http://s.iirose.com/images/icon/cartoon/601433.jpg HTTPError: fetch http://s.iirose.com/images/icon/cartoon/601433.jpg failed at \u001b[90mE:\\Desktop\\test\\koishiBot\\koishiBot\\\u001b[39mnode_modules\\\u001b[4m@cordisjs\u001b[24m\\plugin-http\\lib\\index.cjs:327:23 \u001b[90m    at process.processTicksAndRejections (node:internal/process/task_queues:95:5)\u001b[39m \u001b[90m    ... 3 lines matching cause stack trace ...\u001b[39m at async \u001b[90mE:\\Desktop\\test\\koishiBot\\koishiBot\\\u001b[39mnode_modules\\\u001b[4mkoishi-plugin-adapter-iirose\u001b[24m\\lib\\index.js:1126:29 { response: \u001b[90mundefined\u001b[39m, code: \u001b[90mundefined\u001b[39m, cause: TypeError: fetch failed \u001b[90m    at Object.fetch (node:internal/deps/undici/undici:11118:11)\u001b[39m \u001b[90m    at process.processTicksAndRejections (node:internal/process/task_queues:95:5)\u001b[39m at async [cordis.invoke] \u001b[90m(E:\\Desktop\\test\\koishiBot\\koishiBot\\\u001b[39mnode_modules\\\u001b[4m@cordisjs\u001b[24m\\plugin-http\\lib\\index.cjs:325:19\u001b[90m)\u001b[39m at async Proxy.file \u001b[90m(E:\\Desktop\\test\\koishiBot\\koishiBot\\\u001b[39mnode_modules\\\u001b[4m@cordisjs\u001b[24m\\plugin-http\\lib\\index.cjs:410:49\u001b[90m)\u001b[39m at async getImageAsBase64 \u001b[90m(E:\\Desktop\\test\\koishiBot\\koishiBot\\\u001b[39mnode_modules\\\u001b[4mkoishi-plugin-adapter-iirose\u001b[24m\\lib\\index.js:313:28\u001b[90m)\u001b[39m at async \u001b[90mE:\\Desktop\\test\\koishiBot\\koishiBot\\\u001b[39mnode_modules\\\u001b[4mkoishi-plugin-adapter-iirose\u001b[24m\\lib\\index.js:1126:29 { cause: ConnectTimeoutError: Connect Timeout Error at onConnectTimeout \u001b[90m(E:\\Desktop\\test\\koishiBot\\koishiBot\\\u001b[39mnode_modules\\\u001b[4mundici\u001b[24m\\lib\\core\\connect.js:190:24\u001b[90m)\u001b[39m at \u001b[90mE:\\Desktop\\test\\koishiBot\\koishiBot\\\u001b[39mnode_modules\\\u001b[4mundici\u001b[24m\\lib\\core\\connect.js:133:46 at Immediate._onImmediate \u001b[90m(E:\\Desktop\\test\\koishiBot\\koishiBot\\\u001b[39mnode_modules\\\u001b[4mundici\u001b[24m\\lib\\core\\connect.js:172:33\u001b[90m)\u001b[39m \u001b[90m    at process.processImmediate (node:internal/timers:471:21)\u001b[39m { code: \u001b[32m'UND_ERR_CONNECT_TIMEOUT'\u001b[39m } }, [\u001b[32mSymbol(cordis.http.error)\u001b[39m]: \u001b[33mtrue\u001b[39m }","timestamp":1773799182783}
{"id":3834,"type":"info","level":2,"name":"stock-monitor","meta":{},"content":"收到股票更新事件","timestamp":1773799292861}
{"id":3835,"type":"info","level":2,"name":"stock-monitor","meta":{},"content":"发送股票数据到: http://felinus.gnway.cc:8000/stock","timestamp":1773799292863}
{"id":3836,"type":"info","level":2,"name":"stock-monitor","meta":{},"content":"发送数据: { unitPrice: \u001b[33m0.3735\u001b[39m, totalStock: \u001b[33m2052\u001b[39m, personalStock: \u001b[33m0\u001b[39m, totalMoney: \u001b[33m766.37\u001b[39m, personalMoney: \u001b[33m0\u001b[39m }","timestamp":1773799292863}
{"id":3837,"type":"info","level":2,"name":"stock-monitor","meta":{},"content":"请求方法: POST","timestamp":1773799292863}
{"id":3838,"type":"warn","level":2,"name":"stock-monitor","meta":{},"content":"发送失败 (尝试 1/1)","timestamp":1773799292940}
{"id":3839,"type":"error","level":1,"name":"stock-monitor","meta":{},"content":"错误信息: HTTPError: Bad Request at [cordis.invoke] \u001b[90m(E:\\Desktop\\test\\koishiBot\\koishiBot\\\u001b[39mnode_modules\\\u001b[4m@cordisjs\u001b[24m\\plugin-http\\lib\\index.cjs:340:23\u001b[90m)\u001b[39m \u001b[90m    at process.processTicksAndRejections (node:internal/process/task_queues:95:5)\u001b[39m at async Proxy.<anonymous> \u001b[90m(E:\\Desktop\\test\\koishiBot\\koishiBot\\\u001b[39mnode_modules\\\u001b[4m@cordisjs\u001b[24m\\plugin-http\\lib\\index.cjs:184:26\u001b[90m)\u001b[39m at sendStockData (e:\\Desktop\\test\\koishiBot\\koishiBot\\external\\iirosestock\\lib\\index.js:51:27) at <anonymous> (e:\\Desktop\\test\\koishiBot\\koishiBot\\external\\iirosestock\\lib\\index.js:94:9) { response: { data: { success: \u001b[33mfalse\u001b[39m, message: \u001b[32m'数据格式错误'\u001b[39m, error: \u001b[32m\"Cannot read properties of undefined (reading 'find')\"\u001b[39m }, url: \u001b[32m'http://felinus.gnway.cc:8000/stock'\u001b[39m, status: \u001b[33m400\u001b[39m, statusText: \u001b[32m'Bad Request'\u001b[39m, headers: HeadersList { [\u001b[32mSymbol(headers map)\u001b[39m]: Map(8) { \u001b[32m'server'\u001b[39m => \u001b[32m'nginx/1.8.1'\u001b[39m, \u001b[32m'date'\u001b[39m => \u001b[32m'Wed, 18 Mar 2026 02:01:24 GMT'\u001b[39m, \u001b[32m'content-type'\u001b[39m => \u001b[32m'application/json; charset=utf-8'\u001b[39m, \u001b[32m'content-length'\u001b[39m => \u001b[32m'111'\u001b[39m, \u001b[32m'connection'\u001b[39m => \u001b[32m'keep-alive'\u001b[39m, \u001b[32m'x-powered-by'\u001b[39m => \u001b[32m'Express'\u001b[39m, \u001b[32m'access-control-allow-origin'\u001b[39m => \u001b[32m'*'\u001b[39m, \u001b[32m'etag'\u001b[39m => \u001b[32m'W/\"6f-BT1EevbjxF+rOTq52hzg6VgBhJk\"'\u001b[39m }, [\u001b[32mSymbol(headers map sorted)\u001b[39m]: \u001b[1mnull\u001b[22m } }, code: \u001b[90mundefined\u001b[39m, [\u001b[32mSymbol(cordis.http.error)\u001b[39m]: \u001b[33mtrue\u001b[39m }","timestamp":1773799292941}
{"id":3840,"type":"error","level":1,"name":"stock-monitor","meta":{},"content":"发送失败，达到最大重试次数","timestamp":1773799292945}
{"id":3842,"type":"info","level":2,"name":"stock-monitor","meta":{},"content":"收到股票更新事件","timestamp":1773799412791}
{"id":3843,"type":"info","level":2,"name":"stock-monitor","meta":{},"content":"发送股票数据到: http://felinus.gnway.cc:8000/stock","timestamp":1773799412792}
{"id":3844,"type":"info","level":2,"name":"stock-monitor","meta":{},"content":"发送数据: { unitPrice: \u001b[33m0.2592\u001b[39m, totalStock: \u001b[33m2626\u001b[39m, personalStock: \u001b[33m0\u001b[39m, totalMoney: \u001b[33m680.7445\u001b[39m, personalMoney: \u001b[33m0\u001b[39m }","timestamp":1773799412792}
{"id":3845,"type":"info","level":2,"name":"stock-monitor","meta":{},"content":"请求方法: POST","timestamp":1773799412795}
{"id":3846,"type":"warn","level":2,"name":"stock-monitor","meta":{},"content":"发送失败 (尝试 1/1)","timestamp":1773799412881}
{"id":3847,"type":"error","level":1,"name":"stock-monitor","meta":{},"content":"错误信息: HTTPError: Bad Request at [cordis.invoke] \u001b[90m(E:\\Desktop\\test\\koishiBot\\koishiBot\\\u001b[39mnode_modules\\\u001b[4m@cordisjs\u001b[24m\\plugin-http\\lib\\index.cjs:340:23\u001b[90m)\u001b[39m \u001b[90m    at process.processTicksAndRejections (node:internal/process/task_queues:95:5)\u001b[39m at async Proxy.<anonymous> \u001b[90m(E:\\Desktop\\test\\koishiBot\\koishiBot\\\u001b[39mnode_modules\\\u001b[4m@cordisjs\u001b[24m\\plugin-http\\lib\\index.cjs:184:26\u001b[90m)\u001b[39m at sendStockData (e:\\Desktop\\test\\koishiBot\\koishiBot\\external\\iirosestock\\lib\\index.js:51:27) at <anonymous> (e:\\Desktop\\test\\koishiBot\\koishiBot\\external\\iirosestock\\lib\\index.js:94:9) { response: { data: { success: \u001b[33mfalse\u001b[39m, message: \u001b[32m'数据格式错误'\u001b[39m, error: \u001b[32m\"Cannot read properties of undefined (reading 'find')\"\u001b[39m }, url: \u001b[32m'http://felinus.gnway.cc:8000/stock'\u001b[39m, status: \u001b[33m400\u001b[39m, statusText: \u001b[32m'Bad Request'\u001b[39m, headers: HeadersList { [\u001b[32mSymbol(headers map)\u001b[39m]: Map(8) { \u001b[32m'server'\u001b[39m => \u001b[32m'nginx/1.8.1'\u001b[39m, \u001b[32m'date'\u001b[39m => \u001b[32m'Wed, 18 Mar 2026 02:03:24 GMT'\u001b[39m, \u001b[32m'content-type'\u001b[39m => \u001b[32m'application/json; charset=utf-8'\u001b[39m, \u001b[32m'content-length'\u001b[39m => \u001b[32m'111'\u001b[39m, \u001b[32m'connection'\u001b[39m => \u001b[32m'keep-alive'\u001b[39m, \u001b[32m'x-powered-by'\u001b[39m => \u001b[32m'Express'\u001b[39m, \u001b[32m'access-control-allow-origin'\u001b[39m => \u001b[32m'*'\u001b[39m, \u001b[32m'etag'\u001b[39m => \u001b[32m'W/\"6f-BT1EevbjxF+rOTq52hzg6VgBhJk\"'\u001b[39m }, [\u001b[32mSymbol(headers map sorted)\u001b[39m]: \u001b[1mnull\u001b[22m } }, code: \u001b[90mundefined\u001b[39m, [\u001b[32mSymbol(cordis.http.error)\u001b[39m]: \u001b[33mtrue\u001b[39m }","timestamp":1773799412882}
{"id":3848,"type":"error","level":1,"name":"stock-monitor","meta":{},"content":"发送失败，达到最大重试次数","timestamp":1773799412884}
{"id":3851,"type":"info","level":2,"name":"stock-monitor","meta":{},"content":"收到股票更新事件","timestamp":1773799534115}
{"id":3852,"type":"info","level":2,"name":"stock-monitor","meta":{},"content":"发送股票数据到: http://felinus.gnway.cc:8000/stock","timestamp":1773799534116}
{"id":3853,"type":"info","level":2,"name":"stock-monitor","meta":{},"content":"发送数据: { unitPrice: \u001b[33m0.5167\u001b[39m, totalStock: \u001b[33m3029\u001b[39m, personalStock: \u001b[33m0\u001b[39m, totalMoney: \u001b[33m1565.2151\u001b[39m, personalMoney: \u001b[33m0\u001b[39m }","timestamp":1773799534116}
{"id":3854,"type":"info","level":2,"name":"stock-monitor","meta":{},"content":"请求方法: POST","timestamp":1773799534120}
{"id":3855,"type":"warn","level":2,"name":"stock-monitor","meta":{},"content":"发送失败 (尝试 1/1)","timestamp":1773799534203}
{"id":3856,"type":"error","level":1,"name":"stock-monitor","meta":{},"content":"错误信息: HTTPError: Bad Request at [cordis.invoke] \u001b[90m(E:\\Desktop\\test\\koishiBot\\koishiBot\\\u001b[39mnode_modules\\\u001b[4m@cordisjs\u001b[24m\\plugin-http\\lib\\index.cjs:340:23\u001b[90m)\u001b[39m \u001b[90m    at process.processTicksAndRejections (node:internal/process/task_queues:95:5)\u001b[39m at async Proxy.<anonymous> \u001b[90m(E:\\Desktop\\test\\koishiBot\\koishiBot\\\u001b[39mnode_modules\\\u001b[4m@cordisjs\u001b[24m\\plugin-http\\lib\\index.cjs:184:26\u001b[90m)\u001b[39m at sendStockData (e:\\Desktop\\test\\koishiBot\\koishiBot\\external\\iirosestock\\lib\\index.js:51:27) at <anonymous> (e:\\Desktop\\test\\koishiBot\\koishiBot\\external\\iirosestock\\lib\\index.js:94:9) { response: { data: { success: \u001b[33mfalse\u001b[39m, message: \u001b[32m'数据格式错误'\u001b[39m, error: \u001b[32m\"Cannot read properties of undefined (reading 'find')\"\u001b[39m }, url: \u001b[32m'http://felinus.gnway.cc:8000/stock'\u001b[39m, status: \u001b[33m400\u001b[39m, statusText: \u001b[32m'Bad Request'\u001b[39m, headers: HeadersList { [\u001b[32mSymbol(headers map)\u001b[39m]: Map(8) { \u001b[32m'server'\u001b[39m => \u001b[32m'nginx/1.8.1'\u001b[39m, \u001b[32m'date'\u001b[39m => \u001b[32m'Wed, 18 Mar 2026 02:05:25 GMT'\u001b[39m, \u001b[32m'content-type'\u001b[39m => \u001b[32m'application/json; charset=utf-8'\u001b[39m, \u001b[32m'content-length'\u001b[39m => \u001b[32m'111'\u001b[39m, \u001b[32m'connection'\u001b[39m => \u001b[32m'keep-alive'\u001b[39m, \u001b[32m'x-powered-by'\u001b[39m => \u001b[32m'Express'\u001b[39m, \u001b[32m'access-control-allow-origin'\u001b[39m => \u001b[32m'*'\u001b[39m, \u001b[32m'etag'\u001b[39m => \u001b[32m'W/\"6f-BT1EevbjxF+rOTq52hzg6VgBhJk\"'\u001b[39m }, [\u001b[32mSymbol(headers map sorted)\u001b[39m]: \u001b[1mnull\u001b[22m } }, code: \u001b[90mundefined\u001b[39m, [\u001b[32mSymbol(cordis.http.error)\u001b[39m]: \u001b[33mtrue\u001b[39m }","timestamp":1773799534203}
{"id":3857,"type":"error","level":1,"name":"stock-monitor","meta":{},"content":"发送失败，达到最大重试次数","timestamp":1773799534204}
{"id":3859,"type":"info","level":2,"name":"stock-monitor","meta":{},"content":"收到股票更新事件","timestamp":1773799658369}
{"id":3860,"type":"info","level":2,"name":"stock-monitor","meta":{},"content":"发送股票数据到: http://felinus.gnway.cc:8000/stock","timestamp":1773799658369}
{"id":3861,"type":"info","level":2,"name":"stock-monitor","meta":{},"content":"发送数据: { unitPrice: \u001b[33m1\u001b[39m, totalStock: \u001b[33m1000\u001b[39m, personalStock: \u001b[33m0\u001b[39m, totalMoney: \u001b[33m1000\u001b[39m, personalMoney: \u001b[33m0\u001b[39m }","timestamp":1773799658369}
{"id":3862,"type":"info","level":2,"name":"stock-monitor","meta":{},"content":"请求方法: POST","timestamp":1773799658370}
{"id":3863,"type":"info","level":2,"name":"stock-monitor","meta":{},"content":"发送成功: { success: \u001b[33mtrue\u001b[39m, message: \u001b[32m'崩盘，新盘已创建'\u001b[39m, diskId: \u001b[33m86\u001b[39m, timestamp: \u001b[32m'2026-03-18T02:07:38.449Z'\u001b[39m }","timestamp":1773799658470}
{"id":3865,"type":"info","level":2,"name":"stock-monitor","meta":{},"content":"收到股票更新事件","timestamp":1773799777302}
{"id":3866,"type":"info","level":2,"name":"stock-monitor","meta":{},"content":"发送股票数据到: http://felinus.gnway.cc:8000/stock","timestamp":1773799777306}
{"id":3867,"type":"info","level":2,"name":"stock-monitor","meta":{},"content":"发送数据: { unitPrice: \u001b[33m0.64\u001b[39m, totalStock: \u001b[33m1234\u001b[39m, personalStock: \u001b[33m0\u001b[39m, totalMoney: \u001b[33m789.76\u001b[39m, personalMoney: \u001b[33m0\u001b[39m }","timestamp":1773799777306}
{"id":3868,"type":"info","level":2,"name":"stock-monitor","meta":{},"content":"请求方法: POST","timestamp":1773799777306}
{"id":3869,"type":"info","level":2,"name":"stock-monitor","meta":{},"content":"发送成功: { success: \u001b[33mtrue\u001b[39m, message: \u001b[32m'股票数据接收成功'\u001b[39m, diskId: \u001b[33m86\u001b[39m, timestamp: \u001b[32m'2026-03-18T02:09:37.375Z'\u001b[39m }","timestamp":1773799777394}
{"id":3871,"type":"info","level":2,"name":"stock-monitor","meta":{},"content":"收到股票更新事件","timestamp":1773799893526}
{"id":3872,"type":"info","level":2,"name":"stock-monitor","meta":{},"content":"发送股票数据到: http://felinus.gnway.cc:8000/stock","timestamp":1773799893527}
{"id":3873,"type":"info","level":2,"name":"stock-monitor","meta":{},"content":"发送数据: { unitPrice: \u001b[33m0.7585\u001b[39m, totalStock: \u001b[33m1434\u001b[39m, personalStock: \u001b[33m0\u001b[39m, totalMoney: \u001b[33m1087.76\u001b[39m, personalMoney: \u001b[33m0\u001b[39m }","timestamp":1773799893527}
{"id":3874,"type":"info","level":2,"name":"stock-monitor","meta":{},"content":"请求方法: POST","timestamp":1773799893528}
{"id":3875,"type":"info","level":2,"name":"stock-monitor","meta":{},"content":"发送成功: { success: \u001b[33mtrue\u001b[39m, message: \u001b[32m'股票数据接收成功'\u001b[39m, diskId: \u001b[33m86\u001b[39m, timestamp: \u001b[32m'2026-03-18T02:11:33.584Z'\u001b[39m }","timestamp":1773799893605}
{"id":3877,"type":"info","level":2,"name":"stock-monitor","meta":{},"content":"收到股票更新事件","timestamp":1773800014123}
{"id":3878,"type":"info","level":2,"name":"stock-monitor","meta":{},"content":"发送股票数据到: http://felinus.gnway.cc:8000/stock","timestamp":1773800014124}
{"id":3879,"type":"info","level":2,"name":"stock-monitor","meta":{},"content":"发送数据: { unitPrice: \u001b[33m0.8909\u001b[39m, totalStock: \u001b[33m1209\u001b[39m, personalStock: \u001b[33m0\u001b[39m, totalMoney: \u001b[33m1077.0864\u001b[39m, personalMoney: \u001b[33m0\u001b[39m }","timestamp":1773800014124}
{"id":3880,"type":"info","level":2,"name":"stock-monitor","meta":{},"content":"请求方法: POST","timestamp":1773800014125}
{"id":3881,"type":"warn","level":2,"name":"stock-monitor","meta":{},"content":"发送失败 (尝试 1/1)","timestamp":1773800016230}
{"id":3882,"type":"error","level":1,"name":"stock-monitor","meta":{},"content":"错误信息: HTTPError: Bad Gateway at [cordis.invoke] \u001b[90m(E:\\Desktop\\test\\koishiBot\\koishiBot\\\u001b[39mnode_modules\\\u001b[4m@cordisjs\u001b[24m\\plugin-http\\lib\\index.cjs:340:23\u001b[90m)\u001b[39m \u001b[90m    at process.processTicksAndRejections (node:internal/process/task_queues:95:5)\u001b[39m at async Proxy.<anonymous> \u001b[90m(E:\\Desktop\\test\\koishiBot\\koishiBot\\\u001b[39mnode_modules\\\u001b[4m@cordisjs\u001b[24m\\plugin-http\\lib\\index.cjs:184:26\u001b[90m)\u001b[39m at sendStockData (e:\\Desktop\\test\\koishiBot\\koishiBot\\external\\iirosestock\\lib\\index.js:51:27) at <anonymous> (e:\\Desktop\\test\\koishiBot\\koishiBot\\external\\iirosestock\\lib\\index.js:94:9) { response: { data: \u001b[32m'<!DOCTYPE html>\\r\\n'\u001b[39m + \u001b[32m'<html>\\r\\n'\u001b[39m + \u001b[32m'<head>\\r\\n'\u001b[39m + \u001b[32m'<title>Error</title>\\r\\n'\u001b[39m + \u001b[32m'<script>\\r\\n'\u001b[39m + \u001b[32m'window.onload=function(){\\r\\n'\u001b[39m + \u001b[32m\"window.location.href    =       'http://'+document.domain+':5353/50x_.html';\\r\\n\"\u001b[39m + \u001b[32m'}\\r\\n'\u001b[39m + \u001b[32m'</script>\\r\\n'\u001b[39m + \u001b[32m'</head>\\r\\n'\u001b[39m + \u001b[32m'<body>\\r\\n'\u001b[39m + \u001b[32m'</body>\\r\\n'\u001b[39m + \u001b[32m'</html>\\r\\n'\u001b[39m + \u001b[32m'\\r\\n'\u001b[39m + \u001b[32m'\\r\\n'\u001b[39m, url: \u001b[32m'http://felinus.gnway.cc:8000/stock'\u001b[39m, status: \u001b[33m502\u001b[39m, statusText: \u001b[32m'Bad Gateway'\u001b[39m, headers: HeadersList { [\u001b[32mSymbol(headers map)\u001b[39m]: Map(6) { \u001b[32m'server'\u001b[39m => \u001b[32m'nginx/1.8.1'\u001b[39m, \u001b[32m'date'\u001b[39m => \u001b[32m'Wed, 18 Mar 2026 02:13:27 GMT'\u001b[39m, \u001b[32m'content-type'\u001b[39m => \u001b[32m'text/html'\u001b[39m, \u001b[32m'content-length'\u001b[39m => \u001b[32m'223'\u001b[39m, \u001b[32m'connection'\u001b[39m => \u001b[32m'keep-alive'\u001b[39m, \u001b[32m'etag'\u001b[39m => \u001b[32m'\"5d5a84f2-df\"'\u001b[39m }, [\u001b[32mSymbol(headers map sorted)\u001b[39m]: \u001b[1mnull\u001b[22m } }, code: \u001b[90mundefined\u001b[39m, [\u001b[32mSymbol(cordis.http.error)\u001b[39m]: \u001b[33mtrue\u001b[39m }","timestamp":1773800016231}
{"id":3883,"type":"error","level":1,"name":"stock-monitor","meta":{},"content":"发送失败，达到最大重试次数","timestamp":1773800016235}
{"id":3885,"type":"info","level":2,"name":"stock-monitor","meta":{},"content":"收到股票更新事件","timestamp":1773800133861}
{"id":3886,"type":"info","level":2,"name":"stock-monitor","meta":{},"content":"发送股票数据到: http://felinus.gnway.cc:8000/stock","timestamp":1773800133861}
{"id":3887,"type":"info","level":2,"name":"stock-monitor","meta":{},"content":"发送数据: { unitPrice: \u001b[33m0.2673\u001b[39m, totalStock: \u001b[33m1219\u001b[39m, personalStock: \u001b[33m0\u001b[39m, totalMoney: \u001b[33m325.7986\u001b[39m, personalMoney: \u001b[33m0\u001b[39m }","timestamp":1773800133862}
{"id":3888,"type":"info","level":2,"name":"stock-monitor","meta":{},"content":"请求方法: POST","timestamp":1773800133863}
{"id":3889,"type":"info","level":2,"name":"stock-monitor","meta":{},"content":"发送成功: { success: \u001b[33mtrue\u001b[39m, message: \u001b[32m'股票数据接收成功'\u001b[39m, diskId: \u001b[33m86\u001b[39m, timestamp: \u001b[32m'2026-03-18T02:15:33.943Z'\u001b[39m }","timestamp":1773800133963}
{"id":3891,"type":"info","level":2,"name":"stock-monitor","meta":{},"content":"收到股票更新事件","timestamp":1773800253971}
{"id":3892,"type":"info","level":2,"name":"stock-monitor","meta":{},"content":"发送股票数据到: http://felinus.gnway.cc:8000/stock","timestamp":1773800253973}
{"id":3893,"type":"info","level":2,"name":"stock-monitor","meta":{},"content":"发送数据: { unitPrice: \u001b[33m0.1187\u001b[39m, totalStock: \u001b[33m2019\u001b[39m, personalStock: \u001b[33m0\u001b[39m, totalMoney: \u001b[33m239.6122\u001b[39m, personalMoney: \u001b[33m0\u001b[39m }","timestamp":1773800253973}
{"id":3894,"type":"info","level":2,"name":"stock-monitor","meta":{},"content":"请求方法: POST","timestamp":1773800253973}
{"id":3895,"type":"info","level":2,"name":"stock-monitor","meta":{},"content":"发送成功: { success: \u001b[33mtrue\u001b[39m, message: \u001b[32m'股票数据接收成功'\u001b[39m, diskId: \u001b[33m86\u001b[39m, timestamp: \u001b[32m'2026-03-18T02:17:34.037Z'\u001b[39m }","timestamp":1773800254056}
{"id":3908,"type":"info","level":2,"name":"stock-monitor","meta":{},"content":"收到股票更新事件","timestamp":1773800374449}
{"id":3909,"type":"info","level":2,"name":"stock-monitor","meta":{},"content":"发送股票数据到: http://felinus.gnway.cc:8000/stock","timestamp":1773800374449}
{"id":3910,"type":"info","level":2,"name":"stock-monitor","meta":{},"content":"发送数据: { unitPrice: \u001b[33m0.2531\u001b[39m, totalStock: \u001b[33m4984\u001b[39m, personalStock: \u001b[33m0\u001b[39m, totalMoney: \u001b[33m1261.4945\u001b[39m, personalMoney: \u001b[33m0\u001b[39m }","timestamp":1773800374449}
{"id":3911,"type":"info","level":2,"name":"stock-monitor","meta":{},"content":"请求方法: POST","timestamp":1773800374450}
{"id":3912,"type":"info","level":2,"name":"stock-monitor","meta":{},"content":"发送成功: { success: \u001b[33mtrue\u001b[39m, message: \u001b[32m'股票数据接收成功'\u001b[39m, diskId: \u001b[33m86\u001b[39m, timestamp: \u001b[32m'2026-03-18T02:19:34.522Z'\u001b[39m }","timestamp":1773800374549}
{"id":3914,"type":"info","level":2,"name":"stock-monitor","meta":{},"content":"收到股票更新事件","timestamp":1773800497166}
{"id":3915,"type":"info","level":2,"name":"stock-monitor","meta":{},"content":"发送股票数据到: http://felinus.gnway.cc:8000/stock","timestamp":1773800497166}
{"id":3916,"type":"info","level":2,"name":"stock-monitor","meta":{},"content":"发送数据: { unitPrice: \u001b[33m0.5021\u001b[39m, totalStock: \u001b[33m2450\u001b[39m, personalStock: \u001b[33m0\u001b[39m, totalMoney: \u001b[33m1230.1167\u001b[39m, personalMoney: \u001b[33m0\u001b[39m }","timestamp":1773800497166}
{"id":3917,"type":"info","level":2,"name":"stock-monitor","meta":{},"content":"请求方法: POST","timestamp":1773800497168}
{"id":3918,"type":"info","level":2,"name":"stock-monitor","meta":{},"content":"发送成功: { success: \u001b[33mtrue\u001b[39m, message: \u001b[32m'股票数据接收成功'\u001b[39m, diskId: \u001b[33m86\u001b[39m, timestamp: \u001b[32m'2026-03-18T02:21:37.253Z'\u001b[39m }","timestamp":1773800497275}
{"id":3919,"type":"warn","level":2,"name":"DEV:adapter-iirose","meta":{},"content":"获取或转换图片失败: http://s.iirose.com/images/icon/cartoon/601433.jpg HTTPError: fetch http://s.iirose.com/images/icon/cartoon/601433.jpg failed at \u001b[90mE:\\Desktop\\test\\koishiBot\\koishiBot\\\u001b[39mnode_modules\\\u001b[4m@cordisjs\u001b[24m\\plugin-http\\lib\\index.cjs:327:23 \u001b[90m    at process.processTicksAndRejections (node:internal/process/task_queues:95:5)\u001b[39m \u001b[90m    ... 3 lines matching cause stack trace ...\u001b[39m at async \u001b[90mE:\\Desktop\\test\\koishiBot\\koishiBot\\\u001b[39mnode_modules\\\u001b[4mkoishi-plugin-adapter-iirose\u001b[24m\\lib\\index.js:1126:29 { response: \u001b[90mundefined\u001b[39m, code: \u001b[90mundefined\u001b[39m, cause: TypeError: fetch failed \u001b[90m    at Object.fetch (node:internal/deps/undici/undici:11118:11)\u001b[39m \u001b[90m    at process.processTicksAndRejections (node:internal/process/task_queues:95:5)\u001b[39m at async [cordis.invoke] \u001b[90m(E:\\Desktop\\test\\koishiBot\\koishiBot\\\u001b[39mnode_modules\\\u001b[4m@cordisjs\u001b[24m\\plugin-http\\lib\\index.cjs:325:19\u001b[90m)\u001b[39m at async Proxy.file \u001b[90m(E:\\Desktop\\test\\koishiBot\\koishiBot\\\u001b[39mnode_modules\\\u001b[4m@cordisjs\u001b[24m\\plugin-http\\lib\\index.cjs:410:49\u001b[90m)\u001b[39m at async getImageAsBase64 \u001b[90m(E:\\Desktop\\test\\koishiBot\\koishiBot\\\u001b[39mnode_modules\\\u001b[4mkoishi-plugin-adapter-iirose\u001b[24m\\lib\\index.js:313:28\u001b[90m)\u001b[39m at async \u001b[90mE:\\Desktop\\test\\koishiBot\\koishiBot\\\u001b[39mnode_modules\\\u001b[4mkoishi-plugin-adapter-iirose\u001b[24m\\lib\\index.js:1126:29 { cause: ConnectTimeoutError: Connect Timeout Error at onConnectTimeout \u001b[90m(E:\\Desktop\\test\\koishiBot\\koishiBot\\\u001b[39mnode_modules\\\u001b[4mundici\u001b[24m\\lib\\core\\connect.js:190:24\u001b[90m)\u001b[39m at \u001b[90mE:\\Desktop\\test\\koishiBot\\koishiBot\\\u001b[39mnode_modules\\\u001b[4mundici\u001b[24m\\lib\\core\\connect.js:133:46 at Immediate._onImmediate \u001b[90m(E:\\Desktop\\test\\koishiBot\\koishiBot\\\u001b[39mnode_modules\\\u001b[4mundici\u001b[24m\\lib\\core\\connect.js:172:33\u001b[90m)\u001b[39m \u001b[90m    at process.processImmediate (node:internal/timers:471:21)\u001b[39m { code: \u001b[32m'UND_ERR_CONNECT_TIMEOUT'\u001b[39m } }, [\u001b[32mSymbol(cordis.http.error)\u001b[39m]: \u001b[33mtrue\u001b[39m }","timestamp":1773800505427}
{"id":3921,"type":"warn","level":2,"name":"adapter-iirose","meta":{"paths":["m2atf0"]},"content":"[69b3b31f61f35] websocket异常关闭，代码: 1006","timestamp":1773800636135}
{"id":3922,"type":"info","level":2,"name":"adapter-iirose","meta":{"paths":["m2atf0"]},"content":"[69b3b31f61f35] 找到可用服务器: wss://m.iirose.com:8778, 延迟: 586ms","timestamp":1773800646147}
{"id":3923,"type":"info","level":2,"name":"adapter-iirose","meta":{"paths":["m2atf0"]},"content":"[69b3b31f61f35] 正在登录中...","timestamp":1773800653569}
{"id":3924,"type":"info","level":2,"name":"adapter-iirose","meta":{"paths":["m2atf0"]},"content":"[69b3b31f61f35] [69b3b31f61f35] 登陆成功：欢迎回来，小冰股票！","timestamp":1773800661853}
{"id":3927,"type":"info","level":2,"name":"stock-monitor","meta":{},"content":"收到股票更新事件","timestamp":1773800662021}
{"id":3928,"type":"info","level":2,"name":"stock-monitor","meta":{},"content":"发送股票数据到: http://felinus.gnway.cc:8000/stock","timestamp":1773800662022}
{"id":3929,"type":"info","level":2,"name":"stock-monitor","meta":{},"content":"发送数据: { unitPrice: \u001b[33m0.5372\u001b[39m, totalStock: \u001b[33m1300\u001b[39m, personalStock: \u001b[33m0\u001b[39m, totalMoney: \u001b[33m698.405\u001b[39m, personalMoney: \u001b[33m0\u001b[39m }","timestamp":1773800662022}
{"id":3930,"type":"info","level":2,"name":"stock-monitor","meta":{},"content":"请求方法: POST","timestamp":1773800662022}
{"id":3931,"type":"info","level":2,"name":"stock-monitor","meta":{},"content":"发送成功: { success: \u001b[33mtrue\u001b[39m, message: \u001b[32m'股票数据接收成功'\u001b[39m, diskId: \u001b[33m86\u001b[39m, timestamp: \u001b[32m'2026-03-18T02:24:22.089Z'\u001b[39m }","timestamp":1773800662112}
{"id":3933,"type":"info","level":2,"name":"stock-monitor","meta":{},"content":"收到股票更新事件","timestamp":1773800734670}
{"id":3934,"type":"info","level":2,"name":"stock-monitor","meta":{},"content":"发送股票数据到: http://felinus.gnway.cc:8000/stock","timestamp":1773800734671}
{"id":3935,"type":"info","level":2,"name":"stock-monitor","meta":{},"content":"发送数据: { unitPrice: \u001b[33m1.0872\u001b[39m, totalStock: \u001b[33m1200\u001b[39m, personalStock: \u001b[33m0\u001b[39m, totalMoney: \u001b[33m1304.6816\u001b[39m, personalMoney: \u001b[33m0\u001b[39m }","timestamp":1773800734673}
{"id":3936,"type":"info","level":2,"name":"stock-monitor","meta":{},"content":"请求方法: POST","timestamp":1773800734674}
{"id":3937,"type":"info","level":2,"name":"stock-monitor","meta":{},"content":"发送成功: { success: \u001b[33mtrue\u001b[39m, message: \u001b[32m'股票数据接收成功'\u001b[39m, diskId: \u001b[33m86\u001b[39m, timestamp: \u001b[32m'2026-03-18T02:25:34.747Z'\u001b[39m }","timestamp":1773800734766}
{"id":3939,"type":"info","level":2,"name":"stock-monitor","meta":{},"content":"收到股票更新事件","timestamp":1773800854362}
{"id":3940,"type":"info","level":2,"name":"stock-monitor","meta":{},"content":"发送股票数据到: http://felinus.gnway.cc:8000/stock","timestamp":1773800854364}
{"id":3941,"type":"info","level":2,"name":"stock-monitor","meta":{},"content":"发送数据: { unitPrice: \u001b[33m1.1633\u001b[39m, totalStock: \u001b[33m1220\u001b[39m, personalStock: \u001b[33m0\u001b[39m, totalMoney: \u001b[33m1419.2761\u001b[39m, personalMoney: \u001b[33m0\u001b[39m }","timestamp":1773800854364}
{"id":3942,"type":"info","level":2,"name":"stock-monitor","meta":{},"content":"请求方法: POST","timestamp":1773800854364}
{"id":3943,"type":"info","level":2,"name":"stock-monitor","meta":{},"content":"发送成功: { success: \u001b[33mtrue\u001b[39m, message: \u001b[32m'股票数据接收成功'\u001b[39m, diskId: \u001b[33m86\u001b[39m, timestamp: \u001b[32m'2026-03-18T02:27:34.418Z'\u001b[39m }","timestamp":1773800854437}
{"id":3945,"type":"info","level":2,"name":"stock-monitor","meta":{},"content":"收到股票更新事件","timestamp":1773800974863}
{"id":3946,"type":"info","level":2,"name":"stock-monitor","meta":{},"content":"发送股票数据到: http://felinus.gnway.cc:8000/stock","timestamp":1773800974863}
{"id":3947,"type":"info","level":2,"name":"stock-monitor","meta":{},"content":"发送数据: { unitPrice: \u001b[33m1.7334\u001b[39m, totalStock: \u001b[33m1795\u001b[39m, personalStock: \u001b[33m0\u001b[39m, totalMoney: \u001b[33m3111.4138\u001b[39m, personalMoney: \u001b[33m0\u001b[39m }","timestamp":1773800974865}
{"id":3948,"type":"info","level":2,"name":"stock-monitor","meta":{},"content":"请求方法: POST","timestamp":1773800974865}
{"id":3949,"type":"info","level":2,"name":"stock-monitor","meta":{},"content":"发送成功: { success: \u001b[33mtrue\u001b[39m, message: \u001b[32m'股票数据接收成功'\u001b[39m, diskId: \u001b[33m86\u001b[39m, timestamp: \u001b[32m'2026-03-18T02:29:35.063Z'\u001b[39m }","timestamp":1773800975134}
{"id":3951,"type":"info","level":2,"name":"stock-monitor","meta":{},"content":"收到股票更新事件","timestamp":1773801105100}
{"id":3952,"type":"info","level":2,"name":"stock-monitor","meta":{},"content":"发送股票数据到: http://felinus.gnway.cc:8000/stock","timestamp":1773801105102}
{"id":3953,"type":"info","level":2,"name":"stock-monitor","meta":{},"content":"发送数据: { unitPrice: \u001b[33m1.1614\u001b[39m, totalStock: \u001b[33m1162\u001b[39m, personalStock: \u001b[33m0\u001b[39m, totalMoney: \u001b[33m1349.5042\u001b[39m, personalMoney: \u001b[33m0\u001b[39m }","timestamp":1773801105105}
{"id":3954,"type":"info","level":2,"name":"stock-monitor","meta":{},"content":"请求方法: POST","timestamp":1773801105106}
{"id":3955,"type":"info","level":2,"name":"stock-monitor","meta":{},"content":"发送成功: { success: \u001b[33mtrue\u001b[39m, message: \u001b[32m'股票数据接收成功'\u001b[39m, diskId: \u001b[33m86\u001b[39m, timestamp: \u001b[32m'2026-03-18T02:31:45.171Z'\u001b[39m }","timestamp":1773801105193}
{"id":3957,"type":"info","level":2,"name":"stock-monitor","meta":{},"content":"收到股票更新事件","timestamp":1773801215349}
{"id":3958,"type":"info","level":2,"name":"stock-monitor","meta":{},"content":"发送股票数据到: http://felinus.gnway.cc:8000/stock","timestamp":1773801215351}
{"id":3959,"type":"info","level":2,"name":"stock-monitor","meta":{},"content":"发送数据: { unitPrice: \u001b[33m0.6504\u001b[39m, totalStock: \u001b[33m1162\u001b[39m, personalStock: \u001b[33m0\u001b[39m, totalMoney: \u001b[33m755.7224\u001b[39m, personalMoney: \u001b[33m0\u001b[39m }","timestamp":1773801215351}
{"id":3960,"type":"info","level":2,"name":"stock-monitor","meta":{},"content":"请求方法: POST","timestamp":1773801215351}
{"id":3961,"type":"info","level":2,"name":"stock-monitor","meta":{},"content":"发送成功: { success: \u001b[33mtrue\u001b[39m, message: \u001b[32m'股票数据接收成功'\u001b[39m, diskId: \u001b[33m86\u001b[39m, timestamp: \u001b[32m'2026-03-18T02:33:36.408Z'\u001b[39m }","timestamp":1773801216427}
{"id":3963,"type":"info","level":2,"name":"stock-monitor","meta":{},"content":"收到股票更新事件","timestamp":1773801334937}
{"id":3964,"type":"info","level":2,"name":"stock-monitor","meta":{},"content":"发送股票数据到: http://felinus.gnway.cc:8000/stock","timestamp":1773801334938}
{"id":3965,"type":"info","level":2,"name":"stock-monitor","meta":{},"content":"发送数据: { unitPrice: \u001b[33m0.8845\u001b[39m, totalStock: \u001b[33m1894\u001b[39m, personalStock: \u001b[33m0\u001b[39m, totalMoney: \u001b[33m1675.2323\u001b[39m, personalMoney: \u001b[33m0\u001b[39m }","timestamp":1773801334938}
{"id":3966,"type":"info","level":2,"name":"stock-monitor","meta":{},"content":"请求方法: POST","timestamp":1773801334940}
{"id":3967,"type":"info","level":2,"name":"stock-monitor","meta":{},"content":"发送成功: { success: \u001b[33mtrue\u001b[39m, message: \u001b[32m'股票数据接收成功'\u001b[39m, diskId: \u001b[33m86\u001b[39m, timestamp: \u001b[32m'2026-03-18T02:35:35.133Z'\u001b[39m }","timestamp":1773801335192}
{"id":3969,"type":"info","level":2,"name":"stock-monitor","meta":{},"content":"收到股票更新事件","timestamp":1773801454646}
{"id":3970,"type":"info","level":2,"name":"stock-monitor","meta":{},"content":"发送股票数据到: http://felinus.gnway.cc:8000/stock","timestamp":1773801454646}
{"id":3971,"type":"info","level":2,"name":"stock-monitor","meta":{},"content":"发送数据: { unitPrice: \u001b[33m1.084\u001b[39m, totalStock: \u001b[33m1103\u001b[39m, personalStock: \u001b[33m0\u001b[39m, totalMoney: \u001b[33m1195.5973\u001b[39m, personalMoney: \u001b[33m0\u001b[39m }","timestamp":1773801454646}
{"id":3972,"type":"info","level":2,"name":"stock-monitor","meta":{},"content":"请求方法: POST","timestamp":1773801454648}
{"id":3973,"type":"info","level":2,"name":"stock-monitor","meta":{},"content":"发送成功: { success: \u001b[33mtrue\u001b[39m, message: \u001b[32m'股票数据接收成功'\u001b[39m, diskId: \u001b[33m86\u001b[39m, timestamp: \u001b[32m'2026-03-18T02:37:34.711Z'\u001b[39m }","timestamp":1773801454731}
