{"id":1,"type":"info","level":2,"name":"app","meta":{},"content":"\u001b[38;5;15;1mKoishi/4.18.11\u001b[0m","timestamp":1773735083347}
{"id":2,"type":"info","level":2,"name":"loader","meta":{"paths":[]},"content":"apply plugin \u001b[38;5;45mgroup:entry\u001b[0m","timestamp":1773735083375}
{"id":3,"type":"info","level":2,"name":"loader","meta":{"paths":[]},"content":"apply plugin \u001b[38;5;45mgroup:server\u001b[0m","timestamp":1773735083376}
{"id":4,"type":"info","level":2,"name":"loader","meta":{"paths":[]},"content":"apply plugin \u001b[38;5;45mserver:qwahpd\u001b[0m","timestamp":1773735083377}
{"id":5,"type":"info","level":2,"name":"loader","meta":{"paths":[]},"content":"apply plugin \u001b[38;5;45mgroup:basic\u001b[0m","timestamp":1773735083951}
{"id":6,"type":"info","level":2,"name":"loader","meta":{"paths":[]},"content":"apply plugin \u001b[38;5;45mcommands:q4pd8h\u001b[0m","timestamp":1773735083952}
{"id":7,"type":"info","level":2,"name":"loader","meta":{"paths":[]},"content":"apply plugin \u001b[38;5;45mhelp:ncm4eq\u001b[0m","timestamp":1773735083972}
{"id":8,"type":"info","level":2,"name":"loader","meta":{"paths":[]},"content":"apply plugin \u001b[38;5;45mhttp:jtb3z8\u001b[0m","timestamp":1773735083989}
{"id":9,"type":"info","level":2,"name":"loader","meta":{"paths":[]},"content":"apply plugin \u001b[38;5;45mlocales:hdsaoj\u001b[0m","timestamp":1773735084006}
{"id":10,"type":"info","level":2,"name":"loader","meta":{"paths":[]},"content":"apply plugin \u001b[38;5;45mproxy-agent:yp8plh\u001b[0m","timestamp":1773735084052}
{"id":11,"type":"info","level":2,"name":"loader","meta":{"paths":[]},"content":"apply plugin \u001b[38;5;45mrate-limit:8jburr\u001b[0m","timestamp":1773735084241}
{"id":12,"type":"info","level":2,"name":"loader","meta":{"paths":[]},"content":"apply plugin \u001b[38;5;45mtelemetry:3kqtr7\u001b[0m","timestamp":1773735084263}
{"id":13,"type":"info","level":2,"name":"loader","meta":{"paths":[]},"content":"apply plugin \u001b[38;5;45mgroup:console\u001b[0m","timestamp":1773735084362}
{"id":14,"type":"info","level":2,"name":"loader","meta":{"paths":[]},"content":"apply plugin \u001b[38;5;45mactions:u6i962\u001b[0m","timestamp":1773735084363}
{"id":15,"type":"info","level":2,"name":"loader","meta":{"paths":[]},"content":"apply plugin \u001b[38;5;45manalytics:2zoul1\u001b[0m","timestamp":1773735084379}
{"id":16,"type":"info","level":2,"name":"loader","meta":{"paths":[]},"content":"apply plugin \u001b[38;5;45mconfig:v8j4hz\u001b[0m","timestamp":1773735084407}
{"id":17,"type":"info","level":2,"name":"loader","meta":{"paths":[]},"content":"apply plugin \u001b[38;5;45mconsole:fyi3k1\u001b[0m","timestamp":1773735084545}
{"id":18,"type":"info","level":2,"name":"loader","meta":{"paths":[]},"content":"apply plugin \u001b[38;5;45mdataview:ip5q7k\u001b[0m","timestamp":1773735084593}
{"id":19,"type":"info","level":2,"name":"loader","meta":{"paths":[]},"content":"apply plugin \u001b[38;5;45mexplorer:id9max\u001b[0m","timestamp":1773735084632}
{"id":20,"type":"info","level":2,"name":"loader","meta":{"paths":[]},"content":"apply plugin \u001b[38;5;45mlogger:ykrpwv\u001b[0m","timestamp":1773735084695}
{"id":21,"type":"info","level":2,"name":"loader","meta":{"paths":[]},"content":"apply plugin \u001b[38;5;45minsight:w9xabz\u001b[0m","timestamp":1773735084724}
{"id":22,"type":"info","level":2,"name":"loader","meta":{"paths":[]},"content":"apply plugin \u001b[38;5;45mmarket:jamra7\u001b[0m","timestamp":1773735084747}
{"id":23,"type":"info","level":2,"name":"loader","meta":{"paths":[]},"content":"apply plugin \u001b[38;5;45mnotifier:h2b0ys\u001b[0m","timestamp":1773735084880}
{"id":24,"type":"info","level":2,"name":"loader","meta":{"paths":[]},"content":"apply plugin \u001b[38;5;45moobe:ctdb4p\u001b[0m","timestamp":1773735084896}
{"id":25,"type":"info","level":2,"name":"loader","meta":{"paths":[]},"content":"apply plugin \u001b[38;5;45msandbox:7xwb4h\u001b[0m","timestamp":1773735084911}
{"id":26,"type":"info","level":2,"name":"loader","meta":{"paths":[]},"content":"apply plugin \u001b[38;5;45mstatus:waqviw\u001b[0m","timestamp":1773735084939}
{"id":27,"type":"info","level":2,"name":"loader","meta":{"paths":[]},"content":"apply plugin \u001b[38;5;45mtheme-vanilla:t9fcu1\u001b[0m","timestamp":1773735085002}
{"id":28,"type":"info","level":2,"name":"loader","meta":{"paths":[]},"content":"apply plugin \u001b[38;5;45mgroup:storage\u001b[0m","timestamp":1773735085025}
{"id":29,"type":"info","level":2,"name":"loader","meta":{"paths":[]},"content":"apply plugin \u001b[38;5;45mdatabase-sqlite:00uj7j\u001b[0m","timestamp":1773735085025}
{"id":30,"type":"info","level":2,"name":"loader","meta":{"paths":[]},"content":"apply plugin \u001b[38;5;45massets-local:bteaiw\u001b[0m","timestamp":1773735085072}
{"id":31,"type":"info","level":2,"name":"loader","meta":{"paths":[]},"content":"apply plugin \u001b[38;5;45mgroup:adapter\u001b[0m","timestamp":1773735085111}
{"id":32,"type":"info","level":2,"name":"loader","meta":{"paths":[]},"content":"apply plugin \u001b[38;5;45mgroup:develop\u001b[0m","timestamp":1773735085111}
{"id":33,"type":"info","level":2,"name":"loader","meta":{"paths":[]},"content":"apply plugin \u001b[38;5;45mhmr:e8pbr7\u001b[0m","timestamp":1773735085112}
{"id":34,"type":"info","level":2,"name":"loader","meta":{"paths":[]},"content":"apply plugin \u001b[38;5;45madapter-iirose:m2atf0\u001b[0m","timestamp":1773735085208}
{"id":35,"type":"info","level":2,"name":"loader","meta":{"paths":[]},"content":"apply plugin \u001b[38;5;45m./external/iirosestock:szmfge\u001b[0m","timestamp":1773735085264}
{"id":36,"type":"info","level":2,"name":"assets","meta":{"paths":["bteaiw"]},"content":"missing config \"selfUrl\", fallback to \"file:\" scheme","timestamp":1773735085497}
{"id":37,"type":"info","level":2,"name":"stock-monitor","meta":{},"content":"插件已启动","timestamp":1773735085505}
{"id":38,"type":"info","level":2,"name":"stock-monitor","meta":{},"content":"API 地址: http://localhost:3000/api/stock","timestamp":1773735085506}
{"id":39,"type":"info","level":2,"name":"server","meta":{"paths":["qwahpd"]},"content":"server listening at \u001b[38;5;57mhttp://127.0.0.1:5140\u001b[0m","timestamp":1773735085768}
{"id":72,"type":"info","level":2,"name":"console","meta":{"paths":["fyi3k1"]},"content":"webui is available at \u001b[38;5;166mhttp://127.0.0.1:5140\u001b[0m","timestamp":1773735086816}
{"id":73,"type":"error","level":1,"name":"app","meta":{},"content":"cannot resolve plugin \"stock-monitor\"","timestamp":1773735087685}
{"id":74,"type":"warn","level":2,"name":"market","meta":{},"content":"Not Found","timestamp":1773735088536}
{"id":75,"type":"info","level":2,"name":"adapter-iirose","meta":{"paths":["m2atf0"]},"content":"[69b3b31f61f35] 找到可用服务器: wss://m9.iirose.com:8778, 延迟: 1216ms","timestamp":1773735089106}
{"id":76,"type":"info","level":2,"name":"adapter-iirose","meta":{"paths":["m2atf0"]},"content":"[69b3b31f61f35] 正在登录中...","timestamp":1773735089628}
{"id":77,"type":"info","level":2,"name":"adapter-iirose","meta":{"paths":["m2atf0"]},"content":"[69b3b31f61f35] [69b3b31f61f35] 登陆成功：欢迎回来，小冰股票！","timestamp":1773735094562}
{"id":80,"type":"info","level":2,"name":"stock-monitor","meta":{},"content":"收到股票更新事件","timestamp":1773735094702}
{"id":81,"type":"info","level":2,"name":"stock-monitor","meta":{},"content":"发送股票数据到: http://localhost:3000/api/stock","timestamp":1773735094703}
{"id":82,"type":"info","level":2,"name":"stock-monitor","meta":{},"content":"发送数据: { unitPrice: \u001b[33m0.1448\u001b[39m, totalStock: \u001b[33m23016\u001b[39m, personalStock: \u001b[33m0\u001b[39m, totalMoney: \u001b[33m3332.3662\u001b[39m, personalMoney: \u001b[33m0\u001b[39m }","timestamp":1773735094703}
{"id":83,"type":"info","level":2,"name":"stock-monitor","meta":{},"content":"请求方法: POST","timestamp":1773735094705}
{"id":84,"type":"warn","level":2,"name":"stock-monitor","meta":{},"content":"发送失败 (尝试 1/4)","timestamp":1773735094711}
{"id":85,"type":"error","level":1,"name":"stock-monitor","meta":{},"content":"错误信息: HTTPError: fetch http://localhost:3000/api/stock failed at \u001b[90mE:\\Desktop\\test\\koishiBot\\koishiBot\\\u001b[39mnode_modules\\\u001b[4m@cordisjs\u001b[24m\\plugin-http\\lib\\index.cjs:327:23 \u001b[90m    at process.processTicksAndRejections (node:internal/process/task_queues:95:5)\u001b[39m \u001b[90m    ... 3 lines matching cause stack trace ...\u001b[39m at <anonymous> (e:\\Desktop\\test\\koishiBot\\koishiBot\\external\\iirosestock\\index.js:110:5) { response: \u001b[90mundefined\u001b[39m, code: \u001b[90mundefined\u001b[39m, cause: TypeError: fetch failed \u001b[90m    at Object.fetch (node:internal/deps/undici/undici:11118:11)\u001b[39m \u001b[90m    at process.processTicksAndRejections (node:internal/process/task_queues:95:5)\u001b[39m at async [cordis.invoke] \u001b[90m(E:\\Desktop\\test\\koishiBot\\koishiBot\\\u001b[39mnode_modules\\\u001b[4m@cordisjs\u001b[24m\\plugin-http\\lib\\index.cjs:325:19\u001b[90m)\u001b[39m at async Proxy.<anonymous> \u001b[90m(E:\\Desktop\\test\\koishiBot\\koishiBot\\\u001b[39mnode_modules\\\u001b[4m@cordisjs\u001b[24m\\plugin-http\\lib\\index.cjs:184:26\u001b[90m)\u001b[39m at sendStockData (e:\\Desktop\\test\\koishiBot\\koishiBot\\external\\iirosestock\\index.js:64:17) at <anonymous> (e:\\Desktop\\test\\koishiBot\\koishiBot\\external\\iirosestock\\index.js:110:5) { cause: Error: connect ECONNREFUSED ::1:3000 \u001b[90m    at __node_internal_captureLargerStackTrace (node:internal/errors:484:5)\u001b[39m \u001b[90m    at __node_internal_exceptionWithHostPort (node:internal/errors:662:12)\u001b[39m \u001b[90m    at TCPConnectWrap.afterConnect [as oncomplete] (node:net:1300:16)\u001b[39m { errno: \u001b[33m-4078\u001b[39m, code: \u001b[32m'ECONNREFUSED'\u001b[39m, syscall: \u001b[32m'connect'\u001b[39m, address: \u001b[32m'::1'\u001b[39m, port: \u001b[33m3000\u001b[39m } }, [\u001b[32mSymbol(cordis.http.error)\u001b[39m]: \u001b[33mtrue\u001b[39m }","timestamp":1773735094711}
{"id":86,"type":"info","level":2,"name":"stock-monitor","meta":{},"content":"发送股票数据到: http://localhost:3000/api/stock","timestamp":1773735095724}
{"id":87,"type":"info","level":2,"name":"stock-monitor","meta":{},"content":"发送数据: { unitPrice: \u001b[33m0.1448\u001b[39m, totalStock: \u001b[33m23016\u001b[39m, personalStock: \u001b[33m0\u001b[39m, totalMoney: \u001b[33m3332.3662\u001b[39m, personalMoney: \u001b[33m0\u001b[39m }","timestamp":1773735095725}
{"id":88,"type":"info","level":2,"name":"stock-monitor","meta":{},"content":"请求方法: POST","timestamp":1773735095725}
{"id":89,"type":"warn","level":2,"name":"stock-monitor","meta":{},"content":"发送失败 (尝试 2/4)","timestamp":1773735095728}
{"id":90,"type":"error","level":1,"name":"stock-monitor","meta":{},"content":"错误信息: HTTPError: fetch http://localhost:3000/api/stock failed at \u001b[90mE:\\Desktop\\test\\koishiBot\\koishiBot\\\u001b[39mnode_modules\\\u001b[4m@cordisjs\u001b[24m\\plugin-http\\lib\\index.cjs:327:23 \u001b[90m    at process.processTicksAndRejections (node:internal/process/task_queues:95:5)\u001b[39m \u001b[90m    ... 3 lines matching cause stack trace ...\u001b[39m at <anonymous> (e:\\Desktop\\test\\koishiBot\\koishiBot\\external\\iirosestock\\index.js:110:5) { response: \u001b[90mundefined\u001b[39m, code: \u001b[90mundefined\u001b[39m, cause: TypeError: fetch failed \u001b[90m    at Object.fetch (node:internal/deps/undici/undici:11118:11)\u001b[39m \u001b[90m    at process.processTicksAndRejections (node:internal/process/task_queues:95:5)\u001b[39m at async [cordis.invoke] \u001b[90m(E:\\Desktop\\test\\koishiBot\\koishiBot\\\u001b[39mnode_modules\\\u001b[4m@cordisjs\u001b[24m\\plugin-http\\lib\\index.cjs:325:19\u001b[90m)\u001b[39m at async Proxy.<anonymous> \u001b[90m(E:\\Desktop\\test\\koishiBot\\koishiBot\\\u001b[39mnode_modules\\\u001b[4m@cordisjs\u001b[24m\\plugin-http\\lib\\index.cjs:184:26\u001b[90m)\u001b[39m at sendStockData (e:\\Desktop\\test\\koishiBot\\koishiBot\\external\\iirosestock\\index.js:64:17) at <anonymous> (e:\\Desktop\\test\\koishiBot\\koishiBot\\external\\iirosestock\\index.js:110:5) { cause: Error: connect ECONNREFUSED ::1:3000 \u001b[90m    at __node_internal_captureLargerStackTrace (node:internal/errors:484:5)\u001b[39m \u001b[90m    at __node_internal_exceptionWithHostPort (node:internal/errors:662:12)\u001b[39m \u001b[90m    at TCPConnectWrap.afterConnect [as oncomplete] (node:net:1300:16)\u001b[39m { errno: \u001b[33m-4078\u001b[39m, code: \u001b[32m'ECONNREFUSED'\u001b[39m, syscall: \u001b[32m'connect'\u001b[39m, address: \u001b[32m'::1'\u001b[39m, port: \u001b[33m3000\u001b[39m } }, [\u001b[32mSymbol(cordis.http.error)\u001b[39m]: \u001b[33mtrue\u001b[39m }","timestamp":1773735095729}
{"id":91,"type":"info","level":2,"name":"stock-monitor","meta":{},"content":"发送股票数据到: http://localhost:3000/api/stock","timestamp":1773735096739}
{"id":92,"type":"info","level":2,"name":"stock-monitor","meta":{},"content":"发送数据: { unitPrice: \u001b[33m0.1448\u001b[39m, totalStock: \u001b[33m23016\u001b[39m, personalStock: \u001b[33m0\u001b[39m, totalMoney: \u001b[33m3332.3662\u001b[39m, personalMoney: \u001b[33m0\u001b[39m }","timestamp":1773735096740}
{"id":93,"type":"info","level":2,"name":"stock-monitor","meta":{},"content":"请求方法: POST","timestamp":1773735096741}
{"id":94,"type":"warn","level":2,"name":"stock-monitor","meta":{},"content":"发送失败 (尝试 3/4)","timestamp":1773735096743}
{"id":95,"type":"error","level":1,"name":"stock-monitor","meta":{},"content":"错误信息: HTTPError: fetch http://localhost:3000/api/stock failed at \u001b[90mE:\\Desktop\\test\\koishiBot\\koishiBot\\\u001b[39mnode_modules\\\u001b[4m@cordisjs\u001b[24m\\plugin-http\\lib\\index.cjs:327:23 \u001b[90m    at process.processTicksAndRejections (node:internal/process/task_queues:95:5)\u001b[39m \u001b[90m    ... 3 lines matching cause stack trace ...\u001b[39m at <anonymous> (e:\\Desktop\\test\\koishiBot\\koishiBot\\external\\iirosestock\\index.js:110:5) { response: \u001b[90mundefined\u001b[39m, code: \u001b[90mundefined\u001b[39m, cause: TypeError: fetch failed \u001b[90m    at Object.fetch (node:internal/deps/undici/undici:11118:11)\u001b[39m \u001b[90m    at process.processTicksAndRejections (node:internal/process/task_queues:95:5)\u001b[39m at async [cordis.invoke] \u001b[90m(E:\\Desktop\\test\\koishiBot\\koishiBot\\\u001b[39mnode_modules\\\u001b[4m@cordisjs\u001b[24m\\plugin-http\\lib\\index.cjs:325:19\u001b[90m)\u001b[39m at async Proxy.<anonymous> \u001b[90m(E:\\Desktop\\test\\koishiBot\\koishiBot\\\u001b[39mnode_modules\\\u001b[4m@cordisjs\u001b[24m\\plugin-http\\lib\\index.cjs:184:26\u001b[90m)\u001b[39m at sendStockData (e:\\Desktop\\test\\koishiBot\\koishiBot\\external\\iirosestock\\index.js:64:17) at <anonymous> (e:\\Desktop\\test\\koishiBot\\koishiBot\\external\\iirosestock\\index.js:110:5) { cause: Error: connect ECONNREFUSED ::1:3000 \u001b[90m    at __node_internal_captureLargerStackTrace (node:internal/errors:484:5)\u001b[39m \u001b[90m    at __node_internal_exceptionWithHostPort (node:internal/errors:662:12)\u001b[39m \u001b[90m    at TCPConnectWrap.afterConnect [as oncomplete] (node:net:1300:16)\u001b[39m { errno: \u001b[33m-4078\u001b[39m, code: \u001b[32m'ECONNREFUSED'\u001b[39m, syscall: \u001b[32m'connect'\u001b[39m, address: \u001b[32m'::1'\u001b[39m, port: \u001b[33m3000\u001b[39m } }, [\u001b[32mSymbol(cordis.http.error)\u001b[39m]: \u001b[33mtrue\u001b[39m }","timestamp":1773735096743}
{"id":96,"type":"info","level":2,"name":"stock-monitor","meta":{},"content":"发送股票数据到: http://localhost:3000/api/stock","timestamp":1773735097758}
{"id":97,"type":"info","level":2,"name":"stock-monitor","meta":{},"content":"发送数据: { unitPrice: \u001b[33m0.1448\u001b[39m, totalStock: \u001b[33m23016\u001b[39m, personalStock: \u001b[33m0\u001b[39m, totalMoney: \u001b[33m3332.3662\u001b[39m, personalMoney: \u001b[33m0\u001b[39m }","timestamp":1773735097759}
{"id":98,"type":"info","level":2,"name":"stock-monitor","meta":{},"content":"请求方法: POST","timestamp":1773735097759}
{"id":99,"type":"warn","level":2,"name":"stock-monitor","meta":{},"content":"发送失败 (尝试 4/4)","timestamp":1773735097763}
{"id":100,"type":"error","level":1,"name":"stock-monitor","meta":{},"content":"错误信息: HTTPError: fetch http://localhost:3000/api/stock failed at \u001b[90mE:\\Desktop\\test\\koishiBot\\koishiBot\\\u001b[39mnode_modules\\\u001b[4m@cordisjs\u001b[24m\\plugin-http\\lib\\index.cjs:327:23 \u001b[90m    at process.processTicksAndRejections (node:internal/process/task_queues:95:5)\u001b[39m \u001b[90m    ... 3 lines matching cause stack trace ...\u001b[39m at <anonymous> (e:\\Desktop\\test\\koishiBot\\koishiBot\\external\\iirosestock\\index.js:110:5) { response: \u001b[90mundefined\u001b[39m, code: \u001b[90mundefined\u001b[39m, cause: TypeError: fetch failed \u001b[90m    at Object.fetch (node:internal/deps/undici/undici:11118:11)\u001b[39m \u001b[90m    at process.processTicksAndRejections (node:internal/process/task_queues:95:5)\u001b[39m at async [cordis.invoke] \u001b[90m(E:\\Desktop\\test\\koishiBot\\koishiBot\\\u001b[39mnode_modules\\\u001b[4m@cordisjs\u001b[24m\\plugin-http\\lib\\index.cjs:325:19\u001b[90m)\u001b[39m at async Proxy.<anonymous> \u001b[90m(E:\\Desktop\\test\\koishiBot\\koishiBot\\\u001b[39mnode_modules\\\u001b[4m@cordisjs\u001b[24m\\plugin-http\\lib\\index.cjs:184:26\u001b[90m)\u001b[39m at sendStockData (e:\\Desktop\\test\\koishiBot\\koishiBot\\external\\iirosestock\\index.js:64:17) at <anonymous> (e:\\Desktop\\test\\koishiBot\\koishiBot\\external\\iirosestock\\index.js:110:5) { cause: Error: connect ECONNREFUSED ::1:3000 \u001b[90m    at __node_internal_captureLargerStackTrace (node:internal/errors:484:5)\u001b[39m \u001b[90m    at __node_internal_exceptionWithHostPort (node:internal/errors:662:12)\u001b[39m \u001b[90m    at TCPConnectWrap.afterConnect [as oncomplete] (node:net:1300:16)\u001b[39m { errno: \u001b[33m-4078\u001b[39m, code: \u001b[32m'ECONNREFUSED'\u001b[39m, syscall: \u001b[32m'connect'\u001b[39m, address: \u001b[32m'::1'\u001b[39m, port: \u001b[33m3000\u001b[39m } }, [\u001b[32mSymbol(cordis.http.error)\u001b[39m]: \u001b[33mtrue\u001b[39m }","timestamp":1773735097763}
{"id":101,"type":"error","level":1,"name":"stock-monitor","meta":{},"content":"发送失败，达到最大重试次数","timestamp":1773735097766}
{"id":104,"type":"info","level":2,"name":"loader","meta":{"paths":[]},"content":"unload plugin \u001b[38;5;45m./external/iirosestock:szmfge\u001b[0m","timestamp":1773735119843}
