{"id":692,"type":"info","level":2,"name":"stock-monitor","meta":{},"content":"发送股票数据到: http://felinus.gnway.cc:8000/stock","timestamp":1773747622619}
{"id":693,"type":"info","level":2,"name":"stock-monitor","meta":{},"content":"发送数据: { unitPrice: \u001b[33m1.4155\u001b[39m, totalStock: \u001b[33m1135\u001b[39m, personalStock: \u001b[33m0\u001b[39m, totalMoney: \u001b[33m1606.6474\u001b[39m, personalMoney: \u001b[33m0\u001b[39m }","timestamp":1773747622620}
{"id":694,"type":"info","level":2,"name":"stock-monitor","meta":{},"content":"请求方法: POST","timestamp":1773747622620}
{"id":695,"type":"info","level":2,"name":"stock-monitor","meta":{},"content":"发送成功: { success: \u001b[33mtrue\u001b[39m, message: \u001b[32m'股票数据接收成功'\u001b[39m, diskId: \u001b[33m55\u001b[39m, timestamp: \u001b[32m'2026-03-17T11:40:22.680Z'\u001b[39m }","timestamp":1773747622702}
{"id":697,"type":"info","level":2,"name":"stock-monitor","meta":{},"content":"收到股票更新事件","timestamp":1773747742897}
{"id":698,"type":"info","level":2,"name":"stock-monitor","meta":{},"content":"发送股票数据到: http://felinus.gnway.cc:8000/stock","timestamp":1773747742897}
{"id":699,"type":"info","level":2,"name":"stock-monitor","meta":{},"content":"发送数据: { unitPrice: \u001b[33m1.5571\u001b[39m, totalStock: \u001b[33m1145\u001b[39m, personalStock: \u001b[33m0\u001b[39m, totalMoney: \u001b[33m1782.8831\u001b[39m, personalMoney: \u001b[33m0\u001b[39m }","timestamp":1773747742898}
{"id":700,"type":"info","level":2,"name":"stock-monitor","meta":{},"content":"请求方法: POST","timestamp":1773747742898}
{"id":701,"type":"info","level":2,"name":"stock-monitor","meta":{},"content":"发送成功: { success: \u001b[33mtrue\u001b[39m, message: \u001b[32m'股票数据接收成功'\u001b[39m, diskId: \u001b[33m55\u001b[39m, timestamp: \u001b[32m'2026-03-17T11:42:22.959Z'\u001b[39m }","timestamp":1773747742981}
{"id":703,"type":"info","level":2,"name":"stock-monitor","meta":{},"content":"收到股票更新事件","timestamp":1773747863203}
{"id":704,"type":"info","level":2,"name":"stock-monitor","meta":{},"content":"发送股票数据到: http://felinus.gnway.cc:8000/stock","timestamp":1773747863204}
{"id":705,"type":"info","level":2,"name":"stock-monitor","meta":{},"content":"发送数据: { unitPrice: \u001b[33m1.2301\u001b[39m, totalStock: \u001b[33m1108\u001b[39m, personalStock: \u001b[33m0\u001b[39m, totalMoney: \u001b[33m1362.9636\u001b[39m, personalMoney: \u001b[33m0\u001b[39m }","timestamp":1773747863204}
{"id":706,"type":"info","level":2,"name":"stock-monitor","meta":{},"content":"请求方法: POST","timestamp":1773747863204}
{"id":707,"type":"info","level":2,"name":"stock-monitor","meta":{},"content":"发送成功: { success: \u001b[33mtrue\u001b[39m, message: \u001b[32m'股票数据接收成功'\u001b[39m, diskId: \u001b[33m55\u001b[39m, timestamp: \u001b[32m'2026-03-17T11:44:23.270Z'\u001b[39m }","timestamp":1773747863514}
{"id":709,"type":"info","level":2,"name":"stock-monitor","meta":{},"content":"收到股票更新事件","timestamp":1773747984998}
{"id":710,"type":"info","level":2,"name":"stock-monitor","meta":{},"content":"发送股票数据到: http://felinus.gnway.cc:8000/stock","timestamp":1773747984999}
{"id":711,"type":"info","level":2,"name":"stock-monitor","meta":{},"content":"发送数据: { unitPrice: \u001b[33m1.7468\u001b[39m, totalStock: \u001b[33m2013\u001b[39m, personalStock: \u001b[33m0\u001b[39m, totalMoney: \u001b[33m3516.2246\u001b[39m, personalMoney: \u001b[33m0\u001b[39m }","timestamp":1773747984999}
{"id":712,"type":"info","level":2,"name":"stock-monitor","meta":{},"content":"请求方法: POST","timestamp":1773747984999}
{"id":713,"type":"info","level":2,"name":"stock-monitor","meta":{},"content":"发送成功: { success: \u001b[33mtrue\u001b[39m, message: \u001b[32m'股票数据接收成功'\u001b[39m, diskId: \u001b[33m55\u001b[39m, timestamp: \u001b[32m'2026-03-17T11:46:25.063Z'\u001b[39m }","timestamp":1773747985083}
{"id":715,"type":"info","level":2,"name":"stock-monitor","meta":{},"content":"收到股票更新事件","timestamp":1773748102692}
{"id":716,"type":"info","level":2,"name":"stock-monitor","meta":{},"content":"发送股票数据到: http://felinus.gnway.cc:8000/stock","timestamp":1773748102693}
{"id":717,"type":"info","level":2,"name":"stock-monitor","meta":{},"content":"发送数据: { unitPrice: \u001b[33m1.5721\u001b[39m, totalStock: \u001b[33m1753\u001b[39m, personalStock: \u001b[33m0\u001b[39m, totalMoney: \u001b[33m2755.8607\u001b[39m, personalMoney: \u001b[33m0\u001b[39m }","timestamp":1773748102693}
{"id":718,"type":"info","level":2,"name":"stock-monitor","meta":{},"content":"请求方法: POST","timestamp":1773748102693}
{"id":719,"type":"info","level":2,"name":"stock-monitor","meta":{},"content":"发送成功: { success: \u001b[33mtrue\u001b[39m, message: \u001b[32m'股票数据接收成功'\u001b[39m, diskId: \u001b[33m55\u001b[39m, timestamp: \u001b[32m'2026-03-17T11:48:22.756Z'\u001b[39m }","timestamp":1773748102776}
{"id":721,"type":"info","level":2,"name":"stock-monitor","meta":{},"content":"收到股票更新事件","timestamp":1773748222792}
{"id":722,"type":"info","level":2,"name":"stock-monitor","meta":{},"content":"发送股票数据到: http://felinus.gnway.cc:8000/stock","timestamp":1773748222793}
{"id":723,"type":"info","level":2,"name":"stock-monitor","meta":{},"content":"发送数据: { unitPrice: \u001b[33m1.0533\u001b[39m, totalStock: \u001b[33m2104\u001b[39m, personalStock: \u001b[33m0\u001b[39m, totalMoney: \u001b[33m2216.1333\u001b[39m, personalMoney: \u001b[33m0\u001b[39m }","timestamp":1773748222793}
{"id":724,"type":"info","level":2,"name":"stock-monitor","meta":{},"content":"请求方法: POST","timestamp":1773748222793}
{"id":725,"type":"info","level":2,"name":"stock-monitor","meta":{},"content":"发送成功: { success: \u001b[33mtrue\u001b[39m, message: \u001b[32m'股票数据接收成功'\u001b[39m, diskId: \u001b[33m55\u001b[39m, timestamp: \u001b[32m'2026-03-17T11:50:22.846Z'\u001b[39m }","timestamp":1773748222870}
{"id":727,"type":"info","level":2,"name":"stock-monitor","meta":{},"content":"收到股票更新事件","timestamp":1773748343184}
{"id":728,"type":"info","level":2,"name":"stock-monitor","meta":{},"content":"发送股票数据到: http://felinus.gnway.cc:8000/stock","timestamp":1773748343185}
{"id":729,"type":"info","level":2,"name":"stock-monitor","meta":{},"content":"发送数据: { unitPrice: \u001b[33m1.7801\u001b[39m, totalStock: \u001b[33m3904\u001b[39m, personalStock: \u001b[33m0\u001b[39m, totalMoney: \u001b[33m6949.3895\u001b[39m, personalMoney: \u001b[33m0\u001b[39m }","timestamp":1773748343185}
{"id":730,"type":"info","level":2,"name":"stock-monitor","meta":{},"content":"请求方法: POST","timestamp":1773748343185}
{"id":731,"type":"info","level":2,"name":"stock-monitor","meta":{},"content":"发送成功: { success: \u001b[33mtrue\u001b[39m, message: \u001b[32m'股票数据接收成功'\u001b[39m, diskId: \u001b[33m55\u001b[39m, timestamp: \u001b[32m'2026-03-17T11:52:23.277Z'\u001b[39m }","timestamp":1773748343299}
{"id":733,"type":"info","level":2,"name":"stock-monitor","meta":{},"content":"收到股票更新事件","timestamp":1773748462852}
{"id":734,"type":"info","level":2,"name":"stock-monitor","meta":{},"content":"发送股票数据到: http://felinus.gnway.cc:8000/stock","timestamp":1773748462853}
{"id":735,"type":"info","level":2,"name":"stock-monitor","meta":{},"content":"发送数据: { unitPrice: \u001b[33m3.2397\u001b[39m, totalStock: \u001b[33m1451\u001b[39m, personalStock: \u001b[33m0\u001b[39m, totalMoney: \u001b[33m4700.8419\u001b[39m, personalMoney: \u001b[33m0\u001b[39m }","timestamp":1773748462853}
{"id":736,"type":"info","level":2,"name":"stock-monitor","meta":{},"content":"请求方法: POST","timestamp":1773748462853}
{"id":737,"type":"info","level":2,"name":"stock-monitor","meta":{},"content":"发送成功: { success: \u001b[33mtrue\u001b[39m, message: \u001b[32m'股票数据接收成功'\u001b[39m, diskId: \u001b[33m55\u001b[39m, timestamp: \u001b[32m'2026-03-17T11:54:22.922Z'\u001b[39m }","timestamp":1773748462943}
{"id":739,"type":"info","level":2,"name":"stock-monitor","meta":{},"content":"收到股票更新事件","timestamp":1773748584853}
{"id":740,"type":"info","level":2,"name":"stock-monitor","meta":{},"content":"发送股票数据到: http://felinus.gnway.cc:8000/stock","timestamp":1773748584853}
{"id":741,"type":"info","level":2,"name":"stock-monitor","meta":{},"content":"发送数据: { unitPrice: \u001b[33m5.216\u001b[39m, totalStock: \u001b[33m1529\u001b[39m, personalStock: \u001b[33m0\u001b[39m, totalMoney: \u001b[33m7975.2002\u001b[39m, personalMoney: \u001b[33m0\u001b[39m }","timestamp":1773748584854}
{"id":742,"type":"info","level":2,"name":"stock-monitor","meta":{},"content":"请求方法: POST","timestamp":1773748584854}
{"id":743,"type":"info","level":2,"name":"stock-monitor","meta":{},"content":"发送成功: { success: \u001b[33mtrue\u001b[39m, message: \u001b[32m'股票数据接收成功'\u001b[39m, diskId: \u001b[33m55\u001b[39m, timestamp: \u001b[32m'2026-03-17T11:56:25.938Z'\u001b[39m }","timestamp":1773748585959}
{"id":745,"type":"info","level":2,"name":"stock-monitor","meta":{},"content":"收到股票更新事件","timestamp":1773748703406}
{"id":746,"type":"info","level":2,"name":"stock-monitor","meta":{},"content":"发送股票数据到: http://felinus.gnway.cc:8000/stock","timestamp":1773748703406}
{"id":747,"type":"info","level":2,"name":"stock-monitor","meta":{},"content":"发送数据: { unitPrice: \u001b[33m3.3904\u001b[39m, totalStock: \u001b[33m1318\u001b[39m, personalStock: \u001b[33m0\u001b[39m, totalMoney: \u001b[33m4468.5115\u001b[39m, personalMoney: \u001b[33m0\u001b[39m }","timestamp":1773748703407}
{"id":748,"type":"info","level":2,"name":"stock-monitor","meta":{},"content":"请求方法: POST","timestamp":1773748703407}
{"id":749,"type":"info","level":2,"name":"stock-monitor","meta":{},"content":"发送成功: { success: \u001b[33mtrue\u001b[39m, message: \u001b[32m'股票数据接收成功'\u001b[39m, diskId: \u001b[33m55\u001b[39m, timestamp: \u001b[32m'2026-03-17T11:58:25.661Z'\u001b[39m }","timestamp":1773748705682}
{"id":751,"type":"info","level":2,"name":"stock-monitor","meta":{},"content":"收到股票更新事件","timestamp":1773748823357}
{"id":752,"type":"info","level":2,"name":"stock-monitor","meta":{},"content":"发送股票数据到: http://felinus.gnway.cc:8000/stock","timestamp":1773748823357}
{"id":753,"type":"info","level":2,"name":"stock-monitor","meta":{},"content":"发送数据: { unitPrice: \u001b[33m1.8986\u001b[39m, totalStock: \u001b[33m1471\u001b[39m, personalStock: \u001b[33m0\u001b[39m, totalMoney: \u001b[33m2792.8536\u001b[39m, personalMoney: \u001b[33m0\u001b[39m }","timestamp":1773748823358}
{"id":754,"type":"info","level":2,"name":"stock-monitor","meta":{},"content":"请求方法: POST","timestamp":1773748823358}
{"id":755,"type":"info","level":2,"name":"stock-monitor","meta":{},"content":"发送成功: { success: \u001b[33mtrue\u001b[39m, message: \u001b[32m'股票数据接收成功'\u001b[39m, diskId: \u001b[33m55\u001b[39m, timestamp: \u001b[32m'2026-03-17T12:00:23.415Z'\u001b[39m }","timestamp":1773748824449}
{"id":757,"type":"info","level":2,"name":"stock-monitor","meta":{},"content":"收到股票更新事件","timestamp":1773748944491}
{"id":758,"type":"info","level":2,"name":"stock-monitor","meta":{},"content":"发送股票数据到: http://felinus.gnway.cc:8000/stock","timestamp":1773748944491}
{"id":759,"type":"info","level":2,"name":"stock-monitor","meta":{},"content":"发送数据: { unitPrice: \u001b[33m0.2848\u001b[39m, totalStock: \u001b[33m2297\u001b[39m, personalStock: \u001b[33m0\u001b[39m, totalMoney: \u001b[33m654.1657\u001b[39m, personalMoney: \u001b[33m0\u001b[39m }","timestamp":1773748944491}
{"id":760,"type":"info","level":2,"name":"stock-monitor","meta":{},"content":"请求方法: POST","timestamp":1773748944492}
{"id":761,"type":"info","level":2,"name":"stock-monitor","meta":{},"content":"发送成功: { success: \u001b[33mtrue\u001b[39m, message: \u001b[32m'股票数据接收成功'\u001b[39m, diskId: \u001b[33m55\u001b[39m, timestamp: \u001b[32m'2026-03-17T12:02:24.550Z'\u001b[39m }","timestamp":1773748944570}
{"id":763,"type":"info","level":2,"name":"stock-monitor","meta":{},"content":"收到股票更新事件","timestamp":1773749064325}
{"id":764,"type":"info","level":2,"name":"stock-monitor","meta":{},"content":"发送股票数据到: http://felinus.gnway.cc:8000/stock","timestamp":1773749064326}
{"id":765,"type":"info","level":2,"name":"stock-monitor","meta":{},"content":"发送数据: { unitPrice: \u001b[33m0.45\u001b[39m, totalStock: \u001b[33m7351\u001b[39m, personalStock: \u001b[33m0\u001b[39m, totalMoney: \u001b[33m3307.7316\u001b[39m, personalMoney: \u001b[33m0\u001b[39m }","timestamp":1773749064326}
{"id":766,"type":"info","level":2,"name":"stock-monitor","meta":{},"content":"请求方法: POST","timestamp":1773749064326}
{"id":767,"type":"info","level":2,"name":"stock-monitor","meta":{},"content":"发送成功: { success: \u001b[33mtrue\u001b[39m, message: \u001b[32m'股票数据接收成功'\u001b[39m, diskId: \u001b[33m55\u001b[39m, timestamp: \u001b[32m'2026-03-17T12:04:24.381Z'\u001b[39m }","timestamp":1773749064400}
{"id":780,"type":"info","level":2,"name":"stock-monitor","meta":{},"content":"收到股票更新事件","timestamp":1773749183154}
{"id":781,"type":"info","level":2,"name":"stock-monitor","meta":{},"content":"发送股票数据到: http://felinus.gnway.cc:8000/stock","timestamp":1773749183155}
{"id":782,"type":"info","level":2,"name":"stock-monitor","meta":{},"content":"发送数据: { unitPrice: \u001b[33m0.3257\u001b[39m, totalStock: \u001b[33m2172\u001b[39m, personalStock: \u001b[33m0\u001b[39m, totalMoney: \u001b[33m707.3355\u001b[39m, personalMoney: \u001b[33m0\u001b[39m }","timestamp":1773749183155}
{"id":783,"type":"info","level":2,"name":"stock-monitor","meta":{},"content":"请求方法: POST","timestamp":1773749183155}
{"id":784,"type":"info","level":2,"name":"stock-monitor","meta":{},"content":"发送成功: { success: \u001b[33mtrue\u001b[39m, message: \u001b[32m'股票数据接收成功'\u001b[39m, diskId: \u001b[33m55\u001b[39m, timestamp: \u001b[32m'2026-03-17T12:06:23.208Z'\u001b[39m }","timestamp":1773749183229}
{"id":786,"type":"info","level":2,"name":"stock-monitor","meta":{},"content":"收到股票更新事件","timestamp":1773749302978}
{"id":787,"type":"info","level":2,"name":"stock-monitor","meta":{},"content":"发送股票数据到: http://felinus.gnway.cc:8000/stock","timestamp":1773749302979}
{"id":788,"type":"info","level":2,"name":"stock-monitor","meta":{},"content":"发送数据: { unitPrice: \u001b[33m0.0293\u001b[39m, totalStock: \u001b[33m3283\u001b[39m, personalStock: \u001b[33m0\u001b[39m, totalMoney: \u001b[33m96.223\u001b[39m, personalMoney: \u001b[33m0\u001b[39m }","timestamp":1773749302979}
{"id":789,"type":"info","level":2,"name":"stock-monitor","meta":{},"content":"请求方法: POST","timestamp":1773749302979}
{"id":790,"type":"info","level":2,"name":"stock-monitor","meta":{},"content":"发送成功: { success: \u001b[33mtrue\u001b[39m, message: \u001b[32m'股票数据接收成功'\u001b[39m, diskId: \u001b[33m55\u001b[39m, timestamp: \u001b[32m'2026-03-17T12:08:23.039Z'\u001b[39m }","timestamp":1773749303059}
{"id":792,"type":"info","level":2,"name":"stock-monitor","meta":{},"content":"收到股票更新事件","timestamp":1773749432872}
{"id":793,"type":"info","level":2,"name":"stock-monitor","meta":{},"content":"发送股票数据到: http://felinus.gnway.cc:8000/stock","timestamp":1773749432872}
{"id":794,"type":"info","level":2,"name":"stock-monitor","meta":{},"content":"发送数据: { unitPrice: \u001b[33m1\u001b[39m, totalStock: \u001b[33m1000\u001b[39m, personalStock: \u001b[33m0\u001b[39m, totalMoney: \u001b[33m1000\u001b[39m, personalMoney: \u001b[33m0\u001b[39m }","timestamp":1773749432872}
{"id":795,"type":"info","level":2,"name":"stock-monitor","meta":{},"content":"请求方法: POST","timestamp":1773749432873}
{"id":796,"type":"info","level":2,"name":"stock-monitor","meta":{},"content":"发送成功: { success: \u001b[33mtrue\u001b[39m, message: \u001b[32m'崩盘，新盘已创建'\u001b[39m, diskId: \u001b[33m56\u001b[39m, timestamp: \u001b[32m'2026-03-17T12:10:32.931Z'\u001b[39m }","timestamp":1773749432951}
{"id":798,"type":"info","level":2,"name":"stock-monitor","meta":{},"content":"收到股票更新事件","timestamp":1773749544791}
{"id":799,"type":"info","level":2,"name":"stock-monitor","meta":{},"content":"发送股票数据到: http://felinus.gnway.cc:8000/stock","timestamp":1773749544791}
{"id":800,"type":"info","level":2,"name":"stock-monitor","meta":{},"content":"发送数据: { unitPrice: \u001b[33m1.18\u001b[39m, totalStock: \u001b[33m3235\u001b[39m, personalStock: \u001b[33m0\u001b[39m, totalMoney: \u001b[33m3817.3\u001b[39m, personalMoney: \u001b[33m0\u001b[39m }","timestamp":1773749544791}
{"id":801,"type":"info","level":2,"name":"stock-monitor","meta":{},"content":"请求方法: POST","timestamp":1773749544792}
{"id":802,"type":"info","level":2,"name":"stock-monitor","meta":{},"content":"发送成功: { success: \u001b[33mtrue\u001b[39m, message: \u001b[32m'股票数据接收成功'\u001b[39m, diskId: \u001b[33m56\u001b[39m, timestamp: \u001b[32m'2026-03-17T12:12:24.852Z'\u001b[39m }","timestamp":1773749544872}
{"id":804,"type":"info","level":2,"name":"stock-monitor","meta":{},"content":"收到股票更新事件","timestamp":1773749666101}
{"id":805,"type":"info","level":2,"name":"stock-monitor","meta":{},"content":"发送股票数据到: http://felinus.gnway.cc:8000/stock","timestamp":1773749666102}
{"id":806,"type":"info","level":2,"name":"stock-monitor","meta":{},"content":"发送数据: { unitPrice: \u001b[33m1.6638\u001b[39m, totalStock: \u001b[33m1122\u001b[39m, personalStock: \u001b[33m0\u001b[39m, totalMoney: \u001b[33m1866.7836\u001b[39m, personalMoney: \u001b[33m0\u001b[39m }","timestamp":1773749666102}
{"id":807,"type":"info","level":2,"name":"stock-monitor","meta":{},"content":"请求方法: POST","timestamp":1773749666102}
{"id":808,"type":"info","level":2,"name":"stock-monitor","meta":{},"content":"发送成功: { success: \u001b[33mtrue\u001b[39m, message: \u001b[32m'股票数据接收成功'\u001b[39m, diskId: \u001b[33m56\u001b[39m, timestamp: \u001b[32m'2026-03-17T12:14:26.266Z'\u001b[39m }","timestamp":1773749666317}
{"id":810,"type":"info","level":2,"name":"stock-monitor","meta":{},"content":"收到股票更新事件","timestamp":1773749784639}
{"id":811,"type":"info","level":2,"name":"stock-monitor","meta":{},"content":"发送股票数据到: http://felinus.gnway.cc:8000/stock","timestamp":1773749784640}
{"id":812,"type":"info","level":2,"name":"stock-monitor","meta":{},"content":"发送数据: { unitPrice: \u001b[33m2.8784\u001b[39m, totalStock: \u001b[33m1311\u001b[39m, personalStock: \u001b[33m0\u001b[39m, totalMoney: \u001b[33m3773.5483\u001b[39m, personalMoney: \u001b[33m0\u001b[39m }","timestamp":1773749784640}
{"id":813,"type":"info","level":2,"name":"stock-monitor","meta":{},"content":"请求方法: POST","timestamp":1773749784640}
{"id":814,"type":"info","level":2,"name":"stock-monitor","meta":{},"content":"发送成功: { success: \u001b[33mtrue\u001b[39m, message: \u001b[32m'股票数据接收成功'\u001b[39m, diskId: \u001b[33m56\u001b[39m, timestamp: \u001b[32m'2026-03-17T12:16:24.699Z'\u001b[39m }","timestamp":1773749784719}
{"id":816,"type":"info","level":2,"name":"stock-monitor","meta":{},"content":"收到股票更新事件","timestamp":1773749903472}
{"id":817,"type":"info","level":2,"name":"stock-monitor","meta":{},"content":"发送股票数据到: http://felinus.gnway.cc:8000/stock","timestamp":1773749903472}
{"id":818,"type":"info","level":2,"name":"stock-monitor","meta":{},"content":"发送数据: { unitPrice: \u001b[33m4.8069\u001b[39m, totalStock: \u001b[33m1404\u001b[39m, personalStock: \u001b[33m0\u001b[39m, totalMoney: \u001b[33m6748.866\u001b[39m, personalMoney: \u001b[33m0\u001b[39m }","timestamp":1773749903472}
{"id":819,"type":"info","level":2,"name":"stock-monitor","meta":{},"content":"请求方法: POST","timestamp":1773749903473}
{"id":820,"type":"info","level":2,"name":"stock-monitor","meta":{},"content":"发送成功: { success: \u001b[33mtrue\u001b[39m, message: \u001b[32m'股票数据接收成功'\u001b[39m, diskId: \u001b[33m56\u001b[39m, timestamp: \u001b[32m'2026-03-17T12:18:24.530Z'\u001b[39m }","timestamp":1773749904550}
{"id":822,"type":"info","level":2,"name":"stock-monitor","meta":{},"content":"收到股票更新事件","timestamp":1773750027638}
{"id":823,"type":"info","level":2,"name":"stock-monitor","meta":{},"content":"发送股票数据到: http://felinus.gnway.cc:8000/stock","timestamp":1773750027639}
{"id":824,"type":"info","level":2,"name":"stock-monitor","meta":{},"content":"发送数据: { unitPrice: \u001b[33m9.1811\u001b[39m, totalStock: \u001b[33m1686\u001b[39m, personalStock: \u001b[33m0\u001b[39m, totalMoney: \u001b[33m15479.4181\u001b[39m, personalMoney: \u001b[33m0\u001b[39m }","timestamp":1773750027639}
{"id":825,"type":"info","level":2,"name":"stock-monitor","meta":{},"content":"请求方法: POST","timestamp":1773750027639}
{"id":826,"type":"info","level":2,"name":"stock-monitor","meta":{},"content":"发送成功: { success: \u001b[33mtrue\u001b[39m, message: \u001b[32m'股票数据接收成功'\u001b[39m, diskId: \u001b[33m56\u001b[39m, timestamp: \u001b[32m'2026-03-17T12:20:27.699Z'\u001b[39m }","timestamp":1773750027721}
{"id":828,"type":"info","level":2,"name":"stock-monitor","meta":{},"content":"收到股票更新事件","timestamp":1773750147282}
{"id":829,"type":"info","level":2,"name":"stock-monitor","meta":{},"content":"发送股票数据到: http://felinus.gnway.cc:8000/stock","timestamp":1773750147283}
{"id":830,"type":"info","level":2,"name":"stock-monitor","meta":{},"content":"发送数据: { unitPrice: \u001b[33m16.067\u001b[39m, totalStock: \u001b[33m1297\u001b[39m, personalStock: \u001b[33m0\u001b[39m, totalMoney: \u001b[33m20838.9142\u001b[39m, personalMoney: \u001b[33m0\u001b[39m }","timestamp":1773750147283}
{"id":831,"type":"info","level":2,"name":"stock-monitor","meta":{},"content":"请求方法: POST","timestamp":1773750147283}
{"id":832,"type":"info","level":2,"name":"stock-monitor","meta":{},"content":"发送成功: { success: \u001b[33mtrue\u001b[39m, message: \u001b[32m'股票数据接收成功'\u001b[39m, diskId: \u001b[33m56\u001b[39m, timestamp: \u001b[32m'2026-03-17T12:22:27.356Z'\u001b[39m }","timestamp":1773750147377}
{"id":834,"type":"info","level":2,"name":"stock-monitor","meta":{},"content":"收到股票更新事件","timestamp":1773750285125}
{"id":835,"type":"info","level":2,"name":"stock-monitor","meta":{},"content":"发送股票数据到: http://felinus.gnway.cc:8000/stock","timestamp":1773750285126}
{"id":836,"type":"info","level":2,"name":"stock-monitor","meta":{},"content":"发送数据: { unitPrice: \u001b[33m15.2637\u001b[39m, totalStock: \u001b[33m1288\u001b[39m, personalStock: \u001b[33m0\u001b[39m, totalMoney: \u001b[33m19659.5955\u001b[39m, personalMoney: \u001b[33m0\u001b[39m }","timestamp":1773750285126}
{"id":837,"type":"info","level":2,"name":"stock-monitor","meta":{},"content":"请求方法: POST","timestamp":1773750285126}
{"id":838,"type":"info","level":2,"name":"stock-monitor","meta":{},"content":"发送成功: { success: \u001b[33mtrue\u001b[39m, message: \u001b[32m'股票数据接收成功'\u001b[39m, diskId: \u001b[33m56\u001b[39m, timestamp: \u001b[32m'2026-03-17T12:24:45.180Z'\u001b[39m }","timestamp":1773750285200}
{"id":840,"type":"info","level":2,"name":"stock-monitor","meta":{},"content":"收到股票更新事件","timestamp":1773750403175}
{"id":841,"type":"info","level":2,"name":"stock-monitor","meta":{},"content":"发送股票数据到: http://felinus.gnway.cc:8000/stock","timestamp":1773750403175}
{"id":842,"type":"info","level":2,"name":"stock-monitor","meta":{},"content":"发送数据: { unitPrice: \u001b[33m23.8113\u001b[39m, totalStock: \u001b[33m1453\u001b[39m, personalStock: \u001b[33m0\u001b[39m, totalMoney: \u001b[33m34597.8354\u001b[39m, personalMoney: \u001b[33m0\u001b[39m }","timestamp":1773750403175}
{"id":843,"type":"info","level":2,"name":"stock-monitor","meta":{},"content":"请求方法: POST","timestamp":1773750403176}
{"id":844,"type":"info","level":2,"name":"stock-monitor","meta":{},"content":"发送成功: { success: \u001b[33mtrue\u001b[39m, message: \u001b[32m'股票数据接收成功'\u001b[39m, diskId: \u001b[33m56\u001b[39m, timestamp: \u001b[32m'2026-03-17T12:26:43.236Z'\u001b[39m }","timestamp":1773750403256}
{"id":846,"type":"info","level":2,"name":"stock-monitor","meta":{},"content":"收到股票更新事件","timestamp":1773750530836}
{"id":847,"type":"info","level":2,"name":"stock-monitor","meta":{},"content":"发送股票数据到: http://felinus.gnway.cc:8000/stock","timestamp":1773750530837}
{"id":848,"type":"info","level":2,"name":"stock-monitor","meta":{},"content":"发送数据: { unitPrice: \u001b[33m31.669\u001b[39m, totalStock: \u001b[33m1247\u001b[39m, personalStock: \u001b[33m0\u001b[39m, totalMoney: \u001b[33m39491.298\u001b[39m, personalMoney: \u001b[33m0\u001b[39m }","timestamp":1773750530837}
{"id":849,"type":"info","level":2,"name":"stock-monitor","meta":{},"content":"请求方法: POST","timestamp":1773750530837}
{"id":850,"type":"info","level":2,"name":"stock-monitor","meta":{},"content":"发送成功: { success: \u001b[33mtrue\u001b[39m, message: \u001b[32m'股票数据接收成功'\u001b[39m, diskId: \u001b[33m56\u001b[39m, timestamp: \u001b[32m'2026-03-17T12:28:50.896Z'\u001b[39m }","timestamp":1773750530917}
{"id":852,"type":"info","level":2,"name":"stock-monitor","meta":{},"content":"收到股票更新事件","timestamp":1773750652829}
{"id":853,"type":"info","level":2,"name":"stock-monitor","meta":{},"content":"发送股票数据到: http://felinus.gnway.cc:8000/stock","timestamp":1773750652830}
{"id":854,"type":"info","level":2,"name":"stock-monitor","meta":{},"content":"发送数据: { unitPrice: \u001b[33m17.1013\u001b[39m, totalStock: \u001b[33m1286\u001b[39m, personalStock: \u001b[33m0\u001b[39m, totalMoney: \u001b[33m21992.251\u001b[39m, personalMoney: \u001b[33m0\u001b[39m }","timestamp":1773750652830}
{"id":855,"type":"info","level":2,"name":"stock-monitor","meta":{},"content":"请求方法: POST","timestamp":1773750652830}
{"id":856,"type":"info","level":2,"name":"stock-monitor","meta":{},"content":"发送成功: { success: \u001b[33mtrue\u001b[39m, message: \u001b[32m'股票数据接收成功'\u001b[39m, diskId: \u001b[33m56\u001b[39m, timestamp: \u001b[32m'2026-03-17T12:30:52.890Z'\u001b[39m }","timestamp":1773750652910}
{"id":858,"type":"info","level":2,"name":"stock-monitor","meta":{},"content":"收到股票更新事件","timestamp":1773750772040}
{"id":859,"type":"info","level":2,"name":"stock-monitor","meta":{},"content":"发送股票数据到: http://felinus.gnway.cc:8000/stock","timestamp":1773750772041}
{"id":860,"type":"info","level":2,"name":"stock-monitor","meta":{},"content":"发送数据: { unitPrice: \u001b[33m8.5506\u001b[39m, totalStock: \u001b[33m1134\u001b[39m, personalStock: \u001b[33m0\u001b[39m, totalMoney: \u001b[33m9696.4279\u001b[39m, personalMoney: \u001b[33m0\u001b[39m }","timestamp":1773750772041}
{"id":861,"type":"info","level":2,"name":"stock-monitor","meta":{},"content":"请求方法: POST","timestamp":1773750772041}
{"id":862,"type":"info","level":2,"name":"stock-monitor","meta":{},"content":"发送成功: { success: \u001b[33mtrue\u001b[39m, message: \u001b[32m'股票数据接收成功'\u001b[39m, diskId: \u001b[33m56\u001b[39m, timestamp: \u001b[32m'2026-03-17T12:32:52.105Z'\u001b[39m }","timestamp":1773750772125}
{"id":864,"type":"info","level":2,"name":"stock-monitor","meta":{},"content":"收到股票更新事件","timestamp":1773750888834}
{"id":865,"type":"info","level":2,"name":"stock-monitor","meta":{},"content":"发送股票数据到: http://felinus.gnway.cc:8000/stock","timestamp":1773750888835}
{"id":866,"type":"info","level":2,"name":"stock-monitor","meta":{},"content":"发送数据: { unitPrice: \u001b[33m15.1346\u001b[39m, totalStock: \u001b[33m1213\u001b[39m, personalStock: \u001b[33m0\u001b[39m, totalMoney: \u001b[33m18358.3137\u001b[39m, personalMoney: \u001b[33m0\u001b[39m }","timestamp":1773750888836}
{"id":867,"type":"info","level":2,"name":"stock-monitor","meta":{},"content":"请求方法: POST","timestamp":1773750888836}
{"id":868,"type":"info","level":2,"name":"stock-monitor","meta":{},"content":"发送成功: { success: \u001b[33mtrue\u001b[39m, message: \u001b[32m'股票数据接收成功'\u001b[39m, diskId: \u001b[33m56\u001b[39m, timestamp: \u001b[32m'2026-03-17T12:34:48.896Z'\u001b[39m }","timestamp":1773750888916}
{"id":870,"type":"info","level":2,"name":"stock-monitor","meta":{},"content":"收到股票更新事件","timestamp":1773751009872}
{"id":871,"type":"info","level":2,"name":"stock-monitor","meta":{},"content":"发送股票数据到: http://felinus.gnway.cc:8000/stock","timestamp":1773751009874}
{"id":872,"type":"info","level":2,"name":"stock-monitor","meta":{},"content":"发送数据: { unitPrice: \u001b[33m23.0046\u001b[39m, totalStock: \u001b[33m1303\u001b[39m, personalStock: \u001b[33m0\u001b[39m, totalMoney: \u001b[33m29975.055\u001b[39m, personalMoney: \u001b[33m0\u001b[39m }","timestamp":1773751009874}
{"id":873,"type":"info","level":2,"name":"stock-monitor","meta":{},"content":"请求方法: POST","timestamp":1773751009875}
{"id":874,"type":"info","level":2,"name":"stock-monitor","meta":{},"content":"发送成功: { success: \u001b[33mtrue\u001b[39m, message: \u001b[32m'股票数据接收成功'\u001b[39m, diskId: \u001b[33m56\u001b[39m, timestamp: \u001b[32m'2026-03-17T12:36:49.937Z'\u001b[39m }","timestamp":1773751009958}
{"id":876,"type":"info","level":2,"name":"stock-monitor","meta":{},"content":"收到股票更新事件","timestamp":1773751129281}
{"id":877,"type":"info","level":2,"name":"stock-monitor","meta":{},"content":"发送股票数据到: http://felinus.gnway.cc:8000/stock","timestamp":1773751129282}
{"id":878,"type":"info","level":2,"name":"stock-monitor","meta":{},"content":"发送数据: { unitPrice: \u001b[33m27.8356\u001b[39m, totalStock: \u001b[33m1298\u001b[39m, personalStock: \u001b[33m0\u001b[39m, totalMoney: \u001b[33m36130.6385\u001b[39m, personalMoney: \u001b[33m0\u001b[39m }","timestamp":1773751129282}
{"id":879,"type":"info","level":2,"name":"stock-monitor","meta":{},"content":"请求方法: POST","timestamp":1773751129282}
{"id":880,"type":"info","level":2,"name":"stock-monitor","meta":{},"content":"发送成功: { success: \u001b[33mtrue\u001b[39m, message: \u001b[32m'股票数据接收成功'\u001b[39m, diskId: \u001b[33m56\u001b[39m, timestamp: \u001b[32m'2026-03-17T12:38:49.334Z'\u001b[39m }","timestamp":1773751129354}
{"id":882,"type":"info","level":2,"name":"stock-monitor","meta":{},"content":"收到股票更新事件","timestamp":1773751249476}
{"id":883,"type":"info","level":2,"name":"stock-monitor","meta":{},"content":"发送股票数据到: http://felinus.gnway.cc:8000/stock","timestamp":1773751249476}
{"id":884,"type":"info","level":2,"name":"stock-monitor","meta":{},"content":"发送数据: { unitPrice: \u001b[33m2.7836\u001b[39m, totalStock: \u001b[33m1160\u001b[39m, personalStock: \u001b[33m0\u001b[39m, totalMoney: \u001b[33m3228.9323\u001b[39m, personalMoney: \u001b[33m0\u001b[39m }","timestamp":1773751249476}
{"id":885,"type":"info","level":2,"name":"stock-monitor","meta":{},"content":"请求方法: POST","timestamp":1773751249476}
{"id":886,"type":"info","level":2,"name":"stock-monitor","meta":{},"content":"发送成功: { success: \u001b[33mtrue\u001b[39m, message: \u001b[32m'股票数据接收成功'\u001b[39m, diskId: \u001b[33m56\u001b[39m, timestamp: \u001b[32m'2026-03-17T12:40:49.533Z'\u001b[39m }","timestamp":1773751249553}
{"id":901,"type":"info","level":2,"name":"stock-monitor","meta":{},"content":"收到股票更新事件","timestamp":1773751369863}
{"id":902,"type":"info","level":2,"name":"stock-monitor","meta":{},"content":"发送股票数据到: http://felinus.gnway.cc:8000/stock","timestamp":1773751369864}
{"id":903,"type":"info","level":2,"name":"stock-monitor","meta":{},"content":"发送数据: { unitPrice: \u001b[33m3.8135\u001b[39m, totalStock: \u001b[33m1414\u001b[39m, personalStock: \u001b[33m0\u001b[39m, totalMoney: \u001b[33m5392.2612\u001b[39m, personalMoney: \u001b[33m0\u001b[39m }","timestamp":1773751369864}
{"id":904,"type":"info","level":2,"name":"stock-monitor","meta":{},"content":"请求方法: POST","timestamp":1773751369864}
{"id":905,"type":"info","level":2,"name":"stock-monitor","meta":{},"content":"发送成功: { success: \u001b[33mtrue\u001b[39m, message: \u001b[32m'股票数据接收成功'\u001b[39m, diskId: \u001b[33m56\u001b[39m, timestamp: \u001b[32m'2026-03-17T12:42:49.932Z'\u001b[39m }","timestamp":1773751369954}
{"id":907,"type":"info","level":2,"name":"stock-monitor","meta":{},"content":"收到股票更新事件","timestamp":1773751490365}
{"id":908,"type":"info","level":2,"name":"stock-monitor","meta":{},"content":"发送股票数据到: http://felinus.gnway.cc:8000/stock","timestamp":1773751490366}
{"id":909,"type":"info","level":2,"name":"stock-monitor","meta":{},"content":"发送数据: { unitPrice: \u001b[33m2.0211\u001b[39m, totalStock: \u001b[33m1213\u001b[39m, personalStock: \u001b[33m0\u001b[39m, totalMoney: \u001b[33m2451.6484\u001b[39m, personalMoney: \u001b[33m0\u001b[39m }","timestamp":1773751490366}
{"id":910,"type":"info","level":2,"name":"stock-monitor","meta":{},"content":"请求方法: POST","timestamp":1773751490366}
{"id":911,"type":"info","level":2,"name":"stock-monitor","meta":{},"content":"发送成功: { success: \u001b[33mtrue\u001b[39m, message: \u001b[32m'股票数据接收成功'\u001b[39m, diskId: \u001b[33m56\u001b[39m, timestamp: \u001b[32m'2026-03-17T12:44:50.421Z'\u001b[39m }","timestamp":1773751490442}
{"id":913,"type":"info","level":2,"name":"stock-monitor","meta":{},"content":"收到股票更新事件","timestamp":1773751613694}
{"id":914,"type":"info","level":2,"name":"stock-monitor","meta":{},"content":"发送股票数据到: http://felinus.gnway.cc:8000/stock","timestamp":1773751613695}
{"id":915,"type":"info","level":2,"name":"stock-monitor","meta":{},"content":"发送数据: { unitPrice: \u001b[33m1.1318\u001b[39m, totalStock: \u001b[33m1317\u001b[39m, personalStock: \u001b[33m0\u001b[39m, totalMoney: \u001b[33m1490.6345\u001b[39m, personalMoney: \u001b[33m0\u001b[39m }","timestamp":1773751613695}
{"id":916,"type":"info","level":2,"name":"stock-monitor","meta":{},"content":"请求方法: POST","timestamp":1773751613695}
{"id":917,"type":"info","level":2,"name":"stock-monitor","meta":{},"content":"发送成功: { success: \u001b[33mtrue\u001b[39m, message: \u001b[32m'股票数据接收成功'\u001b[39m, diskId: \u001b[33m56\u001b[39m, timestamp: \u001b[32m'2026-03-17T12:46:53.755Z'\u001b[39m }","timestamp":1773751613775}
{"id":919,"type":"info","level":2,"name":"stock-monitor","meta":{},"content":"收到股票更新事件","timestamp":1773751731359}
{"id":920,"type":"info","level":2,"name":"stock-monitor","meta":{},"content":"发送股票数据到: http://felinus.gnway.cc:8000/stock","timestamp":1773751731360}
{"id":921,"type":"info","level":2,"name":"stock-monitor","meta":{},"content":"发送数据: { unitPrice: \u001b[33m2.0034\u001b[39m, totalStock: \u001b[33m1917\u001b[39m, personalStock: \u001b[33m0\u001b[39m, totalMoney: \u001b[33m3840.4383\u001b[39m, personalMoney: \u001b[33m0\u001b[39m }","timestamp":1773751731361}
{"id":922,"type":"info","level":2,"name":"stock-monitor","meta":{},"content":"请求方法: POST","timestamp":1773751731361}
{"id":923,"type":"info","level":2,"name":"stock-monitor","meta":{},"content":"发送成功: { success: \u001b[33mtrue\u001b[39m, message: \u001b[32m'股票数据接收成功'\u001b[39m, diskId: \u001b[33m56\u001b[39m, timestamp: \u001b[32m'2026-03-17T12:48:51.418Z'\u001b[39m }","timestamp":1773751731437}
{"id":925,"type":"info","level":2,"name":"stock-monitor","meta":{},"content":"收到股票更新事件","timestamp":1773751849631}
{"id":926,"type":"info","level":2,"name":"stock-monitor","meta":{},"content":"发送股票数据到: http://felinus.gnway.cc:8000/stock","timestamp":1773751849631}
{"id":927,"type":"info","level":2,"name":"stock-monitor","meta":{},"content":"发送数据: { unitPrice: \u001b[33m0.7813\u001b[39m, totalStock: \u001b[33m1146\u001b[39m, personalStock: \u001b[33m0\u001b[39m, totalMoney: \u001b[33m895.381\u001b[39m, personalMoney: \u001b[33m0\u001b[39m }","timestamp":1773751849631}
{"id":928,"type":"info","level":2,"name":"stock-monitor","meta":{},"content":"请求方法: POST","timestamp":1773751849633}
{"id":929,"type":"info","level":2,"name":"stock-monitor","meta":{},"content":"发送成功: { success: \u001b[33mtrue\u001b[39m, message: \u001b[32m'股票数据接收成功'\u001b[39m, diskId: \u001b[33m56\u001b[39m, timestamp: \u001b[32m'2026-03-17T12:50:49.694Z'\u001b[39m }","timestamp":1773751849713}
{"id":931,"type":"info","level":2,"name":"stock-monitor","meta":{},"content":"收到股票更新事件","timestamp":1773751970452}
{"id":932,"type":"info","level":2,"name":"stock-monitor","meta":{},"content":"发送股票数据到: http://felinus.gnway.cc:8000/stock","timestamp":1773751970453}
{"id":933,"type":"info","level":2,"name":"stock-monitor","meta":{},"content":"发送数据: { unitPrice: \u001b[33m0.7969\u001b[39m, totalStock: \u001b[33m1646\u001b[39m, personalStock: \u001b[33m0\u001b[39m, totalMoney: \u001b[33m1311.7567\u001b[39m, personalMoney: \u001b[33m0\u001b[39m }","timestamp":1773751970453}
{"id":934,"type":"info","level":2,"name":"stock-monitor","meta":{},"content":"请求方法: POST","timestamp":1773751970454}
{"id":935,"type":"info","level":2,"name":"stock-monitor","meta":{},"content":"发送成功: { success: \u001b[33mtrue\u001b[39m, message: \u001b[32m'股票数据接收成功'\u001b[39m, diskId: \u001b[33m56\u001b[39m, timestamp: \u001b[32m'2026-03-17T12:52:50.511Z'\u001b[39m }","timestamp":1773751970532}
{"id":937,"type":"info","level":2,"name":"stock-monitor","meta":{},"content":"收到股票更新事件","timestamp":1773752089769}
{"id":938,"type":"info","level":2,"name":"stock-monitor","meta":{},"content":"发送股票数据到: http://felinus.gnway.cc:8000/stock","timestamp":1773752089770}
{"id":939,"type":"info","level":2,"name":"stock-monitor","meta":{},"content":"发送数据: { unitPrice: \u001b[33m1.0545\u001b[39m, totalStock: \u001b[33m1126\u001b[39m, personalStock: \u001b[33m0\u001b[39m, totalMoney: \u001b[33m1187.35\u001b[39m, personalMoney: \u001b[33m0\u001b[39m }","timestamp":1773752089770}
{"id":940,"type":"info","level":2,"name":"stock-monitor","meta":{},"content":"请求方法: POST","timestamp":1773752089770}
{"id":941,"type":"info","level":2,"name":"stock-monitor","meta":{},"content":"发送成功: { success: \u001b[33mtrue\u001b[39m, message: \u001b[32m'股票数据接收成功'\u001b[39m, diskId: \u001b[33m56\u001b[39m, timestamp: \u001b[32m'2026-03-17T12:54:49.828Z'\u001b[39m }","timestamp":1773752089847}
{"id":943,"type":"info","level":2,"name":"stock-monitor","meta":{},"content":"收到股票更新事件","timestamp":1773752210786}
{"id":944,"type":"info","level":2,"name":"stock-monitor","meta":{},"content":"发送股票数据到: http://felinus.gnway.cc:8000/stock","timestamp":1773752210786}
{"id":945,"type":"info","level":2,"name":"stock-monitor","meta":{},"content":"发送数据: { unitPrice: \u001b[33m1.6239\u001b[39m, totalStock: \u001b[33m1385\u001b[39m, personalStock: \u001b[33m0\u001b[39m, totalMoney: \u001b[33m2249.1108\u001b[39m, personalMoney: \u001b[33m0\u001b[39m }","timestamp":1773752210786}
{"id":946,"type":"info","level":2,"name":"stock-monitor","meta":{},"content":"请求方法: POST","timestamp":1773752210787}
{"id":947,"type":"info","level":2,"name":"stock-monitor","meta":{},"content":"发送成功: { success: \u001b[33mtrue\u001b[39m, message: \u001b[32m'股票数据接收成功'\u001b[39m, diskId: \u001b[33m56\u001b[39m, timestamp: \u001b[32m'2026-03-17T12:56:50.855Z'\u001b[39m }","timestamp":1773752210876}
{"id":949,"type":"info","level":2,"name":"stock-monitor","meta":{},"content":"收到股票更新事件","timestamp":1773752330778}
{"id":950,"type":"info","level":2,"name":"stock-monitor","meta":{},"content":"发送股票数据到: http://felinus.gnway.cc:8000/stock","timestamp":1773752330779}
{"id":951,"type":"info","level":2,"name":"stock-monitor","meta":{},"content":"发送数据: { unitPrice: \u001b[33m2.6145\u001b[39m, totalStock: \u001b[33m1250\u001b[39m, personalStock: \u001b[33m0\u001b[39m, totalMoney: \u001b[33m3268.1122\u001b[39m, personalMoney: \u001b[33m0\u001b[39m }","timestamp":1773752330779}
{"id":952,"type":"info","level":2,"name":"stock-monitor","meta":{},"content":"请求方法: POST","timestamp":1773752330779}
{"id":953,"type":"info","level":2,"name":"stock-monitor","meta":{},"content":"发送成功: { success: \u001b[33mtrue\u001b[39m, message: \u001b[32m'股票数据接收成功'\u001b[39m, diskId: \u001b[33m56\u001b[39m, timestamp: \u001b[32m'2026-03-17T12:58:50.832Z'\u001b[39m }","timestamp":1773752330854}
{"id":955,"type":"info","level":2,"name":"stock-monitor","meta":{},"content":"收到股票更新事件","timestamp":1773752450812}
{"id":956,"type":"info","level":2,"name":"stock-monitor","meta":{},"content":"发送股票数据到: http://felinus.gnway.cc:8000/stock","timestamp":1773752450812}
{"id":957,"type":"info","level":2,"name":"stock-monitor","meta":{},"content":"发送数据: { unitPrice: \u001b[33m2.1962\u001b[39m, totalStock: \u001b[33m1388\u001b[39m, personalStock: \u001b[33m0\u001b[39m, totalMoney: \u001b[33m3048.2859\u001b[39m, personalMoney: \u001b[33m0\u001b[39m }","timestamp":1773752450812}
{"id":958,"type":"info","level":2,"name":"stock-monitor","meta":{},"content":"请求方法: POST","timestamp":1773752450813}
{"id":959,"type":"info","level":2,"name":"stock-monitor","meta":{},"content":"发送成功: { success: \u001b[33mtrue\u001b[39m, message: \u001b[32m'股票数据接收成功'\u001b[39m, diskId: \u001b[33m56\u001b[39m, timestamp: \u001b[32m'2026-03-17T13:00:50.882Z'\u001b[39m }","timestamp":1773752450904}
{"id":961,"type":"info","level":2,"name":"stock-monitor","meta":{},"content":"收到股票更新事件","timestamp":1773752571718}
{"id":962,"type":"info","level":2,"name":"stock-monitor","meta":{},"content":"发送股票数据到: http://felinus.gnway.cc:8000/stock","timestamp":1773752571719}
{"id":963,"type":"info","level":2,"name":"stock-monitor","meta":{},"content":"发送数据: { unitPrice: \u001b[33m2.7233\u001b[39m, totalStock: \u001b[33m1856\u001b[39m, personalStock: \u001b[33m0\u001b[39m, totalMoney: \u001b[33m5054.3567\u001b[39m, personalMoney: \u001b[33m0\u001b[39m }","timestamp":1773752571719}
{"id":964,"type":"info","level":2,"name":"stock-monitor","meta":{},"content":"请求方法: POST","timestamp":1773752571719}
{"id":965,"type":"info","level":2,"name":"stock-monitor","meta":{},"content":"发送成功: { success: \u001b[33mtrue\u001b[39m, message: \u001b[32m'股票数据接收成功'\u001b[39m, diskId: \u001b[33m56\u001b[39m, timestamp: \u001b[32m'2026-03-17T13:02:51.776Z'\u001b[39m }","timestamp":1773752571798}
{"id":967,"type":"info","level":2,"name":"stock-monitor","meta":{},"content":"收到股票更新事件","timestamp":1773752691474}
{"id":968,"type":"info","level":2,"name":"stock-monitor","meta":{},"content":"发送股票数据到: http://felinus.gnway.cc:8000/stock","timestamp":1773752691475}
{"id":969,"type":"info","level":2,"name":"stock-monitor","meta":{},"content":"发送数据: { unitPrice: \u001b[33m4.0304\u001b[39m, totalStock: \u001b[33m1741\u001b[39m, personalStock: \u001b[33m0\u001b[39m, totalMoney: \u001b[33m7016.9503\u001b[39m, personalMoney: \u001b[33m0\u001b[39m }","timestamp":1773752691475}
{"id":970,"type":"info","level":2,"name":"stock-monitor","meta":{},"content":"请求方法: POST","timestamp":1773752691475}
{"id":971,"type":"info","level":2,"name":"stock-monitor","meta":{},"content":"发送成功: { success: \u001b[33mtrue\u001b[39m, message: \u001b[32m'股票数据接收成功'\u001b[39m, diskId: \u001b[33m56\u001b[39m, timestamp: \u001b[32m'2026-03-17T13:04:51.541Z'\u001b[39m }","timestamp":1773752691560}
{"id":973,"type":"info","level":2,"name":"stock-monitor","meta":{},"content":"收到股票更新事件","timestamp":1773752813683}
{"id":974,"type":"info","level":2,"name":"stock-monitor","meta":{},"content":"发送股票数据到: http://felinus.gnway.cc:8000/stock","timestamp":1773752813683}
{"id":975,"type":"info","level":2,"name":"stock-monitor","meta":{},"content":"发送数据: { unitPrice: \u001b[33m4.111\u001b[39m, totalStock: \u001b[33m1703\u001b[39m, personalStock: \u001b[33m0\u001b[39m, totalMoney: \u001b[33m7001.0705\u001b[39m, personalMoney: \u001b[33m0\u001b[39m }","timestamp":1773752813683}
{"id":976,"type":"info","level":2,"name":"stock-monitor","meta":{},"content":"请求方法: POST","timestamp":1773752813683}
{"id":977,"type":"info","level":2,"name":"stock-monitor","meta":{},"content":"发送成功: { success: \u001b[33mtrue\u001b[39m, message: \u001b[32m'股票数据接收成功'\u001b[39m, diskId: \u001b[33m56\u001b[39m, timestamp: \u001b[32m'2026-03-17T13:06:53.752Z'\u001b[39m }","timestamp":1773752813772}
{"id":979,"type":"info","level":2,"name":"stock-monitor","meta":{},"content":"收到股票更新事件","timestamp":1773752930939}
{"id":980,"type":"info","level":2,"name":"stock-monitor","meta":{},"content":"发送股票数据到: http://felinus.gnway.cc:8000/stock","timestamp":1773752930940}
{"id":981,"type":"info","level":2,"name":"stock-monitor","meta":{},"content":"发送数据: { unitPrice: \u001b[33m1.1922\u001b[39m, totalStock: \u001b[33m1450\u001b[39m, personalStock: \u001b[33m0\u001b[39m, totalMoney: \u001b[33m1728.6848\u001b[39m, personalMoney: \u001b[33m0\u001b[39m }","timestamp":1773752930940}
{"id":982,"type":"info","level":2,"name":"stock-monitor","meta":{},"content":"请求方法: POST","timestamp":1773752930940}
{"id":983,"type":"info","level":2,"name":"stock-monitor","meta":{},"content":"发送成功: { success: \u001b[33mtrue\u001b[39m, message: \u001b[32m'股票数据接收成功'\u001b[39m, diskId: \u001b[33m56\u001b[39m, timestamp: \u001b[32m'2026-03-17T13:08:50.999Z'\u001b[39m }","timestamp":1773752931018}
{"id":985,"type":"info","level":2,"name":"stock-monitor","meta":{},"content":"收到股票更新事件","timestamp":1773753051542}
{"id":986,"type":"info","level":2,"name":"stock-monitor","meta":{},"content":"发送股票数据到: http://felinus.gnway.cc:8000/stock","timestamp":1773753051543}
{"id":987,"type":"info","level":2,"name":"stock-monitor","meta":{},"content":"发送数据: { unitPrice: \u001b[33m0.4053\u001b[39m, totalStock: \u001b[33m2362\u001b[39m, personalStock: \u001b[33m0\u001b[39m, totalMoney: \u001b[33m957.4291\u001b[39m, personalMoney: \u001b[33m0\u001b[39m }","timestamp":1773753051543}
{"id":988,"type":"info","level":2,"name":"stock-monitor","meta":{},"content":"请求方法: POST","timestamp":1773753051543}
{"id":989,"type":"info","level":2,"name":"stock-monitor","meta":{},"content":"发送成功: { success: \u001b[33mtrue\u001b[39m, message: \u001b[32m'股票数据接收成功'\u001b[39m, diskId: \u001b[33m56\u001b[39m, timestamp: \u001b[32m'2026-03-17T13:10:51.609Z'\u001b[39m }","timestamp":1773753051629}
{"id":991,"type":"info","level":2,"name":"stock-monitor","meta":{},"content":"收到股票更新事件","timestamp":1773753171953}
{"id":992,"type":"info","level":2,"name":"stock-monitor","meta":{},"content":"发送股票数据到: http://felinus.gnway.cc:8000/stock","timestamp":1773753171953}
{"id":993,"type":"info","level":2,"name":"stock-monitor","meta":{},"content":"发送数据: { unitPrice: \u001b[33m0.5959\u001b[39m, totalStock: \u001b[33m2792\u001b[39m, personalStock: \u001b[33m0\u001b[39m, totalMoney: \u001b[33m1663.6404\u001b[39m, personalMoney: \u001b[33m0\u001b[39m }","timestamp":1773753171953}
{"id":994,"type":"info","level":2,"name":"stock-monitor","meta":{},"content":"请求方法: POST","timestamp":1773753171954}
{"id":995,"type":"info","level":2,"name":"stock-monitor","meta":{},"content":"发送成功: { success: \u001b[33mtrue\u001b[39m, message: \u001b[32m'股票数据接收成功'\u001b[39m, diskId: \u001b[33m56\u001b[39m, timestamp: \u001b[32m'2026-03-17T13:12:52.016Z'\u001b[39m }","timestamp":1773753172036}
{"id":997,"type":"info","level":2,"name":"stock-monitor","meta":{},"content":"收到股票更新事件","timestamp":1773753291181}
{"id":998,"type":"info","level":2,"name":"stock-monitor","meta":{},"content":"发送股票数据到: http://felinus.gnway.cc:8000/stock","timestamp":1773753291182}
{"id":999,"type":"info","level":2,"name":"stock-monitor","meta":{},"content":"发送数据: { unitPrice: \u001b[33m0.3873\u001b[39m, totalStock: \u001b[33m1728\u001b[39m, personalStock: \u001b[33m0\u001b[39m, totalMoney: \u001b[33m669.2697\u001b[39m, personalMoney: \u001b[33m0\u001b[39m }","timestamp":1773753291182}
{"id":1000,"type":"info","level":2,"name":"stock-monitor","meta":{},"content":"请求方法: POST","timestamp":1773753291182}
{"id":1001,"type":"info","level":2,"name":"stock-monitor","meta":{},"content":"发送成功: { success: \u001b[33mtrue\u001b[39m, message: \u001b[32m'股票数据接收成功'\u001b[39m, diskId: \u001b[33m56\u001b[39m, timestamp: \u001b[32m'2026-03-17T13:14:51.249Z'\u001b[39m }","timestamp":1773753291269}
{"id":1003,"type":"info","level":2,"name":"stock-monitor","meta":{},"content":"收到股票更新事件","timestamp":1773753416802}
{"id":1004,"type":"info","level":2,"name":"stock-monitor","meta":{},"content":"发送股票数据到: http://felinus.gnway.cc:8000/stock","timestamp":1773753416802}
{"id":1005,"type":"info","level":2,"name":"stock-monitor","meta":{},"content":"发送数据: { unitPrice: \u001b[33m0.6081\u001b[39m, totalStock: \u001b[33m2034\u001b[39m, personalStock: \u001b[33m0\u001b[39m, totalMoney: \u001b[33m1236.8243\u001b[39m, personalMoney: \u001b[33m0\u001b[39m }","timestamp":1773753416802}
{"id":1006,"type":"info","level":2,"name":"stock-monitor","meta":{},"content":"请求方法: POST","timestamp":1773753416803}
{"id":1007,"type":"info","level":2,"name":"stock-monitor","meta":{},"content":"发送成功: { success: \u001b[33mtrue\u001b[39m, message: \u001b[32m'股票数据接收成功'\u001b[39m, diskId: \u001b[33m56\u001b[39m, timestamp: \u001b[32m'2026-03-17T13:16:57.905Z'\u001b[39m }","timestamp":1773753417938}
{"id":1009,"type":"info","level":2,"name":"stock-monitor","meta":{},"content":"收到股票更新事件","timestamp":1773753531528}
{"id":1010,"type":"info","level":2,"name":"stock-monitor","meta":{},"content":"发送股票数据到: http://felinus.gnway.cc:8000/stock","timestamp":1773753531529}
{"id":1011,"type":"info","level":2,"name":"stock-monitor","meta":{},"content":"发送数据: { unitPrice: \u001b[33m0.298\u001b[39m, totalStock: \u001b[33m1734\u001b[39m, personalStock: \u001b[33m0\u001b[39m, totalMoney: \u001b[33m516.6569\u001b[39m, personalMoney: \u001b[33m0\u001b[39m }","timestamp":1773753531530}
{"id":1012,"type":"info","level":2,"name":"stock-monitor","meta":{},"content":"请求方法: POST","timestamp":1773753531530}
{"id":1013,"type":"info","level":2,"name":"stock-monitor","meta":{},"content":"发送成功: { success: \u001b[33mtrue\u001b[39m, message: \u001b[32m'股票数据接收成功'\u001b[39m, diskId: \u001b[33m56\u001b[39m, timestamp: \u001b[32m'2026-03-17T13:18:51.595Z'\u001b[39m }","timestamp":1773753531615}
{"id":1015,"type":"info","level":2,"name":"stock-monitor","meta":{},"content":"收到股票更新事件","timestamp":1773753654572}
{"id":1016,"type":"info","level":2,"name":"stock-monitor","meta":{},"content":"发送股票数据到: http://felinus.gnway.cc:8000/stock","timestamp":1773753654572}
{"id":1017,"type":"info","level":2,"name":"stock-monitor","meta":{},"content":"发送数据: { unitPrice: \u001b[33m0.286\u001b[39m, totalStock: \u001b[33m4830\u001b[39m, personalStock: \u001b[33m0\u001b[39m, totalMoney: \u001b[33m1381.5656\u001b[39m, personalMoney: \u001b[33m0\u001b[39m }","timestamp":1773753654572}
{"id":1018,"type":"info","level":2,"name":"stock-monitor","meta":{},"content":"请求方法: POST","timestamp":1773753654573}
{"id":1019,"type":"info","level":2,"name":"stock-monitor","meta":{},"content":"发送成功: { success: \u001b[33mtrue\u001b[39m, message: \u001b[32m'股票数据接收成功'\u001b[39m, diskId: \u001b[33m56\u001b[39m, timestamp: \u001b[32m'2026-03-17T13:20:54.641Z'\u001b[39m }","timestamp":1773753654660}
{"id":1021,"type":"info","level":2,"name":"stock-monitor","meta":{},"content":"收到股票更新事件","timestamp":1773753774066}
{"id":1022,"type":"info","level":2,"name":"stock-monitor","meta":{},"content":"发送股票数据到: http://felinus.gnway.cc:8000/stock","timestamp":1773753774066}
{"id":1023,"type":"info","level":2,"name":"stock-monitor","meta":{},"content":"发送数据: { unitPrice: \u001b[33m0.1373\u001b[39m, totalStock: \u001b[33m4832\u001b[39m, personalStock: \u001b[33m0\u001b[39m, totalMoney: \u001b[33m663.4261\u001b[39m, personalMoney: \u001b[33m0\u001b[39m }","timestamp":1773753774066}
{"id":1024,"type":"info","level":2,"name":"stock-monitor","meta":{},"content":"请求方法: POST","timestamp":1773753774067}
{"id":1025,"type":"info","level":2,"name":"stock-monitor","meta":{},"content":"发送成功: { success: \u001b[33mtrue\u001b[39m, message: \u001b[32m'股票数据接收成功'\u001b[39m, diskId: \u001b[33m56\u001b[39m, timestamp: \u001b[32m'2026-03-17T13:22:54.130Z'\u001b[39m }","timestamp":1773753774150}
{"id":1027,"type":"info","level":2,"name":"stock-monitor","meta":{},"content":"收到股票更新事件","timestamp":1773753892858}
{"id":1028,"type":"info","level":2,"name":"stock-monitor","meta":{},"content":"发送股票数据到: http://felinus.gnway.cc:8000/stock","timestamp":1773753892859}
{"id":1029,"type":"info","level":2,"name":"stock-monitor","meta":{},"content":"发送数据: { unitPrice: \u001b[33m0.1387\u001b[39m, totalStock: \u001b[33m8162\u001b[39m, personalStock: \u001b[33m0\u001b[39m, totalMoney: \u001b[33m1132.0261\u001b[39m, personalMoney: \u001b[33m0\u001b[39m }","timestamp":1773753892859}
{"id":1030,"type":"info","level":2,"name":"stock-monitor","meta":{},"content":"请求方法: POST","timestamp":1773753892859}
{"id":1031,"type":"info","level":2,"name":"stock-monitor","meta":{},"content":"发送成功: { success: \u001b[33mtrue\u001b[39m, message: \u001b[32m'股票数据接收成功'\u001b[39m, diskId: \u001b[33m56\u001b[39m, timestamp: \u001b[32m'2026-03-17T13:24:52.928Z'\u001b[39m }","timestamp":1773753892948}
{"id":1033,"type":"info","level":2,"name":"stock-monitor","meta":{},"content":"收到股票更新事件","timestamp":1773754011313}
{"id":1034,"type":"info","level":2,"name":"stock-monitor","meta":{},"content":"发送股票数据到: http://felinus.gnway.cc:8000/stock","timestamp":1773754011314}
{"id":1035,"type":"info","level":2,"name":"stock-monitor","meta":{},"content":"发送数据: { unitPrice: \u001b[33m0.0472\u001b[39m, totalStock: \u001b[33m8274\u001b[39m, personalStock: \u001b[33m0\u001b[39m, totalMoney: \u001b[33m390.1704\u001b[39m, personalMoney: \u001b[33m0\u001b[39m }","timestamp":1773754011314}
{"id":1036,"type":"info","level":2,"name":"stock-monitor","meta":{},"content":"请求方法: POST","timestamp":1773754011314}
{"id":1037,"type":"info","level":2,"name":"stock-monitor","meta":{},"content":"发送成功: { success: \u001b[33mtrue\u001b[39m, message: \u001b[32m'股票数据接收成功'\u001b[39m, diskId: \u001b[33m56\u001b[39m, timestamp: \u001b[32m'2026-03-17T13:26:51.378Z'\u001b[39m }","timestamp":1773754011398}
{"id":1039,"type":"info","level":2,"name":"stock-monitor","meta":{},"content":"收到股票更新事件","timestamp":1773754132067}
{"id":1040,"type":"info","level":2,"name":"stock-monitor","meta":{},"content":"发送股票数据到: http://felinus.gnway.cc:8000/stock","timestamp":1773754132068}
{"id":1041,"type":"info","level":2,"name":"stock-monitor","meta":{},"content":"发送数据: { unitPrice: \u001b[33m0.1426\u001b[39m, totalStock: \u001b[33m8274\u001b[39m, personalStock: \u001b[33m0\u001b[39m, totalMoney: \u001b[33m1180.1704\u001b[39m, personalMoney: \u001b[33m0\u001b[39m }","timestamp":1773754132068}
{"id":1042,"type":"info","level":2,"name":"stock-monitor","meta":{},"content":"请求方法: POST","timestamp":1773754132068}
{"id":1043,"type":"info","level":2,"name":"stock-monitor","meta":{},"content":"发送成功: { success: \u001b[33mtrue\u001b[39m, message: \u001b[32m'股票数据接收成功'\u001b[39m, diskId: \u001b[33m56\u001b[39m, timestamp: \u001b[32m'2026-03-17T13:28:52.128Z'\u001b[39m }","timestamp":1773754132150}
{"id":1045,"type":"info","level":2,"name":"stock-monitor","meta":{},"content":"收到股票更新事件","timestamp":1773754254321}
{"id":1046,"type":"info","level":2,"name":"stock-monitor","meta":{},"content":"发送股票数据到: http://felinus.gnway.cc:8000/stock","timestamp":1773754254321}
{"id":1047,"type":"info","level":2,"name":"stock-monitor","meta":{},"content":"发送数据: { unitPrice: \u001b[33m0.0314\u001b[39m, totalStock: \u001b[33m10935\u001b[39m, personalStock: \u001b[33m0\u001b[39m, totalMoney: \u001b[33m343.1395\u001b[39m, personalMoney: \u001b[33m0\u001b[39m }","timestamp":1773754254322}
{"id":1048,"type":"info","level":2,"name":"stock-monitor","meta":{},"content":"请求方法: POST","timestamp":1773754254322}
{"id":1049,"type":"info","level":2,"name":"stock-monitor","meta":{},"content":"发送成功: { success: \u001b[33mtrue\u001b[39m, message: \u001b[32m'股票数据接收成功'\u001b[39m, diskId: \u001b[33m56\u001b[39m, timestamp: \u001b[32m'2026-03-17T13:30:54.386Z'\u001b[39m }","timestamp":1773754254407}
{"id":1051,"type":"info","level":2,"name":"stock-monitor","meta":{},"content":"收到股票更新事件","timestamp":1773754371804}
{"id":1052,"type":"info","level":2,"name":"stock-monitor","meta":{},"content":"发送股票数据到: http://felinus.gnway.cc:8000/stock","timestamp":1773754371804}
{"id":1053,"type":"info","level":2,"name":"stock-monitor","meta":{},"content":"发送数据: { unitPrice: \u001b[33m0.0707\u001b[39m, totalStock: \u001b[33m10935\u001b[39m, personalStock: \u001b[33m0\u001b[39m, totalMoney: \u001b[33m773.1395\u001b[39m, personalMoney: \u001b[33m0\u001b[39m }","timestamp":1773754371804}
{"id":1054,"type":"info","level":2,"name":"stock-monitor","meta":{},"content":"请求方法: POST","timestamp":1773754371804}
{"id":1055,"type":"info","level":2,"name":"stock-monitor","meta":{},"content":"发送成功: { success: \u001b[33mtrue\u001b[39m, message: \u001b[32m'股票数据接收成功'\u001b[39m, diskId: \u001b[33m56\u001b[39m, timestamp: \u001b[32m'2026-03-17T13:32:51.865Z'\u001b[39m }","timestamp":1773754371885}
{"id":1057,"type":"info","level":2,"name":"stock-monitor","meta":{},"content":"收到股票更新事件","timestamp":1773754494819}
{"id":1058,"type":"info","level":2,"name":"stock-monitor","meta":{},"content":"发送股票数据到: http://felinus.gnway.cc:8000/stock","timestamp":1773754494819}
{"id":1059,"type":"info","level":2,"name":"stock-monitor","meta":{},"content":"发送数据: { unitPrice: \u001b[33m0.1201\u001b[39m, totalStock: \u001b[33m8914\u001b[39m, personalStock: \u001b[33m0\u001b[39m, totalMoney: \u001b[33m1070.2483\u001b[39m, personalMoney: \u001b[33m0\u001b[39m }","timestamp":1773754494820}
{"id":1060,"type":"info","level":2,"name":"stock-monitor","meta":{},"content":"请求方法: POST","timestamp":1773754494820}
{"id":1061,"type":"info","level":2,"name":"stock-monitor","meta":{},"content":"发送成功: { success: \u001b[33mtrue\u001b[39m, message: \u001b[32m'股票数据接收成功'\u001b[39m, diskId: \u001b[33m56\u001b[39m, timestamp: \u001b[32m'2026-03-17T13:34:54.880Z'\u001b[39m }","timestamp":1773754494901}
{"id":1063,"type":"info","level":2,"name":"stock-monitor","meta":{},"content":"收到股票更新事件","timestamp":1773754612607}
{"id":1064,"type":"info","level":2,"name":"stock-monitor","meta":{},"content":"发送股票数据到: http://felinus.gnway.cc:8000/stock","timestamp":1773754612607}
{"id":1065,"type":"info","level":2,"name":"stock-monitor","meta":{},"content":"发送数据: { unitPrice: \u001b[33m1\u001b[39m, totalStock: \u001b[33m4000\u001b[39m, personalStock: \u001b[33m0\u001b[39m, totalMoney: \u001b[33m4000\u001b[39m, personalMoney: \u001b[33m0\u001b[39m }","timestamp":1773754612608}
{"id":1066,"type":"info","level":2,"name":"stock-monitor","meta":{},"content":"请求方法: POST","timestamp":1773754612608}
{"id":1067,"type":"info","level":2,"name":"stock-monitor","meta":{},"content":"发送成功: { success: \u001b[33mtrue\u001b[39m, message: \u001b[32m'股票数据接收成功'\u001b[39m, diskId: \u001b[33m56\u001b[39m, timestamp: \u001b[32m'2026-03-17T13:36:52.678Z'\u001b[39m }","timestamp":1773754612699}
{"id":1069,"type":"info","level":2,"name":"stock-monitor","meta":{},"content":"收到股票更新事件","timestamp":1773754732701}
{"id":1070,"type":"info","level":2,"name":"stock-monitor","meta":{},"content":"发送股票数据到: http://felinus.gnway.cc:8000/stock","timestamp":1773754732702}
{"id":1071,"type":"info","level":2,"name":"stock-monitor","meta":{},"content":"发送数据: { unitPrice: \u001b[33m0.91\u001b[39m, totalStock: \u001b[33m1243\u001b[39m, personalStock: \u001b[33m0\u001b[39m, totalMoney: \u001b[33m1131.13\u001b[39m, personalMoney: \u001b[33m0\u001b[39m }","timestamp":1773754732702}
{"id":1072,"type":"info","level":2,"name":"stock-monitor","meta":{},"content":"请求方法: POST","timestamp":1773754732702}
{"id":1073,"type":"info","level":2,"name":"stock-monitor","meta":{},"content":"发送成功: { success: \u001b[33mtrue\u001b[39m, message: \u001b[32m'股票数据接收成功'\u001b[39m, diskId: \u001b[33m56\u001b[39m, timestamp: \u001b[32m'2026-03-17T13:38:52.755Z'\u001b[39m }","timestamp":1773754732775}
{"id":1074,"type":"warn","level":2,"name":"DEV:adapter-iirose","meta":{},"content":"获取或转换图片失败: http://s.iirose.com/images/icon/cartoon/601433.jpg HTTPError: fetch http://s.iirose.com/images/icon/cartoon/601433.jpg failed at \u001b[90mE:\\Desktop\\test\\koishiBot\\koishiBot\\\u001b[39mnode_modules\\\u001b[4m@cordisjs\u001b[24m\\plugin-http\\lib\\index.cjs:327:23 \u001b[90m    at process.processTicksAndRejections (node:internal/process/task_queues:95:5)\u001b[39m \u001b[90m    ... 3 lines matching cause stack trace ...\u001b[39m at async \u001b[90mE:\\Desktop\\test\\koishiBot\\koishiBot\\\u001b[39mnode_modules\\\u001b[4mkoishi-plugin-adapter-iirose\u001b[24m\\lib\\index.js:1126:29 { response: \u001b[90mundefined\u001b[39m, code: \u001b[90mundefined\u001b[39m, cause: TypeError: fetch failed \u001b[90m    at Object.fetch (node:internal/deps/undici/undici:11118:11)\u001b[39m \u001b[90m    at process.processTicksAndRejections (node:internal/process/task_queues:95:5)\u001b[39m at async [cordis.invoke] \u001b[90m(E:\\Desktop\\test\\koishiBot\\koishiBot\\\u001b[39mnode_modules\\\u001b[4m@cordisjs\u001b[24m\\plugin-http\\lib\\index.cjs:325:19\u001b[90m)\u001b[39m at async Proxy.file \u001b[90m(E:\\Desktop\\test\\koishiBot\\koishiBot\\\u001b[39mnode_modules\\\u001b[4m@cordisjs\u001b[24m\\plugin-http\\lib\\index.cjs:410:49\u001b[90m)\u001b[39m at async getImageAsBase64 \u001b[90m(E:\\Desktop\\test\\koishiBot\\koishiBot\\\u001b[39mnode_modules\\\u001b[4mkoishi-plugin-adapter-iirose\u001b[24m\\lib\\index.js:313:28\u001b[90m)\u001b[39m at async \u001b[90mE:\\Desktop\\test\\koishiBot\\koishiBot\\\u001b[39mnode_modules\\\u001b[4mkoishi-plugin-adapter-iirose\u001b[24m\\lib\\index.js:1126:29 { cause: ConnectTimeoutError: Connect Timeout Error at onConnectTimeout \u001b[90m(E:\\Desktop\\test\\koishiBot\\koishiBot\\\u001b[39mnode_modules\\\u001b[4mundici\u001b[24m\\lib\\core\\connect.js:190:24\u001b[90m)\u001b[39m at \u001b[90mE:\\Desktop\\test\\koishiBot\\koishiBot\\\u001b[39mnode_modules\\\u001b[4mundici\u001b[24m\\lib\\core\\connect.js:133:46 at Immediate._onImmediate \u001b[90m(E:\\Desktop\\test\\koishiBot\\koishiBot\\\u001b[39mnode_modules\\\u001b[4mundici\u001b[24m\\lib\\core\\connect.js:172:33\u001b[90m)\u001b[39m \u001b[90m    at process.processImmediate (node:internal/timers:471:21)\u001b[39m { code: \u001b[32m'UND_ERR_CONNECT_TIMEOUT'\u001b[39m } }, [\u001b[32mSymbol(cordis.http.error)\u001b[39m]: \u001b[33mtrue\u001b[39m }","timestamp":1773754742094}
{"id":1076,"type":"info","level":2,"name":"stock-monitor","meta":{},"content":"收到股票更新事件","timestamp":1773754852066}
{"id":1077,"type":"info","level":2,"name":"stock-monitor","meta":{},"content":"发送股票数据到: http://felinus.gnway.cc:8000/stock","timestamp":1773754852067}
{"id":1078,"type":"info","level":2,"name":"stock-monitor","meta":{},"content":"发送数据: { unitPrice: \u001b[33m1.1739\u001b[39m, totalStock: \u001b[33m1943\u001b[39m, personalStock: \u001b[33m0\u001b[39m, totalMoney: \u001b[33m2280.8877\u001b[39m, personalMoney: \u001b[33m0\u001b[39m }","timestamp":1773754852067}
{"id":1079,"type":"info","level":2,"name":"stock-monitor","meta":{},"content":"请求方法: POST","timestamp":1773754852067}
{"id":1080,"type":"info","level":2,"name":"stock-monitor","meta":{},"content":"发送成功: { success: \u001b[33mtrue\u001b[39m, message: \u001b[32m'股票数据接收成功'\u001b[39m, diskId: \u001b[33m56\u001b[39m, timestamp: \u001b[32m'2026-03-17T13:40:52.141Z'\u001b[39m }","timestamp":1773754852162}
{"id":1082,"type":"info","level":2,"name":"stock-monitor","meta":{},"content":"收到股票更新事件","timestamp":1773754972913}
{"id":1083,"type":"info","level":2,"name":"stock-monitor","meta":{},"content":"发送股票数据到: http://felinus.gnway.cc:8000/stock","timestamp":1773754972914}
{"id":1084,"type":"info","level":2,"name":"stock-monitor","meta":{},"content":"发送数据: { unitPrice: \u001b[33m0.54\u001b[39m, totalStock: \u001b[33m1552\u001b[39m, personalStock: \u001b[33m0\u001b[39m, totalMoney: \u001b[33m838.0707\u001b[39m, personalMoney: \u001b[33m0\u001b[39m }","timestamp":1773754972914}
{"id":1085,"type":"info","level":2,"name":"stock-monitor","meta":{},"content":"请求方法: POST","timestamp":1773754972914}
{"id":1086,"type":"info","level":2,"name":"stock-monitor","meta":{},"content":"发送成功: { success: \u001b[33mtrue\u001b[39m, message: \u001b[32m'股票数据接收成功'\u001b[39m, diskId: \u001b[33m56\u001b[39m, timestamp: \u001b[32m'2026-03-17T13:42:52.980Z'\u001b[39m }","timestamp":1773754973001}
{"id":1088,"type":"info","level":2,"name":"stock-monitor","meta":{},"content":"收到股票更新事件","timestamp":1773755092537}
{"id":1089,"type":"info","level":2,"name":"stock-monitor","meta":{},"content":"发送股票数据到: http://felinus.gnway.cc:8000/stock","timestamp":1773755092537}
{"id":1090,"type":"info","level":2,"name":"stock-monitor","meta":{},"content":"发送数据: { unitPrice: \u001b[33m0.1728\u001b[39m, totalStock: \u001b[33m2402\u001b[39m, personalStock: \u001b[33m0\u001b[39m, totalMoney: \u001b[33m415.061\u001b[39m, personalMoney: \u001b[33m0\u001b[39m }","timestamp":1773755092538}
{"id":1091,"type":"info","level":2,"name":"stock-monitor","meta":{},"content":"请求方法: POST","timestamp":1773755092538}
{"id":1092,"type":"info","level":2,"name":"stock-monitor","meta":{},"content":"发送成功: { success: \u001b[33mtrue\u001b[39m, message: \u001b[32m'股票数据接收成功'\u001b[39m, diskId: \u001b[33m56\u001b[39m, timestamp: \u001b[32m'2026-03-17T13:44:52.597Z'\u001b[39m }","timestamp":1773755092616}
{"id":1094,"type":"info","level":2,"name":"stock-monitor","meta":{},"content":"收到股票更新事件","timestamp":1773755213638}
{"id":1095,"type":"info","level":2,"name":"stock-monitor","meta":{},"content":"发送股票数据到: http://felinus.gnway.cc:8000/stock","timestamp":1773755213639}
{"id":1096,"type":"info","level":2,"name":"stock-monitor","meta":{},"content":"发送数据: { unitPrice: \u001b[33m1\u001b[39m, totalStock: \u001b[33m1000\u001b[39m, personalStock: \u001b[33m0\u001b[39m, totalMoney: \u001b[33m1000\u001b[39m, personalMoney: \u001b[33m0\u001b[39m }","timestamp":1773755213639}
{"id":1097,"type":"info","level":2,"name":"stock-monitor","meta":{},"content":"请求方法: POST","timestamp":1773755213639}
{"id":1098,"type":"info","level":2,"name":"stock-monitor","meta":{},"content":"发送成功: { success: \u001b[33mtrue\u001b[39m, message: \u001b[32m'崩盘，新盘已创建'\u001b[39m, diskId: \u001b[33m57\u001b[39m, timestamp: \u001b[32m'2026-03-17T13:46:53.707Z'\u001b[39m }","timestamp":1773755213727}
{"id":1100,"type":"info","level":2,"name":"stock-monitor","meta":{},"content":"收到股票更新事件","timestamp":1773755332686}
{"id":1101,"type":"info","level":2,"name":"stock-monitor","meta":{},"content":"发送股票数据到: http://felinus.gnway.cc:8000/stock","timestamp":1773755332686}
{"id":1102,"type":"info","level":2,"name":"stock-monitor","meta":{},"content":"发送数据: { unitPrice: \u001b[33m1.08\u001b[39m, totalStock: \u001b[33m1086\u001b[39m, personalStock: \u001b[33m0\u001b[39m, totalMoney: \u001b[33m1172.88\u001b[39m, personalMoney: \u001b[33m0\u001b[39m }","timestamp":1773755332687}
{"id":1103,"type":"info","level":2,"name":"stock-monitor","meta":{},"content":"请求方法: POST","timestamp":1773755332687}
{"id":1104,"type":"info","level":2,"name":"stock-monitor","meta":{},"content":"发送成功: { success: \u001b[33mtrue\u001b[39m, message: \u001b[32m'股票数据接收成功'\u001b[39m, diskId: \u001b[33m57\u001b[39m, timestamp: \u001b[32m'2026-03-17T13:48:52.738Z'\u001b[39m }","timestamp":1773755332984}
{"id":1106,"type":"info","level":2,"name":"stock-monitor","meta":{},"content":"收到股票更新事件","timestamp":1773755453860}
{"id":1107,"type":"info","level":2,"name":"stock-monitor","meta":{},"content":"发送股票数据到: http://felinus.gnway.cc:8000/stock","timestamp":1773755453860}
{"id":1108,"type":"info","level":2,"name":"stock-monitor","meta":{},"content":"发送数据: { unitPrice: \u001b[33m0.378\u001b[39m, totalStock: \u001b[33m1084\u001b[39m, personalStock: \u001b[33m0\u001b[39m, totalMoney: \u001b[33m409.752\u001b[39m, personalMoney: \u001b[33m0\u001b[39m }","timestamp":1773755453861}
{"id":1109,"type":"info","level":2,"name":"stock-monitor","meta":{},"content":"请求方法: POST","timestamp":1773755453861}
{"id":1110,"type":"info","level":2,"name":"stock-monitor","meta":{},"content":"发送成功: { success: \u001b[33mtrue\u001b[39m, message: \u001b[32m'股票数据接收成功'\u001b[39m, diskId: \u001b[33m57\u001b[39m, timestamp: \u001b[32m'2026-03-17T13:50:53.921Z'\u001b[39m }","timestamp":1773755453941}
{"id":1112,"type":"info","level":2,"name":"stock-monitor","meta":{},"content":"收到股票更新事件","timestamp":1773755575496}
{"id":1113,"type":"info","level":2,"name":"stock-monitor","meta":{},"content":"发送股票数据到: http://felinus.gnway.cc:8000/stock","timestamp":1773755575498}
{"id":1114,"type":"info","level":2,"name":"stock-monitor","meta":{},"content":"发送数据: { unitPrice: \u001b[33m0.1828\u001b[39m, totalStock: \u001b[33m1588\u001b[39m, personalStock: \u001b[33m0\u001b[39m, totalMoney: \u001b[33m290.264\u001b[39m, personalMoney: \u001b[33m0\u001b[39m }","timestamp":1773755575498}
{"id":1115,"type":"info","level":2,"name":"stock-monitor","meta":{},"content":"请求方法: POST","timestamp":1773755575498}
{"id":1116,"type":"info","level":2,"name":"stock-monitor","meta":{},"content":"发送成功: { success: \u001b[33mtrue\u001b[39m, message: \u001b[32m'股票数据接收成功'\u001b[39m, diskId: \u001b[33m57\u001b[39m, timestamp: \u001b[32m'2026-03-17T13:52:55.550Z'\u001b[39m }","timestamp":1773755575570}
{"id":1118,"type":"info","level":2,"name":"stock-monitor","meta":{},"content":"收到股票更新事件","timestamp":1773755692776}
{"id":1119,"type":"info","level":2,"name":"stock-monitor","meta":{},"content":"发送股票数据到: http://felinus.gnway.cc:8000/stock","timestamp":1773755692777}
{"id":1120,"type":"info","level":2,"name":"stock-monitor","meta":{},"content":"发送数据: { unitPrice: \u001b[33m0.0396\u001b[39m, totalStock: \u001b[33m4121\u001b[39m, personalStock: \u001b[33m0\u001b[39m, totalMoney: \u001b[33m163.2607\u001b[39m, personalMoney: \u001b[33m0\u001b[39m }","timestamp":1773755692777}
{"id":1121,"type":"info","level":2,"name":"stock-monitor","meta":{},"content":"请求方法: POST","timestamp":1773755692777}
{"id":1122,"type":"info","level":2,"name":"stock-monitor","meta":{},"content":"发送成功: { success: \u001b[33mtrue\u001b[39m, message: \u001b[32m'股票数据接收成功'\u001b[39m, diskId: \u001b[33m57\u001b[39m, timestamp: \u001b[32m'2026-03-17T13:54:52.843Z'\u001b[39m }","timestamp":1773755692861}
{"id":1124,"type":"info","level":2,"name":"stock-monitor","meta":{},"content":"收到股票更新事件","timestamp":1773755816980}
{"id":1125,"type":"info","level":2,"name":"stock-monitor","meta":{},"content":"发送股票数据到: http://felinus.gnway.cc:8000/stock","timestamp":1773755816981}
{"id":1126,"type":"info","level":2,"name":"stock-monitor","meta":{},"content":"发送数据: { unitPrice: \u001b[33m0.0129\u001b[39m, totalStock: \u001b[33m4121\u001b[39m, personalStock: \u001b[33m0\u001b[39m, totalMoney: \u001b[33m53.2607\u001b[39m, personalMoney: \u001b[33m0\u001b[39m }","timestamp":1773755816981}
{"id":1127,"type":"info","level":2,"name":"stock-monitor","meta":{},"content":"请求方法: POST","timestamp":1773755816981}
{"id":1128,"type":"info","level":2,"name":"stock-monitor","meta":{},"content":"发送成功: { success: \u001b[33mtrue\u001b[39m, message: \u001b[32m'股票数据接收成功'\u001b[39m, diskId: \u001b[33m57\u001b[39m, timestamp: \u001b[32m'2026-03-17T13:56:57.046Z'\u001b[39m }","timestamp":1773755817066}
{"id":1130,"type":"info","level":2,"name":"stock-monitor","meta":{},"content":"收到股票更新事件","timestamp":1773755932913}
{"id":1131,"type":"info","level":2,"name":"stock-monitor","meta":{},"content":"发送股票数据到: http://felinus.gnway.cc:8000/stock","timestamp":1773755932914}
{"id":1132,"type":"info","level":2,"name":"stock-monitor","meta":{},"content":"发送数据: { unitPrice: \u001b[33m1\u001b[39m, totalStock: \u001b[33m1000\u001b[39m, personalStock: \u001b[33m0\u001b[39m, totalMoney: \u001b[33m1000\u001b[39m, personalMoney: \u001b[33m0\u001b[39m }","timestamp":1773755932914}
{"id":1133,"type":"info","level":2,"name":"stock-monitor","meta":{},"content":"请求方法: POST","timestamp":1773755932914}
{"id":1134,"type":"info","level":2,"name":"stock-monitor","meta":{},"content":"发送成功: { success: \u001b[33mtrue\u001b[39m, message: \u001b[32m'崩盘，新盘已创建'\u001b[39m, diskId: \u001b[33m58\u001b[39m, timestamp: \u001b[32m'2026-03-17T13:58:52.979Z'\u001b[39m }","timestamp":1773755933224}
{"id":1148,"type":"info","level":2,"name":"stock-monitor","meta":{},"content":"收到股票更新事件","timestamp":1773756053419}
{"id":1149,"type":"info","level":2,"name":"stock-monitor","meta":{},"content":"发送股票数据到: http://felinus.gnway.cc:8000/stock","timestamp":1773756053420}
{"id":1150,"type":"info","level":2,"name":"stock-monitor","meta":{},"content":"发送数据: { unitPrice: \u001b[33m0.2\u001b[39m, totalStock: \u001b[33m1440\u001b[39m, personalStock: \u001b[33m0\u001b[39m, totalMoney: \u001b[33m288\u001b[39m, personalMoney: \u001b[33m0\u001b[39m }","timestamp":1773756053421}
{"id":1151,"type":"info","level":2,"name":"stock-monitor","meta":{},"content":"请求方法: POST","timestamp":1773756053421}
{"id":1152,"type":"info","level":2,"name":"stock-monitor","meta":{},"content":"发送成功: { success: \u001b[33mtrue\u001b[39m, message: \u001b[32m'股票数据接收成功'\u001b[39m, diskId: \u001b[33m58\u001b[39m, timestamp: \u001b[32m'2026-03-17T14:00:53.483Z'\u001b[39m }","timestamp":1773756053503}
{"id":1154,"type":"info","level":2,"name":"stock-monitor","meta":{},"content":"收到股票更新事件","timestamp":1773756175125}
{"id":1155,"type":"info","level":2,"name":"stock-monitor","meta":{},"content":"发送股票数据到: http://felinus.gnway.cc:8000/stock","timestamp":1773756175126}
{"id":1156,"type":"info","level":2,"name":"stock-monitor","meta":{},"content":"发送数据: { unitPrice: \u001b[33m0.132\u001b[39m, totalStock: \u001b[33m8990\u001b[39m, personalStock: \u001b[33m0\u001b[39m, totalMoney: \u001b[33m1186.68\u001b[39m, personalMoney: \u001b[33m0\u001b[39m }","timestamp":1773756175126}
{"id":1157,"type":"info","level":2,"name":"stock-monitor","meta":{},"content":"请求方法: POST","timestamp":1773756175127}
{"id":1158,"type":"info","level":2,"name":"stock-monitor","meta":{},"content":"发送成功: { success: \u001b[33mtrue\u001b[39m, message: \u001b[32m'股票数据接收成功'\u001b[39m, diskId: \u001b[33m58\u001b[39m, timestamp: \u001b[32m'2026-03-17T14:02:55.191Z'\u001b[39m }","timestamp":1773756175225}
{"id":1160,"type":"info","level":2,"name":"stock-monitor","meta":{},"content":"收到股票更新事件","timestamp":1773756295705}
{"id":1161,"type":"info","level":2,"name":"stock-monitor","meta":{},"content":"发送股票数据到: http://felinus.gnway.cc:8000/stock","timestamp":1773756295705}
{"id":1162,"type":"info","level":2,"name":"stock-monitor","meta":{},"content":"发送数据: { unitPrice: \u001b[33m0.2455\u001b[39m, totalStock: \u001b[33m34234\u001b[39m, personalStock: \u001b[33m0\u001b[39m, totalMoney: \u001b[33m8405.1317\u001b[39m, personalMoney: \u001b[33m0\u001b[39m }","timestamp":1773756295705}
{"id":1163,"type":"info","level":2,"name":"stock-monitor","meta":{},"content":"请求方法: POST","timestamp":1773756295706}
{"id":1164,"type":"info","level":2,"name":"stock-monitor","meta":{},"content":"发送成功: { success: \u001b[33mtrue\u001b[39m, message: \u001b[32m'股票数据接收成功'\u001b[39m, diskId: \u001b[33m58\u001b[39m, timestamp: \u001b[32m'2026-03-17T14:04:55.772Z'\u001b[39m }","timestamp":1773756295791}
{"id":1166,"type":"info","level":2,"name":"stock-monitor","meta":{},"content":"收到股票更新事件","timestamp":1773756414608}
{"id":1167,"type":"info","level":2,"name":"stock-monitor","meta":{},"content":"发送股票数据到: http://felinus.gnway.cc:8000/stock","timestamp":1773756414608}
{"id":1168,"type":"info","level":2,"name":"stock-monitor","meta":{},"content":"发送数据: { unitPrice: \u001b[33m0.3904\u001b[39m, totalStock: \u001b[33m4740\u001b[39m, personalStock: \u001b[33m0\u001b[39m, totalMoney: \u001b[33m1850.386\u001b[39m, personalMoney: \u001b[33m0\u001b[39m }","timestamp":1773756414608}
{"id":1169,"type":"info","level":2,"name":"stock-monitor","meta":{},"content":"请求方法: POST","timestamp":1773756414609}
{"id":1170,"type":"info","level":2,"name":"stock-monitor","meta":{},"content":"发送成功: { success: \u001b[33mtrue\u001b[39m, message: \u001b[32m'股票数据接收成功'\u001b[39m, diskId: \u001b[33m58\u001b[39m, timestamp: \u001b[32m'2026-03-17T14:06:54.676Z'\u001b[39m }","timestamp":1773756414699}
{"id":1182,"type":"info","level":2,"name":"stock-monitor","meta":{},"content":"收到股票更新事件","timestamp":1773756539510}
{"id":1183,"type":"info","level":2,"name":"stock-monitor","meta":{},"content":"发送股票数据到: http://felinus.gnway.cc:8000/stock","timestamp":1773756539510}
{"id":1184,"type":"info","level":2,"name":"stock-monitor","meta":{},"content":"发送数据: { unitPrice: \u001b[33m0.3982\u001b[39m, totalStock: \u001b[33m2552\u001b[39m, personalStock: \u001b[33m0\u001b[39m, totalMoney: \u001b[33m1016.2416\u001b[39m, personalMoney: \u001b[33m0\u001b[39m }","timestamp":1773756539510}
{"id":1185,"type":"info","level":2,"name":"stock-monitor","meta":{},"content":"请求方法: POST","timestamp":1773756539511}
{"id":1186,"type":"info","level":2,"name":"stock-monitor","meta":{},"content":"发送成功: { success: \u001b[33mtrue\u001b[39m, message: \u001b[32m'股票数据接收成功'\u001b[39m, diskId: \u001b[33m58\u001b[39m, timestamp: \u001b[32m'2026-03-17T14:08:59.570Z'\u001b[39m }","timestamp":1773756539590}
{"id":1188,"type":"info","level":2,"name":"stock-monitor","meta":{},"content":"收到股票更新事件","timestamp":1773756655717}
{"id":1189,"type":"info","level":2,"name":"stock-monitor","meta":{},"content":"发送股票数据到: http://felinus.gnway.cc:8000/stock","timestamp":1773756655717}
{"id":1190,"type":"info","level":2,"name":"stock-monitor","meta":{},"content":"发送数据: { unitPrice: \u001b[33m0.043\u001b[39m, totalStock: \u001b[33m2252\u001b[39m, personalStock: \u001b[33m0\u001b[39m, totalMoney: \u001b[33m96.7775\u001b[39m, personalMoney: \u001b[33m0\u001b[39m }","timestamp":1773756655718}
{"id":1191,"type":"info","level":2,"name":"stock-monitor","meta":{},"content":"请求方法: POST","timestamp":1773756655718}
{"id":1192,"type":"info","level":2,"name":"stock-monitor","meta":{},"content":"发送成功: { success: \u001b[33mtrue\u001b[39m, message: \u001b[32m'股票数据接收成功'\u001b[39m, diskId: \u001b[33m58\u001b[39m, timestamp: \u001b[32m'2026-03-17T14:10:55.780Z'\u001b[39m }","timestamp":1773756655801}
{"id":1194,"type":"info","level":2,"name":"stock-monitor","meta":{},"content":"收到股票更新事件","timestamp":1773756776246}
{"id":1195,"type":"info","level":2,"name":"stock-monitor","meta":{},"content":"发送股票数据到: http://felinus.gnway.cc:8000/stock","timestamp":1773756776246}
{"id":1196,"type":"info","level":2,"name":"stock-monitor","meta":{},"content":"发送数据: { unitPrice: \u001b[33m1\u001b[39m, totalStock: \u001b[33m1000\u001b[39m, personalStock: \u001b[33m0\u001b[39m, totalMoney: \u001b[33m1000\u001b[39m, personalMoney: \u001b[33m0\u001b[39m }","timestamp":1773756776246}
{"id":1197,"type":"info","level":2,"name":"stock-monitor","meta":{},"content":"请求方法: POST","timestamp":1773756776247}
{"id":1198,"type":"info","level":2,"name":"stock-monitor","meta":{},"content":"发送成功: { success: \u001b[33mtrue\u001b[39m, message: \u001b[32m'崩盘，新盘已创建'\u001b[39m, diskId: \u001b[33m59\u001b[39m, timestamp: \u001b[32m'2026-03-17T14:12:56.305Z'\u001b[39m }","timestamp":1773756776324}
{"id":1200,"type":"info","level":2,"name":"stock-monitor","meta":{},"content":"收到股票更新事件","timestamp":1773756896409}
{"id":1201,"type":"info","level":2,"name":"stock-monitor","meta":{},"content":"发送股票数据到: http://felinus.gnway.cc:8000/stock","timestamp":1773756896409}
{"id":1202,"type":"info","level":2,"name":"stock-monitor","meta":{},"content":"发送数据: { unitPrice: \u001b[33m0.41\u001b[39m, totalStock: \u001b[33m2047\u001b[39m, personalStock: \u001b[33m0\u001b[39m, totalMoney: \u001b[33m839.27\u001b[39m, personalMoney: \u001b[33m0\u001b[39m }","timestamp":1773756896409}
{"id":1203,"type":"info","level":2,"name":"stock-monitor","meta":{},"content":"请求方法: POST","timestamp":1773756896410}
{"id":1204,"type":"info","level":2,"name":"stock-monitor","meta":{},"content":"发送成功: { success: \u001b[33mtrue\u001b[39m, message: \u001b[32m'股票数据接收成功'\u001b[39m, diskId: \u001b[33m59\u001b[39m, timestamp: \u001b[32m'2026-03-17T14:14:57.476Z'\u001b[39m }","timestamp":1773756897494}
{"id":1233,"type":"info","level":2,"name":"stock-monitor","meta":{},"content":"收到股票更新事件","timestamp":1773757016806}
{"id":1234,"type":"info","level":2,"name":"stock-monitor","meta":{},"content":"发送股票数据到: http://felinus.gnway.cc:8000/stock","timestamp":1773757016807}
{"id":1235,"type":"info","level":2,"name":"stock-monitor","meta":{},"content":"发送数据: { unitPrice: \u001b[33m0.0328\u001b[39m, totalStock: \u001b[33m4552\u001b[39m, personalStock: \u001b[33m0\u001b[39m, totalMoney: \u001b[33m149.3056\u001b[39m, personalMoney: \u001b[33m0\u001b[39m }","timestamp":1773757016807}
{"id":1236,"type":"info","level":2,"name":"stock-monitor","meta":{},"content":"请求方法: POST","timestamp":1773757016807}
{"id":1237,"type":"info","level":2,"name":"stock-monitor","meta":{},"content":"发送成功: { success: \u001b[33mtrue\u001b[39m, message: \u001b[32m'股票数据接收成功'\u001b[39m, diskId: \u001b[33m59\u001b[39m, timestamp: \u001b[32m'2026-03-17T14:16:56.863Z'\u001b[39m }","timestamp":1773757016885}
{"id":1239,"type":"info","level":2,"name":"stock-monitor","meta":{},"content":"收到股票更新事件","timestamp":1773757135871}
{"id":1240,"type":"info","level":2,"name":"stock-monitor","meta":{},"content":"发送股票数据到: http://felinus.gnway.cc:8000/stock","timestamp":1773757135871}
{"id":1241,"type":"info","level":2,"name":"stock-monitor","meta":{},"content":"发送数据: { unitPrice: \u001b[33m1\u001b[39m, totalStock: \u001b[33m1000\u001b[39m, personalStock: \u001b[33m0\u001b[39m, totalMoney: \u001b[33m1000\u001b[39m, personalMoney: \u001b[33m0\u001b[39m }","timestamp":1773757135872}
{"id":1242,"type":"info","level":2,"name":"stock-monitor","meta":{},"content":"请求方法: POST","timestamp":1773757135872}
{"id":1243,"type":"info","level":2,"name":"stock-monitor","meta":{},"content":"发送成功: { success: \u001b[33mtrue\u001b[39m, message: \u001b[32m'崩盘，新盘已创建'\u001b[39m, diskId: \u001b[33m60\u001b[39m, timestamp: \u001b[32m'2026-03-17T14:18:55.930Z'\u001b[39m }","timestamp":1773757135950}
{"id":1244,"type":"warn","level":2,"name":"DEV:adapter-iirose","meta":{},"content":"获取或转换图片失败: http://s.iirose.com/images/icon/cartoon/601433.jpg HTTPError: fetch http://s.iirose.com/images/icon/cartoon/601433.jpg failed at \u001b[90mE:\\Desktop\\test\\koishiBot\\koishiBot\\\u001b[39mnode_modules\\\u001b[4m@cordisjs\u001b[24m\\plugin-http\\lib\\index.cjs:327:23 at async [cordis.invoke] \u001b[90m(E:\\Desktop\\test\\koishiBot\\koishiBot\\\u001b[39mnode_modules\\\u001b[4m@cordisjs\u001b[24m\\plugin-http\\lib\\index.cjs:325:19\u001b[90m)\u001b[39m \u001b[90m    ... 2 lines matching cause stack trace ...\u001b[39m at async \u001b[90mE:\\Desktop\\test\\koishiBot\\koishiBot\\\u001b[39mnode_modules\\\u001b[4mkoishi-plugin-adapter-iirose\u001b[24m\\lib\\index.js:1126:29 { response: \u001b[90mundefined\u001b[39m, code: \u001b[90mundefined\u001b[39m, cause: TypeError: fetch failed \u001b[90m    at Object.fetch (node:internal/deps/undici/undici:11118:11)\u001b[39m at async [cordis.invoke] \u001b[90m(E:\\Desktop\\test\\koishiBot\\koishiBot\\\u001b[39mnode_modules\\\u001b[4m@cordisjs\u001b[24m\\plugin-http\\lib\\index.cjs:325:19\u001b[90m)\u001b[39m at async Proxy.file \u001b[90m(E:\\Desktop\\test\\koishiBot\\koishiBot\\\u001b[39mnode_modules\\\u001b[4m@cordisjs\u001b[24m\\plugin-http\\lib\\index.cjs:410:49\u001b[90m)\u001b[39m at async getImageAsBase64 \u001b[90m(E:\\Desktop\\test\\koishiBot\\koishiBot\\\u001b[39mnode_modules\\\u001b[4mkoishi-plugin-adapter-iirose\u001b[24m\\lib\\index.js:313:28\u001b[90m)\u001b[39m at async \u001b[90mE:\\Desktop\\test\\koishiBot\\koishiBot\\\u001b[39mnode_modules\\\u001b[4mkoishi-plugin-adapter-iirose\u001b[24m\\lib\\index.js:1126:29 { cause: Error: read ECONNRESET \u001b[90m    at __node_internal_captureLargerStackTrace (node:internal/errors:484:5)\u001b[39m \u001b[90m    at __node_internal_errnoException (node:internal/errors:614:12)\u001b[39m \u001b[90m    at TCP.onStreamRead (node:internal/stream_base_commons:217:20)\u001b[39m { errno: \u001b[33m-4077\u001b[39m, code: \u001b[32m'ECONNRESET'\u001b[39m, syscall: \u001b[32m'read'\u001b[39m } }, [\u001b[32mSymbol(cordis.http.error)\u001b[39m]: \u001b[33mtrue\u001b[39m }","timestamp":1773757208710}
{"id":1246,"type":"info","level":2,"name":"stock-monitor","meta":{},"content":"收到股票更新事件","timestamp":1773757255405}
{"id":1247,"type":"info","level":2,"name":"stock-monitor","meta":{},"content":"发送股票数据到: http://felinus.gnway.cc:8000/stock","timestamp":1773757255406}
{"id":1248,"type":"info","level":2,"name":"stock-monitor","meta":{},"content":"发送数据: { unitPrice: \u001b[33m0.35\u001b[39m, totalStock: \u001b[33m1000\u001b[39m, personalStock: \u001b[33m0\u001b[39m, totalMoney: \u001b[33m350\u001b[39m, personalMoney: \u001b[33m0\u001b[39m }","timestamp":1773757255406}
{"id":1249,"type":"info","level":2,"name":"stock-monitor","meta":{},"content":"请求方法: POST","timestamp":1773757255406}
{"id":1250,"type":"info","level":2,"name":"stock-monitor","meta":{},"content":"发送成功: { success: \u001b[33mtrue\u001b[39m, message: \u001b[32m'股票数据接收成功'\u001b[39m, diskId: \u001b[33m60\u001b[39m, timestamp: \u001b[32m'2026-03-17T14:20:55.469Z'\u001b[39m }","timestamp":1773757255489}
{"id":1252,"type":"info","level":2,"name":"stock-monitor","meta":{},"content":"收到股票更新事件","timestamp":1773757377389}
{"id":1253,"type":"info","level":2,"name":"stock-monitor","meta":{},"content":"发送股票数据到: http://felinus.gnway.cc:8000/stock","timestamp":1773757377391}
{"id":1254,"type":"info","level":2,"name":"stock-monitor","meta":{},"content":"发送数据: { unitPrice: \u001b[33m0.4445\u001b[39m, totalStock: \u001b[33m11000\u001b[39m, personalStock: \u001b[33m0\u001b[39m, totalMoney: \u001b[33m4889.5\u001b[39m, personalMoney: \u001b[33m0\u001b[39m }","timestamp":1773757377391}
{"id":1255,"type":"info","level":2,"name":"stock-monitor","meta":{},"content":"请求方法: POST","timestamp":1773757377391}
{"id":1256,"type":"info","level":2,"name":"stock-monitor","meta":{},"content":"发送成功: { success: \u001b[33mtrue\u001b[39m, message: \u001b[32m'股票数据接收成功'\u001b[39m, diskId: \u001b[33m60\u001b[39m, timestamp: \u001b[32m'2026-03-17T14:22:57.442Z'\u001b[39m }","timestamp":1773757377462}
{"id":1258,"type":"info","level":2,"name":"stock-monitor","meta":{},"content":"收到股票更新事件","timestamp":1773757496220}
{"id":1259,"type":"info","level":2,"name":"stock-monitor","meta":{},"content":"发送股票数据到: http://felinus.gnway.cc:8000/stock","timestamp":1773757496221}
{"id":1260,"type":"info","level":2,"name":"stock-monitor","meta":{},"content":"发送数据: { unitPrice: \u001b[33m1.0712\u001b[39m, totalStock: \u001b[33m1500\u001b[39m, personalStock: \u001b[33m0\u001b[39m, totalMoney: \u001b[33m1606.75\u001b[39m, personalMoney: \u001b[33m0\u001b[39m }","timestamp":1773757496222}
{"id":1261,"type":"info","level":2,"name":"stock-monitor","meta":{},"content":"请求方法: POST","timestamp":1773757496222}
{"id":1262,"type":"info","level":2,"name":"stock-monitor","meta":{},"content":"发送成功: { success: \u001b[33mtrue\u001b[39m, message: \u001b[32m'股票数据接收成功'\u001b[39m, diskId: \u001b[33m60\u001b[39m, timestamp: \u001b[32m'2026-03-17T14:24:56.286Z'\u001b[39m }","timestamp":1773757496307}
{"id":1263,"type":"info","level":2,"name":"stock-monitor","meta":{},"content":"收到股票更新事件","timestamp":1773757566831}
{"id":1264,"type":"info","level":2,"name":"stock-monitor","meta":{},"content":"发送股票数据到: http://felinus.gnway.cc:8000/stock","timestamp":1773757566831}
{"id":1265,"type":"info","level":2,"name":"stock-monitor","meta":{},"content":"发送数据: { unitPrice: \u001b[33m1.0712\u001b[39m, totalStock: \u001b[33m1400\u001b[39m, personalStock: \u001b[33m0\u001b[39m, totalMoney: \u001b[33m1499.6333\u001b[39m, personalMoney: \u001b[33m0\u001b[39m }","timestamp":1773757566831}
{"id":1266,"type":"info","level":2,"name":"stock-monitor","meta":{},"content":"请求方法: POST","timestamp":1773757566833}
{"id":1267,"type":"info","level":2,"name":"stock-monitor","meta":{},"content":"发送成功: { success: \u001b[33mtrue\u001b[39m, message: \u001b[32m'股票数据接收成功'\u001b[39m, diskId: \u001b[33m60\u001b[39m, timestamp: \u001b[32m'2026-03-17T14:26:06.968Z'\u001b[39m }","timestamp":1773757567019}
{"id":1268,"type":"warn","level":2,"name":"DEV:adapter-iirose","meta":{},"content":"获取或转换图片失败: http://s.iirose.com/images/icon/cartoon/601433.jpg TypeError: terminated \u001b[90m    at Fetch.onAborted (node:internal/deps/undici/undici:11000:53)\u001b[39m \u001b[90m    at Fetch.emit (node:events:513:28)\u001b[39m \u001b[90m    at Fetch.terminate (node:internal/deps/undici/undici:10272:14)\u001b[39m \u001b[90m    at Object.onError (node:internal/deps/undici/undici:11095:36)\u001b[39m at Request.onError \u001b[90m(E:\\Desktop\\test\\koishiBot\\koishiBot\\\u001b[39mnode_modules\\\u001b[4mundici\u001b[24m\\lib\\core\\request.js:298:27\u001b[90m)\u001b[39m at Object.errorRequest \u001b[90m(E:\\Desktop\\test\\koishiBot\\koishiBot\\\u001b[39mnode_modules\\\u001b[4mundici\u001b[24m\\lib\\core\\util.js:560:13\u001b[90m)\u001b[39m at Socket.<anonymous> \u001b[90m(E:\\Desktop\\test\\koishiBot\\koishiBot\\\u001b[39mnode_modules\\\u001b[4mundici\u001b[24m\\lib\\dispatcher\\client-h1.js:716:12\u001b[90m)\u001b[39m \u001b[90m    at Socket.emit (node:events:525:35)\u001b[39m \u001b[90m    at TCP.<anonymous> (node:net:313:12)\u001b[39m { [cause]: BodyTimeoutError: Body Timeout Error at Timeout.onParserTimeout [as callback] \u001b[90m(E:\\Desktop\\test\\koishiBot\\koishiBot\\\u001b[39mnode_modules\\\u001b[4mundici\u001b[24m\\lib\\dispatcher\\client-h1.js:626:28\u001b[90m)\u001b[39m at Timeout.onTimeout [as _onTimeout] \u001b[90m(E:\\Desktop\\test\\koishiBot\\koishiBot\\\u001b[39mnode_modules\\\u001b[4mundici\u001b[24m\\lib\\util\\timers.js:20:13\u001b[90m)\u001b[39m \u001b[90m    at listOnTimeout (node:internal/timers:564:17)\u001b[39m \u001b[90m    at process.processTimers (node:internal/timers:507:7)\u001b[39m { code: \u001b[32m'UND_ERR_BODY_TIMEOUT'\u001b[39m } }","timestamp":1773757599875}
{"id":1270,"type":"info","level":2,"name":"stock-monitor","meta":{},"content":"收到股票更新事件","timestamp":1773757615576}
{"id":1271,"type":"info","level":2,"name":"stock-monitor","meta":{},"content":"发送股票数据到: http://felinus.gnway.cc:8000/stock","timestamp":1773757615577}
{"id":1272,"type":"info","level":2,"name":"stock-monitor","meta":{},"content":"发送数据: { unitPrice: \u001b[33m1.4996\u001b[39m, totalStock: \u001b[33m1600\u001b[39m, personalStock: \u001b[33m0\u001b[39m, totalMoney: \u001b[33m2399.4133\u001b[39m, personalMoney: \u001b[33m0\u001b[39m }","timestamp":1773757615577}
{"id":1273,"type":"info","level":2,"name":"stock-monitor","meta":{},"content":"请求方法: POST","timestamp":1773757615579}
{"id":1274,"type":"info","level":2,"name":"stock-monitor","meta":{},"content":"发送成功: { success: \u001b[33mtrue\u001b[39m, message: \u001b[32m'股票数据接收成功'\u001b[39m, diskId: \u001b[33m60\u001b[39m, timestamp: \u001b[32m'2026-03-17T14:26:55.645Z'\u001b[39m }","timestamp":1773757615665}
{"id":1276,"type":"info","level":2,"name":"stock-monitor","meta":{},"content":"收到股票更新事件","timestamp":1773757735772}
{"id":1277,"type":"info","level":2,"name":"stock-monitor","meta":{},"content":"发送股票数据到: http://felinus.gnway.cc:8000/stock","timestamp":1773757735772}
{"id":1278,"type":"info","level":2,"name":"stock-monitor","meta":{},"content":"发送数据: { unitPrice: \u001b[33m1.9945\u001b[39m, totalStock: \u001b[33m1171\u001b[39m, personalStock: \u001b[33m0\u001b[39m, totalMoney: \u001b[33m2335.5739\u001b[39m, personalMoney: \u001b[33m0\u001b[39m }","timestamp":1773757735773}
{"id":1279,"type":"info","level":2,"name":"stock-monitor","meta":{},"content":"请求方法: POST","timestamp":1773757735773}
{"id":1280,"type":"info","level":2,"name":"stock-monitor","meta":{},"content":"发送成功: { success: \u001b[33mtrue\u001b[39m, message: \u001b[32m'股票数据接收成功'\u001b[39m, diskId: \u001b[33m60\u001b[39m, timestamp: \u001b[32m'2026-03-17T14:28:55.827Z'\u001b[39m }","timestamp":1773757735847}
{"id":1282,"type":"info","level":2,"name":"stock-monitor","meta":{},"content":"收到股票更新事件","timestamp":1773757858080}
{"id":1283,"type":"info","level":2,"name":"stock-monitor","meta":{},"content":"发送股票数据到: http://felinus.gnway.cc:8000/stock","timestamp":1773757858080}
{"id":1284,"type":"info","level":2,"name":"stock-monitor","meta":{},"content":"发送数据: { unitPrice: \u001b[33m2.6328\u001b[39m, totalStock: \u001b[33m1447\u001b[39m, personalStock: \u001b[33m0\u001b[39m, totalMoney: \u001b[33m3809.5983\u001b[39m, personalMoney: \u001b[33m0\u001b[39m }","timestamp":1773757858081}
{"id":1285,"type":"info","level":2,"name":"stock-monitor","meta":{},"content":"请求方法: POST","timestamp":1773757858081}
{"id":1286,"type":"info","level":2,"name":"stock-monitor","meta":{},"content":"发送成功: { success: \u001b[33mtrue\u001b[39m, message: \u001b[32m'股票数据接收成功'\u001b[39m, diskId: \u001b[33m60\u001b[39m, timestamp: \u001b[32m'2026-03-17T14:30:58.149Z'\u001b[39m }","timestamp":1773757858171}
{"id":1288,"type":"info","level":2,"name":"stock-monitor","meta":{},"content":"收到股票更新事件","timestamp":1773757976797}
{"id":1289,"type":"info","level":2,"name":"stock-monitor","meta":{},"content":"发送股票数据到: http://felinus.gnway.cc:8000/stock","timestamp":1773757976797}
{"id":1290,"type":"info","level":2,"name":"stock-monitor","meta":{},"content":"发送数据: { unitPrice: \u001b[33m4.9759\u001b[39m, totalStock: \u001b[33m1039\u001b[39m, personalStock: \u001b[33m0\u001b[39m, totalMoney: \u001b[33m5169.9698\u001b[39m, personalMoney: \u001b[33m0\u001b[39m }","timestamp":1773757976797}
{"id":1291,"type":"info","level":2,"name":"stock-monitor","meta":{},"content":"请求方法: POST","timestamp":1773757976798}
{"id":1292,"type":"info","level":2,"name":"stock-monitor","meta":{},"content":"发送成功: { success: \u001b[33mtrue\u001b[39m, message: \u001b[32m'股票数据接收成功'\u001b[39m, diskId: \u001b[33m60\u001b[39m, timestamp: \u001b[32m'2026-03-17T14:32:56.856Z'\u001b[39m }","timestamp":1773757976877}
{"id":1294,"type":"info","level":2,"name":"stock-monitor","meta":{},"content":"收到股票更新事件","timestamp":1773758096545}
{"id":1295,"type":"info","level":2,"name":"stock-monitor","meta":{},"content":"发送股票数据到: http://felinus.gnway.cc:8000/stock","timestamp":1773758096545}
{"id":1296,"type":"info","level":2,"name":"stock-monitor","meta":{},"content":"发送数据: { unitPrice: \u001b[33m0.9952\u001b[39m, totalStock: \u001b[33m1126\u001b[39m, personalStock: \u001b[33m0\u001b[39m, totalMoney: \u001b[33m1120.5748\u001b[39m, personalMoney: \u001b[33m0\u001b[39m }","timestamp":1773758096546}
{"id":1297,"type":"info","level":2,"name":"stock-monitor","meta":{},"content":"请求方法: POST","timestamp":1773758096546}
{"id":1298,"type":"info","level":2,"name":"stock-monitor","meta":{},"content":"发送成功: { success: \u001b[33mtrue\u001b[39m, message: \u001b[32m'股票数据接收成功'\u001b[39m, diskId: \u001b[33m60\u001b[39m, timestamp: \u001b[32m'2026-03-17T14:34:56.608Z'\u001b[39m }","timestamp":1773758096629}
{"id":1299,"type":"warn","level":2,"name":"DEV:adapter-iirose","meta":{},"content":"获取或转换图片失败: http://s.iirose.com/images/icon/cartoon/601433.jpg HTTPError: fetch http://s.iirose.com/images/icon/cartoon/601433.jpg failed at \u001b[90mE:\\Desktop\\test\\koishiBot\\koishiBot\\\u001b[39mnode_modules\\\u001b[4m@cordisjs\u001b[24m\\plugin-http\\lib\\index.cjs:327:23 \u001b[90m    at process.processTicksAndRejections (node:internal/process/task_queues:95:5)\u001b[39m \u001b[90m    ... 3 lines matching cause stack trace ...\u001b[39m at async \u001b[90mE:\\Desktop\\test\\koishiBot\\koishiBot\\\u001b[39mnode_modules\\\u001b[4mkoishi-plugin-adapter-iirose\u001b[24m\\lib\\index.js:1126:29 { response: \u001b[90mundefined\u001b[39m, code: \u001b[90mundefined\u001b[39m, cause: TypeError: fetch failed \u001b[90m    at Object.fetch (node:internal/deps/undici/undici:11118:11)\u001b[39m \u001b[90m    at process.processTicksAndRejections (node:internal/process/task_queues:95:5)\u001b[39m at async [cordis.invoke] \u001b[90m(E:\\Desktop\\test\\koishiBot\\koishiBot\\\u001b[39mnode_modules\\\u001b[4m@cordisjs\u001b[24m\\plugin-http\\lib\\index.cjs:325:19\u001b[90m)\u001b[39m at async Proxy.file \u001b[90m(E:\\Desktop\\test\\koishiBot\\koishiBot\\\u001b[39mnode_modules\\\u001b[4m@cordisjs\u001b[24m\\plugin-http\\lib\\index.cjs:410:49\u001b[90m)\u001b[39m at async getImageAsBase64 \u001b[90m(E:\\Desktop\\test\\koishiBot\\koishiBot\\\u001b[39mnode_modules\\\u001b[4mkoishi-plugin-adapter-iirose\u001b[24m\\lib\\index.js:313:28\u001b[90m)\u001b[39m at async \u001b[90mE:\\Desktop\\test\\koishiBot\\koishiBot\\\u001b[39mnode_modules\\\u001b[4mkoishi-plugin-adapter-iirose\u001b[24m\\lib\\index.js:1126:29 { cause: ConnectTimeoutError: Connect Timeout Error at onConnectTimeout \u001b[90m(E:\\Desktop\\test\\koishiBot\\koishiBot\\\u001b[39mnode_modules\\\u001b[4mundici\u001b[24m\\lib\\core\\connect.js:190:24\u001b[90m)\u001b[39m at \u001b[90mE:\\Desktop\\test\\koishiBot\\koishiBot\\\u001b[39mnode_modules\\\u001b[4mundici\u001b[24m\\lib\\core\\connect.js:133:46 at Immediate._onImmediate \u001b[90m(E:\\Desktop\\test\\koishiBot\\koishiBot\\\u001b[39mnode_modules\\\u001b[4mundici\u001b[24m\\lib\\core\\connect.js:172:33\u001b[90m)\u001b[39m \u001b[90m    at process.processImmediate (node:internal/timers:471:21)\u001b[39m { code: \u001b[32m'UND_ERR_CONNECT_TIMEOUT'\u001b[39m } }, [\u001b[32mSymbol(cordis.http.error)\u001b[39m]: \u001b[33mtrue\u001b[39m }","timestamp":1773758106420}
{"id":1301,"type":"info","level":2,"name":"stock-monitor","meta":{},"content":"收到股票更新事件","timestamp":1773758216378}
{"id":1302,"type":"info","level":2,"name":"stock-monitor","meta":{},"content":"发送股票数据到: http://felinus.gnway.cc:8000/stock","timestamp":1773758216378}
{"id":1303,"type":"info","level":2,"name":"stock-monitor","meta":{},"content":"发送数据: { unitPrice: \u001b[33m0.7563\u001b[39m, totalStock: \u001b[33m1146\u001b[39m, personalStock: \u001b[33m0\u001b[39m, totalMoney: \u001b[33m866.7636\u001b[39m, personalMoney: \u001b[33m0\u001b[39m }","timestamp":1773758216378}
{"id":1304,"type":"info","level":2,"name":"stock-monitor","meta":{},"content":"请求方法: POST","timestamp":1773758216379}
{"id":1305,"type":"info","level":2,"name":"stock-monitor","meta":{},"content":"发送成功: { success: \u001b[33mtrue\u001b[39m, message: \u001b[32m'股票数据接收成功'\u001b[39m, diskId: \u001b[33m60\u001b[39m, timestamp: \u001b[32m'2026-03-17T14:36:56.439Z'\u001b[39m }","timestamp":1773758216457}
