{"id":1,"type":"info","level":2,"name":"app","meta":{},"content":"\u001b[38;5;15;1mKoishi/4.18.11\u001b[0m","timestamp":1773900861906}
{"id":2,"type":"info","level":2,"name":"loader","meta":{"paths":[]},"content":"apply plugin \u001b[38;5;45mgroup:entry\u001b[0m","timestamp":1773900861934}
{"id":3,"type":"info","level":2,"name":"loader","meta":{"paths":[]},"content":"apply plugin \u001b[38;5;45mgroup:server\u001b[0m","timestamp":1773900861935}
{"id":4,"type":"info","level":2,"name":"loader","meta":{"paths":[]},"content":"apply plugin \u001b[38;5;45mserver:qwahpd\u001b[0m","timestamp":1773900861935}
{"id":5,"type":"info","level":2,"name":"loader","meta":{"paths":[]},"content":"apply plugin \u001b[38;5;45mgroup:basic\u001b[0m","timestamp":1773900862419}
{"id":6,"type":"info","level":2,"name":"loader","meta":{"paths":[]},"content":"apply plugin \u001b[38;5;45mcommands:q4pd8h\u001b[0m","timestamp":1773900862420}
{"id":7,"type":"info","level":2,"name":"loader","meta":{"paths":[]},"content":"apply plugin \u001b[38;5;45mhelp:ncm4eq\u001b[0m","timestamp":1773900862435}
{"id":8,"type":"info","level":2,"name":"loader","meta":{"paths":[]},"content":"apply plugin \u001b[38;5;45mhttp:jtb3z8\u001b[0m","timestamp":1773900862451}
{"id":9,"type":"info","level":2,"name":"loader","meta":{"paths":[]},"content":"apply plugin \u001b[38;5;45mlocales:hdsaoj\u001b[0m","timestamp":1773900862465}
{"id":10,"type":"info","level":2,"name":"loader","meta":{"paths":[]},"content":"apply plugin \u001b[38;5;45mproxy-agent:yp8plh\u001b[0m","timestamp":1773900862501}
{"id":11,"type":"info","level":2,"name":"loader","meta":{"paths":[]},"content":"apply plugin \u001b[38;5;45mrate-limit:8jburr\u001b[0m","timestamp":1773900862642}
{"id":12,"type":"info","level":2,"name":"loader","meta":{"paths":[]},"content":"apply plugin \u001b[38;5;45mtelemetry:3kqtr7\u001b[0m","timestamp":1773900862664}
{"id":13,"type":"info","level":2,"name":"loader","meta":{"paths":[]},"content":"apply plugin \u001b[38;5;45mgroup:console\u001b[0m","timestamp":1773900862732}
{"id":14,"type":"info","level":2,"name":"loader","meta":{"paths":[]},"content":"apply plugin \u001b[38;5;45mactions:u6i962\u001b[0m","timestamp":1773900862733}
{"id":15,"type":"info","level":2,"name":"loader","meta":{"paths":[]},"content":"apply plugin \u001b[38;5;45manalytics:2zoul1\u001b[0m","timestamp":1773900862751}
{"id":16,"type":"info","level":2,"name":"loader","meta":{"paths":[]},"content":"apply plugin \u001b[38;5;45mconfig:v8j4hz\u001b[0m","timestamp":1773900862774}
{"id":17,"type":"info","level":2,"name":"loader","meta":{"paths":[]},"content":"apply plugin \u001b[38;5;45mconsole:fyi3k1\u001b[0m","timestamp":1773900862889}
{"id":18,"type":"info","level":2,"name":"loader","meta":{"paths":[]},"content":"apply plugin \u001b[38;5;45mdataview:ip5q7k\u001b[0m","timestamp":1773900862932}
{"id":19,"type":"info","level":2,"name":"loader","meta":{"paths":[]},"content":"apply plugin \u001b[38;5;45mexplorer:id9max\u001b[0m","timestamp":1773900862966}
{"id":20,"type":"info","level":2,"name":"loader","meta":{"paths":[]},"content":"apply plugin \u001b[38;5;45mlogger:ykrpwv\u001b[0m","timestamp":1773900863013}
{"id":21,"type":"info","level":2,"name":"loader","meta":{"paths":[]},"content":"apply plugin \u001b[38;5;45minsight:w9xabz\u001b[0m","timestamp":1773900863041}
{"id":22,"type":"info","level":2,"name":"loader","meta":{"paths":[]},"content":"apply plugin \u001b[38;5;45mmarket:jamra7\u001b[0m","timestamp":1773900863062}
{"id":23,"type":"info","level":2,"name":"loader","meta":{"paths":[]},"content":"apply plugin \u001b[38;5;45mnotifier:h2b0ys\u001b[0m","timestamp":1773900863180}
{"id":24,"type":"info","level":2,"name":"loader","meta":{"paths":[]},"content":"apply plugin \u001b[38;5;45moobe:ctdb4p\u001b[0m","timestamp":1773900863196}
{"id":25,"type":"info","level":2,"name":"loader","meta":{"paths":[]},"content":"apply plugin \u001b[38;5;45msandbox:7xwb4h\u001b[0m","timestamp":1773900863214}
{"id":26,"type":"info","level":2,"name":"loader","meta":{"paths":[]},"content":"apply plugin \u001b[38;5;45mstatus:waqviw\u001b[0m","timestamp":1773900863241}
{"id":27,"type":"info","level":2,"name":"loader","meta":{"paths":[]},"content":"apply plugin \u001b[38;5;45mtheme-vanilla:t9fcu1\u001b[0m","timestamp":1773900863301}
{"id":28,"type":"info","level":2,"name":"loader","meta":{"paths":[]},"content":"apply plugin \u001b[38;5;45mgroup:storage\u001b[0m","timestamp":1773900863323}
{"id":29,"type":"info","level":2,"name":"loader","meta":{"paths":[]},"content":"apply plugin \u001b[38;5;45mdatabase-sqlite:00uj7j\u001b[0m","timestamp":1773900863324}
{"id":30,"type":"info","level":2,"name":"loader","meta":{"paths":[]},"content":"apply plugin \u001b[38;5;45massets-local:bteaiw\u001b[0m","timestamp":1773900863370}
{"id":31,"type":"info","level":2,"name":"loader","meta":{"paths":[]},"content":"apply plugin \u001b[38;5;45mgroup:adapter\u001b[0m","timestamp":1773900863409}
{"id":32,"type":"info","level":2,"name":"loader","meta":{"paths":[]},"content":"apply plugin \u001b[38;5;45mgroup:develop\u001b[0m","timestamp":1773900863409}
{"id":33,"type":"info","level":2,"name":"loader","meta":{"paths":[]},"content":"apply plugin \u001b[38;5;45mhmr:e8pbr7\u001b[0m","timestamp":1773900863410}
{"id":34,"type":"info","level":2,"name":"loader","meta":{"paths":[]},"content":"apply plugin \u001b[38;5;45madapter-iirose:m2atf0\u001b[0m","timestamp":1773900863497}
{"id":35,"type":"info","level":2,"name":"loader","meta":{"paths":[]},"content":"apply plugin \u001b[38;5;45mstock-monitor:05tvar\u001b[0m","timestamp":1773900863561}
{"id":36,"type":"info","level":2,"name":"assets","meta":{"paths":["bteaiw"]},"content":"missing config \"selfUrl\", fallback to \"file:\" scheme","timestamp":1773900863795}
{"id":37,"type":"info","level":2,"name":"stock-monitor","meta":{},"content":"插件已启动","timestamp":1773900863805}
{"id":38,"type":"info","level":2,"name":"stock-monitor","meta":{},"content":"API 地址: http://felinus.gnway.cc:8000/stock","timestamp":1773900863805}
{"id":39,"type":"info","level":2,"name":"server","meta":{"paths":["qwahpd"]},"content":"server listening at \u001b[38;5;57mhttp://127.0.0.1:5140\u001b[0m","timestamp":1773900864052}
{"id":54,"type":"info","level":2,"name":"console","meta":{"paths":["fyi3k1"]},"content":"webui is available at \u001b[38;5;166mhttp://127.0.0.1:5140\u001b[0m","timestamp":1773900864908}
{"id":55,"type":"info","level":2,"name":"adapter-iirose","meta":{"paths":["m2atf0"]},"content":"[69b3b31f61f35] 找到可用服务器: wss://m1.iirose.com:8778, 延迟: 1034ms","timestamp":1773900865990}
{"id":56,"type":"info","level":2,"name":"adapter-iirose","meta":{"paths":["m2atf0"]},"content":"[69b3b31f61f35] 正在登录中...","timestamp":1773900867177}
{"id":57,"type":"info","level":2,"name":"adapter-iirose","meta":{"paths":["m2atf0"]},"content":"[69b3b31f61f35] [69b3b31f61f35] 登陆成功：欢迎回来，小冰股票！","timestamp":1773900877095}
{"id":60,"type":"info","level":2,"name":"stock-monitor","meta":{},"content":"发送数据: { unitPrice: \u001b[33m1.1804\u001b[39m, totalStock: \u001b[33m1827\u001b[39m, personalStock: \u001b[33m0\u001b[39m, totalMoney: \u001b[33m2156.5937\u001b[39m, personalMoney: \u001b[33m0\u001b[39m }","timestamp":1773900877242}
{"id":62,"type":"info","level":2,"name":"stock-monitor","meta":{},"content":"发送数据: { unitPrice: \u001b[33m1.5345\u001b[39m, totalStock: \u001b[33m1847\u001b[39m, personalStock: \u001b[33m0\u001b[39m, totalMoney: \u001b[33m2834.2623\u001b[39m, personalMoney: \u001b[33m0\u001b[39m }","timestamp":1773900894167}
{"id":64,"type":"info","level":2,"name":"stock-monitor","meta":{},"content":"发送数据: { unitPrice: \u001b[33m2.2557\u001b[39m, totalStock: \u001b[33m1760\u001b[39m, personalStock: \u001b[33m0\u001b[39m, totalMoney: \u001b[33m3970.1155\u001b[39m, personalMoney: \u001b[33m0\u001b[39m }","timestamp":1773901014313}
{"id":66,"type":"info","level":2,"name":"stock-monitor","meta":{},"content":"发送数据: { unitPrice: \u001b[33m2.8874\u001b[39m, totalStock: \u001b[33m1240\u001b[39m, personalStock: \u001b[33m0\u001b[39m, totalMoney: \u001b[33m3580.3224\u001b[39m, personalMoney: \u001b[33m0\u001b[39m }","timestamp":1773901134856}
{"id":68,"type":"info","level":2,"name":"stock-monitor","meta":{},"content":"发送数据: { unitPrice: \u001b[33m4.3599\u001b[39m, totalStock: \u001b[33m1119\u001b[39m, personalStock: \u001b[33m0\u001b[39m, totalMoney: \u001b[33m4878.7378\u001b[39m, personalMoney: \u001b[33m0\u001b[39m }","timestamp":1773901254771}
{"id":69,"type":"warn","level":2,"name":"stock-monitor","meta":{},"content":"发送失败 (尝试 1/1)","timestamp":1773901256715}
{"id":70,"type":"error","level":1,"name":"stock-monitor","meta":{},"content":"错误信息: HTTPError: Bad Gateway at [cordis.invoke] \u001b[90m(E:\\Desktop\\test\\koishiBot\\koishiBot\\\u001b[39mnode_modules\\\u001b[4m@cordisjs\u001b[24m\\plugin-http\\lib\\index.cjs:340:23\u001b[90m)\u001b[39m \u001b[90m    at process.processTicksAndRejections (node:internal/process/task_queues:95:5)\u001b[39m at async Proxy.<anonymous> \u001b[90m(E:\\Desktop\\test\\koishiBot\\koishiBot\\\u001b[39mnode_modules\\\u001b[4m@cordisjs\u001b[24m\\plugin-http\\lib\\index.cjs:184:26\u001b[90m)\u001b[39m at sendStockData (e:\\Desktop\\test\\koishiBot\\koishiBot\\external\\iirosestock\\lib\\index.js:51:27) at <anonymous> (e:\\Desktop\\test\\koishiBot\\koishiBot\\external\\iirosestock\\lib\\index.js:94:9) { response: { data: \u001b[32m'<!DOCTYPE html>\\r\\n'\u001b[39m + \u001b[32m'<html>\\r\\n'\u001b[39m + \u001b[32m'<head>\\r\\n'\u001b[39m + \u001b[32m'<title>Error</title>\\r\\n'\u001b[39m + \u001b[32m'<script>\\r\\n'\u001b[39m + \u001b[32m'window.onload=function(){\\r\\n'\u001b[39m + \u001b[32m\"window.location.href    =       'http://'+document.domain+':5353/50x_.html';\\r\\n\"\u001b[39m + \u001b[32m'}\\r\\n'\u001b[39m + \u001b[32m'</script>\\r\\n'\u001b[39m + \u001b[32m'</head>\\r\\n'\u001b[39m + \u001b[32m'<body>\\r\\n'\u001b[39m + \u001b[32m'</body>\\r\\n'\u001b[39m + \u001b[32m'</html>\\r\\n'\u001b[39m + \u001b[32m'\\r\\n'\u001b[39m + \u001b[32m'\\r\\n'\u001b[39m, url: \u001b[32m'http://felinus.gnway.cc:8000/stock'\u001b[39m, status: \u001b[33m502\u001b[39m, statusText: \u001b[32m'Bad Gateway'\u001b[39m, headers: HeadersList { [\u001b[32mSymbol(headers map)\u001b[39m]: Map(6) { \u001b[32m'server'\u001b[39m => \u001b[32m'nginx/1.8.1'\u001b[39m, \u001b[32m'date'\u001b[39m => \u001b[32m'Thu, 19 Mar 2026 06:21:01 GMT'\u001b[39m, \u001b[32m'content-type'\u001b[39m => \u001b[32m'text/html'\u001b[39m, \u001b[32m'content-length'\u001b[39m => \u001b[32m'223'\u001b[39m, \u001b[32m'connection'\u001b[39m => \u001b[32m'keep-alive'\u001b[39m, \u001b[32m'etag'\u001b[39m => \u001b[32m'\"5d5a84f2-df\"'\u001b[39m }, [\u001b[32mSymbol(headers map sorted)\u001b[39m]: \u001b[1mnull\u001b[22m } }, code: \u001b[90mundefined\u001b[39m, [\u001b[32mSymbol(cordis.http.error)\u001b[39m]: \u001b[33mtrue\u001b[39m }","timestamp":1773901256715}
{"id":71,"type":"error","level":1,"name":"stock-monitor","meta":{},"content":"发送失败，达到最大重试次数","timestamp":1773901256719}
{"id":73,"type":"info","level":2,"name":"stock-monitor","meta":{},"content":"发送数据: { unitPrice: \u001b[33m1.526\u001b[39m, totalStock: \u001b[33m1119\u001b[39m, personalStock: \u001b[33m0\u001b[39m, totalMoney: \u001b[33m1707.5582\u001b[39m, personalMoney: \u001b[33m0\u001b[39m }","timestamp":1773901375502}
{"id":84,"type":"info","level":2,"name":"stock-monitor","meta":{},"content":"发送数据: { unitPrice: \u001b[33m2.6247\u001b[39m, totalStock: \u001b[33m1189\u001b[39m, personalStock: \u001b[33m0\u001b[39m, totalMoney: \u001b[33m3120.7267\u001b[39m, personalMoney: \u001b[33m0\u001b[39m }","timestamp":1773901494935}
{"id":86,"type":"info","level":2,"name":"stock-monitor","meta":{},"content":"发送数据: { unitPrice: \u001b[33m1.2336\u001b[39m, totalStock: \u001b[33m1225\u001b[39m, personalStock: \u001b[33m0\u001b[39m, totalMoney: \u001b[33m1511.1509\u001b[39m, personalMoney: \u001b[33m0\u001b[39m }","timestamp":1773901616343}
{"id":88,"type":"info","level":2,"name":"stock-monitor","meta":{},"content":"发送数据: { unitPrice: \u001b[33m0.8512\u001b[39m, totalStock: \u001b[33m1166\u001b[39m, personalStock: \u001b[33m0\u001b[39m, totalMoney: \u001b[33m992.4746\u001b[39m, personalMoney: \u001b[33m0\u001b[39m }","timestamp":1773901735380}
{"id":90,"type":"info","level":2,"name":"stock-monitor","meta":{},"content":"发送数据: { unitPrice: \u001b[33m0.2383\u001b[39m, totalStock: \u001b[33m2779\u001b[39m, personalStock: \u001b[33m0\u001b[39m, totalMoney: \u001b[33m662.3193\u001b[39m, personalMoney: \u001b[33m0\u001b[39m }","timestamp":1773901855178}
{"id":105,"type":"info","level":2,"name":"stock-monitor","meta":{},"content":"发送数据: { unitPrice: \u001b[33m0.1358\u001b[39m, totalStock: \u001b[33m7317\u001b[39m, personalStock: \u001b[33m0\u001b[39m, totalMoney: \u001b[33m994.0009\u001b[39m, personalMoney: \u001b[33m0\u001b[39m }","timestamp":1773901975562}
{"id":107,"type":"info","level":2,"name":"stock-monitor","meta":{},"content":"发送数据: { unitPrice: \u001b[33m1\u001b[39m, totalStock: \u001b[33m1000\u001b[39m, personalStock: \u001b[33m0\u001b[39m, totalMoney: \u001b[33m1000\u001b[39m, personalMoney: \u001b[33m0\u001b[39m }","timestamp":1773902096027}
{"id":109,"type":"info","level":2,"name":"stock-monitor","meta":{},"content":"发送数据: { unitPrice: \u001b[33m1.99\u001b[39m, totalStock: \u001b[33m1191\u001b[39m, personalStock: \u001b[33m0\u001b[39m, totalMoney: \u001b[33m2370.09\u001b[39m, personalMoney: \u001b[33m0\u001b[39m }","timestamp":1773902216117}
{"id":111,"type":"info","level":2,"name":"stock-monitor","meta":{},"content":"发送数据: { unitPrice: \u001b[33m3.8208\u001b[39m, totalStock: \u001b[33m1299\u001b[39m, personalStock: \u001b[33m0\u001b[39m, totalMoney: \u001b[33m4963.2192\u001b[39m, personalMoney: \u001b[33m0\u001b[39m }","timestamp":1773902335578}
{"id":113,"type":"info","level":2,"name":"stock-monitor","meta":{},"content":"发送数据: { unitPrice: \u001b[33m4.5468\u001b[39m, totalStock: \u001b[33m1056\u001b[39m, personalStock: \u001b[33m0\u001b[39m, totalMoney: \u001b[33m4801.3701\u001b[39m, personalMoney: \u001b[33m0\u001b[39m }","timestamp":1773902456564}
{"id":115,"type":"info","level":2,"name":"stock-monitor","meta":{},"content":"发送数据: { unitPrice: \u001b[33m7.7749\u001b[39m, totalStock: \u001b[33m1034\u001b[39m, personalStock: \u001b[33m0\u001b[39m, totalMoney: \u001b[33m8039.2941\u001b[39m, personalMoney: \u001b[33m0\u001b[39m }","timestamp":1773902577923}
{"id":117,"type":"info","level":2,"name":"stock-monitor","meta":{},"content":"发送数据: { unitPrice: \u001b[33m7.3862\u001b[39m, totalStock: \u001b[33m1263\u001b[39m, personalStock: \u001b[33m0\u001b[39m, totalMoney: \u001b[33m9328.7689\u001b[39m, personalMoney: \u001b[33m0\u001b[39m }","timestamp":1773902696490}
{"id":119,"type":"info","level":2,"name":"stock-monitor","meta":{},"content":"发送数据: { unitPrice: \u001b[33m6.7953\u001b[39m, totalStock: \u001b[33m1280\u001b[39m, personalStock: \u001b[33m0\u001b[39m, totalMoney: \u001b[33m8697.9875\u001b[39m, personalMoney: \u001b[33m0\u001b[39m }","timestamp":1773902816288}
{"id":121,"type":"info","level":2,"name":"stock-monitor","meta":{},"content":"发送数据: { unitPrice: \u001b[33m9.5814\u001b[39m, totalStock: \u001b[33m1280\u001b[39m, personalStock: \u001b[33m0\u001b[39m, totalMoney: \u001b[33m12264.1624\u001b[39m, personalMoney: \u001b[33m0\u001b[39m }","timestamp":1773902936647}
{"id":123,"type":"info","level":2,"name":"stock-monitor","meta":{},"content":"发送数据: { unitPrice: \u001b[33m9.6772\u001b[39m, totalStock: \u001b[33m1253\u001b[39m, personalStock: \u001b[33m0\u001b[39m, totalMoney: \u001b[33m12125.5199\u001b[39m, personalMoney: \u001b[33m0\u001b[39m }","timestamp":1773903056603}
{"id":125,"type":"info","level":2,"name":"stock-monitor","meta":{},"content":"发送数据: { unitPrice: \u001b[33m11.7094\u001b[39m, totalStock: \u001b[33m1151\u001b[39m, personalStock: \u001b[33m0\u001b[39m, totalMoney: \u001b[33m13477.5202\u001b[39m, personalMoney: \u001b[33m0\u001b[39m }","timestamp":1773903176077}
{"id":127,"type":"info","level":2,"name":"stock-monitor","meta":{},"content":"发送数据: { unitPrice: \u001b[33m9.6017\u001b[39m, totalStock: \u001b[33m1175\u001b[39m, personalStock: \u001b[33m0\u001b[39m, totalMoney: \u001b[33m11282.0075\u001b[39m, personalMoney: \u001b[33m0\u001b[39m }","timestamp":1773903296161}
{"id":129,"type":"info","level":2,"name":"stock-monitor","meta":{},"content":"发送数据: { unitPrice: \u001b[33m10.8499\u001b[39m, totalStock: \u001b[33m1175\u001b[39m, personalStock: \u001b[33m0\u001b[39m, totalMoney: \u001b[33m12748.6685\u001b[39m, personalMoney: \u001b[33m0\u001b[39m }","timestamp":1773903416939}
{"id":131,"type":"info","level":2,"name":"stock-monitor","meta":{},"content":"发送数据: { unitPrice: \u001b[33m17.1429\u001b[39m, totalStock: \u001b[33m1242\u001b[39m, personalStock: \u001b[33m0\u001b[39m, totalMoney: \u001b[33m21291.4699\u001b[39m, personalMoney: \u001b[33m0\u001b[39m }","timestamp":1773903536362}
{"id":143,"type":"info","level":2,"name":"stock-monitor","meta":{},"content":"发送数据: { unitPrice: \u001b[33m14.4\u001b[39m, totalStock: \u001b[33m1118\u001b[39m, personalStock: \u001b[33m0\u001b[39m, totalMoney: \u001b[33m16099.2313\u001b[39m, personalMoney: \u001b[33m0\u001b[39m }","timestamp":1773903656613}
{"id":145,"type":"info","level":2,"name":"stock-monitor","meta":{},"content":"发送数据: { unitPrice: \u001b[33m11.808\u001b[39m, totalStock: \u001b[33m1124\u001b[39m, personalStock: \u001b[33m0\u001b[39m, totalMoney: \u001b[33m13272.2178\u001b[39m, personalMoney: \u001b[33m0\u001b[39m }","timestamp":1773903776432}
{"id":163,"type":"info","level":2,"name":"stock-monitor","meta":{},"content":"发送数据: { unitPrice: \u001b[33m21.4906\u001b[39m, totalStock: \u001b[33m1054\u001b[39m, personalStock: \u001b[33m0\u001b[39m, totalMoney: \u001b[33m22651.0942\u001b[39m, personalMoney: \u001b[33m0\u001b[39m }","timestamp":1773903896579}
{"id":171,"type":"info","level":2,"name":"stock-monitor","meta":{},"content":"发送数据: { unitPrice: \u001b[33m42.7663\u001b[39m, totalStock: \u001b[33m1269\u001b[39m, personalStock: \u001b[33m0\u001b[39m, totalMoney: \u001b[33m54270.4314\u001b[39m, personalMoney: \u001b[33m0\u001b[39m }","timestamp":1773904016821}
{"id":173,"type":"info","level":2,"name":"stock-monitor","meta":{},"content":"发送数据: { unitPrice: \u001b[33m21.8108\u001b[39m, totalStock: \u001b[33m1123\u001b[39m, personalStock: \u001b[33m0\u001b[39m, totalMoney: \u001b[33m24493.5415\u001b[39m, personalMoney: \u001b[33m0\u001b[39m }","timestamp":1773904136760}
{"id":175,"type":"info","level":2,"name":"stock-monitor","meta":{},"content":"发送数据: { unitPrice: \u001b[33m25.0824\u001b[39m, totalStock: \u001b[33m1124\u001b[39m, personalStock: \u001b[33m0\u001b[39m, totalMoney: \u001b[33m28192.6552\u001b[39m, personalMoney: \u001b[33m0\u001b[39m }","timestamp":1773904257037}
{"id":183,"type":"info","level":2,"name":"stock-monitor","meta":{},"content":"发送数据: { unitPrice: \u001b[33m48.6599\u001b[39m, totalStock: \u001b[33m1237\u001b[39m, personalStock: \u001b[33m0\u001b[39m, totalMoney: \u001b[33m60192.3221\u001b[39m, personalMoney: \u001b[33m0\u001b[39m }","timestamp":1773904376914}
{"id":200,"type":"info","level":2,"name":"stock-monitor","meta":{},"content":"发送数据: { unitPrice: \u001b[33m7.7856\u001b[39m, totalStock: \u001b[33m1133\u001b[39m, personalStock: \u001b[33m0\u001b[39m, totalMoney: \u001b[33m8821.0705\u001b[39m, personalMoney: \u001b[33m0\u001b[39m }","timestamp":1773904498362}
{"id":202,"type":"info","level":2,"name":"stock-monitor","meta":{},"content":"发送数据: { unitPrice: \u001b[33m12.4569\u001b[39m, totalStock: \u001b[33m1091\u001b[39m, personalStock: \u001b[33m0\u001b[39m, totalMoney: \u001b[33m13590.5213\u001b[39m, personalMoney: \u001b[33m0\u001b[39m }","timestamp":1773904617521}
{"id":210,"type":"info","level":2,"name":"stock-monitor","meta":{},"content":"发送数据: { unitPrice: \u001b[33m1.3703\u001b[39m, totalStock: \u001b[33m1162\u001b[39m, personalStock: \u001b[33m0\u001b[39m, totalMoney: \u001b[33m1592.246\u001b[39m, personalMoney: \u001b[33m0\u001b[39m }","timestamp":1773904737499}
{"id":221,"type":"info","level":2,"name":"stock-monitor","meta":{},"content":"发送数据: { unitPrice: \u001b[33m0.2055\u001b[39m, totalStock: \u001b[33m1916\u001b[39m, personalStock: \u001b[33m0\u001b[39m, totalMoney: \u001b[33m393.8137\u001b[39m, personalMoney: \u001b[33m0\u001b[39m }","timestamp":1773904857409}
{"id":223,"type":"info","level":2,"name":"stock-monitor","meta":{},"content":"发送数据: { unitPrice: \u001b[33m0.1912\u001b[39m, totalStock: \u001b[33m12816\u001b[39m, personalStock: \u001b[33m0\u001b[39m, totalMoney: \u001b[33m2449.8007\u001b[39m, personalMoney: \u001b[33m0\u001b[39m }","timestamp":1773904977872}
{"id":225,"type":"info","level":2,"name":"stock-monitor","meta":{},"content":"发送数据: { unitPrice: \u001b[33m0.1357\u001b[39m, totalStock: \u001b[33m17139\u001b[39m, personalStock: \u001b[33m0\u001b[39m, totalMoney: \u001b[33m2326.0663\u001b[39m, personalMoney: \u001b[33m0\u001b[39m }","timestamp":1773905097861}
{"id":227,"type":"info","level":2,"name":"stock-monitor","meta":{},"content":"发送数据: { unitPrice: \u001b[33m0.0095\u001b[39m, totalStock: \u001b[33m35291\u001b[39m, personalStock: \u001b[33m0\u001b[39m, totalMoney: \u001b[33m335.273\u001b[39m, personalMoney: \u001b[33m0\u001b[39m }","timestamp":1773905219234}
{"id":229,"type":"info","level":2,"name":"stock-monitor","meta":{},"content":"发送数据: { unitPrice: \u001b[33m0.0101\u001b[39m, totalStock: \u001b[33m35289\u001b[39m, personalStock: \u001b[33m0\u001b[39m, totalMoney: \u001b[33m355.254\u001b[39m, personalMoney: \u001b[33m0\u001b[39m }","timestamp":1773905338673}
{"id":231,"type":"info","level":2,"name":"stock-monitor","meta":{},"content":"发送数据: { unitPrice: \u001b[33m1\u001b[39m, totalStock: \u001b[33m1000\u001b[39m, personalStock: \u001b[33m0\u001b[39m, totalMoney: \u001b[33m1000\u001b[39m, personalMoney: \u001b[33m0\u001b[39m }","timestamp":1773905462878}
{"id":233,"type":"info","level":2,"name":"stock-monitor","meta":{},"content":"发送数据: { unitPrice: \u001b[33m0.05\u001b[39m, totalStock: \u001b[33m1550\u001b[39m, personalStock: \u001b[33m0\u001b[39m, totalMoney: \u001b[33m77.5\u001b[39m, personalMoney: \u001b[33m0\u001b[39m }","timestamp":1773905580156}
{"id":235,"type":"info","level":2,"name":"stock-monitor","meta":{},"content":"发送数据: { unitPrice: \u001b[33m1\u001b[39m, totalStock: \u001b[33m1000\u001b[39m, personalStock: \u001b[33m0\u001b[39m, totalMoney: \u001b[33m1000\u001b[39m, personalMoney: \u001b[33m0\u001b[39m }","timestamp":1773905698773}
{"id":237,"type":"info","level":2,"name":"stock-monitor","meta":{},"content":"发送数据: { unitPrice: \u001b[33m1.56\u001b[39m, totalStock: \u001b[33m1491\u001b[39m, personalStock: \u001b[33m0\u001b[39m, totalMoney: \u001b[33m2325.96\u001b[39m, personalMoney: \u001b[33m0\u001b[39m }","timestamp":1773905819189}
{"id":239,"type":"info","level":2,"name":"stock-monitor","meta":{},"content":"发送数据: { unitPrice: \u001b[33m2.6208\u001b[39m, totalStock: \u001b[33m1368\u001b[39m, personalStock: \u001b[33m0\u001b[39m, totalMoney: \u001b[33m3585.2544\u001b[39m, personalMoney: \u001b[33m0\u001b[39m }","timestamp":1773905939294}
{"id":240,"type":"warn","level":2,"name":"stock-monitor","meta":{},"content":"发送失败 (尝试 1/1)","timestamp":1773905941397}
{"id":241,"type":"error","level":1,"name":"stock-monitor","meta":{},"content":"错误信息: HTTPError: Bad Gateway at [cordis.invoke] \u001b[90m(E:\\Desktop\\test\\koishiBot\\koishiBot\\\u001b[39mnode_modules\\\u001b[4m@cordisjs\u001b[24m\\plugin-http\\lib\\index.cjs:340:23\u001b[90m)\u001b[39m \u001b[90m    at process.processTicksAndRejections (node:internal/process/task_queues:95:5)\u001b[39m at async Proxy.<anonymous> \u001b[90m(E:\\Desktop\\test\\koishiBot\\koishiBot\\\u001b[39mnode_modules\\\u001b[4m@cordisjs\u001b[24m\\plugin-http\\lib\\index.cjs:184:26\u001b[90m)\u001b[39m at sendStockData (e:\\Desktop\\test\\koishiBot\\koishiBot\\external\\iirosestock\\lib\\index.js:51:27) at <anonymous> (e:\\Desktop\\test\\koishiBot\\koishiBot\\external\\iirosestock\\lib\\index.js:94:9) { response: { data: \u001b[32m'<!DOCTYPE html>\\r\\n'\u001b[39m + \u001b[32m'<html>\\r\\n'\u001b[39m + \u001b[32m'<head>\\r\\n'\u001b[39m + \u001b[32m'<title>Error</title>\\r\\n'\u001b[39m + \u001b[32m'<script>\\r\\n'\u001b[39m + \u001b[32m'window.onload=function(){\\r\\n'\u001b[39m + \u001b[32m\"window.location.href    =       'http://'+document.domain+':5353/50x_.html';\\r\\n\"\u001b[39m + \u001b[32m'}\\r\\n'\u001b[39m + \u001b[32m'</script>\\r\\n'\u001b[39m + \u001b[32m'</head>\\r\\n'\u001b[39m + \u001b[32m'<body>\\r\\n'\u001b[39m + \u001b[32m'</body>\\r\\n'\u001b[39m + \u001b[32m'</html>\\r\\n'\u001b[39m + \u001b[32m'\\r\\n'\u001b[39m + \u001b[32m'\\r\\n'\u001b[39m, url: \u001b[32m'http://felinus.gnway.cc:8000/stock'\u001b[39m, status: \u001b[33m502\u001b[39m, statusText: \u001b[32m'Bad Gateway'\u001b[39m, headers: HeadersList { [\u001b[32mSymbol(headers map)\u001b[39m]: Map(6) { \u001b[32m'server'\u001b[39m => \u001b[32m'nginx/1.8.1'\u001b[39m, \u001b[32m'date'\u001b[39m => \u001b[32m'Thu, 19 Mar 2026 07:39:06 GMT'\u001b[39m, \u001b[32m'content-type'\u001b[39m => \u001b[32m'text/html'\u001b[39m, \u001b[32m'content-length'\u001b[39m => \u001b[32m'223'\u001b[39m, \u001b[32m'connection'\u001b[39m => \u001b[32m'keep-alive'\u001b[39m, \u001b[32m'etag'\u001b[39m => \u001b[32m'\"5d5a84f2-df\"'\u001b[39m }, [\u001b[32mSymbol(headers map sorted)\u001b[39m]: \u001b[1mnull\u001b[22m } }, code: \u001b[90mundefined\u001b[39m, [\u001b[32mSymbol(cordis.http.error)\u001b[39m]: \u001b[33mtrue\u001b[39m }","timestamp":1773905941397}
{"id":242,"type":"error","level":1,"name":"stock-monitor","meta":{},"content":"发送失败，达到最大重试次数","timestamp":1773905941400}
{"id":244,"type":"info","level":2,"name":"stock-monitor","meta":{},"content":"发送数据: { unitPrice: \u001b[33m4.6912\u001b[39m, totalStock: \u001b[33m1457\u001b[39m, personalStock: \u001b[33m0\u001b[39m, totalMoney: \u001b[33m6835.125\u001b[39m, personalMoney: \u001b[33m0\u001b[39m }","timestamp":1773906058888}
{"id":246,"type":"info","level":2,"name":"stock-monitor","meta":{},"content":"发送数据: { unitPrice: \u001b[33m0.2815\u001b[39m, totalStock: \u001b[33m1136\u001b[39m, personalStock: \u001b[33m0\u001b[39m, totalMoney: \u001b[33m319.7544\u001b[39m, personalMoney: \u001b[33m0\u001b[39m }","timestamp":1773906179100}
{"id":248,"type":"info","level":2,"name":"stock-monitor","meta":{},"content":"发送数据: { unitPrice: \u001b[33m0.5038\u001b[39m, totalStock: \u001b[33m4030\u001b[39m, personalStock: \u001b[33m0\u001b[39m, totalMoney: \u001b[33m2030.4684\u001b[39m, personalMoney: \u001b[33m0\u001b[39m }","timestamp":1773906299340}
{"id":250,"type":"info","level":2,"name":"stock-monitor","meta":{},"content":"发送数据: { unitPrice: \u001b[33m0.7306\u001b[39m, totalStock: \u001b[33m5131\u001b[39m, personalStock: \u001b[33m0\u001b[39m, totalMoney: \u001b[33m3748.5319\u001b[39m, personalMoney: \u001b[33m0\u001b[39m }","timestamp":1773906419626}
{"id":252,"type":"info","level":2,"name":"stock-monitor","meta":{},"content":"发送数据: { unitPrice: \u001b[33m0.1976\u001b[39m, totalStock: \u001b[33m1351\u001b[39m, personalStock: \u001b[33m0\u001b[39m, totalMoney: \u001b[33m266.9941\u001b[39m, personalMoney: \u001b[33m0\u001b[39m }","timestamp":1773906540372}
{"id":254,"type":"info","level":2,"name":"stock-monitor","meta":{},"content":"发送数据: { unitPrice: \u001b[33m0.1719\u001b[39m, totalStock: \u001b[33m6352\u001b[39m, personalStock: \u001b[33m0\u001b[39m, totalMoney: \u001b[33m1092.1342\u001b[39m, personalMoney: \u001b[33m100\u001b[39m }","timestamp":1773906660121}
{"id":256,"type":"info","level":2,"name":"stock-monitor","meta":{},"content":"发送数据: { unitPrice: \u001b[33m0.3404\u001b[39m, totalStock: \u001b[33m6762\u001b[39m, personalStock: \u001b[33m0\u001b[39m, totalMoney: \u001b[33m2302.003\u001b[39m, personalMoney: \u001b[33m100\u001b[39m }","timestamp":1773906779502}
{"id":258,"type":"info","level":2,"name":"stock-monitor","meta":{},"content":"发送数据: { unitPrice: \u001b[33m0.4562\u001b[39m, totalStock: \u001b[33m4511\u001b[39m, personalStock: \u001b[33m0\u001b[39m, totalMoney: \u001b[33m2057.8245\u001b[39m, personalMoney: \u001b[33m100\u001b[39m }","timestamp":1773906899550}
{"id":269,"type":"info","level":2,"name":"stock-monitor","meta":{},"content":"发送数据: { unitPrice: \u001b[33m0.1825\u001b[39m, totalStock: \u001b[33m4361\u001b[39m, personalStock: \u001b[33m0\u001b[39m, totalMoney: \u001b[33m795.7591\u001b[39m, personalMoney: \u001b[33m100\u001b[39m }","timestamp":1773907020601}
{"id":271,"type":"info","level":2,"name":"stock-monitor","meta":{},"content":"发送数据: { unitPrice: \u001b[33m0.0328\u001b[39m, totalStock: \u001b[33m8780\u001b[39m, personalStock: \u001b[33m0\u001b[39m, totalMoney: \u001b[33m288.3783\u001b[39m, personalMoney: \u001b[33m100\u001b[39m }","timestamp":1773907140188}
{"id":273,"type":"info","level":2,"name":"stock-monitor","meta":{},"content":"发送数据: { unitPrice: \u001b[33m1\u001b[39m, totalStock: \u001b[33m1000\u001b[39m, personalStock: \u001b[33m0\u001b[39m, totalMoney: \u001b[33m1000\u001b[39m, personalMoney: \u001b[33m100\u001b[39m }","timestamp":1773907260099}
