{"id":2093,"type":"info","level":2,"name":"stock-monitor","meta":{},"content":"发送股票数据到: http://felinus.gnway.cc:8000/stock","timestamp":1773767104801}
{"id":2094,"type":"info","level":2,"name":"stock-monitor","meta":{},"content":"发送数据: { unitPrice: \u001b[33m0.5197\u001b[39m, totalStock: \u001b[33m2746\u001b[39m, personalStock: \u001b[33m0\u001b[39m, totalMoney: \u001b[33m1427.1313\u001b[39m, personalMoney: \u001b[33m0\u001b[39m }","timestamp":1773767104801}
{"id":2095,"type":"info","level":2,"name":"stock-monitor","meta":{},"content":"请求方法: POST","timestamp":1773767104801}
{"id":2096,"type":"info","level":2,"name":"stock-monitor","meta":{},"content":"发送成功: { success: \u001b[33mtrue\u001b[39m, message: \u001b[32m'股票数据接收成功'\u001b[39m, diskId: \u001b[33m65\u001b[39m, timestamp: \u001b[32m'2026-03-17T17:05:04.855Z'\u001b[39m }","timestamp":1773767104874}
{"id":2098,"type":"info","level":2,"name":"stock-monitor","meta":{},"content":"收到股票更新事件","timestamp":1773767223793}
{"id":2099,"type":"info","level":2,"name":"stock-monitor","meta":{},"content":"发送股票数据到: http://felinus.gnway.cc:8000/stock","timestamp":1773767223793}
{"id":2100,"type":"info","level":2,"name":"stock-monitor","meta":{},"content":"发送数据: { unitPrice: \u001b[33m0.7276\u001b[39m, totalStock: \u001b[33m2266\u001b[39m, personalStock: \u001b[33m0\u001b[39m, totalMoney: \u001b[33m1648.7368\u001b[39m, personalMoney: \u001b[33m0\u001b[39m }","timestamp":1773767223793}
{"id":2101,"type":"info","level":2,"name":"stock-monitor","meta":{},"content":"请求方法: POST","timestamp":1773767223794}
{"id":2102,"type":"info","level":2,"name":"stock-monitor","meta":{},"content":"发送成功: { success: \u001b[33mtrue\u001b[39m, message: \u001b[32m'股票数据接收成功'\u001b[39m, diskId: \u001b[33m65\u001b[39m, timestamp: \u001b[32m'2026-03-17T17:07:03.850Z'\u001b[39m }","timestamp":1773767223871}
{"id":2104,"type":"info","level":2,"name":"stock-monitor","meta":{},"content":"收到股票更新事件","timestamp":1773767343706}
{"id":2105,"type":"info","level":2,"name":"stock-monitor","meta":{},"content":"发送股票数据到: http://felinus.gnway.cc:8000/stock","timestamp":1773767343706}
{"id":2106,"type":"info","level":2,"name":"stock-monitor","meta":{},"content":"发送数据: { unitPrice: \u001b[33m0.1019\u001b[39m, totalStock: \u001b[33m1786\u001b[39m, personalStock: \u001b[33m0\u001b[39m, totalMoney: \u001b[33m181.9286\u001b[39m, personalMoney: \u001b[33m0\u001b[39m }","timestamp":1773767343706}
{"id":2107,"type":"info","level":2,"name":"stock-monitor","meta":{},"content":"请求方法: POST","timestamp":1773767343706}
{"id":2108,"type":"info","level":2,"name":"stock-monitor","meta":{},"content":"发送成功: { success: \u001b[33mtrue\u001b[39m, message: \u001b[32m'股票数据接收成功'\u001b[39m, diskId: \u001b[33m65\u001b[39m, timestamp: \u001b[32m'2026-03-17T17:09:03.768Z'\u001b[39m }","timestamp":1773767343786}
{"id":2110,"type":"info","level":2,"name":"stock-monitor","meta":{},"content":"收到股票更新事件","timestamp":1773767463766}
{"id":2111,"type":"info","level":2,"name":"stock-monitor","meta":{},"content":"发送股票数据到: http://felinus.gnway.cc:8000/stock","timestamp":1773767463767}
{"id":2112,"type":"info","level":2,"name":"stock-monitor","meta":{},"content":"发送数据: { unitPrice: \u001b[33m0.1446\u001b[39m, totalStock: \u001b[33m20916\u001b[39m, personalStock: \u001b[33m0\u001b[39m, totalMoney: \u001b[33m3025.4253\u001b[39m, personalMoney: \u001b[33m0\u001b[39m }","timestamp":1773767463767}
{"id":2113,"type":"info","level":2,"name":"stock-monitor","meta":{},"content":"请求方法: POST","timestamp":1773767463769}
{"id":2114,"type":"info","level":2,"name":"stock-monitor","meta":{},"content":"发送成功: { success: \u001b[33mtrue\u001b[39m, message: \u001b[32m'股票数据接收成功'\u001b[39m, diskId: \u001b[33m65\u001b[39m, timestamp: \u001b[32m'2026-03-17T17:11:03.833Z'\u001b[39m }","timestamp":1773767463854}
{"id":2116,"type":"info","level":2,"name":"stock-monitor","meta":{},"content":"收到股票更新事件","timestamp":1773767583666}
{"id":2117,"type":"info","level":2,"name":"stock-monitor","meta":{},"content":"发送股票数据到: http://felinus.gnway.cc:8000/stock","timestamp":1773767583667}
{"id":2118,"type":"info","level":2,"name":"stock-monitor","meta":{},"content":"发送数据: { unitPrice: \u001b[33m1.032\u001b[39m, totalStock: \u001b[33m1003\u001b[39m, personalStock: \u001b[33m0\u001b[39m, totalMoney: \u001b[33m1035.0804\u001b[39m, personalMoney: \u001b[33m0\u001b[39m }","timestamp":1773767583667}
{"id":2119,"type":"info","level":2,"name":"stock-monitor","meta":{},"content":"请求方法: POST","timestamp":1773767583667}
{"id":2120,"type":"info","level":2,"name":"stock-monitor","meta":{},"content":"发送成功: { success: \u001b[33mtrue\u001b[39m, message: \u001b[32m'股票数据接收成功'\u001b[39m, diskId: \u001b[33m65\u001b[39m, timestamp: \u001b[32m'2026-03-17T17:13:03.727Z'\u001b[39m }","timestamp":1773767583747}
{"id":2122,"type":"info","level":2,"name":"stock-monitor","meta":{},"content":"收到股票更新事件","timestamp":1773767704635}
{"id":2123,"type":"info","level":2,"name":"stock-monitor","meta":{},"content":"发送股票数据到: http://felinus.gnway.cc:8000/stock","timestamp":1773767704636}
{"id":2124,"type":"info","level":2,"name":"stock-monitor","meta":{},"content":"发送数据: { unitPrice: \u001b[33m0.7533\u001b[39m, totalStock: \u001b[33m1003\u001b[39m, personalStock: \u001b[33m0\u001b[39m, totalMoney: \u001b[33m755.6087\u001b[39m, personalMoney: \u001b[33m0\u001b[39m }","timestamp":1773767704636}
{"id":2125,"type":"info","level":2,"name":"stock-monitor","meta":{},"content":"请求方法: POST","timestamp":1773767704636}
{"id":2126,"type":"info","level":2,"name":"stock-monitor","meta":{},"content":"发送成功: { success: \u001b[33mtrue\u001b[39m, message: \u001b[32m'股票数据接收成功'\u001b[39m, diskId: \u001b[33m65\u001b[39m, timestamp: \u001b[32m'2026-03-17T17:15:04.696Z'\u001b[39m }","timestamp":1773767704716}
{"id":2140,"type":"info","level":2,"name":"stock-monitor","meta":{},"content":"收到股票更新事件","timestamp":1773767824538}
{"id":2141,"type":"info","level":2,"name":"stock-monitor","meta":{},"content":"发送股票数据到: http://felinus.gnway.cc:8000/stock","timestamp":1773767824539}
{"id":2142,"type":"info","level":2,"name":"stock-monitor","meta":{},"content":"发送数据: { unitPrice: \u001b[33m0.1959\u001b[39m, totalStock: \u001b[33m4003\u001b[39m, personalStock: \u001b[33m0\u001b[39m, totalMoney: \u001b[33m784.0702\u001b[39m, personalMoney: \u001b[33m0\u001b[39m }","timestamp":1773767824539}
{"id":2143,"type":"info","level":2,"name":"stock-monitor","meta":{},"content":"请求方法: POST","timestamp":1773767824539}
{"id":2144,"type":"info","level":2,"name":"stock-monitor","meta":{},"content":"发送成功: { success: \u001b[33mtrue\u001b[39m, message: \u001b[32m'股票数据接收成功'\u001b[39m, diskId: \u001b[33m65\u001b[39m, timestamp: \u001b[32m'2026-03-17T17:17:04.593Z'\u001b[39m }","timestamp":1773767824613}
{"id":2146,"type":"info","level":2,"name":"stock-monitor","meta":{},"content":"收到股票更新事件","timestamp":1773767944256}
{"id":2147,"type":"info","level":2,"name":"stock-monitor","meta":{},"content":"发送股票数据到: http://felinus.gnway.cc:8000/stock","timestamp":1773767944256}
{"id":2148,"type":"info","level":2,"name":"stock-monitor","meta":{},"content":"发送数据: { unitPrice: \u001b[33m0.2605\u001b[39m, totalStock: \u001b[33m55204\u001b[39m, personalStock: \u001b[33m0\u001b[39m, totalMoney: \u001b[33m14381.0815\u001b[39m, personalMoney: \u001b[33m0\u001b[39m }","timestamp":1773767944256}
{"id":2149,"type":"info","level":2,"name":"stock-monitor","meta":{},"content":"请求方法: POST","timestamp":1773767944256}
{"id":2150,"type":"info","level":2,"name":"stock-monitor","meta":{},"content":"发送成功: { success: \u001b[33mtrue\u001b[39m, message: \u001b[32m'股票数据接收成功'\u001b[39m, diskId: \u001b[33m65\u001b[39m, timestamp: \u001b[32m'2026-03-17T17:19:04.309Z'\u001b[39m }","timestamp":1773767944330}
{"id":2151,"type":"info","level":2,"name":"stock-monitor","meta":{},"content":"收到股票更新事件","timestamp":1773767965860}
{"id":2152,"type":"info","level":2,"name":"stock-monitor","meta":{},"content":"发送股票数据到: http://felinus.gnway.cc:8000/stock","timestamp":1773767965861}
{"id":2153,"type":"info","level":2,"name":"stock-monitor","meta":{},"content":"发送数据: { unitPrice: \u001b[33m0.2605\u001b[39m, totalStock: \u001b[33m1029\u001b[39m, personalStock: \u001b[33m0\u001b[39m, totalMoney: \u001b[33m268.0627\u001b[39m, personalMoney: \u001b[33m0\u001b[39m }","timestamp":1773767965861}
{"id":2154,"type":"info","level":2,"name":"stock-monitor","meta":{},"content":"请求方法: POST","timestamp":1773767965861}
{"id":2155,"type":"info","level":2,"name":"stock-monitor","meta":{},"content":"发送成功: { success: \u001b[33mtrue\u001b[39m, message: \u001b[32m'股票数据接收成功'\u001b[39m, diskId: \u001b[33m65\u001b[39m, timestamp: \u001b[32m'2026-03-17T17:19:25.926Z'\u001b[39m }","timestamp":1773767965945}
{"id":2157,"type":"info","level":2,"name":"stock-monitor","meta":{},"content":"收到股票更新事件","timestamp":1773768064952}
{"id":2158,"type":"info","level":2,"name":"stock-monitor","meta":{},"content":"发送股票数据到: http://felinus.gnway.cc:8000/stock","timestamp":1773768064952}
{"id":2159,"type":"info","level":2,"name":"stock-monitor","meta":{},"content":"发送数据: { unitPrice: \u001b[33m0.2553\u001b[39m, totalStock: \u001b[33m4251\u001b[39m, personalStock: \u001b[33m0\u001b[39m, totalMoney: \u001b[33m1085.271\u001b[39m, personalMoney: \u001b[33m0\u001b[39m }","timestamp":1773768064953}
{"id":2160,"type":"info","level":2,"name":"stock-monitor","meta":{},"content":"请求方法: POST","timestamp":1773768064953}
{"id":2161,"type":"info","level":2,"name":"stock-monitor","meta":{},"content":"发送成功: { success: \u001b[33mtrue\u001b[39m, message: \u001b[32m'股票数据接收成功'\u001b[39m, diskId: \u001b[33m65\u001b[39m, timestamp: \u001b[32m'2026-03-17T17:21:05.016Z'\u001b[39m }","timestamp":1773768065036}
{"id":2163,"type":"info","level":2,"name":"stock-monitor","meta":{},"content":"收到股票更新事件","timestamp":1773768184172}
{"id":2164,"type":"info","level":2,"name":"stock-monitor","meta":{},"content":"发送股票数据到: http://felinus.gnway.cc:8000/stock","timestamp":1773768184173}
{"id":2165,"type":"info","level":2,"name":"stock-monitor","meta":{},"content":"发送数据: { unitPrice: \u001b[33m0.1838\u001b[39m, totalStock: \u001b[33m4225\u001b[39m, personalStock: \u001b[33m0\u001b[39m, totalMoney: \u001b[33m776.6159\u001b[39m, personalMoney: \u001b[33m0\u001b[39m }","timestamp":1773768184173}
{"id":2166,"type":"info","level":2,"name":"stock-monitor","meta":{},"content":"请求方法: POST","timestamp":1773768184174}
{"id":2167,"type":"info","level":2,"name":"stock-monitor","meta":{},"content":"发送成功: { success: \u001b[33mtrue\u001b[39m, message: \u001b[32m'股票数据接收成功'\u001b[39m, diskId: \u001b[33m65\u001b[39m, timestamp: \u001b[32m'2026-03-17T17:23:04.234Z'\u001b[39m }","timestamp":1773768184253}
{"id":2169,"type":"info","level":2,"name":"stock-monitor","meta":{},"content":"收到股票更新事件","timestamp":1773768304687}
{"id":2170,"type":"info","level":2,"name":"stock-monitor","meta":{},"content":"发送股票数据到: http://felinus.gnway.cc:8000/stock","timestamp":1773768304687}
{"id":2171,"type":"info","level":2,"name":"stock-monitor","meta":{},"content":"发送数据: { unitPrice: \u001b[33m0.0165\u001b[39m, totalStock: \u001b[33m59125\u001b[39m, personalStock: \u001b[33m0\u001b[39m, totalMoney: \u001b[33m978.1225\u001b[39m, personalMoney: \u001b[33m0\u001b[39m }","timestamp":1773768304688}
{"id":2172,"type":"info","level":2,"name":"stock-monitor","meta":{},"content":"请求方法: POST","timestamp":1773768304688}
{"id":2173,"type":"info","level":2,"name":"stock-monitor","meta":{},"content":"发送成功: { success: \u001b[33mtrue\u001b[39m, message: \u001b[32m'股票数据接收成功'\u001b[39m, diskId: \u001b[33m65\u001b[39m, timestamp: \u001b[32m'2026-03-17T17:25:04.747Z'\u001b[39m }","timestamp":1773768304767}
{"id":2175,"type":"info","level":2,"name":"stock-monitor","meta":{},"content":"收到股票更新事件","timestamp":1773768424456}
{"id":2176,"type":"info","level":2,"name":"stock-monitor","meta":{},"content":"发送股票数据到: http://felinus.gnway.cc:8000/stock","timestamp":1773768424457}
{"id":2177,"type":"info","level":2,"name":"stock-monitor","meta":{},"content":"发送数据: { unitPrice: \u001b[33m0.0286\u001b[39m, totalStock: \u001b[33m9125\u001b[39m, personalStock: \u001b[33m0\u001b[39m, totalMoney: \u001b[33m260.9576\u001b[39m, personalMoney: \u001b[33m0\u001b[39m }","timestamp":1773768424457}
{"id":2178,"type":"info","level":2,"name":"stock-monitor","meta":{},"content":"请求方法: POST","timestamp":1773768424457}
{"id":2179,"type":"info","level":2,"name":"stock-monitor","meta":{},"content":"发送成功: { success: \u001b[33mtrue\u001b[39m, message: \u001b[32m'股票数据接收成功'\u001b[39m, diskId: \u001b[33m65\u001b[39m, timestamp: \u001b[32m'2026-03-17T17:27:04.519Z'\u001b[39m }","timestamp":1773768424538}
{"id":2181,"type":"info","level":2,"name":"stock-monitor","meta":{},"content":"收到股票更新事件","timestamp":1773768545070}
{"id":2182,"type":"info","level":2,"name":"stock-monitor","meta":{},"content":"发送股票数据到: http://felinus.gnway.cc:8000/stock","timestamp":1773768545071}
{"id":2183,"type":"info","level":2,"name":"stock-monitor","meta":{},"content":"发送数据: { unitPrice: \u001b[33m1\u001b[39m, totalStock: \u001b[33m1000\u001b[39m, personalStock: \u001b[33m0\u001b[39m, totalMoney: \u001b[33m1000\u001b[39m, personalMoney: \u001b[33m0\u001b[39m }","timestamp":1773768545071}
{"id":2184,"type":"info","level":2,"name":"stock-monitor","meta":{},"content":"请求方法: POST","timestamp":1773768545071}
{"id":2185,"type":"info","level":2,"name":"stock-monitor","meta":{},"content":"发送成功: { success: \u001b[33mtrue\u001b[39m, message: \u001b[32m'崩盘，新盘已创建'\u001b[39m, diskId: \u001b[33m66\u001b[39m, timestamp: \u001b[32m'2026-03-17T17:29:05.138Z'\u001b[39m }","timestamp":1773768545160}
{"id":2186,"type":"warn","level":2,"name":"DEV:adapter-iirose","meta":{},"content":"获取或转换图片失败: http://s.iirose.com/images/icon/cartoon/601433.jpg TypeError: terminated \u001b[90m    at Fetch.onAborted (node:internal/deps/undici/undici:11000:53)\u001b[39m \u001b[90m    at Fetch.emit (node:events:513:28)\u001b[39m \u001b[90m    at Fetch.terminate (node:internal/deps/undici/undici:10272:14)\u001b[39m \u001b[90m    at Object.onError (node:internal/deps/undici/undici:11095:36)\u001b[39m at Request.onError \u001b[90m(E:\\Desktop\\test\\koishiBot\\koishiBot\\\u001b[39mnode_modules\\\u001b[4mundici\u001b[24m\\lib\\core\\request.js:298:27\u001b[90m)\u001b[39m at Object.errorRequest \u001b[90m(E:\\Desktop\\test\\koishiBot\\koishiBot\\\u001b[39mnode_modules\\\u001b[4mundici\u001b[24m\\lib\\core\\util.js:560:13\u001b[90m)\u001b[39m at Socket.<anonymous> \u001b[90m(E:\\Desktop\\test\\koishiBot\\koishiBot\\\u001b[39mnode_modules\\\u001b[4mundici\u001b[24m\\lib\\dispatcher\\client-h1.js:716:12\u001b[90m)\u001b[39m \u001b[90m    at Socket.emit (node:events:525:35)\u001b[39m \u001b[90m    at TCP.<anonymous> (node:net:313:12)\u001b[39m { [cause]: Error: read ECONNRESET \u001b[90m    at __node_internal_captureLargerStackTrace (node:internal/errors:484:5)\u001b[39m \u001b[90m    at __node_internal_errnoException (node:internal/errors:614:12)\u001b[39m \u001b[90m    at TCP.onStreamRead (node:internal/stream_base_commons:217:20)\u001b[39m { errno: \u001b[33m-4077\u001b[39m, code: \u001b[32m'ECONNRESET'\u001b[39m, syscall: \u001b[32m'read'\u001b[39m } }","timestamp":1773768656171}
{"id":2188,"type":"info","level":2,"name":"stock-monitor","meta":{},"content":"收到股票更新事件","timestamp":1773768665112}
{"id":2189,"type":"info","level":2,"name":"stock-monitor","meta":{},"content":"发送股票数据到: http://felinus.gnway.cc:8000/stock","timestamp":1773768665113}
{"id":2190,"type":"info","level":2,"name":"stock-monitor","meta":{},"content":"发送数据: { unitPrice: \u001b[33m0.48\u001b[39m, totalStock: \u001b[33m7000\u001b[39m, personalStock: \u001b[33m0\u001b[39m, totalMoney: \u001b[33m3360\u001b[39m, personalMoney: \u001b[33m0\u001b[39m }","timestamp":1773768665113}
{"id":2191,"type":"info","level":2,"name":"stock-monitor","meta":{},"content":"请求方法: POST","timestamp":1773768665113}
{"id":2192,"type":"info","level":2,"name":"stock-monitor","meta":{},"content":"发送成功: { success: \u001b[33mtrue\u001b[39m, message: \u001b[32m'股票数据接收成功'\u001b[39m, diskId: \u001b[33m66\u001b[39m, timestamp: \u001b[32m'2026-03-17T17:31:05.183Z'\u001b[39m }","timestamp":1773768665202}
{"id":2194,"type":"info","level":2,"name":"stock-monitor","meta":{},"content":"收到股票更新事件","timestamp":1773768784881}
{"id":2195,"type":"info","level":2,"name":"stock-monitor","meta":{},"content":"发送股票数据到: http://felinus.gnway.cc:8000/stock","timestamp":1773768784882}
{"id":2196,"type":"info","level":2,"name":"stock-monitor","meta":{},"content":"发送数据: { unitPrice: \u001b[33m0.5712\u001b[39m, totalStock: \u001b[33m3000\u001b[39m, personalStock: \u001b[33m0\u001b[39m, totalMoney: \u001b[33m1713.6\u001b[39m, personalMoney: \u001b[33m0\u001b[39m }","timestamp":1773768784882}
{"id":2197,"type":"info","level":2,"name":"stock-monitor","meta":{},"content":"请求方法: POST","timestamp":1773768784882}
{"id":2198,"type":"info","level":2,"name":"stock-monitor","meta":{},"content":"发送成功: { success: \u001b[33mtrue\u001b[39m, message: \u001b[32m'股票数据接收成功'\u001b[39m, diskId: \u001b[33m66\u001b[39m, timestamp: \u001b[32m'2026-03-17T17:33:04.946Z'\u001b[39m }","timestamp":1773768784967}
{"id":2200,"type":"info","level":2,"name":"stock-monitor","meta":{},"content":"收到股票更新事件","timestamp":1773768905156}
{"id":2201,"type":"info","level":2,"name":"stock-monitor","meta":{},"content":"发送股票数据到: http://felinus.gnway.cc:8000/stock","timestamp":1773768905156}
{"id":2202,"type":"info","level":2,"name":"stock-monitor","meta":{},"content":"发送数据: { unitPrice: \u001b[33m1\u001b[39m, totalStock: \u001b[33m1000\u001b[39m, personalStock: \u001b[33m0\u001b[39m, totalMoney: \u001b[33m1000\u001b[39m, personalMoney: \u001b[33m0\u001b[39m }","timestamp":1773768905158}
{"id":2203,"type":"info","level":2,"name":"stock-monitor","meta":{},"content":"请求方法: POST","timestamp":1773768905158}
{"id":2204,"type":"info","level":2,"name":"stock-monitor","meta":{},"content":"发送成功: { success: \u001b[33mtrue\u001b[39m, message: \u001b[32m'崩盘，新盘已创建'\u001b[39m, diskId: \u001b[33m67\u001b[39m, timestamp: \u001b[32m'2026-03-17T17:35:05.230Z'\u001b[39m }","timestamp":1773768905250}
{"id":2206,"type":"info","level":2,"name":"stock-monitor","meta":{},"content":"收到股票更新事件","timestamp":1773769025102}
{"id":2207,"type":"info","level":2,"name":"stock-monitor","meta":{},"content":"发送股票数据到: http://felinus.gnway.cc:8000/stock","timestamp":1773769025103}
{"id":2208,"type":"info","level":2,"name":"stock-monitor","meta":{},"content":"发送数据: { unitPrice: \u001b[33m0.18\u001b[39m, totalStock: \u001b[33m5000\u001b[39m, personalStock: \u001b[33m0\u001b[39m, totalMoney: \u001b[33m900\u001b[39m, personalMoney: \u001b[33m0\u001b[39m }","timestamp":1773769025103}
{"id":2209,"type":"info","level":2,"name":"stock-monitor","meta":{},"content":"请求方法: POST","timestamp":1773769025103}
{"id":2210,"type":"info","level":2,"name":"stock-monitor","meta":{},"content":"发送成功: { success: \u001b[33mtrue\u001b[39m, message: \u001b[32m'股票数据接收成功'\u001b[39m, diskId: \u001b[33m67\u001b[39m, timestamp: \u001b[32m'2026-03-17T17:37:05.153Z'\u001b[39m }","timestamp":1773769025174}
{"id":2212,"type":"info","level":2,"name":"stock-monitor","meta":{},"content":"收到股票更新事件","timestamp":1773769145466}
{"id":2213,"type":"info","level":2,"name":"stock-monitor","meta":{},"content":"发送股票数据到: http://felinus.gnway.cc:8000/stock","timestamp":1773769145466}
{"id":2214,"type":"info","level":2,"name":"stock-monitor","meta":{},"content":"发送数据: { unitPrice: \u001b[33m0.2502\u001b[39m, totalStock: \u001b[33m11000\u001b[39m, personalStock: \u001b[33m0\u001b[39m, totalMoney: \u001b[33m2752.2\u001b[39m, personalMoney: \u001b[33m0\u001b[39m }","timestamp":1773769145467}
{"id":2215,"type":"info","level":2,"name":"stock-monitor","meta":{},"content":"请求方法: POST","timestamp":1773769145468}
{"id":2216,"type":"info","level":2,"name":"stock-monitor","meta":{},"content":"发送成功: { success: \u001b[33mtrue\u001b[39m, message: \u001b[32m'股票数据接收成功'\u001b[39m, diskId: \u001b[33m67\u001b[39m, timestamp: \u001b[32m'2026-03-17T17:39:05.532Z'\u001b[39m }","timestamp":1773769145552}
{"id":2218,"type":"info","level":2,"name":"stock-monitor","meta":{},"content":"收到股票更新事件","timestamp":1773769265638}
{"id":2219,"type":"info","level":2,"name":"stock-monitor","meta":{},"content":"发送股票数据到: http://felinus.gnway.cc:8000/stock","timestamp":1773769265639}
{"id":2220,"type":"info","level":2,"name":"stock-monitor","meta":{},"content":"发送数据: { unitPrice: \u001b[33m1\u001b[39m, totalStock: \u001b[33m1000\u001b[39m, personalStock: \u001b[33m0\u001b[39m, totalMoney: \u001b[33m1000\u001b[39m, personalMoney: \u001b[33m0\u001b[39m }","timestamp":1773769265639}
{"id":2221,"type":"info","level":2,"name":"stock-monitor","meta":{},"content":"请求方法: POST","timestamp":1773769265640}
{"id":2222,"type":"info","level":2,"name":"stock-monitor","meta":{},"content":"发送成功: { success: \u001b[33mtrue\u001b[39m, message: \u001b[32m'崩盘，新盘已创建'\u001b[39m, diskId: \u001b[33m68\u001b[39m, timestamp: \u001b[32m'2026-03-17T17:41:05.703Z'\u001b[39m }","timestamp":1773769265723}
{"id":2224,"type":"info","level":2,"name":"stock-monitor","meta":{},"content":"收到股票更新事件","timestamp":1773769385493}
{"id":2225,"type":"info","level":2,"name":"stock-monitor","meta":{},"content":"发送股票数据到: http://felinus.gnway.cc:8000/stock","timestamp":1773769385494}
{"id":2226,"type":"info","level":2,"name":"stock-monitor","meta":{},"content":"发送数据: { unitPrice: \u001b[33m0.79\u001b[39m, totalStock: \u001b[33m1200\u001b[39m, personalStock: \u001b[33m0\u001b[39m, totalMoney: \u001b[33m948\u001b[39m, personalMoney: \u001b[33m0\u001b[39m }","timestamp":1773769385494}
{"id":2227,"type":"info","level":2,"name":"stock-monitor","meta":{},"content":"请求方法: POST","timestamp":1773769385494}
{"id":2228,"type":"info","level":2,"name":"stock-monitor","meta":{},"content":"发送成功: { success: \u001b[33mtrue\u001b[39m, message: \u001b[32m'股票数据接收成功'\u001b[39m, diskId: \u001b[33m68\u001b[39m, timestamp: \u001b[32m'2026-03-17T17:43:05.558Z'\u001b[39m }","timestamp":1773769385579}
{"id":2230,"type":"info","level":2,"name":"stock-monitor","meta":{},"content":"收到股票更新事件","timestamp":1773769505593}
{"id":2231,"type":"info","level":2,"name":"stock-monitor","meta":{},"content":"发送股票数据到: http://felinus.gnway.cc:8000/stock","timestamp":1773769505594}
{"id":2232,"type":"info","level":2,"name":"stock-monitor","meta":{},"content":"发送数据: { unitPrice: \u001b[33m0.9401\u001b[39m, totalStock: \u001b[33m2866\u001b[39m, personalStock: \u001b[33m0\u001b[39m, totalMoney: \u001b[33m2694.3266\u001b[39m, personalMoney: \u001b[33m0\u001b[39m }","timestamp":1773769505594}
{"id":2233,"type":"info","level":2,"name":"stock-monitor","meta":{},"content":"请求方法: POST","timestamp":1773769505594}
{"id":2234,"type":"info","level":2,"name":"stock-monitor","meta":{},"content":"发送成功: { success: \u001b[33mtrue\u001b[39m, message: \u001b[32m'股票数据接收成功'\u001b[39m, diskId: \u001b[33m68\u001b[39m, timestamp: \u001b[32m'2026-03-17T17:45:05.652Z'\u001b[39m }","timestamp":1773769505671}
{"id":2236,"type":"info","level":2,"name":"stock-monitor","meta":{},"content":"收到股票更新事件","timestamp":1773769625601}
{"id":2237,"type":"info","level":2,"name":"stock-monitor","meta":{},"content":"发送股票数据到: http://felinus.gnway.cc:8000/stock","timestamp":1773769625602}
{"id":2238,"type":"info","level":2,"name":"stock-monitor","meta":{},"content":"发送数据: { unitPrice: \u001b[33m0.6201\u001b[39m, totalStock: \u001b[33m1000\u001b[39m, personalStock: \u001b[33m0\u001b[39m, totalMoney: \u001b[33m620.1\u001b[39m, personalMoney: \u001b[33m0\u001b[39m }","timestamp":1773769625602}
{"id":2239,"type":"info","level":2,"name":"stock-monitor","meta":{},"content":"请求方法: POST","timestamp":1773769625602}
{"id":2240,"type":"info","level":2,"name":"stock-monitor","meta":{},"content":"发送成功: { success: \u001b[33mtrue\u001b[39m, message: \u001b[32m'股票数据接收成功'\u001b[39m, diskId: \u001b[33m68\u001b[39m, timestamp: \u001b[32m'2026-03-17T17:47:05.666Z'\u001b[39m }","timestamp":1773769625686}
{"id":2242,"type":"info","level":2,"name":"stock-monitor","meta":{},"content":"收到股票更新事件","timestamp":1773769745535}
{"id":2243,"type":"info","level":2,"name":"stock-monitor","meta":{},"content":"发送股票数据到: http://felinus.gnway.cc:8000/stock","timestamp":1773769745536}
{"id":2244,"type":"info","level":2,"name":"stock-monitor","meta":{},"content":"发送数据: { unitPrice: \u001b[33m0.31\u001b[39m, totalStock: \u001b[33m2500\u001b[39m, personalStock: \u001b[33m0\u001b[39m, totalMoney: \u001b[33m775.125\u001b[39m, personalMoney: \u001b[33m0\u001b[39m }","timestamp":1773769745536}
{"id":2245,"type":"info","level":2,"name":"stock-monitor","meta":{},"content":"请求方法: POST","timestamp":1773769745536}
{"id":2246,"type":"info","level":2,"name":"stock-monitor","meta":{},"content":"发送成功: { success: \u001b[33mtrue\u001b[39m, message: \u001b[32m'股票数据接收成功'\u001b[39m, diskId: \u001b[33m68\u001b[39m, timestamp: \u001b[32m'2026-03-17T17:49:05.596Z'\u001b[39m }","timestamp":1773769745615}
{"id":2248,"type":"info","level":2,"name":"stock-monitor","meta":{},"content":"收到股票更新事件","timestamp":1773769865489}
{"id":2249,"type":"info","level":2,"name":"stock-monitor","meta":{},"content":"发送股票数据到: http://felinus.gnway.cc:8000/stock","timestamp":1773769865490}
{"id":2250,"type":"info","level":2,"name":"stock-monitor","meta":{},"content":"发送数据: { unitPrice: \u001b[33m0.4868\u001b[39m, totalStock: \u001b[33m9527\u001b[39m, personalStock: \u001b[33m0\u001b[39m, totalMoney: \u001b[33m4637.5388\u001b[39m, personalMoney: \u001b[33m0\u001b[39m }","timestamp":1773769865490}
{"id":2251,"type":"info","level":2,"name":"stock-monitor","meta":{},"content":"请求方法: POST","timestamp":1773769865490}
{"id":2252,"type":"info","level":2,"name":"stock-monitor","meta":{},"content":"发送成功: { success: \u001b[33mtrue\u001b[39m, message: \u001b[32m'股票数据接收成功'\u001b[39m, diskId: \u001b[33m68\u001b[39m, timestamp: \u001b[32m'2026-03-17T17:51:05.551Z'\u001b[39m }","timestamp":1773769865571}
{"id":2254,"type":"info","level":2,"name":"stock-monitor","meta":{},"content":"收到股票更新事件","timestamp":1773769985583}
{"id":2255,"type":"info","level":2,"name":"stock-monitor","meta":{},"content":"发送股票数据到: http://felinus.gnway.cc:8000/stock","timestamp":1773769985584}
{"id":2256,"type":"info","level":2,"name":"stock-monitor","meta":{},"content":"发送数据: { unitPrice: \u001b[33m0.4668\u001b[39m, totalStock: \u001b[33m1000\u001b[39m, personalStock: \u001b[33m0\u001b[39m, totalMoney: \u001b[33m466.7785\u001b[39m, personalMoney: \u001b[33m0\u001b[39m }","timestamp":1773769985584}
{"id":2257,"type":"info","level":2,"name":"stock-monitor","meta":{},"content":"请求方法: POST","timestamp":1773769985584}
{"id":2258,"type":"info","level":2,"name":"stock-monitor","meta":{},"content":"发送成功: { success: \u001b[33mtrue\u001b[39m, message: \u001b[32m'股票数据接收成功'\u001b[39m, diskId: \u001b[33m68\u001b[39m, timestamp: \u001b[32m'2026-03-17T17:53:05.638Z'\u001b[39m }","timestamp":1773769985658}
{"id":2260,"type":"info","level":2,"name":"stock-monitor","meta":{},"content":"收到股票更新事件","timestamp":1773770105753}
{"id":2261,"type":"info","level":2,"name":"stock-monitor","meta":{},"content":"发送股票数据到: http://felinus.gnway.cc:8000/stock","timestamp":1773770105754}
{"id":2262,"type":"info","level":2,"name":"stock-monitor","meta":{},"content":"发送数据: { unitPrice: \u001b[33m0.0468\u001b[39m, totalStock: \u001b[33m1000\u001b[39m, personalStock: \u001b[33m0\u001b[39m, totalMoney: \u001b[33m46.7785\u001b[39m, personalMoney: \u001b[33m0\u001b[39m }","timestamp":1773770105754}
{"id":2263,"type":"info","level":2,"name":"stock-monitor","meta":{},"content":"请求方法: POST","timestamp":1773770105754}
{"id":2264,"type":"info","level":2,"name":"stock-monitor","meta":{},"content":"发送成功: { success: \u001b[33mtrue\u001b[39m, message: \u001b[32m'股票数据接收成功'\u001b[39m, diskId: \u001b[33m68\u001b[39m, timestamp: \u001b[32m'2026-03-17T17:55:05.820Z'\u001b[39m }","timestamp":1773770105840}
{"id":2266,"type":"info","level":2,"name":"stock-monitor","meta":{},"content":"收到股票更新事件","timestamp":1773770225709}
{"id":2267,"type":"info","level":2,"name":"stock-monitor","meta":{},"content":"发送股票数据到: http://felinus.gnway.cc:8000/stock","timestamp":1773770225710}
{"id":2268,"type":"info","level":2,"name":"stock-monitor","meta":{},"content":"发送数据: { unitPrice: \u001b[33m1\u001b[39m, totalStock: \u001b[33m1000\u001b[39m, personalStock: \u001b[33m0\u001b[39m, totalMoney: \u001b[33m1000\u001b[39m, personalMoney: \u001b[33m0\u001b[39m }","timestamp":1773770225710}
{"id":2269,"type":"info","level":2,"name":"stock-monitor","meta":{},"content":"请求方法: POST","timestamp":1773770225710}
{"id":2270,"type":"info","level":2,"name":"stock-monitor","meta":{},"content":"发送成功: { success: \u001b[33mtrue\u001b[39m, message: \u001b[32m'崩盘，新盘已创建'\u001b[39m, diskId: \u001b[33m69\u001b[39m, timestamp: \u001b[32m'2026-03-17T17:57:05.774Z'\u001b[39m }","timestamp":1773770225796}
{"id":2272,"type":"info","level":2,"name":"stock-monitor","meta":{},"content":"收到股票更新事件","timestamp":1773770345885}
{"id":2273,"type":"info","level":2,"name":"stock-monitor","meta":{},"content":"发送股票数据到: http://felinus.gnway.cc:8000/stock","timestamp":1773770345886}
{"id":2274,"type":"info","level":2,"name":"stock-monitor","meta":{},"content":"发送数据: { unitPrice: \u001b[33m0.55\u001b[39m, totalStock: \u001b[33m1150\u001b[39m, personalStock: \u001b[33m0\u001b[39m, totalMoney: \u001b[33m632.5\u001b[39m, personalMoney: \u001b[33m0\u001b[39m }","timestamp":1773770345886}
{"id":2275,"type":"info","level":2,"name":"stock-monitor","meta":{},"content":"请求方法: POST","timestamp":1773770345886}
{"id":2276,"type":"info","level":2,"name":"stock-monitor","meta":{},"content":"发送成功: { success: \u001b[33mtrue\u001b[39m, message: \u001b[32m'股票数据接收成功'\u001b[39m, diskId: \u001b[33m69\u001b[39m, timestamp: \u001b[32m'2026-03-17T17:59:05.939Z'\u001b[39m }","timestamp":1773770345958}
{"id":2288,"type":"info","level":2,"name":"stock-monitor","meta":{},"content":"收到股票更新事件","timestamp":1773770465995}
{"id":2289,"type":"info","level":2,"name":"stock-monitor","meta":{},"content":"发送股票数据到: http://felinus.gnway.cc:8000/stock","timestamp":1773770465996}
{"id":2290,"type":"info","level":2,"name":"stock-monitor","meta":{},"content":"发送数据: { unitPrice: \u001b[33m0.176\u001b[39m, totalStock: \u001b[33m2960\u001b[39m, personalStock: \u001b[33m0\u001b[39m, totalMoney: \u001b[33m520.96\u001b[39m, personalMoney: \u001b[33m0\u001b[39m }","timestamp":1773770465997}
{"id":2291,"type":"info","level":2,"name":"stock-monitor","meta":{},"content":"请求方法: POST","timestamp":1773770465998}
{"id":2292,"type":"info","level":2,"name":"stock-monitor","meta":{},"content":"发送成功: { success: \u001b[33mtrue\u001b[39m, message: \u001b[32m'股票数据接收成功'\u001b[39m, diskId: \u001b[33m69\u001b[39m, timestamp: \u001b[32m'2026-03-17T18:01:06.062Z'\u001b[39m }","timestamp":1773770466082}
{"id":2294,"type":"info","level":2,"name":"stock-monitor","meta":{},"content":"收到股票更新事件","timestamp":1773770586052}
{"id":2295,"type":"info","level":2,"name":"stock-monitor","meta":{},"content":"发送股票数据到: http://felinus.gnway.cc:8000/stock","timestamp":1773770586053}
{"id":2296,"type":"info","level":2,"name":"stock-monitor","meta":{},"content":"发送数据: { unitPrice: \u001b[33m0.2306\u001b[39m, totalStock: \u001b[33m20035\u001b[39m, personalStock: \u001b[33m0\u001b[39m, totalMoney: \u001b[33m4619.2696\u001b[39m, personalMoney: \u001b[33m0\u001b[39m }","timestamp":1773770586053}
{"id":2297,"type":"info","level":2,"name":"stock-monitor","meta":{},"content":"请求方法: POST","timestamp":1773770586054}
{"id":2298,"type":"info","level":2,"name":"stock-monitor","meta":{},"content":"发送成功: { success: \u001b[33mtrue\u001b[39m, message: \u001b[32m'股票数据接收成功'\u001b[39m, diskId: \u001b[33m69\u001b[39m, timestamp: \u001b[32m'2026-03-17T18:03:06.107Z'\u001b[39m }","timestamp":1773770586126}
{"id":2306,"type":"info","level":2,"name":"stock-monitor","meta":{},"content":"收到股票更新事件","timestamp":1773770706030}
{"id":2307,"type":"info","level":2,"name":"stock-monitor","meta":{},"content":"发送股票数据到: http://felinus.gnway.cc:8000/stock","timestamp":1773770706031}
{"id":2308,"type":"info","level":2,"name":"stock-monitor","meta":{},"content":"发送数据: { unitPrice: \u001b[33m0.6706\u001b[39m, totalStock: \u001b[33m1000\u001b[39m, personalStock: \u001b[33m0\u001b[39m, totalMoney: \u001b[33m670.56\u001b[39m, personalMoney: \u001b[33m0\u001b[39m }","timestamp":1773770706031}
{"id":2309,"type":"info","level":2,"name":"stock-monitor","meta":{},"content":"请求方法: POST","timestamp":1773770706033}
{"id":2310,"type":"info","level":2,"name":"stock-monitor","meta":{},"content":"发送成功: { success: \u001b[33mtrue\u001b[39m, message: \u001b[32m'股票数据接收成功'\u001b[39m, diskId: \u001b[33m69\u001b[39m, timestamp: \u001b[32m'2026-03-17T18:05:06.092Z'\u001b[39m }","timestamp":1773770706113}
{"id":2312,"type":"info","level":2,"name":"stock-monitor","meta":{},"content":"收到股票更新事件","timestamp":1773770826228}
{"id":2313,"type":"info","level":2,"name":"stock-monitor","meta":{},"content":"发送股票数据到: http://felinus.gnway.cc:8000/stock","timestamp":1773770826229}
{"id":2314,"type":"info","level":2,"name":"stock-monitor","meta":{},"content":"发送数据: { unitPrice: \u001b[33m0.5106\u001b[39m, totalStock: \u001b[33m1000\u001b[39m, personalStock: \u001b[33m0\u001b[39m, totalMoney: \u001b[33m510.56\u001b[39m, personalMoney: \u001b[33m0\u001b[39m }","timestamp":1773770826229}
{"id":2315,"type":"info","level":2,"name":"stock-monitor","meta":{},"content":"请求方法: POST","timestamp":1773770826229}
{"id":2316,"type":"info","level":2,"name":"stock-monitor","meta":{},"content":"发送成功: { success: \u001b[33mtrue\u001b[39m, message: \u001b[32m'股票数据接收成功'\u001b[39m, diskId: \u001b[33m69\u001b[39m, timestamp: \u001b[32m'2026-03-17T18:07:06.290Z'\u001b[39m }","timestamp":1773770826309}
{"id":2318,"type":"info","level":2,"name":"stock-monitor","meta":{},"content":"收到股票更新事件","timestamp":1773770946292}
{"id":2319,"type":"info","level":2,"name":"stock-monitor","meta":{},"content":"发送股票数据到: http://felinus.gnway.cc:8000/stock","timestamp":1773770946293}
{"id":2320,"type":"info","level":2,"name":"stock-monitor","meta":{},"content":"发送数据: { unitPrice: \u001b[33m0.8106\u001b[39m, totalStock: \u001b[33m1600\u001b[39m, personalStock: \u001b[33m0\u001b[39m, totalMoney: \u001b[33m1296.896\u001b[39m, personalMoney: \u001b[33m0\u001b[39m }","timestamp":1773770946293}
{"id":2321,"type":"info","level":2,"name":"stock-monitor","meta":{},"content":"请求方法: POST","timestamp":1773770946293}
{"id":2322,"type":"info","level":2,"name":"stock-monitor","meta":{},"content":"发送成功: { success: \u001b[33mtrue\u001b[39m, message: \u001b[32m'股票数据接收成功'\u001b[39m, diskId: \u001b[33m69\u001b[39m, timestamp: \u001b[32m'2026-03-17T18:09:06.352Z'\u001b[39m }","timestamp":1773770946371}
{"id":2324,"type":"info","level":2,"name":"stock-monitor","meta":{},"content":"收到股票更新事件","timestamp":1773771066683}
{"id":2325,"type":"info","level":2,"name":"stock-monitor","meta":{},"content":"发送股票数据到: http://felinus.gnway.cc:8000/stock","timestamp":1773771066684}
{"id":2326,"type":"info","level":2,"name":"stock-monitor","meta":{},"content":"发送数据: { unitPrice: \u001b[33m1.5662\u001b[39m, totalStock: \u001b[33m1072\u001b[39m, personalStock: \u001b[33m0\u001b[39m, totalMoney: \u001b[33m1678.9203\u001b[39m, personalMoney: \u001b[33m0\u001b[39m }","timestamp":1773771066684}
{"id":2327,"type":"info","level":2,"name":"stock-monitor","meta":{},"content":"请求方法: POST","timestamp":1773771066684}
{"id":2328,"type":"info","level":2,"name":"stock-monitor","meta":{},"content":"发送成功: { success: \u001b[33mtrue\u001b[39m, message: \u001b[32m'股票数据接收成功'\u001b[39m, diskId: \u001b[33m69\u001b[39m, timestamp: \u001b[32m'2026-03-17T18:11:06.756Z'\u001b[39m }","timestamp":1773771066775}
{"id":2330,"type":"info","level":2,"name":"stock-monitor","meta":{},"content":"收到股票更新事件","timestamp":1773771186771}
{"id":2331,"type":"info","level":2,"name":"stock-monitor","meta":{},"content":"发送股票数据到: http://felinus.gnway.cc:8000/stock","timestamp":1773771186772}
{"id":2332,"type":"info","level":2,"name":"stock-monitor","meta":{},"content":"发送数据: { unitPrice: \u001b[33m2.4902\u001b[39m, totalStock: \u001b[33m1210\u001b[39m, personalStock: \u001b[33m0\u001b[39m, totalMoney: \u001b[33m3013.1295\u001b[39m, personalMoney: \u001b[33m0\u001b[39m }","timestamp":1773771186772}
{"id":2333,"type":"info","level":2,"name":"stock-monitor","meta":{},"content":"请求方法: POST","timestamp":1773771186772}
{"id":2334,"type":"info","level":2,"name":"stock-monitor","meta":{},"content":"发送成功: { success: \u001b[33mtrue\u001b[39m, message: \u001b[32m'股票数据接收成功'\u001b[39m, diskId: \u001b[33m69\u001b[39m, timestamp: \u001b[32m'2026-03-17T18:13:06.822Z'\u001b[39m }","timestamp":1773771186843}
{"id":2336,"type":"info","level":2,"name":"stock-monitor","meta":{},"content":"收到股票更新事件","timestamp":1773771306779}
{"id":2337,"type":"info","level":2,"name":"stock-monitor","meta":{},"content":"发送股票数据到: http://felinus.gnway.cc:8000/stock","timestamp":1773771306779}
{"id":2338,"type":"info","level":2,"name":"stock-monitor","meta":{},"content":"发送数据: { unitPrice: \u001b[33m0.249\u001b[39m, totalStock: \u001b[33m1110\u001b[39m, personalStock: \u001b[33m0\u001b[39m, totalMoney: \u001b[33m276.4111\u001b[39m, personalMoney: \u001b[33m0\u001b[39m }","timestamp":1773771306779}
{"id":2339,"type":"info","level":2,"name":"stock-monitor","meta":{},"content":"请求方法: POST","timestamp":1773771306780}
{"id":2340,"type":"info","level":2,"name":"stock-monitor","meta":{},"content":"发送成功: { success: \u001b[33mtrue\u001b[39m, message: \u001b[32m'股票数据接收成功'\u001b[39m, diskId: \u001b[33m69\u001b[39m, timestamp: \u001b[32m'2026-03-17T18:15:06.842Z'\u001b[39m }","timestamp":1773771306861}
{"id":2342,"type":"info","level":2,"name":"stock-monitor","meta":{},"content":"收到股票更新事件","timestamp":1773771426727}
{"id":2343,"type":"info","level":2,"name":"stock-monitor","meta":{},"content":"发送股票数据到: http://felinus.gnway.cc:8000/stock","timestamp":1773771426728}
{"id":2344,"type":"info","level":2,"name":"stock-monitor","meta":{},"content":"发送数据: { unitPrice: \u001b[33m0.3536\u001b[39m, totalStock: \u001b[33m5121\u001b[39m, personalStock: \u001b[33m0\u001b[39m, totalMoney: \u001b[33m1810.8211\u001b[39m, personalMoney: \u001b[33m0\u001b[39m }","timestamp":1773771426728}
{"id":2345,"type":"info","level":2,"name":"stock-monitor","meta":{},"content":"请求方法: POST","timestamp":1773771426728}
{"id":2346,"type":"info","level":2,"name":"stock-monitor","meta":{},"content":"发送成功: { success: \u001b[33mtrue\u001b[39m, message: \u001b[32m'股票数据接收成功'\u001b[39m, diskId: \u001b[33m69\u001b[39m, timestamp: \u001b[32m'2026-03-17T18:17:06.793Z'\u001b[39m }","timestamp":1773771426812}
{"id":2358,"type":"info","level":2,"name":"stock-monitor","meta":{},"content":"收到股票更新事件","timestamp":1773771546760}
{"id":2359,"type":"info","level":2,"name":"stock-monitor","meta":{},"content":"发送股票数据到: http://felinus.gnway.cc:8000/stock","timestamp":1773771546760}
{"id":2360,"type":"info","level":2,"name":"stock-monitor","meta":{},"content":"发送数据: { unitPrice: \u001b[33m0.1663\u001b[39m, totalStock: \u001b[33m1922\u001b[39m, personalStock: \u001b[33m0\u001b[39m, totalMoney: \u001b[33m319.6325\u001b[39m, personalMoney: \u001b[33m0\u001b[39m }","timestamp":1773771546761}
{"id":2361,"type":"info","level":2,"name":"stock-monitor","meta":{},"content":"请求方法: POST","timestamp":1773771546761}
{"id":2362,"type":"info","level":2,"name":"stock-monitor","meta":{},"content":"发送成功: { success: \u001b[33mtrue\u001b[39m, message: \u001b[32m'股票数据接收成功'\u001b[39m, diskId: \u001b[33m69\u001b[39m, timestamp: \u001b[32m'2026-03-17T18:19:06.825Z'\u001b[39m }","timestamp":1773771546847}
{"id":2364,"type":"info","level":2,"name":"stock-monitor","meta":{},"content":"收到股票更新事件","timestamp":1773771667207}
{"id":2365,"type":"info","level":2,"name":"stock-monitor","meta":{},"content":"发送股票数据到: http://felinus.gnway.cc:8000/stock","timestamp":1773771667208}
{"id":2366,"type":"info","level":2,"name":"stock-monitor","meta":{},"content":"发送数据: { unitPrice: \u001b[33m0.1447\u001b[39m, totalStock: \u001b[33m6036\u001b[39m, personalStock: \u001b[33m0\u001b[39m, totalMoney: \u001b[33m873.3052\u001b[39m, personalMoney: \u001b[33m0\u001b[39m }","timestamp":1773771667208}
{"id":2367,"type":"info","level":2,"name":"stock-monitor","meta":{},"content":"请求方法: POST","timestamp":1773771667208}
{"id":2368,"type":"info","level":2,"name":"stock-monitor","meta":{},"content":"发送成功: { success: \u001b[33mtrue\u001b[39m, message: \u001b[32m'股票数据接收成功'\u001b[39m, diskId: \u001b[33m69\u001b[39m, timestamp: \u001b[32m'2026-03-17T18:21:07.275Z'\u001b[39m }","timestamp":1773771667294}
{"id":2370,"type":"info","level":2,"name":"stock-monitor","meta":{},"content":"收到股票更新事件","timestamp":1773771787853}
{"id":2371,"type":"info","level":2,"name":"stock-monitor","meta":{},"content":"发送股票数据到: http://felinus.gnway.cc:8000/stock","timestamp":1773771787854}
{"id":2372,"type":"info","level":2,"name":"stock-monitor","meta":{},"content":"发送数据: { unitPrice: \u001b[33m0.1751\u001b[39m, totalStock: \u001b[33m29036\u001b[39m, personalStock: \u001b[33m0\u001b[39m, totalMoney: \u001b[33m5083.221\u001b[39m, personalMoney: \u001b[33m0\u001b[39m }","timestamp":1773771787854}
{"id":2373,"type":"info","level":2,"name":"stock-monitor","meta":{},"content":"请求方法: POST","timestamp":1773771787854}
{"id":2374,"type":"info","level":2,"name":"stock-monitor","meta":{},"content":"发送成功: { success: \u001b[33mtrue\u001b[39m, message: \u001b[32m'股票数据接收成功'\u001b[39m, diskId: \u001b[33m69\u001b[39m, timestamp: \u001b[32m'2026-03-17T18:23:07.912Z'\u001b[39m }","timestamp":1773771787933}
{"id":2376,"type":"info","level":2,"name":"stock-monitor","meta":{},"content":"收到股票更新事件","timestamp":1773771908247}
{"id":2377,"type":"info","level":2,"name":"stock-monitor","meta":{},"content":"发送股票数据到: http://felinus.gnway.cc:8000/stock","timestamp":1773771908247}
{"id":2378,"type":"info","level":2,"name":"stock-monitor","meta":{},"content":"发送数据: { unitPrice: \u001b[33m0.1916\u001b[39m, totalStock: \u001b[33m4825\u001b[39m, personalStock: \u001b[33m0\u001b[39m, totalMoney: \u001b[33m924.6942\u001b[39m, personalMoney: \u001b[33m0\u001b[39m }","timestamp":1773771908247}
{"id":2379,"type":"info","level":2,"name":"stock-monitor","meta":{},"content":"请求方法: POST","timestamp":1773771908248}
{"id":2380,"type":"info","level":2,"name":"stock-monitor","meta":{},"content":"发送成功: { success: \u001b[33mtrue\u001b[39m, message: \u001b[32m'股票数据接收成功'\u001b[39m, diskId: \u001b[33m69\u001b[39m, timestamp: \u001b[32m'2026-03-17T18:25:08.313Z'\u001b[39m }","timestamp":1773771908344}
{"id":2382,"type":"info","level":2,"name":"stock-monitor","meta":{},"content":"收到股票更新事件","timestamp":1773772028341}
{"id":2383,"type":"info","level":2,"name":"stock-monitor","meta":{},"content":"发送股票数据到: http://felinus.gnway.cc:8000/stock","timestamp":1773772028342}
{"id":2384,"type":"info","level":2,"name":"stock-monitor","meta":{},"content":"发送数据: { unitPrice: \u001b[33m0.4392\u001b[39m, totalStock: \u001b[33m3111\u001b[39m, personalStock: \u001b[33m0\u001b[39m, totalMoney: \u001b[33m1366.2122\u001b[39m, personalMoney: \u001b[33m0\u001b[39m }","timestamp":1773772028342}
{"id":2385,"type":"info","level":2,"name":"stock-monitor","meta":{},"content":"请求方法: POST","timestamp":1773772028342}
{"id":2386,"type":"info","level":2,"name":"stock-monitor","meta":{},"content":"发送成功: { success: \u001b[33mtrue\u001b[39m, message: \u001b[32m'股票数据接收成功'\u001b[39m, diskId: \u001b[33m69\u001b[39m, timestamp: \u001b[32m'2026-03-17T18:27:08.400Z'\u001b[39m }","timestamp":1773772028422}
{"id":2388,"type":"info","level":2,"name":"stock-monitor","meta":{},"content":"收到股票更新事件","timestamp":1773772148060}
{"id":2389,"type":"info","level":2,"name":"stock-monitor","meta":{},"content":"发送股票数据到: http://felinus.gnway.cc:8000/stock","timestamp":1773772148062}
{"id":2390,"type":"info","level":2,"name":"stock-monitor","meta":{},"content":"发送数据: { unitPrice: \u001b[33m0.5094\u001b[39m, totalStock: \u001b[33m3011\u001b[39m, personalStock: \u001b[33m0\u001b[39m, totalMoney: \u001b[33m1533.8641\u001b[39m, personalMoney: \u001b[33m0\u001b[39m }","timestamp":1773772148062}
{"id":2391,"type":"info","level":2,"name":"stock-monitor","meta":{},"content":"请求方法: POST","timestamp":1773772148062}
{"id":2392,"type":"info","level":2,"name":"stock-monitor","meta":{},"content":"发送成功: { success: \u001b[33mtrue\u001b[39m, message: \u001b[32m'股票数据接收成功'\u001b[39m, diskId: \u001b[33m69\u001b[39m, timestamp: \u001b[32m'2026-03-17T18:29:08.123Z'\u001b[39m }","timestamp":1773772148143}
{"id":2393,"type":"info","level":2,"name":"stock-monitor","meta":{},"content":"收到股票更新事件","timestamp":1773772240676}
{"id":2394,"type":"info","level":2,"name":"stock-monitor","meta":{},"content":"发送股票数据到: http://felinus.gnway.cc:8000/stock","timestamp":1773772240676}
{"id":2395,"type":"info","level":2,"name":"stock-monitor","meta":{},"content":"发送数据: { unitPrice: \u001b[33m0.5094\u001b[39m, totalStock: \u001b[33m3006\u001b[39m, personalStock: \u001b[33m0\u001b[39m, totalMoney: \u001b[33m1531.317\u001b[39m, personalMoney: \u001b[33m0\u001b[39m }","timestamp":1773772240676}
{"id":2396,"type":"info","level":2,"name":"stock-monitor","meta":{},"content":"请求方法: POST","timestamp":1773772240676}
{"id":2397,"type":"warn","level":2,"name":"stock-monitor","meta":{},"content":"发送失败 (尝试 1/1)","timestamp":1773772250683}
{"id":2398,"type":"error","level":1,"name":"stock-monitor","meta":{},"content":"错误信息: HTTPError: fetch http://felinus.gnway.cc:8000/stock failed at \u001b[90mE:\\Desktop\\test\\koishiBot\\koishiBot\\\u001b[39mnode_modules\\\u001b[4m@cordisjs\u001b[24m\\plugin-http\\lib\\index.cjs:327:23 \u001b[90m    at process.processTicksAndRejections (node:internal/process/task_queues:95:5)\u001b[39m \u001b[90m    ... 3 lines matching cause stack trace ...\u001b[39m at <anonymous> (e:\\Desktop\\test\\koishiBot\\koishiBot\\external\\iirosestock\\lib\\index.js:94:9) { response: \u001b[90mundefined\u001b[39m, code: \u001b[90mundefined\u001b[39m, cause: TypeError: fetch failed \u001b[90m    at Object.fetch (node:internal/deps/undici/undici:11118:11)\u001b[39m \u001b[90m    at process.processTicksAndRejections (node:internal/process/task_queues:95:5)\u001b[39m at async [cordis.invoke] \u001b[90m(E:\\Desktop\\test\\koishiBot\\koishiBot\\\u001b[39mnode_modules\\\u001b[4m@cordisjs\u001b[24m\\plugin-http\\lib\\index.cjs:325:19\u001b[90m)\u001b[39m at async Proxy.<anonymous> \u001b[90m(E:\\Desktop\\test\\koishiBot\\koishiBot\\\u001b[39mnode_modules\\\u001b[4m@cordisjs\u001b[24m\\plugin-http\\lib\\index.cjs:184:26\u001b[90m)\u001b[39m at sendStockData (e:\\Desktop\\test\\koishiBot\\koishiBot\\external\\iirosestock\\lib\\index.js:51:27) at <anonymous> (e:\\Desktop\\test\\koishiBot\\koishiBot\\external\\iirosestock\\lib\\index.js:94:9) { cause: ConnectTimeoutError: Connect Timeout Error at onConnectTimeout \u001b[90m(E:\\Desktop\\test\\koishiBot\\koishiBot\\\u001b[39mnode_modules\\\u001b[4mundici\u001b[24m\\lib\\core\\connect.js:190:24\u001b[90m)\u001b[39m at \u001b[90mE:\\Desktop\\test\\koishiBot\\koishiBot\\\u001b[39mnode_modules\\\u001b[4mundici\u001b[24m\\lib\\core\\connect.js:133:46 at Immediate._onImmediate \u001b[90m(E:\\Desktop\\test\\koishiBot\\koishiBot\\\u001b[39mnode_modules\\\u001b[4mundici\u001b[24m\\lib\\core\\connect.js:172:33\u001b[90m)\u001b[39m \u001b[90m    at process.processImmediate (node:internal/timers:471:21)\u001b[39m { code: \u001b[32m'UND_ERR_CONNECT_TIMEOUT'\u001b[39m } }, [\u001b[32mSymbol(cordis.http.error)\u001b[39m]: \u001b[33mtrue\u001b[39m }","timestamp":1773772250684}
{"id":2399,"type":"error","level":1,"name":"stock-monitor","meta":{},"content":"发送失败，达到最大重试次数","timestamp":1773772250690}
{"id":2401,"type":"info","level":2,"name":"stock-monitor","meta":{},"content":"收到股票更新事件","timestamp":1773772268012}
{"id":2402,"type":"info","level":2,"name":"stock-monitor","meta":{},"content":"发送股票数据到: http://felinus.gnway.cc:8000/stock","timestamp":1773772268012}
{"id":2403,"type":"info","level":2,"name":"stock-monitor","meta":{},"content":"发送数据: { unitPrice: \u001b[33m0.0306\u001b[39m, totalStock: \u001b[33m3000\u001b[39m, personalStock: \u001b[33m0\u001b[39m, totalMoney: \u001b[33m91.6956\u001b[39m, personalMoney: \u001b[33m0\u001b[39m }","timestamp":1773772268013}
{"id":2404,"type":"info","level":2,"name":"stock-monitor","meta":{},"content":"请求方法: POST","timestamp":1773772268013}
{"id":2405,"type":"info","level":2,"name":"stock-monitor","meta":{},"content":"发送成功: { success: \u001b[33mtrue\u001b[39m, message: \u001b[32m'股票数据接收成功'\u001b[39m, diskId: \u001b[33m69\u001b[39m, timestamp: \u001b[32m'2026-03-17T18:31:08.065Z'\u001b[39m }","timestamp":1773772268083}
{"id":2407,"type":"info","level":2,"name":"stock-monitor","meta":{},"content":"收到股票更新事件","timestamp":1773772388061}
{"id":2408,"type":"info","level":2,"name":"stock-monitor","meta":{},"content":"发送股票数据到: http://felinus.gnway.cc:8000/stock","timestamp":1773772388061}
{"id":2409,"type":"info","level":2,"name":"stock-monitor","meta":{},"content":"发送数据: { unitPrice: \u001b[33m1\u001b[39m, totalStock: \u001b[33m1000\u001b[39m, personalStock: \u001b[33m0\u001b[39m, totalMoney: \u001b[33m1000\u001b[39m, personalMoney: \u001b[33m0\u001b[39m }","timestamp":1773772388061}
{"id":2410,"type":"info","level":2,"name":"stock-monitor","meta":{},"content":"请求方法: POST","timestamp":1773772388061}
{"id":2411,"type":"info","level":2,"name":"stock-monitor","meta":{},"content":"发送成功: { success: \u001b[33mtrue\u001b[39m, message: \u001b[32m'崩盘，新盘已创建'\u001b[39m, diskId: \u001b[33m70\u001b[39m, timestamp: \u001b[32m'2026-03-17T18:33:08.128Z'\u001b[39m }","timestamp":1773772388149}
{"id":2413,"type":"info","level":2,"name":"stock-monitor","meta":{},"content":"收到股票更新事件","timestamp":1773772508090}
{"id":2414,"type":"info","level":2,"name":"stock-monitor","meta":{},"content":"发送股票数据到: http://felinus.gnway.cc:8000/stock","timestamp":1773772508090}
{"id":2415,"type":"info","level":2,"name":"stock-monitor","meta":{},"content":"发送数据: { unitPrice: \u001b[33m0.78\u001b[39m, totalStock: \u001b[33m1500\u001b[39m, personalStock: \u001b[33m0\u001b[39m, totalMoney: \u001b[33m1170\u001b[39m, personalMoney: \u001b[33m0\u001b[39m }","timestamp":1773772508092}
{"id":2416,"type":"info","level":2,"name":"stock-monitor","meta":{},"content":"请求方法: POST","timestamp":1773772508093}
{"id":2417,"type":"info","level":2,"name":"stock-monitor","meta":{},"content":"发送成功: { success: \u001b[33mtrue\u001b[39m, message: \u001b[32m'股票数据接收成功'\u001b[39m, diskId: \u001b[33m70\u001b[39m, timestamp: \u001b[32m'2026-03-17T18:35:08.160Z'\u001b[39m }","timestamp":1773772508179}
{"id":2419,"type":"info","level":2,"name":"stock-monitor","meta":{},"content":"收到股票更新事件","timestamp":1773772628151}
{"id":2420,"type":"info","level":2,"name":"stock-monitor","meta":{},"content":"发送股票数据到: http://felinus.gnway.cc:8000/stock","timestamp":1773772628152}
{"id":2421,"type":"info","level":2,"name":"stock-monitor","meta":{},"content":"发送数据: { unitPrice: \u001b[33m0.117\u001b[39m, totalStock: \u001b[33m2800\u001b[39m, personalStock: \u001b[33m0\u001b[39m, totalMoney: \u001b[33m327.6\u001b[39m, personalMoney: \u001b[33m0\u001b[39m }","timestamp":1773772628152}
{"id":2422,"type":"info","level":2,"name":"stock-monitor","meta":{},"content":"请求方法: POST","timestamp":1773772628152}
{"id":2423,"type":"info","level":2,"name":"stock-monitor","meta":{},"content":"发送成功: { success: \u001b[33mtrue\u001b[39m, message: \u001b[32m'股票数据接收成功'\u001b[39m, diskId: \u001b[33m70\u001b[39m, timestamp: \u001b[32m'2026-03-17T18:37:08.230Z'\u001b[39m }","timestamp":1773772628256}
{"id":2425,"type":"info","level":2,"name":"stock-monitor","meta":{},"content":"收到股票更新事件","timestamp":1773772748312}
{"id":2426,"type":"info","level":2,"name":"stock-monitor","meta":{},"content":"发送股票数据到: http://felinus.gnway.cc:8000/stock","timestamp":1773772748313}
{"id":2427,"type":"info","level":2,"name":"stock-monitor","meta":{},"content":"发送数据: { unitPrice: \u001b[33m0.2059\u001b[39m, totalStock: \u001b[33m35466\u001b[39m, personalStock: \u001b[33m0\u001b[39m, totalMoney: \u001b[33m7303.1587\u001b[39m, personalMoney: \u001b[33m0\u001b[39m }","timestamp":1773772748313}
{"id":2428,"type":"info","level":2,"name":"stock-monitor","meta":{},"content":"请求方法: POST","timestamp":1773772748313}
{"id":2429,"type":"info","level":2,"name":"stock-monitor","meta":{},"content":"发送成功: { success: \u001b[33mtrue\u001b[39m, message: \u001b[32m'股票数据接收成功'\u001b[39m, diskId: \u001b[33m70\u001b[39m, timestamp: \u001b[32m'2026-03-17T18:39:08.374Z'\u001b[39m }","timestamp":1773772748400}
{"id":2431,"type":"info","level":2,"name":"stock-monitor","meta":{},"content":"收到股票更新事件","timestamp":1773772868372}
{"id":2432,"type":"info","level":2,"name":"stock-monitor","meta":{},"content":"发送股票数据到: http://felinus.gnway.cc:8000/stock","timestamp":1773772868373}
{"id":2433,"type":"info","level":2,"name":"stock-monitor","meta":{},"content":"发送数据: { unitPrice: \u001b[33m0.2709\u001b[39m, totalStock: \u001b[33m2000\u001b[39m, personalStock: \u001b[33m0\u001b[39m, totalMoney: \u001b[33m541.84\u001b[39m, personalMoney: \u001b[33m0\u001b[39m }","timestamp":1773772868373}
{"id":2434,"type":"info","level":2,"name":"stock-monitor","meta":{},"content":"请求方法: POST","timestamp":1773772868373}
{"id":2435,"type":"info","level":2,"name":"stock-monitor","meta":{},"content":"发送成功: { success: \u001b[33mtrue\u001b[39m, message: \u001b[32m'股票数据接收成功'\u001b[39m, diskId: \u001b[33m70\u001b[39m, timestamp: \u001b[32m'2026-03-17T18:41:08.428Z'\u001b[39m }","timestamp":1773772868450}
{"id":2437,"type":"info","level":2,"name":"stock-monitor","meta":{},"content":"收到股票更新事件","timestamp":1773772988460}
{"id":2438,"type":"info","level":2,"name":"stock-monitor","meta":{},"content":"发送股票数据到: http://felinus.gnway.cc:8000/stock","timestamp":1773772988460}
{"id":2439,"type":"info","level":2,"name":"stock-monitor","meta":{},"content":"发送数据: { unitPrice: \u001b[33m0.7043\u001b[39m, totalStock: \u001b[33m1500\u001b[39m, personalStock: \u001b[33m0\u001b[39m, totalMoney: \u001b[33m1056.38\u001b[39m, personalMoney: \u001b[33m0\u001b[39m }","timestamp":1773772988460}
{"id":2440,"type":"info","level":2,"name":"stock-monitor","meta":{},"content":"请求方法: POST","timestamp":1773772988461}
{"id":2441,"type":"info","level":2,"name":"stock-monitor","meta":{},"content":"发送成功: { success: \u001b[33mtrue\u001b[39m, message: \u001b[32m'股票数据接收成功'\u001b[39m, diskId: \u001b[33m70\u001b[39m, timestamp: \u001b[32m'2026-03-17T18:43:08.522Z'\u001b[39m }","timestamp":1773772988542}
{"id":2443,"type":"info","level":2,"name":"stock-monitor","meta":{},"content":"收到股票更新事件","timestamp":1773773108543}
{"id":2444,"type":"info","level":2,"name":"stock-monitor","meta":{},"content":"发送股票数据到: http://felinus.gnway.cc:8000/stock","timestamp":1773773108543}
{"id":2445,"type":"info","level":2,"name":"stock-monitor","meta":{},"content":"发送数据: { unitPrice: \u001b[33m1.0679\u001b[39m, totalStock: \u001b[33m1100\u001b[39m, personalStock: \u001b[33m0\u001b[39m, totalMoney: \u001b[33m1174.6787\u001b[39m, personalMoney: \u001b[33m0\u001b[39m }","timestamp":1773773108544}
{"id":2446,"type":"info","level":2,"name":"stock-monitor","meta":{},"content":"请求方法: POST","timestamp":1773773108544}
{"id":2447,"type":"info","level":2,"name":"stock-monitor","meta":{},"content":"发送成功: { success: \u001b[33mtrue\u001b[39m, message: \u001b[32m'股票数据接收成功'\u001b[39m, diskId: \u001b[33m70\u001b[39m, timestamp: \u001b[32m'2026-03-17T18:45:08.613Z'\u001b[39m }","timestamp":1773773108636}
{"id":2449,"type":"info","level":2,"name":"stock-monitor","meta":{},"content":"收到股票更新事件","timestamp":1773773228600}
{"id":2450,"type":"info","level":2,"name":"stock-monitor","meta":{},"content":"发送股票数据到: http://felinus.gnway.cc:8000/stock","timestamp":1773773228600}
{"id":2451,"type":"info","level":2,"name":"stock-monitor","meta":{},"content":"发送数据: { unitPrice: \u001b[33m1.8047\u001b[39m, totalStock: \u001b[33m1050\u001b[39m, personalStock: \u001b[33m0\u001b[39m, totalMoney: \u001b[33m1894.9703\u001b[39m, personalMoney: \u001b[33m0\u001b[39m }","timestamp":1773773228600}
{"id":2452,"type":"info","level":2,"name":"stock-monitor","meta":{},"content":"请求方法: POST","timestamp":1773773228601}
{"id":2453,"type":"info","level":2,"name":"stock-monitor","meta":{},"content":"发送成功: { success: \u001b[33mtrue\u001b[39m, message: \u001b[32m'股票数据接收成功'\u001b[39m, diskId: \u001b[33m70\u001b[39m, timestamp: \u001b[32m'2026-03-17T18:47:08.668Z'\u001b[39m }","timestamp":1773773228691}
{"id":2455,"type":"info","level":2,"name":"stock-monitor","meta":{},"content":"收到股票更新事件","timestamp":1773773348688}
{"id":2456,"type":"info","level":2,"name":"stock-monitor","meta":{},"content":"发送股票数据到: http://felinus.gnway.cc:8000/stock","timestamp":1773773348688}
{"id":2457,"type":"info","level":2,"name":"stock-monitor","meta":{},"content":"发送数据: { unitPrice: \u001b[33m0.9746\u001b[39m, totalStock: \u001b[33m1025\u001b[39m, personalStock: \u001b[33m0\u001b[39m, totalMoney: \u001b[33m998.92\u001b[39m, personalMoney: \u001b[33m0\u001b[39m }","timestamp":1773773348688}
{"id":2458,"type":"info","level":2,"name":"stock-monitor","meta":{},"content":"请求方法: POST","timestamp":1773773348688}
{"id":2459,"type":"info","level":2,"name":"stock-monitor","meta":{},"content":"发送成功: { success: \u001b[33mtrue\u001b[39m, message: \u001b[32m'股票数据接收成功'\u001b[39m, diskId: \u001b[33m70\u001b[39m, timestamp: \u001b[32m'2026-03-17T18:49:08.763Z'\u001b[39m }","timestamp":1773773348787}
{"id":2461,"type":"info","level":2,"name":"stock-monitor","meta":{},"content":"收到股票更新事件","timestamp":1773773468715}
{"id":2462,"type":"info","level":2,"name":"stock-monitor","meta":{},"content":"发送股票数据到: http://felinus.gnway.cc:8000/stock","timestamp":1773773468716}
{"id":2463,"type":"info","level":2,"name":"stock-monitor","meta":{},"content":"发送数据: { unitPrice: \u001b[33m1.1402\u001b[39m, totalStock: \u001b[33m1225\u001b[39m, personalStock: \u001b[33m0\u001b[39m, totalMoney: \u001b[33m1396.7826\u001b[39m, personalMoney: \u001b[33m0\u001b[39m }","timestamp":1773773468716}
{"id":2464,"type":"info","level":2,"name":"stock-monitor","meta":{},"content":"请求方法: POST","timestamp":1773773468718}
{"id":2465,"type":"info","level":2,"name":"stock-monitor","meta":{},"content":"发送成功: { success: \u001b[33mtrue\u001b[39m, message: \u001b[32m'股票数据接收成功'\u001b[39m, diskId: \u001b[33m70\u001b[39m, timestamp: \u001b[32m'2026-03-17T18:51:08.780Z'\u001b[39m }","timestamp":1773773468804}
{"id":2467,"type":"info","level":2,"name":"stock-monitor","meta":{},"content":"收到股票更新事件","timestamp":1773773588857}
{"id":2468,"type":"info","level":2,"name":"stock-monitor","meta":{},"content":"发送股票数据到: http://felinus.gnway.cc:8000/stock","timestamp":1773773588858}
{"id":2469,"type":"info","level":2,"name":"stock-monitor","meta":{},"content":"发送数据: { unitPrice: \u001b[33m1.9156\u001b[39m, totalStock: \u001b[33m1005\u001b[39m, personalStock: \u001b[33m0\u001b[39m, totalMoney: \u001b[33m1925.1655\u001b[39m, personalMoney: \u001b[33m0\u001b[39m }","timestamp":1773773588858}
{"id":2470,"type":"info","level":2,"name":"stock-monitor","meta":{},"content":"请求方法: POST","timestamp":1773773588858}
{"id":2471,"type":"info","level":2,"name":"stock-monitor","meta":{},"content":"发送成功: { success: \u001b[33mtrue\u001b[39m, message: \u001b[32m'股票数据接收成功'\u001b[39m, diskId: \u001b[33m70\u001b[39m, timestamp: \u001b[32m'2026-03-17T18:53:08.929Z'\u001b[39m }","timestamp":1773773588956}
{"id":2473,"type":"info","level":2,"name":"stock-monitor","meta":{},"content":"收到股票更新事件","timestamp":1773773708837}
{"id":2474,"type":"info","level":2,"name":"stock-monitor","meta":{},"content":"发送股票数据到: http://felinus.gnway.cc:8000/stock","timestamp":1773773708837}
{"id":2475,"type":"info","level":2,"name":"stock-monitor","meta":{},"content":"发送数据: { unitPrice: \u001b[33m0.7662\u001b[39m, totalStock: \u001b[33m1002\u001b[39m, personalStock: \u001b[33m0\u001b[39m, totalMoney: \u001b[33m767.7675\u001b[39m, personalMoney: \u001b[33m0\u001b[39m }","timestamp":1773773708837}
{"id":2476,"type":"info","level":2,"name":"stock-monitor","meta":{},"content":"请求方法: POST","timestamp":1773773708838}
{"id":2477,"type":"info","level":2,"name":"stock-monitor","meta":{},"content":"发送成功: { success: \u001b[33mtrue\u001b[39m, message: \u001b[32m'股票数据接收成功'\u001b[39m, diskId: \u001b[33m70\u001b[39m, timestamp: \u001b[32m'2026-03-17T18:55:08.901Z'\u001b[39m }","timestamp":1773773708927}
{"id":2488,"type":"info","level":2,"name":"stock-monitor","meta":{},"content":"收到股票更新事件","timestamp":1773773828927}
{"id":2489,"type":"info","level":2,"name":"stock-monitor","meta":{},"content":"发送股票数据到: http://felinus.gnway.cc:8000/stock","timestamp":1773773828928}
{"id":2490,"type":"info","level":2,"name":"stock-monitor","meta":{},"content":"发送数据: { unitPrice: \u001b[33m1.1953\u001b[39m, totalStock: \u001b[33m1402\u001b[39m, personalStock: \u001b[33m0\u001b[39m, totalMoney: \u001b[33m1675.8479\u001b[39m, personalMoney: \u001b[33m0\u001b[39m }","timestamp":1773773828928}
{"id":2491,"type":"info","level":2,"name":"stock-monitor","meta":{},"content":"请求方法: POST","timestamp":1773773828928}
{"id":2492,"type":"info","level":2,"name":"stock-monitor","meta":{},"content":"发送成功: { success: \u001b[33mtrue\u001b[39m, message: \u001b[32m'股票数据接收成功'\u001b[39m, diskId: \u001b[33m70\u001b[39m, timestamp: \u001b[32m'2026-03-17T18:57:08.992Z'\u001b[39m }","timestamp":1773773829020}
{"id":2500,"type":"info","level":2,"name":"stock-monitor","meta":{},"content":"收到股票更新事件","timestamp":1773773949033}
{"id":2501,"type":"info","level":2,"name":"stock-monitor","meta":{},"content":"发送股票数据到: http://felinus.gnway.cc:8000/stock","timestamp":1773773949033}
{"id":2502,"type":"info","level":2,"name":"stock-monitor","meta":{},"content":"发送数据: { unitPrice: \u001b[33m1.0519\u001b[39m, totalStock: \u001b[33m1052\u001b[39m, personalStock: \u001b[33m0\u001b[39m, totalMoney: \u001b[33m1106.5856\u001b[39m, personalMoney: \u001b[33m0\u001b[39m }","timestamp":1773773949034}
{"id":2503,"type":"info","level":2,"name":"stock-monitor","meta":{},"content":"请求方法: POST","timestamp":1773773949034}
{"id":2504,"type":"info","level":2,"name":"stock-monitor","meta":{},"content":"发送成功: { success: \u001b[33mtrue\u001b[39m, message: \u001b[32m'股票数据接收成功'\u001b[39m, diskId: \u001b[33m70\u001b[39m, timestamp: \u001b[32m'2026-03-17T18:59:09.100Z'\u001b[39m }","timestamp":1773773949127}
{"id":2506,"type":"info","level":2,"name":"stock-monitor","meta":{},"content":"收到股票更新事件","timestamp":1773774069121}
{"id":2507,"type":"info","level":2,"name":"stock-monitor","meta":{},"content":"发送股票数据到: http://felinus.gnway.cc:8000/stock","timestamp":1773774069121}
{"id":2508,"type":"info","level":2,"name":"stock-monitor","meta":{},"content":"发送数据: { unitPrice: \u001b[33m0.021\u001b[39m, totalStock: \u001b[33m2162\u001b[39m, personalStock: \u001b[33m0\u001b[39m, totalMoney: \u001b[33m45.4836\u001b[39m, personalMoney: \u001b[33m0\u001b[39m }","timestamp":1773774069121}
{"id":2509,"type":"info","level":2,"name":"stock-monitor","meta":{},"content":"请求方法: POST","timestamp":1773774069123}
{"id":2510,"type":"info","level":2,"name":"stock-monitor","meta":{},"content":"发送成功: { success: \u001b[33mtrue\u001b[39m, message: \u001b[32m'股票数据接收成功'\u001b[39m, diskId: \u001b[33m70\u001b[39m, timestamp: \u001b[32m'2026-03-17T19:01:09.174Z'\u001b[39m }","timestamp":1773774069193}
{"id":2512,"type":"info","level":2,"name":"stock-monitor","meta":{},"content":"收到股票更新事件","timestamp":1773774189179}
{"id":2513,"type":"info","level":2,"name":"stock-monitor","meta":{},"content":"发送股票数据到: http://felinus.gnway.cc:8000/stock","timestamp":1773774189180}
{"id":2514,"type":"info","level":2,"name":"stock-monitor","meta":{},"content":"发送数据: { unitPrice: \u001b[33m1\u001b[39m, totalStock: \u001b[33m1000\u001b[39m, personalStock: \u001b[33m0\u001b[39m, totalMoney: \u001b[33m1000\u001b[39m, personalMoney: \u001b[33m0\u001b[39m }","timestamp":1773774189180}
{"id":2515,"type":"info","level":2,"name":"stock-monitor","meta":{},"content":"请求方法: POST","timestamp":1773774189181}
{"id":2516,"type":"info","level":2,"name":"stock-monitor","meta":{},"content":"发送成功: { success: \u001b[33mtrue\u001b[39m, message: \u001b[32m'崩盘，新盘已创建'\u001b[39m, diskId: \u001b[33m71\u001b[39m, timestamp: \u001b[32m'2026-03-17T19:03:09.257Z'\u001b[39m }","timestamp":1773774189277}
{"id":2518,"type":"info","level":2,"name":"stock-monitor","meta":{},"content":"收到股票更新事件","timestamp":1773774309207}
{"id":2519,"type":"info","level":2,"name":"stock-monitor","meta":{},"content":"发送股票数据到: http://felinus.gnway.cc:8000/stock","timestamp":1773774309207}
{"id":2520,"type":"info","level":2,"name":"stock-monitor","meta":{},"content":"发送数据: { unitPrice: \u001b[33m1.75\u001b[39m, totalStock: \u001b[33m1400\u001b[39m, personalStock: \u001b[33m0\u001b[39m, totalMoney: \u001b[33m2450\u001b[39m, personalMoney: \u001b[33m0\u001b[39m }","timestamp":1773774309207}
{"id":2521,"type":"info","level":2,"name":"stock-monitor","meta":{},"content":"请求方法: POST","timestamp":1773774309207}
{"id":2522,"type":"info","level":2,"name":"stock-monitor","meta":{},"content":"发送成功: { success: \u001b[33mtrue\u001b[39m, message: \u001b[32m'股票数据接收成功'\u001b[39m, diskId: \u001b[33m71\u001b[39m, timestamp: \u001b[32m'2026-03-17T19:05:09.268Z'\u001b[39m }","timestamp":1773774309287}
{"id":2524,"type":"info","level":2,"name":"stock-monitor","meta":{},"content":"收到股票更新事件","timestamp":1773774429279}
{"id":2525,"type":"info","level":2,"name":"stock-monitor","meta":{},"content":"发送股票数据到: http://felinus.gnway.cc:8000/stock","timestamp":1773774429279}
{"id":2526,"type":"info","level":2,"name":"stock-monitor","meta":{},"content":"发送数据: { unitPrice: \u001b[33m1.015\u001b[39m, totalStock: \u001b[33m1051\u001b[39m, personalStock: \u001b[33m0\u001b[39m, totalMoney: \u001b[33m1066.765\u001b[39m, personalMoney: \u001b[33m0\u001b[39m }","timestamp":1773774429279}
{"id":2527,"type":"info","level":2,"name":"stock-monitor","meta":{},"content":"请求方法: POST","timestamp":1773774429280}
{"id":2528,"type":"info","level":2,"name":"stock-monitor","meta":{},"content":"发送成功: { success: \u001b[33mtrue\u001b[39m, message: \u001b[32m'股票数据接收成功'\u001b[39m, diskId: \u001b[33m71\u001b[39m, timestamp: \u001b[32m'2026-03-17T19:07:09.337Z'\u001b[39m }","timestamp":1773774429357}
{"id":2530,"type":"info","level":2,"name":"stock-monitor","meta":{},"content":"收到股票更新事件","timestamp":1773774549441}
{"id":2531,"type":"info","level":2,"name":"stock-monitor","meta":{},"content":"发送股票数据到: http://felinus.gnway.cc:8000/stock","timestamp":1773774549441}
{"id":2532,"type":"info","level":2,"name":"stock-monitor","meta":{},"content":"发送数据: { unitPrice: \u001b[33m1.9589\u001b[39m, totalStock: \u001b[33m1424\u001b[39m, personalStock: \u001b[33m0\u001b[39m, totalMoney: \u001b[33m2789.5448\u001b[39m, personalMoney: \u001b[33m0\u001b[39m }","timestamp":1773774549442}
{"id":2533,"type":"info","level":2,"name":"stock-monitor","meta":{},"content":"请求方法: POST","timestamp":1773774549442}
{"id":2534,"type":"info","level":2,"name":"stock-monitor","meta":{},"content":"发送成功: { success: \u001b[33mtrue\u001b[39m, message: \u001b[32m'股票数据接收成功'\u001b[39m, diskId: \u001b[33m71\u001b[39m, timestamp: \u001b[32m'2026-03-17T19:09:09.507Z'\u001b[39m }","timestamp":1773774549526}
{"id":2536,"type":"info","level":2,"name":"stock-monitor","meta":{},"content":"收到股票更新事件","timestamp":1773774669329}
{"id":2537,"type":"info","level":2,"name":"stock-monitor","meta":{},"content":"发送股票数据到: http://felinus.gnway.cc:8000/stock","timestamp":1773774669329}
{"id":2538,"type":"info","level":2,"name":"stock-monitor","meta":{},"content":"发送数据: { unitPrice: \u001b[33m1.3321\u001b[39m, totalStock: \u001b[33m1049\u001b[39m, personalStock: \u001b[33m0\u001b[39m, totalMoney: \u001b[33m1397.3582\u001b[39m, personalMoney: \u001b[33m0\u001b[39m }","timestamp":1773774669329}
{"id":2539,"type":"info","level":2,"name":"stock-monitor","meta":{},"content":"请求方法: POST","timestamp":1773774669330}
{"id":2540,"type":"info","level":2,"name":"stock-monitor","meta":{},"content":"发送成功: { success: \u001b[33mtrue\u001b[39m, message: \u001b[32m'股票数据接收成功'\u001b[39m, diskId: \u001b[33m71\u001b[39m, timestamp: \u001b[32m'2026-03-17T19:11:09.387Z'\u001b[39m }","timestamp":1773774669409}
{"id":2542,"type":"info","level":2,"name":"stock-monitor","meta":{},"content":"收到股票更新事件","timestamp":1773774789400}
{"id":2543,"type":"info","level":2,"name":"stock-monitor","meta":{},"content":"发送股票数据到: http://felinus.gnway.cc:8000/stock","timestamp":1773774789401}
{"id":2544,"type":"info","level":2,"name":"stock-monitor","meta":{},"content":"发送数据: { unitPrice: \u001b[33m1.079\u001b[39m, totalStock: \u001b[33m3099\u001b[39m, personalStock: \u001b[33m0\u001b[39m, totalMoney: \u001b[33m3343.789\u001b[39m, personalMoney: \u001b[33m0\u001b[39m }","timestamp":1773774789401}
{"id":2545,"type":"info","level":2,"name":"stock-monitor","meta":{},"content":"请求方法: POST","timestamp":1773774789401}
{"id":2546,"type":"info","level":2,"name":"stock-monitor","meta":{},"content":"发送成功: { success: \u001b[33mtrue\u001b[39m, message: \u001b[32m'股票数据接收成功'\u001b[39m, diskId: \u001b[33m71\u001b[39m, timestamp: \u001b[32m'2026-03-17T19:13:09.459Z'\u001b[39m }","timestamp":1773774789478}
{"id":2548,"type":"info","level":2,"name":"stock-monitor","meta":{},"content":"收到股票更新事件","timestamp":1773774909479}
{"id":2549,"type":"info","level":2,"name":"stock-monitor","meta":{},"content":"发送股票数据到: http://felinus.gnway.cc:8000/stock","timestamp":1773774909479}
{"id":2550,"type":"info","level":2,"name":"stock-monitor","meta":{},"content":"发送数据: { unitPrice: \u001b[33m0.9819\u001b[39m, totalStock: \u001b[33m4249\u001b[39m, personalStock: \u001b[33m0\u001b[39m, totalMoney: \u001b[33m4172.0106\u001b[39m, personalMoney: \u001b[33m0\u001b[39m }","timestamp":1773774909479}
{"id":2551,"type":"info","level":2,"name":"stock-monitor","meta":{},"content":"请求方法: POST","timestamp":1773774909480}
{"id":2552,"type":"info","level":2,"name":"stock-monitor","meta":{},"content":"发送成功: { success: \u001b[33mtrue\u001b[39m, message: \u001b[32m'股票数据接收成功'\u001b[39m, diskId: \u001b[33m71\u001b[39m, timestamp: \u001b[32m'2026-03-17T19:15:09.536Z'\u001b[39m }","timestamp":1773774909556}
{"id":2554,"type":"info","level":2,"name":"stock-monitor","meta":{},"content":"收到股票更新事件","timestamp":1773775029504}
{"id":2555,"type":"info","level":2,"name":"stock-monitor","meta":{},"content":"发送股票数据到: http://felinus.gnway.cc:8000/stock","timestamp":1773775029505}
{"id":2556,"type":"info","level":2,"name":"stock-monitor","meta":{},"content":"发送数据: { unitPrice: \u001b[33m1.3354\u001b[39m, totalStock: \u001b[33m7489\u001b[39m, personalStock: \u001b[33m0\u001b[39m, totalMoney: \u001b[33m10000.4931\u001b[39m, personalMoney: \u001b[33m0\u001b[39m }","timestamp":1773775029505}
{"id":2557,"type":"info","level":2,"name":"stock-monitor","meta":{},"content":"请求方法: POST","timestamp":1773775029505}
{"id":2558,"type":"info","level":2,"name":"stock-monitor","meta":{},"content":"发送成功: { success: \u001b[33mtrue\u001b[39m, message: \u001b[32m'股票数据接收成功'\u001b[39m, diskId: \u001b[33m71\u001b[39m, timestamp: \u001b[32m'2026-03-17T19:17:09.558Z'\u001b[39m }","timestamp":1773775029578}
{"id":2560,"type":"info","level":2,"name":"stock-monitor","meta":{},"content":"收到股票更新事件","timestamp":1773775149586}
{"id":2561,"type":"info","level":2,"name":"stock-monitor","meta":{},"content":"发送股票数据到: http://felinus.gnway.cc:8000/stock","timestamp":1773775149586}
{"id":2562,"type":"info","level":2,"name":"stock-monitor","meta":{},"content":"发送数据: { unitPrice: \u001b[33m1.5757\u001b[39m, totalStock: \u001b[33m1409\u001b[39m, personalStock: \u001b[33m0\u001b[39m, totalMoney: \u001b[33m2220.1923\u001b[39m, personalMoney: \u001b[33m0\u001b[39m }","timestamp":1773775149586}
{"id":2563,"type":"info","level":2,"name":"stock-monitor","meta":{},"content":"请求方法: POST","timestamp":1773775149587}
{"id":2564,"type":"info","level":2,"name":"stock-monitor","meta":{},"content":"发送成功: { success: \u001b[33mtrue\u001b[39m, message: \u001b[32m'股票数据接收成功'\u001b[39m, diskId: \u001b[33m71\u001b[39m, timestamp: \u001b[32m'2026-03-17T19:19:09.642Z'\u001b[39m }","timestamp":1773775149660}
{"id":2566,"type":"info","level":2,"name":"stock-monitor","meta":{},"content":"收到股票更新事件","timestamp":1773775269541}
{"id":2567,"type":"info","level":2,"name":"stock-monitor","meta":{},"content":"发送股票数据到: http://felinus.gnway.cc:8000/stock","timestamp":1773775269542}
{"id":2568,"type":"info","level":2,"name":"stock-monitor","meta":{},"content":"发送数据: { unitPrice: \u001b[33m2.2218\u001b[39m, totalStock: \u001b[33m1259\u001b[39m, personalStock: \u001b[33m0\u001b[39m, totalMoney: \u001b[33m2797.2059\u001b[39m, personalMoney: \u001b[33m0\u001b[39m }","timestamp":1773775269542}
{"id":2569,"type":"info","level":2,"name":"stock-monitor","meta":{},"content":"请求方法: POST","timestamp":1773775269542}
{"id":2570,"type":"info","level":2,"name":"stock-monitor","meta":{},"content":"发送成功: { success: \u001b[33mtrue\u001b[39m, message: \u001b[32m'股票数据接收成功'\u001b[39m, diskId: \u001b[33m71\u001b[39m, timestamp: \u001b[32m'2026-03-17T19:21:09.599Z'\u001b[39m }","timestamp":1773775269619}
{"id":2572,"type":"info","level":2,"name":"stock-monitor","meta":{},"content":"收到股票更新事件","timestamp":1773775389564}
{"id":2573,"type":"info","level":2,"name":"stock-monitor","meta":{},"content":"发送股票数据到: http://felinus.gnway.cc:8000/stock","timestamp":1773775389565}
{"id":2574,"type":"info","level":2,"name":"stock-monitor","meta":{},"content":"发送数据: { unitPrice: \u001b[33m0.8443\u001b[39m, totalStock: \u001b[33m1259\u001b[39m, personalStock: \u001b[33m0\u001b[39m, totalMoney: \u001b[33m1062.9382\u001b[39m, personalMoney: \u001b[33m0\u001b[39m }","timestamp":1773775389565}
{"id":2575,"type":"info","level":2,"name":"stock-monitor","meta":{},"content":"请求方法: POST","timestamp":1773775389565}
{"id":2576,"type":"info","level":2,"name":"stock-monitor","meta":{},"content":"发送成功: { success: \u001b[33mtrue\u001b[39m, message: \u001b[32m'股票数据接收成功'\u001b[39m, diskId: \u001b[33m71\u001b[39m, timestamp: \u001b[32m'2026-03-17T19:23:09.620Z'\u001b[39m }","timestamp":1773775389639}
{"id":2578,"type":"info","level":2,"name":"stock-monitor","meta":{},"content":"收到股票更新事件","timestamp":1773775510049}
{"id":2579,"type":"info","level":2,"name":"stock-monitor","meta":{},"content":"发送股票数据到: http://felinus.gnway.cc:8000/stock","timestamp":1773775510049}
{"id":2580,"type":"info","level":2,"name":"stock-monitor","meta":{},"content":"发送数据: { unitPrice: \u001b[33m0.9878\u001b[39m, totalStock: \u001b[33m1259\u001b[39m, personalStock: \u001b[33m0\u001b[39m, totalMoney: \u001b[33m1243.6377\u001b[39m, personalMoney: \u001b[33m0\u001b[39m }","timestamp":1773775510049}
{"id":2581,"type":"info","level":2,"name":"stock-monitor","meta":{},"content":"请求方法: POST","timestamp":1773775510050}
{"id":2582,"type":"info","level":2,"name":"stock-monitor","meta":{},"content":"发送成功: { success: \u001b[33mtrue\u001b[39m, message: \u001b[32m'股票数据接收成功'\u001b[39m, diskId: \u001b[33m71\u001b[39m, timestamp: \u001b[32m'2026-03-17T19:25:10.121Z'\u001b[39m }","timestamp":1773775510140}
{"id":2596,"type":"info","level":2,"name":"stock-monitor","meta":{},"content":"收到股票更新事件","timestamp":1773775629713}
{"id":2597,"type":"info","level":2,"name":"stock-monitor","meta":{},"content":"发送股票数据到: http://felinus.gnway.cc:8000/stock","timestamp":1773775629714}
{"id":2598,"type":"info","level":2,"name":"stock-monitor","meta":{},"content":"发送数据: { unitPrice: \u001b[33m0.6816\u001b[39m, totalStock: \u001b[33m1259\u001b[39m, personalStock: \u001b[33m0\u001b[39m, totalMoney: \u001b[33m858.11\u001b[39m, personalMoney: \u001b[33m0\u001b[39m }","timestamp":1773775629714}
{"id":2599,"type":"info","level":2,"name":"stock-monitor","meta":{},"content":"请求方法: POST","timestamp":1773775629715}
{"id":2600,"type":"info","level":2,"name":"stock-monitor","meta":{},"content":"发送成功: { success: \u001b[33mtrue\u001b[39m, message: \u001b[32m'股票数据接收成功'\u001b[39m, diskId: \u001b[33m71\u001b[39m, timestamp: \u001b[32m'2026-03-17T19:27:09.777Z'\u001b[39m }","timestamp":1773775629796}
{"id":2602,"type":"info","level":2,"name":"stock-monitor","meta":{},"content":"收到股票更新事件","timestamp":1773775749835}
{"id":2603,"type":"info","level":2,"name":"stock-monitor","meta":{},"content":"发送股票数据到: http://felinus.gnway.cc:8000/stock","timestamp":1773775749836}
{"id":2604,"type":"info","level":2,"name":"stock-monitor","meta":{},"content":"发送数据: { unitPrice: \u001b[33m0.3749\u001b[39m, totalStock: \u001b[33m1859\u001b[39m, personalStock: \u001b[33m0\u001b[39m, totalMoney: \u001b[33m696.8821\u001b[39m, personalMoney: \u001b[33m0\u001b[39m }","timestamp":1773775749836}
{"id":2605,"type":"info","level":2,"name":"stock-monitor","meta":{},"content":"请求方法: POST","timestamp":1773775749836}
{"id":2606,"type":"info","level":2,"name":"stock-monitor","meta":{},"content":"发送成功: { success: \u001b[33mtrue\u001b[39m, message: \u001b[32m'股票数据接收成功'\u001b[39m, diskId: \u001b[33m71\u001b[39m, timestamp: \u001b[32m'2026-03-17T19:29:09.890Z'\u001b[39m }","timestamp":1773775749908}
{"id":2608,"type":"info","level":2,"name":"stock-monitor","meta":{},"content":"收到股票更新事件","timestamp":1773775869889}
{"id":2609,"type":"info","level":2,"name":"stock-monitor","meta":{},"content":"发送股票数据到: http://felinus.gnway.cc:8000/stock","timestamp":1773775869889}
{"id":2610,"type":"info","level":2,"name":"stock-monitor","meta":{},"content":"发送数据: { unitPrice: \u001b[33m0.7235\u001b[39m, totalStock: \u001b[33m4259\u001b[39m, personalStock: \u001b[33m0\u001b[39m, totalMoney: \u001b[33m3081.3774\u001b[39m, personalMoney: \u001b[33m0\u001b[39m }","timestamp":1773775869889}
{"id":2611,"type":"info","level":2,"name":"stock-monitor","meta":{},"content":"请求方法: POST","timestamp":1773775869889}
{"id":2612,"type":"info","level":2,"name":"stock-monitor","meta":{},"content":"发送成功: { success: \u001b[33mtrue\u001b[39m, message: \u001b[32m'股票数据接收成功'\u001b[39m, diskId: \u001b[33m71\u001b[39m, timestamp: \u001b[32m'2026-03-17T19:31:09.948Z'\u001b[39m }","timestamp":1773775869967}
{"id":2614,"type":"info","level":2,"name":"stock-monitor","meta":{},"content":"收到股票更新事件","timestamp":1773775989981}
{"id":2615,"type":"info","level":2,"name":"stock-monitor","meta":{},"content":"发送股票数据到: http://felinus.gnway.cc:8000/stock","timestamp":1773775989982}
{"id":2616,"type":"info","level":2,"name":"stock-monitor","meta":{},"content":"发送数据: { unitPrice: \u001b[33m0.9912\u001b[39m, totalStock: \u001b[33m1459\u001b[39m, personalStock: \u001b[33m0\u001b[39m, totalMoney: \u001b[33m1446.1492\u001b[39m, personalMoney: \u001b[33m0\u001b[39m }","timestamp":1773775989982}
{"id":2617,"type":"info","level":2,"name":"stock-monitor","meta":{},"content":"请求方法: POST","timestamp":1773775989982}
{"id":2618,"type":"info","level":2,"name":"stock-monitor","meta":{},"content":"发送成功: { success: \u001b[33mtrue\u001b[39m, message: \u001b[32m'股票数据接收成功'\u001b[39m, diskId: \u001b[33m71\u001b[39m, timestamp: \u001b[32m'2026-03-17T19:33:10.039Z'\u001b[39m }","timestamp":1773775990059}
{"id":2620,"type":"info","level":2,"name":"stock-monitor","meta":{},"content":"收到股票更新事件","timestamp":1773776109941}
{"id":2621,"type":"info","level":2,"name":"stock-monitor","meta":{},"content":"发送股票数据到: http://felinus.gnway.cc:8000/stock","timestamp":1773776109941}
{"id":2622,"type":"info","level":2,"name":"stock-monitor","meta":{},"content":"发送数据: { unitPrice: \u001b[33m0.9615\u001b[39m, totalStock: \u001b[33m1309\u001b[39m, personalStock: \u001b[33m0\u001b[39m, totalMoney: \u001b[33m1258.5463\u001b[39m, personalMoney: \u001b[33m0\u001b[39m }","timestamp":1773776109941}
{"id":2623,"type":"info","level":2,"name":"stock-monitor","meta":{},"content":"请求方法: POST","timestamp":1773776109942}
{"id":2624,"type":"info","level":2,"name":"stock-monitor","meta":{},"content":"发送成功: { success: \u001b[33mtrue\u001b[39m, message: \u001b[32m'股票数据接收成功'\u001b[39m, diskId: \u001b[33m71\u001b[39m, timestamp: \u001b[32m'2026-03-17T19:35:10.006Z'\u001b[39m }","timestamp":1773776110024}
{"id":2626,"type":"info","level":2,"name":"stock-monitor","meta":{},"content":"收到股票更新事件","timestamp":1773776229983}
{"id":2627,"type":"info","level":2,"name":"stock-monitor","meta":{},"content":"发送股票数据到: http://felinus.gnway.cc:8000/stock","timestamp":1773776229983}
{"id":2628,"type":"info","level":2,"name":"stock-monitor","meta":{},"content":"发送数据: { unitPrice: \u001b[33m1.3653\u001b[39m, totalStock: \u001b[33m1309\u001b[39m, personalStock: \u001b[33m0\u001b[39m, totalMoney: \u001b[33m1787.1358\u001b[39m, personalMoney: \u001b[33m0\u001b[39m }","timestamp":1773776229983}
{"id":2629,"type":"info","level":2,"name":"stock-monitor","meta":{},"content":"请求方法: POST","timestamp":1773776229983}
{"id":2630,"type":"info","level":2,"name":"stock-monitor","meta":{},"content":"发送成功: { success: \u001b[33mtrue\u001b[39m, message: \u001b[32m'股票数据接收成功'\u001b[39m, diskId: \u001b[33m71\u001b[39m, timestamp: \u001b[32m'2026-03-17T19:37:10.038Z'\u001b[39m }","timestamp":1773776230280}
{"id":2632,"type":"info","level":2,"name":"stock-monitor","meta":{},"content":"收到股票更新事件","timestamp":1773776349984}
{"id":2633,"type":"info","level":2,"name":"stock-monitor","meta":{},"content":"发送股票数据到: http://felinus.gnway.cc:8000/stock","timestamp":1773776349985}
{"id":2634,"type":"info","level":2,"name":"stock-monitor","meta":{},"content":"发送数据: { unitPrice: \u001b[33m0.0683\u001b[39m, totalStock: \u001b[33m1299\u001b[39m, personalStock: \u001b[33m0\u001b[39m, totalMoney: \u001b[33m88.6742\u001b[39m, personalMoney: \u001b[33m0\u001b[39m }","timestamp":1773776349985}
{"id":2635,"type":"info","level":2,"name":"stock-monitor","meta":{},"content":"请求方法: POST","timestamp":1773776349986}
{"id":2636,"type":"info","level":2,"name":"stock-monitor","meta":{},"content":"发送成功: { success: \u001b[33mtrue\u001b[39m, message: \u001b[32m'股票数据接收成功'\u001b[39m, diskId: \u001b[33m71\u001b[39m, timestamp: \u001b[32m'2026-03-17T19:39:10.050Z'\u001b[39m }","timestamp":1773776350070}
{"id":2638,"type":"info","level":2,"name":"stock-monitor","meta":{},"content":"收到股票更新事件","timestamp":1773776470082}
{"id":2639,"type":"info","level":2,"name":"stock-monitor","meta":{},"content":"发送股票数据到: http://felinus.gnway.cc:8000/stock","timestamp":1773776470082}
{"id":2640,"type":"info","level":2,"name":"stock-monitor","meta":{},"content":"发送数据: { unitPrice: \u001b[33m0.4224\u001b[39m, totalStock: \u001b[33m1299\u001b[39m, personalStock: \u001b[33m0\u001b[39m, totalMoney: \u001b[33m548.6742\u001b[39m, personalMoney: \u001b[33m0\u001b[39m }","timestamp":1773776470083}
{"id":2641,"type":"info","level":2,"name":"stock-monitor","meta":{},"content":"请求方法: POST","timestamp":1773776470083}
{"id":2642,"type":"info","level":2,"name":"stock-monitor","meta":{},"content":"发送成功: { success: \u001b[33mtrue\u001b[39m, message: \u001b[32m'股票数据接收成功'\u001b[39m, diskId: \u001b[33m71\u001b[39m, timestamp: \u001b[32m'2026-03-17T19:41:10.147Z'\u001b[39m }","timestamp":1773776470168}
{"id":2644,"type":"info","level":2,"name":"stock-monitor","meta":{},"content":"收到股票更新事件","timestamp":1773776590197}
{"id":2645,"type":"info","level":2,"name":"stock-monitor","meta":{},"content":"发送股票数据到: http://felinus.gnway.cc:8000/stock","timestamp":1773776590198}
{"id":2646,"type":"info","level":2,"name":"stock-monitor","meta":{},"content":"发送数据: { unitPrice: \u001b[33m1\u001b[39m, totalStock: \u001b[33m1000\u001b[39m, personalStock: \u001b[33m0\u001b[39m, totalMoney: \u001b[33m1000\u001b[39m, personalMoney: \u001b[33m0\u001b[39m }","timestamp":1773776590198}
{"id":2647,"type":"info","level":2,"name":"stock-monitor","meta":{},"content":"请求方法: POST","timestamp":1773776590198}
{"id":2648,"type":"info","level":2,"name":"stock-monitor","meta":{},"content":"发送成功: { success: \u001b[33mtrue\u001b[39m, message: \u001b[32m'崩盘，新盘已创建'\u001b[39m, diskId: \u001b[33m72\u001b[39m, timestamp: \u001b[32m'2026-03-17T19:43:10.254Z'\u001b[39m }","timestamp":1773776590274}
{"id":2650,"type":"info","level":2,"name":"stock-monitor","meta":{},"content":"收到股票更新事件","timestamp":1773776710207}
{"id":2651,"type":"info","level":2,"name":"stock-monitor","meta":{},"content":"发送股票数据到: http://felinus.gnway.cc:8000/stock","timestamp":1773776710207}
{"id":2652,"type":"info","level":2,"name":"stock-monitor","meta":{},"content":"发送数据: { unitPrice: \u001b[33m0.21\u001b[39m, totalStock: \u001b[33m1290\u001b[39m, personalStock: \u001b[33m0\u001b[39m, totalMoney: \u001b[33m270.9\u001b[39m, personalMoney: \u001b[33m0\u001b[39m }","timestamp":1773776710207}
{"id":2653,"type":"info","level":2,"name":"stock-monitor","meta":{},"content":"请求方法: POST","timestamp":1773776710208}
{"id":2654,"type":"info","level":2,"name":"stock-monitor","meta":{},"content":"发送成功: { success: \u001b[33mtrue\u001b[39m, message: \u001b[32m'股票数据接收成功'\u001b[39m, diskId: \u001b[33m72\u001b[39m, timestamp: \u001b[32m'2026-03-17T19:45:10.264Z'\u001b[39m }","timestamp":1773776710283}
{"id":2656,"type":"info","level":2,"name":"stock-monitor","meta":{},"content":"收到股票更新事件","timestamp":1773776830290}
{"id":2657,"type":"info","level":2,"name":"stock-monitor","meta":{},"content":"发送股票数据到: http://felinus.gnway.cc:8000/stock","timestamp":1773776830290}
{"id":2658,"type":"info","level":2,"name":"stock-monitor","meta":{},"content":"发送数据: { unitPrice: \u001b[33m0.1155\u001b[39m, totalStock: \u001b[33m19235\u001b[39m, personalStock: \u001b[33m0\u001b[39m, totalMoney: \u001b[33m2221.6425\u001b[39m, personalMoney: \u001b[33m0\u001b[39m }","timestamp":1773776830291}
{"id":2659,"type":"info","level":2,"name":"stock-monitor","meta":{},"content":"请求方法: POST","timestamp":1773776830291}
{"id":2660,"type":"info","level":2,"name":"stock-monitor","meta":{},"content":"发送成功: { success: \u001b[33mtrue\u001b[39m, message: \u001b[32m'股票数据接收成功'\u001b[39m, diskId: \u001b[33m72\u001b[39m, timestamp: \u001b[32m'2026-03-17T19:47:10.356Z'\u001b[39m }","timestamp":1773776830376}
{"id":2662,"type":"info","level":2,"name":"stock-monitor","meta":{},"content":"收到股票更新事件","timestamp":1773776950389}
{"id":2663,"type":"info","level":2,"name":"stock-monitor","meta":{},"content":"发送股票数据到: http://felinus.gnway.cc:8000/stock","timestamp":1773776950389}
{"id":2664,"type":"info","level":2,"name":"stock-monitor","meta":{},"content":"发送数据: { unitPrice: \u001b[33m0.0508\u001b[39m, totalStock: \u001b[33m69068\u001b[39m, personalStock: \u001b[33m0\u001b[39m, totalMoney: \u001b[33m3510.0358\u001b[39m, personalMoney: \u001b[33m0\u001b[39m }","timestamp":1773776950389}
{"id":2665,"type":"info","level":2,"name":"stock-monitor","meta":{},"content":"请求方法: POST","timestamp":1773776950390}
{"id":2666,"type":"info","level":2,"name":"stock-monitor","meta":{},"content":"发送成功: { success: \u001b[33mtrue\u001b[39m, message: \u001b[32m'股票数据接收成功'\u001b[39m, diskId: \u001b[33m72\u001b[39m, timestamp: \u001b[32m'2026-03-17T19:49:10.448Z'\u001b[39m }","timestamp":1773776950467}
{"id":2668,"type":"info","level":2,"name":"stock-monitor","meta":{},"content":"收到股票更新事件","timestamp":1773777070405}
{"id":2669,"type":"info","level":2,"name":"stock-monitor","meta":{},"content":"发送股票数据到: http://felinus.gnway.cc:8000/stock","timestamp":1773777070405}
{"id":2670,"type":"info","level":2,"name":"stock-monitor","meta":{},"content":"发送数据: { unitPrice: \u001b[33m1\u001b[39m, totalStock: \u001b[33m1000\u001b[39m, personalStock: \u001b[33m0\u001b[39m, totalMoney: \u001b[33m1000\u001b[39m, personalMoney: \u001b[33m0\u001b[39m }","timestamp":1773777070406}
{"id":2671,"type":"info","level":2,"name":"stock-monitor","meta":{},"content":"请求方法: POST","timestamp":1773777070406}
{"id":2672,"type":"info","level":2,"name":"stock-monitor","meta":{},"content":"发送成功: { success: \u001b[33mtrue\u001b[39m, message: \u001b[32m'崩盘，新盘已创建'\u001b[39m, diskId: \u001b[33m73\u001b[39m, timestamp: \u001b[32m'2026-03-17T19:51:10.466Z'\u001b[39m }","timestamp":1773777070485}
{"id":2674,"type":"info","level":2,"name":"stock-monitor","meta":{},"content":"收到股票更新事件","timestamp":1773777190441}
{"id":2675,"type":"info","level":2,"name":"stock-monitor","meta":{},"content":"发送股票数据到: http://felinus.gnway.cc:8000/stock","timestamp":1773777190442}
{"id":2676,"type":"info","level":2,"name":"stock-monitor","meta":{},"content":"发送数据: { unitPrice: \u001b[33m0.19\u001b[39m, totalStock: \u001b[33m2000\u001b[39m, personalStock: \u001b[33m0\u001b[39m, totalMoney: \u001b[33m380\u001b[39m, personalMoney: \u001b[33m0\u001b[39m }","timestamp":1773777190442}
{"id":2677,"type":"info","level":2,"name":"stock-monitor","meta":{},"content":"请求方法: POST","timestamp":1773777190442}
{"id":2678,"type":"info","level":2,"name":"stock-monitor","meta":{},"content":"发送成功: { success: \u001b[33mtrue\u001b[39m, message: \u001b[32m'股票数据接收成功'\u001b[39m, diskId: \u001b[33m73\u001b[39m, timestamp: \u001b[32m'2026-03-17T19:53:10.494Z'\u001b[39m }","timestamp":1773777190513}
{"id":2680,"type":"info","level":2,"name":"stock-monitor","meta":{},"content":"收到股票更新事件","timestamp":1773777310437}
{"id":2681,"type":"info","level":2,"name":"stock-monitor","meta":{},"content":"发送股票数据到: http://felinus.gnway.cc:8000/stock","timestamp":1773777310438}
{"id":2682,"type":"info","level":2,"name":"stock-monitor","meta":{},"content":"发送数据: { unitPrice: \u001b[33m0.0798\u001b[39m, totalStock: \u001b[33m7500\u001b[39m, personalStock: \u001b[33m0\u001b[39m, totalMoney: \u001b[33m598.5\u001b[39m, personalMoney: \u001b[33m0\u001b[39m }","timestamp":1773777310438}
{"id":2683,"type":"info","level":2,"name":"stock-monitor","meta":{},"content":"请求方法: POST","timestamp":1773777310438}
{"id":2684,"type":"info","level":2,"name":"stock-monitor","meta":{},"content":"发送成功: { success: \u001b[33mtrue\u001b[39m, message: \u001b[32m'股票数据接收成功'\u001b[39m, diskId: \u001b[33m73\u001b[39m, timestamp: \u001b[32m'2026-03-17T19:55:10.491Z'\u001b[39m }","timestamp":1773777310512}
{"id":2686,"type":"info","level":2,"name":"stock-monitor","meta":{},"content":"收到股票更新事件","timestamp":1773777430460}
{"id":2687,"type":"info","level":2,"name":"stock-monitor","meta":{},"content":"发送股票数据到: http://felinus.gnway.cc:8000/stock","timestamp":1773777430460}
{"id":2688,"type":"info","level":2,"name":"stock-monitor","meta":{},"content":"发送数据: { unitPrice: \u001b[33m0.9698\u001b[39m, totalStock: \u001b[33m1000\u001b[39m, personalStock: \u001b[33m0\u001b[39m, totalMoney: \u001b[33m969.8\u001b[39m, personalMoney: \u001b[33m0\u001b[39m }","timestamp":1773777430460}
{"id":2689,"type":"info","level":2,"name":"stock-monitor","meta":{},"content":"请求方法: POST","timestamp":1773777430461}
{"id":2690,"type":"info","level":2,"name":"stock-monitor","meta":{},"content":"发送成功: { success: \u001b[33mtrue\u001b[39m, message: \u001b[32m'股票数据接收成功'\u001b[39m, diskId: \u001b[33m73\u001b[39m, timestamp: \u001b[32m'2026-03-17T19:57:10.519Z'\u001b[39m }","timestamp":1773777430540}
{"id":2692,"type":"info","level":2,"name":"stock-monitor","meta":{},"content":"收到股票更新事件","timestamp":1773777550518}
{"id":2693,"type":"info","level":2,"name":"stock-monitor","meta":{},"content":"发送股票数据到: http://felinus.gnway.cc:8000/stock","timestamp":1773777550519}
{"id":2694,"type":"info","level":2,"name":"stock-monitor","meta":{},"content":"发送数据: { unitPrice: \u001b[33m0.0679\u001b[39m, totalStock: \u001b[33m1900\u001b[39m, personalStock: \u001b[33m0\u001b[39m, totalMoney: \u001b[33m128.9834\u001b[39m, personalMoney: \u001b[33m0\u001b[39m }","timestamp":1773777550519}
{"id":2695,"type":"info","level":2,"name":"stock-monitor","meta":{},"content":"请求方法: POST","timestamp":1773777550519}
{"id":2696,"type":"info","level":2,"name":"stock-monitor","meta":{},"content":"发送成功: { success: \u001b[33mtrue\u001b[39m, message: \u001b[32m'股票数据接收成功'\u001b[39m, diskId: \u001b[33m73\u001b[39m, timestamp: \u001b[32m'2026-03-17T19:59:10.582Z'\u001b[39m }","timestamp":1773777550601}
{"id":2698,"type":"info","level":2,"name":"stock-monitor","meta":{},"content":"收到股票更新事件","timestamp":1773777670613}
{"id":2699,"type":"info","level":2,"name":"stock-monitor","meta":{},"content":"发送股票数据到: http://felinus.gnway.cc:8000/stock","timestamp":1773777670614}
{"id":2700,"type":"info","level":2,"name":"stock-monitor","meta":{},"content":"发送数据: { unitPrice: \u001b[33m1\u001b[39m, totalStock: \u001b[33m1000\u001b[39m, personalStock: \u001b[33m0\u001b[39m, totalMoney: \u001b[33m1000\u001b[39m, personalMoney: \u001b[33m0\u001b[39m }","timestamp":1773777670614}
{"id":2701,"type":"info","level":2,"name":"stock-monitor","meta":{},"content":"请求方法: POST","timestamp":1773777670614}
{"id":2702,"type":"info","level":2,"name":"stock-monitor","meta":{},"content":"发送成功: { success: \u001b[33mtrue\u001b[39m, message: \u001b[32m'崩盘，新盘已创建'\u001b[39m, diskId: \u001b[33m74\u001b[39m, timestamp: \u001b[32m'2026-03-17T20:01:10.677Z'\u001b[39m }","timestamp":1773777670698}
{"id":2704,"type":"info","level":2,"name":"stock-monitor","meta":{},"content":"收到股票更新事件","timestamp":1773777790616}
{"id":2705,"type":"info","level":2,"name":"stock-monitor","meta":{},"content":"发送股票数据到: http://felinus.gnway.cc:8000/stock","timestamp":1773777790617}
{"id":2706,"type":"info","level":2,"name":"stock-monitor","meta":{},"content":"发送数据: { unitPrice: \u001b[33m0.55\u001b[39m, totalStock: \u001b[33m1000\u001b[39m, personalStock: \u001b[33m0\u001b[39m, totalMoney: \u001b[33m550\u001b[39m, personalMoney: \u001b[33m0\u001b[39m }","timestamp":1773777790617}
{"id":2707,"type":"info","level":2,"name":"stock-monitor","meta":{},"content":"请求方法: POST","timestamp":1773777790617}
{"id":2708,"type":"info","level":2,"name":"stock-monitor","meta":{},"content":"发送成功: { success: \u001b[33mtrue\u001b[39m, message: \u001b[32m'股票数据接收成功'\u001b[39m, diskId: \u001b[33m74\u001b[39m, timestamp: \u001b[32m'2026-03-17T20:03:10.677Z'\u001b[39m }","timestamp":1773777790697}
{"id":2710,"type":"info","level":2,"name":"stock-monitor","meta":{},"content":"收到股票更新事件","timestamp":1773777910643}
{"id":2711,"type":"info","level":2,"name":"stock-monitor","meta":{},"content":"发送股票数据到: http://felinus.gnway.cc:8000/stock","timestamp":1773777910644}
{"id":2712,"type":"info","level":2,"name":"stock-monitor","meta":{},"content":"发送数据: { unitPrice: \u001b[33m1.18\u001b[39m, totalStock: \u001b[33m1000\u001b[39m, personalStock: \u001b[33m0\u001b[39m, totalMoney: \u001b[33m1180\u001b[39m, personalMoney: \u001b[33m0\u001b[39m }","timestamp":1773777910644}
{"id":2713,"type":"info","level":2,"name":"stock-monitor","meta":{},"content":"请求方法: POST","timestamp":1773777910644}
{"id":2714,"type":"info","level":2,"name":"stock-monitor","meta":{},"content":"发送成功: { success: \u001b[33mtrue\u001b[39m, message: \u001b[32m'股票数据接收成功'\u001b[39m, diskId: \u001b[33m74\u001b[39m, timestamp: \u001b[32m'2026-03-17T20:05:10.703Z'\u001b[39m }","timestamp":1773777910723}
{"id":2716,"type":"info","level":2,"name":"stock-monitor","meta":{},"content":"收到股票更新事件","timestamp":1773778030656}
{"id":2717,"type":"info","level":2,"name":"stock-monitor","meta":{},"content":"发送股票数据到: http://felinus.gnway.cc:8000/stock","timestamp":1773778030657}
{"id":2718,"type":"info","level":2,"name":"stock-monitor","meta":{},"content":"发送数据: { unitPrice: \u001b[33m0.2006\u001b[39m, totalStock: \u001b[33m1000\u001b[39m, personalStock: \u001b[33m0\u001b[39m, totalMoney: \u001b[33m200.6\u001b[39m, personalMoney: \u001b[33m0\u001b[39m }","timestamp":1773778030657}
{"id":2719,"type":"info","level":2,"name":"stock-monitor","meta":{},"content":"请求方法: POST","timestamp":1773778030657}
{"id":2720,"type":"info","level":2,"name":"stock-monitor","meta":{},"content":"发送成功: { success: \u001b[33mtrue\u001b[39m, message: \u001b[32m'股票数据接收成功'\u001b[39m, diskId: \u001b[33m74\u001b[39m, timestamp: \u001b[32m'2026-03-17T20:07:10.717Z'\u001b[39m }","timestamp":1773778030737}
{"id":2722,"type":"info","level":2,"name":"stock-monitor","meta":{},"content":"收到股票更新事件","timestamp":1773778150722}
{"id":2723,"type":"info","level":2,"name":"stock-monitor","meta":{},"content":"发送股票数据到: http://felinus.gnway.cc:8000/stock","timestamp":1773778150722}
{"id":2724,"type":"info","level":2,"name":"stock-monitor","meta":{},"content":"发送数据: { unitPrice: \u001b[33m0.1506\u001b[39m, totalStock: \u001b[33m1000\u001b[39m, personalStock: \u001b[33m0\u001b[39m, totalMoney: \u001b[33m150.6\u001b[39m, personalMoney: \u001b[33m0\u001b[39m }","timestamp":1773778150722}
{"id":2725,"type":"info","level":2,"name":"stock-monitor","meta":{},"content":"请求方法: POST","timestamp":1773778150722}
{"id":2726,"type":"info","level":2,"name":"stock-monitor","meta":{},"content":"发送成功: { success: \u001b[33mtrue\u001b[39m, message: \u001b[32m'股票数据接收成功'\u001b[39m, diskId: \u001b[33m74\u001b[39m, timestamp: \u001b[32m'2026-03-17T20:09:10.783Z'\u001b[39m }","timestamp":1773778150803}
