{"id":1,"type":"info","level":2,"name":"app","meta":{},"content":"\u001b[38;5;15;1mKoishi/4.18.11\u001b[0m","timestamp":1773736552275}
{"id":2,"type":"info","level":2,"name":"loader","meta":{"paths":[]},"content":"apply plugin \u001b[38;5;45mgroup:entry\u001b[0m","timestamp":1773736552303}
{"id":3,"type":"info","level":2,"name":"loader","meta":{"paths":[]},"content":"apply plugin \u001b[38;5;45mgroup:server\u001b[0m","timestamp":1773736552304}
{"id":4,"type":"info","level":2,"name":"loader","meta":{"paths":[]},"content":"apply plugin \u001b[38;5;45mserver:qwahpd\u001b[0m","timestamp":1773736552305}
{"id":5,"type":"info","level":2,"name":"loader","meta":{"paths":[]},"content":"apply plugin \u001b[38;5;45mgroup:basic\u001b[0m","timestamp":1773736552836}
{"id":6,"type":"info","level":2,"name":"loader","meta":{"paths":[]},"content":"apply plugin \u001b[38;5;45mcommands:q4pd8h\u001b[0m","timestamp":1773736552837}
{"id":7,"type":"info","level":2,"name":"loader","meta":{"paths":[]},"content":"apply plugin \u001b[38;5;45mhelp:ncm4eq\u001b[0m","timestamp":1773736552852}
{"id":8,"type":"info","level":2,"name":"loader","meta":{"paths":[]},"content":"apply plugin \u001b[38;5;45mhttp:jtb3z8\u001b[0m","timestamp":1773736552868}
{"id":9,"type":"info","level":2,"name":"loader","meta":{"paths":[]},"content":"apply plugin \u001b[38;5;45mlocales:hdsaoj\u001b[0m","timestamp":1773736552882}
{"id":10,"type":"info","level":2,"name":"loader","meta":{"paths":[]},"content":"apply plugin \u001b[38;5;45mproxy-agent:yp8plh\u001b[0m","timestamp":1773736552919}
{"id":11,"type":"info","level":2,"name":"loader","meta":{"paths":[]},"content":"apply plugin \u001b[38;5;45mrate-limit:8jburr\u001b[0m","timestamp":1773736553083}
{"id":12,"type":"info","level":2,"name":"loader","meta":{"paths":[]},"content":"apply plugin \u001b[38;5;45mtelemetry:3kqtr7\u001b[0m","timestamp":1773736553107}
{"id":13,"type":"info","level":2,"name":"loader","meta":{"paths":[]},"content":"apply plugin \u001b[38;5;45mgroup:console\u001b[0m","timestamp":1773736553191}
{"id":14,"type":"info","level":2,"name":"loader","meta":{"paths":[]},"content":"apply plugin \u001b[38;5;45mactions:u6i962\u001b[0m","timestamp":1773736553191}
{"id":15,"type":"info","level":2,"name":"loader","meta":{"paths":[]},"content":"apply plugin \u001b[38;5;45manalytics:2zoul1\u001b[0m","timestamp":1773736553208}
{"id":16,"type":"info","level":2,"name":"loader","meta":{"paths":[]},"content":"apply plugin \u001b[38;5;45mconfig:v8j4hz\u001b[0m","timestamp":1773736553230}
{"id":17,"type":"info","level":2,"name":"loader","meta":{"paths":[]},"content":"apply plugin \u001b[38;5;45mconsole:fyi3k1\u001b[0m","timestamp":1773736553343}
{"id":18,"type":"info","level":2,"name":"loader","meta":{"paths":[]},"content":"apply plugin \u001b[38;5;45mdataview:ip5q7k\u001b[0m","timestamp":1773736553384}
{"id":19,"type":"info","level":2,"name":"loader","meta":{"paths":[]},"content":"apply plugin \u001b[38;5;45mexplorer:id9max\u001b[0m","timestamp":1773736553417}
{"id":20,"type":"info","level":2,"name":"loader","meta":{"paths":[]},"content":"apply plugin \u001b[38;5;45mlogger:ykrpwv\u001b[0m","timestamp":1773736553473}
{"id":21,"type":"info","level":2,"name":"loader","meta":{"paths":[]},"content":"apply plugin \u001b[38;5;45minsight:w9xabz\u001b[0m","timestamp":1773736553502}
{"id":22,"type":"info","level":2,"name":"loader","meta":{"paths":[]},"content":"apply plugin \u001b[38;5;45mmarket:jamra7\u001b[0m","timestamp":1773736553525}
{"id":23,"type":"info","level":2,"name":"loader","meta":{"paths":[]},"content":"apply plugin \u001b[38;5;45mnotifier:h2b0ys\u001b[0m","timestamp":1773736553650}
{"id":24,"type":"info","level":2,"name":"loader","meta":{"paths":[]},"content":"apply plugin \u001b[38;5;45moobe:ctdb4p\u001b[0m","timestamp":1773736553666}
{"id":25,"type":"info","level":2,"name":"loader","meta":{"paths":[]},"content":"apply plugin \u001b[38;5;45msandbox:7xwb4h\u001b[0m","timestamp":1773736553682}
{"id":26,"type":"info","level":2,"name":"loader","meta":{"paths":[]},"content":"apply plugin \u001b[38;5;45mstatus:waqviw\u001b[0m","timestamp":1773736553715}
{"id":27,"type":"info","level":2,"name":"loader","meta":{"paths":[]},"content":"apply plugin \u001b[38;5;45mtheme-vanilla:t9fcu1\u001b[0m","timestamp":1773736553774}
{"id":28,"type":"info","level":2,"name":"loader","meta":{"paths":[]},"content":"apply plugin \u001b[38;5;45mgroup:storage\u001b[0m","timestamp":1773736553796}
{"id":29,"type":"info","level":2,"name":"loader","meta":{"paths":[]},"content":"apply plugin \u001b[38;5;45mdatabase-sqlite:00uj7j\u001b[0m","timestamp":1773736553797}
{"id":30,"type":"info","level":2,"name":"loader","meta":{"paths":[]},"content":"apply plugin \u001b[38;5;45massets-local:bteaiw\u001b[0m","timestamp":1773736553847}
{"id":31,"type":"info","level":2,"name":"loader","meta":{"paths":[]},"content":"apply plugin \u001b[38;5;45mgroup:adapter\u001b[0m","timestamp":1773736553886}
{"id":32,"type":"info","level":2,"name":"loader","meta":{"paths":[]},"content":"apply plugin \u001b[38;5;45mgroup:develop\u001b[0m","timestamp":1773736553887}
{"id":33,"type":"info","level":2,"name":"loader","meta":{"paths":[]},"content":"apply plugin \u001b[38;5;45mhmr:e8pbr7\u001b[0m","timestamp":1773736553888}
{"id":34,"type":"info","level":2,"name":"loader","meta":{"paths":[]},"content":"apply plugin \u001b[38;5;45madapter-iirose:m2atf0\u001b[0m","timestamp":1773736554013}
{"id":35,"type":"info","level":2,"name":"loader","meta":{"paths":[]},"content":"apply plugin \u001b[38;5;45mstock-monitor:05tvar\u001b[0m","timestamp":1773736554068}
{"id":36,"type":"info","level":2,"name":"assets","meta":{"paths":["bteaiw"]},"content":"missing config \"selfUrl\", fallback to \"file:\" scheme","timestamp":1773736554322}
{"id":37,"type":"info","level":2,"name":"stock-monitor","meta":{},"content":"插件已启动","timestamp":1773736554331}
{"id":38,"type":"info","level":2,"name":"stock-monitor","meta":{},"content":"API 地址: http://felinus.gnway.cc:8000/stock","timestamp":1773736554332}
{"id":39,"type":"info","level":2,"name":"server","meta":{"paths":["qwahpd"]},"content":"server listening at \u001b[38;5;57mhttp://127.0.0.1:5140\u001b[0m","timestamp":1773736554605}
{"id":72,"type":"info","level":2,"name":"console","meta":{"paths":["fyi3k1"]},"content":"webui is available at \u001b[38;5;166mhttp://127.0.0.1:5140\u001b[0m","timestamp":1773736555871}
{"id":73,"type":"info","level":2,"name":"adapter-iirose","meta":{"paths":["m2atf0"]},"content":"[69b3b31f61f35] 找到可用服务器: wss://m9.iirose.com:8778, 延迟: 1272ms","timestamp":1773736556486}
{"id":74,"type":"info","level":2,"name":"adapter-iirose","meta":{"paths":["m2atf0"]},"content":"[69b3b31f61f35] 正在登录中...","timestamp":1773736559837}
