{"id":1,"type":"info","level":2,"name":"app","meta":{},"content":"\u001b[38;5;15;1mKoishi/4.18.11\u001b[0m","timestamp":1773732884536}
{"id":2,"type":"info","level":2,"name":"loader","meta":{"paths":[]},"content":"apply plugin \u001b[38;5;45mgroup:entry\u001b[0m","timestamp":1773732884572}
{"id":3,"type":"info","level":2,"name":"loader","meta":{"paths":[]},"content":"apply plugin \u001b[38;5;45mgroup:server\u001b[0m","timestamp":1773732884573}
{"id":4,"type":"info","level":2,"name":"loader","meta":{"paths":[]},"content":"apply plugin \u001b[38;5;45mserver:qwahpd\u001b[0m","timestamp":1773732884574}
{"id":5,"type":"info","level":2,"name":"loader","meta":{"paths":[]},"content":"apply plugin \u001b[38;5;45mgroup:basic\u001b[0m","timestamp":1773732884727}
{"id":6,"type":"info","level":2,"name":"loader","meta":{"paths":[]},"content":"apply plugin \u001b[38;5;45mcommands:q4pd8h\u001b[0m","timestamp":1773732884728}
{"id":7,"type":"info","level":2,"name":"loader","meta":{"paths":[]},"content":"apply plugin \u001b[38;5;45mhelp:ncm4eq\u001b[0m","timestamp":1773732884730}
{"id":8,"type":"info","level":2,"name":"loader","meta":{"paths":[]},"content":"apply plugin \u001b[38;5;45mhttp:jtb3z8\u001b[0m","timestamp":1773732884732}
{"id":9,"type":"info","level":2,"name":"loader","meta":{"paths":[]},"content":"apply plugin \u001b[38;5;45mlocales:hdsaoj\u001b[0m","timestamp":1773732884734}
{"id":10,"type":"info","level":2,"name":"loader","meta":{"paths":[]},"content":"apply plugin \u001b[38;5;45mproxy-agent:yp8plh\u001b[0m","timestamp":1773732884740}
{"id":11,"type":"info","level":2,"name":"loader","meta":{"paths":[]},"content":"apply plugin \u001b[38;5;45mrate-limit:8jburr\u001b[0m","timestamp":1773732884853}
{"id":12,"type":"info","level":2,"name":"loader","meta":{"paths":[]},"content":"apply plugin \u001b[38;5;45mtelemetry:3kqtr7\u001b[0m","timestamp":1773732884856}
{"id":13,"type":"info","level":2,"name":"loader","meta":{"paths":[]},"content":"apply plugin \u001b[38;5;45mgroup:console\u001b[0m","timestamp":1773732884910}
{"id":14,"type":"info","level":2,"name":"loader","meta":{"paths":[]},"content":"apply plugin \u001b[38;5;45mactions:u6i962\u001b[0m","timestamp":1773732884911}
{"id":15,"type":"info","level":2,"name":"loader","meta":{"paths":[]},"content":"apply plugin \u001b[38;5;45manalytics:2zoul1\u001b[0m","timestamp":1773732884912}
{"id":16,"type":"info","level":2,"name":"loader","meta":{"paths":[]},"content":"apply plugin \u001b[38;5;45mconfig:v8j4hz\u001b[0m","timestamp":1773732884914}
{"id":17,"type":"info","level":2,"name":"loader","meta":{"paths":[]},"content":"apply plugin \u001b[38;5;45mconsole:fyi3k1\u001b[0m","timestamp":1773732884953}
{"id":18,"type":"info","level":2,"name":"loader","meta":{"paths":[]},"content":"apply plugin \u001b[38;5;45mdataview:ip5q7k\u001b[0m","timestamp":1773732884962}
{"id":19,"type":"info","level":2,"name":"loader","meta":{"paths":[]},"content":"apply plugin \u001b[38;5;45mexplorer:id9max\u001b[0m","timestamp":1773732884965}
{"id":20,"type":"info","level":2,"name":"loader","meta":{"paths":[]},"content":"apply plugin \u001b[38;5;45mlogger:ykrpwv\u001b[0m","timestamp":1773732884981}
{"id":21,"type":"info","level":2,"name":"loader","meta":{"paths":[]},"content":"apply plugin \u001b[38;5;45minsight:w9xabz\u001b[0m","timestamp":1773732884984}
{"id":22,"type":"info","level":2,"name":"loader","meta":{"paths":[]},"content":"apply plugin \u001b[38;5;45mmarket:jamra7\u001b[0m","timestamp":1773732884986}
{"id":23,"type":"info","level":2,"name":"loader","meta":{"paths":[]},"content":"apply plugin \u001b[38;5;45mnotifier:h2b0ys\u001b[0m","timestamp":1773732885022}
{"id":24,"type":"info","level":2,"name":"loader","meta":{"paths":[]},"content":"apply plugin \u001b[38;5;45moobe:ctdb4p\u001b[0m","timestamp":1773732885024}
{"id":25,"type":"info","level":2,"name":"loader","meta":{"paths":[]},"content":"apply plugin \u001b[38;5;45msandbox:7xwb4h\u001b[0m","timestamp":1773732885026}
{"id":26,"type":"info","level":2,"name":"loader","meta":{"paths":[]},"content":"apply plugin \u001b[38;5;45mstatus:waqviw\u001b[0m","timestamp":1773732885030}
{"id":27,"type":"info","level":2,"name":"loader","meta":{"paths":[]},"content":"apply plugin \u001b[38;5;45mtheme-vanilla:t9fcu1\u001b[0m","timestamp":1773732885056}
{"id":28,"type":"info","level":2,"name":"loader","meta":{"paths":[]},"content":"apply plugin \u001b[38;5;45mgroup:storage\u001b[0m","timestamp":1773732885058}
{"id":29,"type":"info","level":2,"name":"loader","meta":{"paths":[]},"content":"apply plugin \u001b[38;5;45mdatabase-sqlite:00uj7j\u001b[0m","timestamp":1773732885059}
{"id":30,"type":"info","level":2,"name":"loader","meta":{"paths":[]},"content":"apply plugin \u001b[38;5;45massets-local:bteaiw\u001b[0m","timestamp":1773732885070}
{"id":31,"type":"info","level":2,"name":"loader","meta":{"paths":[]},"content":"apply plugin \u001b[38;5;45mgroup:adapter\u001b[0m","timestamp":1773732885076}
{"id":32,"type":"info","level":2,"name":"assets","meta":{"paths":["bteaiw"]},"content":"missing config \"selfUrl\", fallback to \"file:\" scheme","timestamp":1773732885171}
{"id":33,"type":"info","level":2,"name":"server","meta":{"paths":["qwahpd"]},"content":"server listening at \u001b[38;5;57mhttp://127.0.0.1:5141\u001b[0m","timestamp":1773732885253}
{"id":34,"type":"info","level":2,"name":"console","meta":{"paths":["fyi3k1"]},"content":"webui is available at \u001b[38;5;166mhttp://127.0.0.1:5141\u001b[0m","timestamp":1773732885254}
{"id":36,"type":"info","level":2,"name":"sqlite","meta":{"paths":["00uj7j"]},"content":"auto creating table \u001b[38;5;170muser\u001b[0m","timestamp":1773732885327}
{"id":39,"type":"info","level":2,"name":"sqlite","meta":{"paths":["00uj7j"]},"content":"auto creating table \u001b[38;5;170mbinding\u001b[0m","timestamp":1773732885336}
{"id":42,"type":"info","level":2,"name":"sqlite","meta":{"paths":["00uj7j"]},"content":"auto creating table \u001b[38;5;170mchannel\u001b[0m","timestamp":1773732885348}
{"id":45,"type":"info","level":2,"name":"sqlite","meta":{"paths":["00uj7j"]},"content":"auto creating table \u001b[38;5;170manalytics.message\u001b[0m","timestamp":1773732885360}
{"id":48,"type":"info","level":2,"name":"sqlite","meta":{"paths":["00uj7j"]},"content":"auto creating table \u001b[38;5;170manalytics.command\u001b[0m","timestamp":1773732885376}
{"id":55,"type":"success","level":1,"name":"telemetry","meta":{"paths":["3kqtr7"]},"content":"\n欢迎使用 Koishi！\ntelemetry 服务是一组可选的 Koishi 服务，旨在通过分析您的 Koishi 使用情况来改善 Koishi 的使用体验、提供精确的插件使用量数据，并仅在您需要时为您提供支持。\n拒绝同意将影响我们提供的相关数据和功能，但不会影响 Koishi 的基础功能。\n要了解更多信息，请打开 Koishi 控制台并参阅我们的隐私政策。在您点击「同意」前，telemetry 服务不会启动。\n","timestamp":1773732885409}
{"id":82,"type":"warn","level":2,"name":"market","meta":{},"content":"npm WARN EBADENGINE Unsupported engine {","timestamp":1773732911018}
{"id":83,"type":"warn","level":2,"name":"market","meta":{},"content":"npm WARN EBADENGINE   package: 'file-type@21.3.3',","timestamp":1773732911020}
{"id":84,"type":"warn","level":2,"name":"market","meta":{},"content":"npm WARN EBADENGINE   required: { node: '>=20' },","timestamp":1773732911021}
{"id":85,"type":"warn","level":2,"name":"market","meta":{},"content":"npm WARN EBADENGINE   current: { node: 'v18.12.1', npm: '8.19.2' }","timestamp":1773732911021}
{"id":86,"type":"warn","level":2,"name":"market","meta":{},"content":"npm WARN EBADENGINE }","timestamp":1773732911021}
{"id":87,"type":"info","level":2,"name":"market","meta":{},"content":"","timestamp":1773732911914}
{"id":88,"type":"info","level":2,"name":"market","meta":{},"content":"added 11 packages in 2s","timestamp":1773732911915}
{"id":89,"type":"info","level":2,"name":"market","meta":{},"content":"","timestamp":1773732911916}
{"id":90,"type":"info","level":2,"name":"market","meta":{},"content":"118 packages are looking for funding","timestamp":1773732911916}
{"id":91,"type":"info","level":2,"name":"market","meta":{},"content":"  run `npm fund` for details","timestamp":1773732911916}
{"id":92,"type":"error","level":1,"name":"market","meta":{},"content":"Error: Cannot find module 'koishi-plugin-adapter-iirose'\nRequire stack:\n- E:\\Desktop\\test\\koishiBot\\koishiBot\\node_modules\\@koishijs\\plugin-market\\lib\\node\\index.js\n- E:\\Desktop\\test\\koishiBot\\koishiBot\\node_modules\\@koishijs\\loader\\lib\\index.js\n- E:\\Desktop\\test\\koishiBot\\koishiBot\\node_modules\\koishi\\lib\\worker\\index.js\n    at Module._resolveFilename (node:internal/modules/cjs/loader:995:15)\n    at Function.resolve (node:internal/modules/cjs/helpers:109:19)\n    at Proxy.install (E:\\Desktop\\test\\koishiBot\\koishiBot\\node_modules\\@koishijs\\plugin-market\\lib\\node\\index.js:318:23)\n    at process.processTicksAndRejections (node:internal/process/task_queues:95:5)\n    at async ctx2.console.addListener.authority (E:\\Desktop\\test\\koishiBot\\koishiBot\\node_modules\\@koishijs\\plugin-market\\lib\\node\\index.js:546:20)\n    at async WebSocket.receive (E:\\Desktop\\test\\koishiBot\\koishiBot\\node_modules\\@koishijs\\console\\lib\\index.js:127:21)","timestamp":1773732913415}
