{"id":1,"type":"info","level":2,"name":"app","meta":{},"content":"\u001b[38;5;15;1mKoishi/4.18.11\u001b[0m","timestamp":1773907324858}
{"id":2,"type":"info","level":2,"name":"loader","meta":{"paths":[]},"content":"apply plugin \u001b[38;5;45mgroup:entry\u001b[0m","timestamp":1773907324885}
{"id":3,"type":"info","level":2,"name":"loader","meta":{"paths":[]},"content":"apply plugin \u001b[38;5;45mgroup:server\u001b[0m","timestamp":1773907324886}
{"id":4,"type":"info","level":2,"name":"loader","meta":{"paths":[]},"content":"apply plugin \u001b[38;5;45mserver:qwahpd\u001b[0m","timestamp":1773907324887}
{"id":5,"type":"info","level":2,"name":"loader","meta":{"paths":[]},"content":"apply plugin \u001b[38;5;45mgroup:basic\u001b[0m","timestamp":1773907325518}
{"id":6,"type":"info","level":2,"name":"loader","meta":{"paths":[]},"content":"apply plugin \u001b[38;5;45mcommands:q4pd8h\u001b[0m","timestamp":1773907325519}
{"id":7,"type":"info","level":2,"name":"loader","meta":{"paths":[]},"content":"apply plugin \u001b[38;5;45mhelp:ncm4eq\u001b[0m","timestamp":1773907325555}
{"id":8,"type":"info","level":2,"name":"loader","meta":{"paths":[]},"content":"apply plugin \u001b[38;5;45mhttp:jtb3z8\u001b[0m","timestamp":1773907325586}
{"id":9,"type":"info","level":2,"name":"loader","meta":{"paths":[]},"content":"apply plugin \u001b[38;5;45mlocales:hdsaoj\u001b[0m","timestamp":1773907325615}
{"id":10,"type":"info","level":2,"name":"loader","meta":{"paths":[]},"content":"apply plugin \u001b[38;5;45mproxy-agent:yp8plh\u001b[0m","timestamp":1773907325670}
{"id":11,"type":"info","level":2,"name":"loader","meta":{"paths":[]},"content":"apply plugin \u001b[38;5;45mrate-limit:8jburr\u001b[0m","timestamp":1773907325869}
{"id":12,"type":"info","level":2,"name":"loader","meta":{"paths":[]},"content":"apply plugin \u001b[38;5;45mtelemetry:3kqtr7\u001b[0m","timestamp":1773907325892}
{"id":13,"type":"info","level":2,"name":"loader","meta":{"paths":[]},"content":"apply plugin \u001b[38;5;45mgroup:console\u001b[0m","timestamp":1773907325968}
{"id":14,"type":"info","level":2,"name":"loader","meta":{"paths":[]},"content":"apply plugin \u001b[38;5;45mactions:u6i962\u001b[0m","timestamp":1773907325969}
{"id":15,"type":"info","level":2,"name":"loader","meta":{"paths":[]},"content":"apply plugin \u001b[38;5;45manalytics:2zoul1\u001b[0m","timestamp":1773907325985}
{"id":16,"type":"info","level":2,"name":"loader","meta":{"paths":[]},"content":"apply plugin \u001b[38;5;45mconfig:v8j4hz\u001b[0m","timestamp":1773907326007}
{"id":17,"type":"info","level":2,"name":"loader","meta":{"paths":[]},"content":"apply plugin \u001b[38;5;45mconsole:fyi3k1\u001b[0m","timestamp":1773907326132}
{"id":18,"type":"info","level":2,"name":"loader","meta":{"paths":[]},"content":"apply plugin \u001b[38;5;45mdataview:ip5q7k\u001b[0m","timestamp":1773907326174}
{"id":19,"type":"info","level":2,"name":"loader","meta":{"paths":[]},"content":"apply plugin \u001b[38;5;45mexplorer:id9max\u001b[0m","timestamp":1773907326204}
{"id":20,"type":"info","level":2,"name":"loader","meta":{"paths":[]},"content":"apply plugin \u001b[38;5;45mlogger:ykrpwv\u001b[0m","timestamp":1773907326258}
{"id":21,"type":"info","level":2,"name":"loader","meta":{"paths":[]},"content":"apply plugin \u001b[38;5;45minsight:w9xabz\u001b[0m","timestamp":1773907326295}
{"id":22,"type":"info","level":2,"name":"loader","meta":{"paths":[]},"content":"apply plugin \u001b[38;5;45mmarket:jamra7\u001b[0m","timestamp":1773907326318}
{"id":23,"type":"info","level":2,"name":"loader","meta":{"paths":[]},"content":"apply plugin \u001b[38;5;45mnotifier:h2b0ys\u001b[0m","timestamp":1773907326438}
{"id":24,"type":"info","level":2,"name":"loader","meta":{"paths":[]},"content":"apply plugin \u001b[38;5;45moobe:ctdb4p\u001b[0m","timestamp":1773907326454}
{"id":25,"type":"info","level":2,"name":"loader","meta":{"paths":[]},"content":"apply plugin \u001b[38;5;45msandbox:7xwb4h\u001b[0m","timestamp":1773907326470}
{"id":26,"type":"info","level":2,"name":"loader","meta":{"paths":[]},"content":"apply plugin \u001b[38;5;45mstatus:waqviw\u001b[0m","timestamp":1773907326499}
{"id":27,"type":"info","level":2,"name":"loader","meta":{"paths":[]},"content":"apply plugin \u001b[38;5;45mtheme-vanilla:t9fcu1\u001b[0m","timestamp":1773907326557}
{"id":28,"type":"info","level":2,"name":"loader","meta":{"paths":[]},"content":"apply plugin \u001b[38;5;45mgroup:storage\u001b[0m","timestamp":1773907326579}
{"id":29,"type":"info","level":2,"name":"loader","meta":{"paths":[]},"content":"apply plugin \u001b[38;5;45mdatabase-sqlite:00uj7j\u001b[0m","timestamp":1773907326580}
{"id":30,"type":"info","level":2,"name":"loader","meta":{"paths":[]},"content":"apply plugin \u001b[38;5;45massets-local:bteaiw\u001b[0m","timestamp":1773907326627}
{"id":31,"type":"info","level":2,"name":"loader","meta":{"paths":[]},"content":"apply plugin \u001b[38;5;45mgroup:adapter\u001b[0m","timestamp":1773907326666}
{"id":32,"type":"info","level":2,"name":"loader","meta":{"paths":[]},"content":"apply plugin \u001b[38;5;45mgroup:develop\u001b[0m","timestamp":1773907326667}
{"id":33,"type":"info","level":2,"name":"loader","meta":{"paths":[]},"content":"apply plugin \u001b[38;5;45mhmr:e8pbr7\u001b[0m","timestamp":1773907326667}
{"id":34,"type":"info","level":2,"name":"loader","meta":{"paths":[]},"content":"apply plugin \u001b[38;5;45madapter-iirose:m2atf0\u001b[0m","timestamp":1773907326756}
{"id":35,"type":"info","level":2,"name":"loader","meta":{"paths":[]},"content":"apply plugin \u001b[38;5;45mstock-monitor:05tvar\u001b[0m","timestamp":1773907326814}
{"id":36,"type":"info","level":2,"name":"assets","meta":{"paths":["bteaiw"]},"content":"missing config \"selfUrl\", fallback to \"file:\" scheme","timestamp":1773907327175}
{"id":37,"type":"info","level":2,"name":"stock-monitor","meta":{},"content":"插件已启动","timestamp":1773907327185}
{"id":38,"type":"info","level":2,"name":"stock-monitor","meta":{},"content":"API 地址: http://felinus.gnway.cc:8000/stock","timestamp":1773907327185}
{"id":39,"type":"info","level":2,"name":"server","meta":{"paths":["qwahpd"]},"content":"server listening at \u001b[38;5;57mhttp://127.0.0.1:5140\u001b[0m","timestamp":1773907327503}
{"id":54,"type":"info","level":2,"name":"console","meta":{"paths":["fyi3k1"]},"content":"webui is available at \u001b[38;5;166mhttp://127.0.0.1:5140\u001b[0m","timestamp":1773907328704}
{"id":55,"type":"info","level":2,"name":"adapter-iirose","meta":{"paths":["m2atf0"]},"content":"[69b3b31f61f35] 找到可用服务器: wss://m9.iirose.com:8778, 延迟: 1215ms","timestamp":1773907330110}
{"id":56,"type":"info","level":2,"name":"adapter-iirose","meta":{"paths":["m2atf0"]},"content":"[69b3b31f61f35] 正在登录中...","timestamp":1773907331450}
{"id":57,"type":"info","level":2,"name":"adapter-iirose","meta":{"paths":["m2atf0"]},"content":"[69b3b31f61f35] [69b3b31f61f35] 登陆成功：欢迎回来，小冰股票！","timestamp":1773907340317}
{"id":66,"type":"info","level":2,"name":"stock-monitor","meta":{},"content":"发送数据: { unitPrice: \u001b[33m1\u001b[39m, totalStock: \u001b[33m1382\u001b[39m, personalStock: \u001b[33m0\u001b[39m, totalMoney: \u001b[33m1382\u001b[39m, personalMoney: \u001b[33m100\u001b[39m }","timestamp":1773907340494}
{"id":68,"type":"info","level":2,"name":"stock-monitor","meta":{},"content":"发送数据: { unitPrice: \u001b[33m0.04\u001b[39m, totalStock: \u001b[33m1412\u001b[39m, personalStock: \u001b[33m0\u001b[39m, totalMoney: \u001b[33m56.48\u001b[39m, personalMoney: \u001b[33m100\u001b[39m }","timestamp":1773907380044}
{"id":70,"type":"info","level":2,"name":"stock-monitor","meta":{},"content":"发送数据: { unitPrice: \u001b[33m1\u001b[39m, totalStock: \u001b[33m1000\u001b[39m, personalStock: \u001b[33m0\u001b[39m, totalMoney: \u001b[33m1000\u001b[39m, personalMoney: \u001b[33m100\u001b[39m }","timestamp":1773907500624}
{"id":72,"type":"info","level":2,"name":"stock-monitor","meta":{},"content":"发送数据: { unitPrice: \u001b[33m1.66\u001b[39m, totalStock: \u001b[33m1890\u001b[39m, personalStock: \u001b[33m0\u001b[39m, totalMoney: \u001b[33m3137.4\u001b[39m, personalMoney: \u001b[33m100\u001b[39m }","timestamp":1773907621215}
{"id":73,"type":"info","level":2,"name":"stock-monitor","meta":{},"content":"发送数据: { unitPrice: \u001b[33m1.66\u001b[39m, totalStock: \u001b[33m1177\u001b[39m, personalStock: \u001b[33m0\u001b[39m, totalMoney: \u001b[33m1953.82\u001b[39m, personalMoney: \u001b[33m100\u001b[39m }","timestamp":1773907663406}
{"id":75,"type":"info","level":2,"name":"stock-monitor","meta":{},"content":"发送数据: { unitPrice: \u001b[33m2.9714\u001b[39m, totalStock: \u001b[33m1177\u001b[39m, personalStock: \u001b[33m0\u001b[39m, totalMoney: \u001b[33m3497.3378\u001b[39m, personalMoney: \u001b[33m100\u001b[39m }","timestamp":1773907740278}
{"id":77,"type":"info","level":2,"name":"stock-monitor","meta":{},"content":"发送数据: { unitPrice: \u001b[33m3.0308\u001b[39m, totalStock: \u001b[33m1099\u001b[39m, personalStock: \u001b[33m0\u001b[39m, totalMoney: \u001b[33m3330.88\u001b[39m, personalMoney: \u001b[33m100\u001b[39m }","timestamp":1773907860837}
{"id":79,"type":"info","level":2,"name":"stock-monitor","meta":{},"content":"发送数据: { unitPrice: \u001b[33m0.3334\u001b[39m, totalStock: \u001b[33m1083\u001b[39m, personalStock: \u001b[33m0\u001b[39m, totalMoney: \u001b[33m361.0625\u001b[39m, personalMoney: \u001b[33m100\u001b[39m }","timestamp":1773907982386}
{"id":81,"type":"info","level":2,"name":"stock-monitor","meta":{},"content":"发送数据: { unitPrice: \u001b[33m0.7766\u001b[39m, totalStock: \u001b[33m1489\u001b[39m, personalStock: \u001b[33m0\u001b[39m, totalMoney: \u001b[33m1156.4193\u001b[39m, personalMoney: \u001b[33m100\u001b[39m }","timestamp":1773908101674}
{"id":83,"type":"info","level":2,"name":"stock-monitor","meta":{},"content":"发送数据: { unitPrice: \u001b[33m0.1243\u001b[39m, totalStock: \u001b[33m1450\u001b[39m, personalStock: \u001b[33m0\u001b[39m, totalMoney: \u001b[33m180.1808\u001b[39m, personalMoney: \u001b[33m100\u001b[39m }","timestamp":1773908221016}
{"id":85,"type":"info","level":2,"name":"stock-monitor","meta":{},"content":"发送数据: { unitPrice: \u001b[33m0.1901\u001b[39m, totalStock: \u001b[33m8885\u001b[39m, personalStock: \u001b[33m0\u001b[39m, totalMoney: \u001b[33m1689.2327\u001b[39m, personalMoney: \u001b[33m100\u001b[39m }","timestamp":1773908342229}
{"id":87,"type":"info","level":2,"name":"stock-monitor","meta":{},"content":"发送数据: { unitPrice: \u001b[33m0.0171\u001b[39m, totalStock: \u001b[33m22428\u001b[39m, personalStock: \u001b[33m0\u001b[39m, totalMoney: \u001b[33m383.7648\u001b[39m, personalMoney: \u001b[33m100\u001b[39m }","timestamp":1773908461319}
{"id":89,"type":"info","level":2,"name":"stock-monitor","meta":{},"content":"发送数据: { unitPrice: \u001b[33m0.055\u001b[39m, totalStock: \u001b[33m22428\u001b[39m, personalStock: \u001b[33m0\u001b[39m, totalMoney: \u001b[33m1233.7648\u001b[39m, personalMoney: \u001b[33m100\u001b[39m }","timestamp":1773908581437}
{"id":91,"type":"info","level":2,"name":"stock-monitor","meta":{},"content":"发送数据: { unitPrice: \u001b[33m0.0396\u001b[39m, totalStock: \u001b[33m22428\u001b[39m, personalStock: \u001b[33m0\u001b[39m, totalMoney: \u001b[33m888.3106\u001b[39m, personalMoney: \u001b[33m100\u001b[39m }","timestamp":1773908702395}
{"id":93,"type":"info","level":2,"name":"stock-monitor","meta":{},"content":"发送数据: { unitPrice: \u001b[33m0.0029\u001b[39m, totalStock: \u001b[33m17428\u001b[39m, personalStock: \u001b[33m0\u001b[39m, totalMoney: \u001b[33m50.2746\u001b[39m, personalMoney: \u001b[33m100\u001b[39m }","timestamp":1773908821871}
{"id":95,"type":"info","level":2,"name":"stock-monitor","meta":{},"content":"发送数据: { unitPrice: \u001b[33m1\u001b[39m, totalStock: \u001b[33m1000\u001b[39m, personalStock: \u001b[33m0\u001b[39m, totalMoney: \u001b[33m1000\u001b[39m, personalMoney: \u001b[33m100\u001b[39m }","timestamp":1773908941676}
{"id":107,"type":"info","level":2,"name":"stock-monitor","meta":{},"content":"发送数据: { unitPrice: \u001b[33m1.5\u001b[39m, totalStock: \u001b[33m1443\u001b[39m, personalStock: \u001b[33m0\u001b[39m, totalMoney: \u001b[33m2164.5\u001b[39m, personalMoney: \u001b[33m100\u001b[39m }","timestamp":1773909062154}
{"id":109,"type":"info","level":2,"name":"stock-monitor","meta":{},"content":"发送数据: { unitPrice: \u001b[33m1.56\u001b[39m, totalStock: \u001b[33m1020\u001b[39m, personalStock: \u001b[33m0\u001b[39m, totalMoney: \u001b[33m1591.2\u001b[39m, personalMoney: \u001b[33m100\u001b[39m }","timestamp":1773909183213}
{"id":111,"type":"info","level":2,"name":"stock-monitor","meta":{},"content":"发送数据: { unitPrice: \u001b[33m1.482\u001b[39m, totalStock: \u001b[33m1015\u001b[39m, personalStock: \u001b[33m0\u001b[39m, totalMoney: \u001b[33m1504.23\u001b[39m, personalMoney: \u001b[33m100\u001b[39m }","timestamp":1773909302196}
{"id":113,"type":"info","level":2,"name":"stock-monitor","meta":{},"content":"发送数据: { unitPrice: \u001b[33m0.0741\u001b[39m, totalStock: \u001b[33m1091\u001b[39m, personalStock: \u001b[33m0\u001b[39m, totalMoney: \u001b[33m80.8431\u001b[39m, personalMoney: \u001b[33m100\u001b[39m }","timestamp":1773909422064}
{"id":121,"type":"info","level":2,"name":"stock-monitor","meta":{},"content":"发送数据: { unitPrice: \u001b[33m1\u001b[39m, totalStock: \u001b[33m1000\u001b[39m, personalStock: \u001b[33m0\u001b[39m, totalMoney: \u001b[33m1000\u001b[39m, personalMoney: \u001b[33m100\u001b[39m }","timestamp":1773909543030}
{"id":129,"type":"info","level":2,"name":"stock-monitor","meta":{},"content":"发送数据: { unitPrice: \u001b[33m1.55\u001b[39m, totalStock: \u001b[33m1225\u001b[39m, personalStock: \u001b[33m0\u001b[39m, totalMoney: \u001b[33m1898.75\u001b[39m, personalMoney: \u001b[33m100\u001b[39m }","timestamp":1773909663150}
{"id":137,"type":"info","level":2,"name":"stock-monitor","meta":{},"content":"发送数据: { unitPrice: \u001b[33m2.7435\u001b[39m, totalStock: \u001b[33m1025\u001b[39m, personalStock: \u001b[33m0\u001b[39m, totalMoney: \u001b[33m2812.0875\u001b[39m, personalMoney: \u001b[33m100\u001b[39m }","timestamp":1773909782445}
{"id":152,"type":"info","level":2,"name":"stock-monitor","meta":{},"content":"发送数据: { unitPrice: \u001b[33m3.1002\u001b[39m, totalStock: \u001b[33m1051\u001b[39m, personalStock: \u001b[33m0\u001b[39m, totalMoney: \u001b[33m3258.2629\u001b[39m, personalMoney: \u001b[33m100\u001b[39m }","timestamp":1773909902636}
{"id":154,"type":"info","level":2,"name":"stock-monitor","meta":{},"content":"发送数据: { unitPrice: \u001b[33m3.9062\u001b[39m, totalStock: \u001b[33m1244\u001b[39m, personalStock: \u001b[33m0\u001b[39m, totalMoney: \u001b[33m4859.307\u001b[39m, personalMoney: \u001b[33m100\u001b[39m }","timestamp":1773910023387}
{"id":156,"type":"info","level":2,"name":"stock-monitor","meta":{},"content":"发送数据: { unitPrice: \u001b[33m2.2265\u001b[39m, totalStock: \u001b[33m1091\u001b[39m, personalStock: \u001b[33m0\u001b[39m, totalMoney: \u001b[33m2429.1457\u001b[39m, personalMoney: \u001b[33m100\u001b[39m }","timestamp":1773910142828}
{"id":158,"type":"info","level":2,"name":"stock-monitor","meta":{},"content":"发送数据: { unitPrice: \u001b[33m3.0949\u001b[39m, totalStock: \u001b[33m1139\u001b[39m, personalStock: \u001b[33m0\u001b[39m, totalMoney: \u001b[33m3525.0667\u001b[39m, personalMoney: \u001b[33m100\u001b[39m }","timestamp":1773910263452}
{"id":160,"type":"info","level":2,"name":"stock-monitor","meta":{},"content":"发送数据: { unitPrice: \u001b[33m0.588\u001b[39m, totalStock: \u001b[33m1484\u001b[39m, personalStock: \u001b[33m0\u001b[39m, totalMoney: \u001b[33m872.632\u001b[39m, personalMoney: \u001b[33m100\u001b[39m }","timestamp":1773910388503}
{"id":162,"type":"info","level":2,"name":"stock-monitor","meta":{},"content":"发送数据: { unitPrice: \u001b[33m0.6762\u001b[39m, totalStock: \u001b[33m2623\u001b[39m, personalStock: \u001b[33m0\u001b[39m, totalMoney: \u001b[33m1773.7538\u001b[39m, personalMoney: \u001b[33m100\u001b[39m }","timestamp":1773910503186}
{"id":164,"type":"info","level":2,"name":"stock-monitor","meta":{},"content":"发送数据: { unitPrice: \u001b[33m0.5072\u001b[39m, totalStock: \u001b[33m1689\u001b[39m, personalStock: \u001b[33m0\u001b[39m, totalMoney: \u001b[33m856.6156\u001b[39m, personalMoney: \u001b[33m100\u001b[39m }","timestamp":1773910623036}
{"id":166,"type":"info","level":2,"name":"stock-monitor","meta":{},"content":"发送数据: { unitPrice: \u001b[33m0.7487\u001b[39m, totalStock: \u001b[33m1615\u001b[39m, personalStock: \u001b[33m0\u001b[39m, totalMoney: \u001b[33m1209.0848\u001b[39m, personalMoney: \u001b[33m100\u001b[39m }","timestamp":1773910743079}
{"id":168,"type":"info","level":2,"name":"stock-monitor","meta":{},"content":"发送数据: { unitPrice: \u001b[33m0.5302\u001b[39m, totalStock: \u001b[33m1236\u001b[39m, personalStock: \u001b[33m0\u001b[39m, totalMoney: \u001b[33m655.3429\u001b[39m, personalMoney: \u001b[33m100\u001b[39m }","timestamp":1773910863137}
{"id":188,"type":"info","level":2,"name":"stock-monitor","meta":{},"content":"发送数据: { unitPrice: \u001b[33m0.965\u001b[39m, totalStock: \u001b[33m2738\u001b[39m, personalStock: \u001b[33m0\u001b[39m, totalMoney: \u001b[33m2642.1346\u001b[39m, personalMoney: \u001b[33m100\u001b[39m }","timestamp":1773910983236}
{"id":196,"type":"info","level":2,"name":"stock-monitor","meta":{},"content":"发送数据: { unitPrice: \u001b[33m0.8395\u001b[39m, totalStock: \u001b[33m1247\u001b[39m, personalStock: \u001b[33m0\u001b[39m, totalMoney: \u001b[33m1046.9048\u001b[39m, personalMoney: \u001b[33m100\u001b[39m }","timestamp":1773911103687}
{"id":204,"type":"info","level":2,"name":"stock-monitor","meta":{},"content":"发送数据: { unitPrice: \u001b[33m0.8815\u001b[39m, totalStock: \u001b[33m1389\u001b[39m, personalStock: \u001b[33m0\u001b[39m, totalMoney: \u001b[33m1224.4253\u001b[39m, personalMoney: \u001b[33m100\u001b[39m }","timestamp":1773911223787}
{"id":206,"type":"info","level":2,"name":"stock-monitor","meta":{},"content":"发送数据: { unitPrice: \u001b[33m1.0578\u001b[39m, totalStock: \u001b[33m1283\u001b[39m, personalStock: \u001b[33m0\u001b[39m, totalMoney: \u001b[33m1357.1816\u001b[39m, personalMoney: \u001b[33m100\u001b[39m }","timestamp":1773911343867}
{"id":208,"type":"info","level":2,"name":"stock-monitor","meta":{},"content":"发送数据: { unitPrice: \u001b[33m1.8618\u001b[39m, totalStock: \u001b[33m1379\u001b[39m, personalStock: \u001b[33m0\u001b[39m, totalMoney: \u001b[33m2567.3687\u001b[39m, personalMoney: \u001b[33m100\u001b[39m }","timestamp":1773911464410}
{"id":210,"type":"info","level":2,"name":"stock-monitor","meta":{},"content":"发送数据: { unitPrice: \u001b[33m0.4282\u001b[39m, totalStock: \u001b[33m1378\u001b[39m, personalStock: \u001b[33m0\u001b[39m, totalMoney: \u001b[33m590.0666\u001b[39m, personalMoney: \u001b[33m100\u001b[39m }","timestamp":1773911584392}
{"id":211,"type":"warn","level":2,"name":"stock-monitor","meta":{},"content":"发送失败 (尝试 1/1)","timestamp":1773911584496}
{"id":212,"type":"error","level":1,"name":"stock-monitor","meta":{},"content":"错误信息: HTTPError: Not Found at [cordis.invoke] \u001b[90m(E:\\Desktop\\test\\koishiBot\\koishiBot\\\u001b[39mnode_modules\\\u001b[4m@cordisjs\u001b[24m\\plugin-http\\lib\\index.cjs:340:23\u001b[90m)\u001b[39m \u001b[90m    at process.processTicksAndRejections (node:internal/process/task_queues:95:5)\u001b[39m at async Proxy.<anonymous> \u001b[90m(E:\\Desktop\\test\\koishiBot\\koishiBot\\\u001b[39mnode_modules\\\u001b[4m@cordisjs\u001b[24m\\plugin-http\\lib\\index.cjs:184:26\u001b[90m)\u001b[39m at sendStockData (e:\\Desktop\\test\\koishiBot\\koishiBot\\external\\iirosestock\\lib\\index.js:51:27) at <anonymous> (e:\\Desktop\\test\\koishiBot\\koishiBot\\external\\iirosestock\\lib\\index.js:94:9) { response: { data: { success: \u001b[33mfalse\u001b[39m, message: \u001b[32m'接口不存在'\u001b[39m }, url: \u001b[32m'http://felinus.gnway.cc:8000/stock'\u001b[39m, status: \u001b[33m404\u001b[39m, statusText: \u001b[32m'Not Found'\u001b[39m, headers: HeadersList { [\u001b[32mSymbol(headers map)\u001b[39m]: Map(8) { \u001b[32m'server'\u001b[39m => \u001b[32m'nginx/1.8.1'\u001b[39m, \u001b[32m'date'\u001b[39m => \u001b[32m'Thu, 19 Mar 2026 09:13:09 GMT'\u001b[39m, \u001b[32m'content-type'\u001b[39m => \u001b[32m'application/json; charset=utf-8'\u001b[39m, \u001b[32m'content-length'\u001b[39m => \u001b[32m'45'\u001b[39m, \u001b[32m'connection'\u001b[39m => \u001b[32m'keep-alive'\u001b[39m, \u001b[32m'x-powered-by'\u001b[39m => \u001b[32m'Express'\u001b[39m, \u001b[32m'access-control-allow-origin'\u001b[39m => \u001b[32m'*'\u001b[39m, \u001b[32m'etag'\u001b[39m => \u001b[32m'W/\"2d-VHnSYcQmPG9Y4Yc4YgJrZkeIJgc\"'\u001b[39m }, [\u001b[32mSymbol(headers map sorted)\u001b[39m]: \u001b[1mnull\u001b[22m } }, code: \u001b[90mundefined\u001b[39m, [\u001b[32mSymbol(cordis.http.error)\u001b[39m]: \u001b[33mtrue\u001b[39m }","timestamp":1773911584496}
{"id":213,"type":"error","level":1,"name":"stock-monitor","meta":{},"content":"发送失败，达到最大重试次数","timestamp":1773911584518}
