{"id":1306,"type":"warn","level":2,"name":"DEV:adapter-iirose","meta":{},"content":"获取或转换图片失败: http://s.iirose.com/images/icon/cartoon/601433.jpg TypeError: terminated \u001b[90m    at Fetch.onAborted (node:internal/deps/undici/undici:11000:53)\u001b[39m \u001b[90m    at Fetch.emit (node:events:513:28)\u001b[39m \u001b[90m    at Fetch.terminate (node:internal/deps/undici/undici:10272:14)\u001b[39m \u001b[90m    at Object.onError (node:internal/deps/undici/undici:11095:36)\u001b[39m at Request.onError \u001b[90m(E:\\Desktop\\test\\koishiBot\\koishiBot\\\u001b[39mnode_modules\\\u001b[4mundici\u001b[24m\\lib\\core\\request.js:298:27\u001b[90m)\u001b[39m at Object.errorRequest \u001b[90m(E:\\Desktop\\test\\koishiBot\\koishiBot\\\u001b[39mnode_modules\\\u001b[4mundici\u001b[24m\\lib\\core\\util.js:560:13\u001b[90m)\u001b[39m at Socket.<anonymous> \u001b[90m(E:\\Desktop\\test\\koishiBot\\koishiBot\\\u001b[39mnode_modules\\\u001b[4mundici\u001b[24m\\lib\\dispatcher\\client-h1.js:716:12\u001b[90m)\u001b[39m \u001b[90m    at Socket.emit (node:events:525:35)\u001b[39m \u001b[90m    at TCP.<anonymous> (node:net:313:12)\u001b[39m { [cause]: BodyTimeoutError: Body Timeout Error at Timeout.onParserTimeout [as callback] \u001b[90m(E:\\Desktop\\test\\koishiBot\\koishiBot\\\u001b[39mnode_modules\\\u001b[4mundici\u001b[24m\\lib\\dispatcher\\client-h1.js:626:28\u001b[90m)\u001b[39m at Timeout.onTimeout [as _onTimeout] \u001b[90m(E:\\Desktop\\test\\koishiBot\\koishiBot\\\u001b[39mnode_modules\\\u001b[4mundici\u001b[24m\\lib\\util\\timers.js:20:13\u001b[90m)\u001b[39m \u001b[90m    at listOnTimeout (node:internal/timers:564:17)\u001b[39m \u001b[90m    at process.processTimers (node:internal/timers:507:7)\u001b[39m { code: \u001b[32m'UND_ERR_BODY_TIMEOUT'\u001b[39m } }","timestamp":1773758221943}
{"id":1307,"type":"info","level":2,"name":"stock-monitor","meta":{},"content":"收到股票更新事件","timestamp":1773758287031}
{"id":1308,"type":"info","level":2,"name":"stock-monitor","meta":{},"content":"发送股票数据到: http://felinus.gnway.cc:8000/stock","timestamp":1773758287032}
{"id":1309,"type":"info","level":2,"name":"stock-monitor","meta":{},"content":"发送数据: { unitPrice: \u001b[33m0.7563\u001b[39m, totalStock: \u001b[33m2469\u001b[39m, personalStock: \u001b[33m0\u001b[39m, totalMoney: \u001b[33m1867.3991\u001b[39m, personalMoney: \u001b[33m0\u001b[39m }","timestamp":1773758287032}
{"id":1310,"type":"info","level":2,"name":"stock-monitor","meta":{},"content":"请求方法: POST","timestamp":1773758287032}
{"id":1311,"type":"info","level":2,"name":"stock-monitor","meta":{},"content":"发送成功: { success: \u001b[33mtrue\u001b[39m, message: \u001b[32m'股票数据接收成功'\u001b[39m, diskId: \u001b[33m60\u001b[39m, timestamp: \u001b[32m'2026-03-17T14:38:07.086Z'\u001b[39m }","timestamp":1773758287105}
{"id":1313,"type":"info","level":2,"name":"stock-monitor","meta":{},"content":"收到股票更新事件","timestamp":1773758340586}
{"id":1314,"type":"info","level":2,"name":"stock-monitor","meta":{},"content":"发送股票数据到: http://felinus.gnway.cc:8000/stock","timestamp":1773758340587}
{"id":1315,"type":"info","level":2,"name":"stock-monitor","meta":{},"content":"发送数据: { unitPrice: \u001b[33m1.2328\u001b[39m, totalStock: \u001b[33m2969\u001b[39m, personalStock: \u001b[33m0\u001b[39m, totalMoney: \u001b[33m3660.2761\u001b[39m, personalMoney: \u001b[33m0\u001b[39m }","timestamp":1773758340587}
{"id":1316,"type":"info","level":2,"name":"stock-monitor","meta":{},"content":"请求方法: POST","timestamp":1773758340588}
{"id":1317,"type":"info","level":2,"name":"stock-monitor","meta":{},"content":"发送成功: { success: \u001b[33mtrue\u001b[39m, message: \u001b[32m'股票数据接收成功'\u001b[39m, diskId: \u001b[33m60\u001b[39m, timestamp: \u001b[32m'2026-03-17T14:39:00.655Z'\u001b[39m }","timestamp":1773758340674}
{"id":1319,"type":"info","level":2,"name":"stock-monitor","meta":{},"content":"收到股票更新事件","timestamp":1773758458552}
{"id":1320,"type":"info","level":2,"name":"stock-monitor","meta":{},"content":"发送股票数据到: http://felinus.gnway.cc:8000/stock","timestamp":1773758458553}
{"id":1321,"type":"info","level":2,"name":"stock-monitor","meta":{},"content":"发送数据: { unitPrice: \u001b[33m0.2096\u001b[39m, totalStock: \u001b[33m1919\u001b[39m, personalStock: \u001b[33m0\u001b[39m, totalMoney: \u001b[33m402.1866\u001b[39m, personalMoney: \u001b[33m0\u001b[39m }","timestamp":1773758458553}
{"id":1322,"type":"info","level":2,"name":"stock-monitor","meta":{},"content":"请求方法: POST","timestamp":1773758458553}
{"id":1323,"type":"info","level":2,"name":"stock-monitor","meta":{},"content":"发送成功: { success: \u001b[33mtrue\u001b[39m, message: \u001b[32m'股票数据接收成功'\u001b[39m, diskId: \u001b[33m60\u001b[39m, timestamp: \u001b[32m'2026-03-17T14:40:58.619Z'\u001b[39m }","timestamp":1773758458640}
{"id":1324,"type":"info","level":2,"name":"stock-monitor","meta":{},"content":"收到股票更新事件","timestamp":1773758488624}
{"id":1325,"type":"info","level":2,"name":"stock-monitor","meta":{},"content":"发送股票数据到: http://felinus.gnway.cc:8000/stock","timestamp":1773758488625}
{"id":1326,"type":"info","level":2,"name":"stock-monitor","meta":{},"content":"发送数据: { unitPrice: \u001b[33m0.2096\u001b[39m, totalStock: \u001b[33m2219\u001b[39m, personalStock: \u001b[33m0\u001b[39m, totalMoney: \u001b[33m465.061\u001b[39m, personalMoney: \u001b[33m0\u001b[39m }","timestamp":1773758488625}
{"id":1327,"type":"info","level":2,"name":"stock-monitor","meta":{},"content":"请求方法: POST","timestamp":1773758488625}
{"id":1328,"type":"info","level":2,"name":"stock-monitor","meta":{},"content":"发送成功: { success: \u001b[33mtrue\u001b[39m, message: \u001b[32m'股票数据接收成功'\u001b[39m, diskId: \u001b[33m60\u001b[39m, timestamp: \u001b[32m'2026-03-17T14:41:28.683Z'\u001b[39m }","timestamp":1773758488703}
{"id":1330,"type":"info","level":2,"name":"stock-monitor","meta":{},"content":"收到股票更新事件","timestamp":1773758584200}
{"id":1331,"type":"info","level":2,"name":"stock-monitor","meta":{},"content":"发送股票数据到: http://felinus.gnway.cc:8000/stock","timestamp":1773758584200}
{"id":1332,"type":"info","level":2,"name":"stock-monitor","meta":{},"content":"发送数据: { unitPrice: \u001b[33m0.3245\u001b[39m, totalStock: \u001b[33m3219\u001b[39m, personalStock: \u001b[33m0\u001b[39m, totalMoney: \u001b[33m1044.6423\u001b[39m, personalMoney: \u001b[33m0\u001b[39m }","timestamp":1773758584200}
{"id":1333,"type":"info","level":2,"name":"stock-monitor","meta":{},"content":"请求方法: POST","timestamp":1773758584201}
{"id":1334,"type":"info","level":2,"name":"stock-monitor","meta":{},"content":"发送成功: { success: \u001b[33mtrue\u001b[39m, message: \u001b[32m'股票数据接收成功'\u001b[39m, diskId: \u001b[33m60\u001b[39m, timestamp: \u001b[32m'2026-03-17T14:43:04.266Z'\u001b[39m }","timestamp":1773758584287}
{"id":1335,"type":"warn","level":2,"name":"DEV:adapter-iirose","meta":{},"content":"获取或转换图片失败: http://s.iirose.com/images/icon/cartoon/601433.jpg TypeError: terminated \u001b[90m    at Fetch.onAborted (node:internal/deps/undici/undici:11000:53)\u001b[39m \u001b[90m    at Fetch.emit (node:events:513:28)\u001b[39m \u001b[90m    at Fetch.terminate (node:internal/deps/undici/undici:10272:14)\u001b[39m \u001b[90m    at Object.onError (node:internal/deps/undici/undici:11095:36)\u001b[39m at Request.onError \u001b[90m(E:\\Desktop\\test\\koishiBot\\koishiBot\\\u001b[39mnode_modules\\\u001b[4mundici\u001b[24m\\lib\\core\\request.js:298:27\u001b[90m)\u001b[39m at Object.errorRequest \u001b[90m(E:\\Desktop\\test\\koishiBot\\koishiBot\\\u001b[39mnode_modules\\\u001b[4mundici\u001b[24m\\lib\\core\\util.js:560:13\u001b[90m)\u001b[39m at Socket.<anonymous> \u001b[90m(E:\\Desktop\\test\\koishiBot\\koishiBot\\\u001b[39mnode_modules\\\u001b[4mundici\u001b[24m\\lib\\dispatcher\\client-h1.js:716:12\u001b[90m)\u001b[39m \u001b[90m    at Socket.emit (node:events:525:35)\u001b[39m \u001b[90m    at TCP.<anonymous> (node:net:313:12)\u001b[39m { [cause]: BodyTimeoutError: Body Timeout Error at Timeout.onParserTimeout [as callback] \u001b[90m(E:\\Desktop\\test\\koishiBot\\koishiBot\\\u001b[39mnode_modules\\\u001b[4mundici\u001b[24m\\lib\\dispatcher\\client-h1.js:626:28\u001b[90m)\u001b[39m at Timeout.onTimeout [as _onTimeout] \u001b[90m(E:\\Desktop\\test\\koishiBot\\koishiBot\\\u001b[39mnode_modules\\\u001b[4mundici\u001b[24m\\lib\\util\\timers.js:20:13\u001b[90m)\u001b[39m \u001b[90m    at listOnTimeout (node:internal/timers:564:17)\u001b[39m \u001b[90m    at process.processTimers (node:internal/timers:507:7)\u001b[39m { code: \u001b[32m'UND_ERR_BODY_TIMEOUT'\u001b[39m } }","timestamp":1773758671880}
{"id":1337,"type":"info","level":2,"name":"stock-monitor","meta":{},"content":"收到股票更新事件","timestamp":1773758698036}
{"id":1338,"type":"info","level":2,"name":"stock-monitor","meta":{},"content":"发送股票数据到: http://felinus.gnway.cc:8000/stock","timestamp":1773758698036}
{"id":1339,"type":"info","level":2,"name":"stock-monitor","meta":{},"content":"发送数据: { unitPrice: \u001b[33m0.4987\u001b[39m, totalStock: \u001b[33m2699\u001b[39m, personalStock: \u001b[33m0\u001b[39m, totalMoney: \u001b[33m1345.8899\u001b[39m, personalMoney: \u001b[33m0\u001b[39m }","timestamp":1773758698036}
{"id":1340,"type":"info","level":2,"name":"stock-monitor","meta":{},"content":"请求方法: POST","timestamp":1773758698036}
{"id":1341,"type":"info","level":2,"name":"stock-monitor","meta":{},"content":"发送成功: { success: \u001b[33mtrue\u001b[39m, message: \u001b[32m'股票数据接收成功'\u001b[39m, diskId: \u001b[33m60\u001b[39m, timestamp: \u001b[32m'2026-03-17T14:44:58.100Z'\u001b[39m }","timestamp":1773758698120}
{"id":1343,"type":"info","level":2,"name":"stock-monitor","meta":{},"content":"收到股票更新事件","timestamp":1773758816929}
{"id":1344,"type":"info","level":2,"name":"stock-monitor","meta":{},"content":"发送股票数据到: http://felinus.gnway.cc:8000/stock","timestamp":1773758816929}
{"id":1345,"type":"info","level":2,"name":"stock-monitor","meta":{},"content":"发送数据: { unitPrice: \u001b[33m0.1097\u001b[39m, totalStock: \u001b[33m2319\u001b[39m, personalStock: \u001b[33m0\u001b[39m, totalMoney: \u001b[33m254.4076\u001b[39m, personalMoney: \u001b[33m0\u001b[39m }","timestamp":1773758816929}
{"id":1346,"type":"info","level":2,"name":"stock-monitor","meta":{},"content":"请求方法: POST","timestamp":1773758816930}
{"id":1347,"type":"info","level":2,"name":"stock-monitor","meta":{},"content":"发送成功: { success: \u001b[33mtrue\u001b[39m, message: \u001b[32m'股票数据接收成功'\u001b[39m, diskId: \u001b[33m60\u001b[39m, timestamp: \u001b[32m'2026-03-17T14:46:56.990Z'\u001b[39m }","timestamp":1773758817010}
{"id":1349,"type":"info","level":2,"name":"stock-monitor","meta":{},"content":"收到股票更新事件","timestamp":1773758937559}
{"id":1350,"type":"info","level":2,"name":"stock-monitor","meta":{},"content":"发送股票数据到: http://felinus.gnway.cc:8000/stock","timestamp":1773758937559}
{"id":1351,"type":"info","level":2,"name":"stock-monitor","meta":{},"content":"发送数据: { unitPrice: \u001b[33m0.0406\u001b[39m, totalStock: \u001b[33m13144\u001b[39m, personalStock: \u001b[33m0\u001b[39m, totalMoney: \u001b[33m533.5297\u001b[39m, personalMoney: \u001b[33m0\u001b[39m }","timestamp":1773758937559}
{"id":1352,"type":"info","level":2,"name":"stock-monitor","meta":{},"content":"请求方法: POST","timestamp":1773758937560}
{"id":1353,"type":"info","level":2,"name":"stock-monitor","meta":{},"content":"发送成功: { success: \u001b[33mtrue\u001b[39m, message: \u001b[32m'股票数据接收成功'\u001b[39m, diskId: \u001b[33m60\u001b[39m, timestamp: \u001b[32m'2026-03-17T14:48:57.620Z'\u001b[39m }","timestamp":1773758937640}
{"id":1355,"type":"info","level":2,"name":"stock-monitor","meta":{},"content":"收到股票更新事件","timestamp":1773759058065}
{"id":1356,"type":"info","level":2,"name":"stock-monitor","meta":{},"content":"发送股票数据到: http://felinus.gnway.cc:8000/stock","timestamp":1773759058065}
{"id":1357,"type":"info","level":2,"name":"stock-monitor","meta":{},"content":"发送数据: { unitPrice: \u001b[33m0.1391\u001b[39m, totalStock: \u001b[33m8124\u001b[39m, personalStock: \u001b[33m0\u001b[39m, totalMoney: \u001b[33m1129.7623\u001b[39m, personalMoney: \u001b[33m0\u001b[39m }","timestamp":1773759058065}
{"id":1358,"type":"info","level":2,"name":"stock-monitor","meta":{},"content":"请求方法: POST","timestamp":1773759058066}
{"id":1359,"type":"info","level":2,"name":"stock-monitor","meta":{},"content":"发送成功: { success: \u001b[33mtrue\u001b[39m, message: \u001b[32m'股票数据接收成功'\u001b[39m, diskId: \u001b[33m60\u001b[39m, timestamp: \u001b[32m'2026-03-17T14:50:58.127Z'\u001b[39m }","timestamp":1773759058148}
{"id":1361,"type":"info","level":2,"name":"stock-monitor","meta":{},"content":"收到股票更新事件","timestamp":1773759177408}
{"id":1362,"type":"info","level":2,"name":"stock-monitor","meta":{},"content":"发送股票数据到: http://felinus.gnway.cc:8000/stock","timestamp":1773759177409}
{"id":1363,"type":"info","level":2,"name":"stock-monitor","meta":{},"content":"发送数据: { unitPrice: \u001b[33m0.1993\u001b[39m, totalStock: \u001b[33m4319\u001b[39m, personalStock: \u001b[33m0\u001b[39m, totalMoney: \u001b[33m860.6208\u001b[39m, personalMoney: \u001b[33m0\u001b[39m }","timestamp":1773759177409}
{"id":1364,"type":"info","level":2,"name":"stock-monitor","meta":{},"content":"请求方法: POST","timestamp":1773759177409}
{"id":1365,"type":"info","level":2,"name":"stock-monitor","meta":{},"content":"发送成功: { success: \u001b[33mtrue\u001b[39m, message: \u001b[32m'股票数据接收成功'\u001b[39m, diskId: \u001b[33m60\u001b[39m, timestamp: \u001b[32m'2026-03-17T14:52:57.479Z'\u001b[39m }","timestamp":1773759177499}
{"id":1376,"type":"info","level":2,"name":"stock-monitor","meta":{},"content":"收到股票更新事件","timestamp":1773759298710}
{"id":1377,"type":"info","level":2,"name":"stock-monitor","meta":{},"content":"发送股票数据到: http://felinus.gnway.cc:8000/stock","timestamp":1773759298711}
{"id":1378,"type":"info","level":2,"name":"stock-monitor","meta":{},"content":"发送数据: { unitPrice: \u001b[33m0.3888\u001b[39m, totalStock: \u001b[33m3219\u001b[39m, personalStock: \u001b[33m0\u001b[39m, totalMoney: \u001b[33m1251.4305\u001b[39m, personalMoney: \u001b[33m0\u001b[39m }","timestamp":1773759298711}
{"id":1379,"type":"info","level":2,"name":"stock-monitor","meta":{},"content":"请求方法: POST","timestamp":1773759298711}
{"id":1380,"type":"info","level":2,"name":"stock-monitor","meta":{},"content":"发送成功: { success: \u001b[33mtrue\u001b[39m, message: \u001b[32m'股票数据接收成功'\u001b[39m, diskId: \u001b[33m60\u001b[39m, timestamp: \u001b[32m'2026-03-17T14:54:58.770Z'\u001b[39m }","timestamp":1773759298791}
{"id":1382,"type":"info","level":2,"name":"stock-monitor","meta":{},"content":"收到股票更新事件","timestamp":1773759419123}
{"id":1383,"type":"info","level":2,"name":"stock-monitor","meta":{},"content":"发送股票数据到: http://felinus.gnway.cc:8000/stock","timestamp":1773759419124}
{"id":1384,"type":"info","level":2,"name":"stock-monitor","meta":{},"content":"发送数据: { unitPrice: \u001b[33m0.4382\u001b[39m, totalStock: \u001b[33m1820\u001b[39m, personalStock: \u001b[33m0\u001b[39m, totalMoney: \u001b[33m797.55\u001b[39m, personalMoney: \u001b[33m0\u001b[39m }","timestamp":1773759419124}
{"id":1385,"type":"info","level":2,"name":"stock-monitor","meta":{},"content":"请求方法: POST","timestamp":1773759419124}
{"id":1386,"type":"info","level":2,"name":"stock-monitor","meta":{},"content":"发送成功: { success: \u001b[33mtrue\u001b[39m, message: \u001b[32m'股票数据接收成功'\u001b[39m, diskId: \u001b[33m60\u001b[39m, timestamp: \u001b[32m'2026-03-17T14:56:59.182Z'\u001b[39m }","timestamp":1773759419201}
{"id":1388,"type":"info","level":2,"name":"stock-monitor","meta":{},"content":"收到股票更新事件","timestamp":1773759538665}
{"id":1389,"type":"info","level":2,"name":"stock-monitor","meta":{},"content":"发送股票数据到: http://felinus.gnway.cc:8000/stock","timestamp":1773759538666}
{"id":1390,"type":"info","level":2,"name":"stock-monitor","meta":{},"content":"发送数据: { unitPrice: \u001b[33m0.5697\u001b[39m, totalStock: \u001b[33m3003\u001b[39m, personalStock: \u001b[33m0\u001b[39m, totalMoney: \u001b[33m1710.7448\u001b[39m, personalMoney: \u001b[33m0\u001b[39m }","timestamp":1773759538666}
{"id":1391,"type":"info","level":2,"name":"stock-monitor","meta":{},"content":"请求方法: POST","timestamp":1773759538666}
{"id":1392,"type":"info","level":2,"name":"stock-monitor","meta":{},"content":"发送成功: { success: \u001b[33mtrue\u001b[39m, message: \u001b[32m'股票数据接收成功'\u001b[39m, diskId: \u001b[33m60\u001b[39m, timestamp: \u001b[32m'2026-03-17T14:58:58.734Z'\u001b[39m }","timestamp":1773759538754}
{"id":1394,"type":"info","level":2,"name":"stock-monitor","meta":{},"content":"收到股票更新事件","timestamp":1773759659432}
{"id":1395,"type":"info","level":2,"name":"stock-monitor","meta":{},"content":"发送股票数据到: http://felinus.gnway.cc:8000/stock","timestamp":1773759659432}
{"id":1396,"type":"info","level":2,"name":"stock-monitor","meta":{},"content":"发送数据: { unitPrice: \u001b[33m0.2915\u001b[39m, totalStock: \u001b[33m1510\u001b[39m, personalStock: \u001b[33m0\u001b[39m, totalMoney: \u001b[33m440.2147\u001b[39m, personalMoney: \u001b[33m0\u001b[39m }","timestamp":1773759659433}
{"id":1397,"type":"info","level":2,"name":"stock-monitor","meta":{},"content":"请求方法: POST","timestamp":1773759659433}
{"id":1398,"type":"info","level":2,"name":"stock-monitor","meta":{},"content":"发送成功: { success: \u001b[33mtrue\u001b[39m, message: \u001b[32m'股票数据接收成功'\u001b[39m, diskId: \u001b[33m60\u001b[39m, timestamp: \u001b[32m'2026-03-17T15:00:59.503Z'\u001b[39m }","timestamp":1773759659524}
{"id":1410,"type":"warn","level":2,"name":"DEV:adapter-iirose","meta":{},"content":"获取或转换图片失败: http://s.iirose.com/images/icon/cartoon/601433.jpg HTTPError: fetch http://s.iirose.com/images/icon/cartoon/601433.jpg failed at \u001b[90mE:\\Desktop\\test\\koishiBot\\koishiBot\\\u001b[39mnode_modules\\\u001b[4m@cordisjs\u001b[24m\\plugin-http\\lib\\index.cjs:327:23 \u001b[90m    at process.processTicksAndRejections (node:internal/process/task_queues:95:5)\u001b[39m \u001b[90m    ... 3 lines matching cause stack trace ...\u001b[39m at async \u001b[90mE:\\Desktop\\test\\koishiBot\\koishiBot\\\u001b[39mnode_modules\\\u001b[4mkoishi-plugin-adapter-iirose\u001b[24m\\lib\\index.js:1126:29 { response: \u001b[90mundefined\u001b[39m, code: \u001b[90mundefined\u001b[39m, cause: TypeError: fetch failed \u001b[90m    at Object.fetch (node:internal/deps/undici/undici:11118:11)\u001b[39m \u001b[90m    at process.processTicksAndRejections (node:internal/process/task_queues:95:5)\u001b[39m at async [cordis.invoke] \u001b[90m(E:\\Desktop\\test\\koishiBot\\koishiBot\\\u001b[39mnode_modules\\\u001b[4m@cordisjs\u001b[24m\\plugin-http\\lib\\index.cjs:325:19\u001b[90m)\u001b[39m at async Proxy.file \u001b[90m(E:\\Desktop\\test\\koishiBot\\koishiBot\\\u001b[39mnode_modules\\\u001b[4m@cordisjs\u001b[24m\\plugin-http\\lib\\index.cjs:410:49\u001b[90m)\u001b[39m at async getImageAsBase64 \u001b[90m(E:\\Desktop\\test\\koishiBot\\koishiBot\\\u001b[39mnode_modules\\\u001b[4mkoishi-plugin-adapter-iirose\u001b[24m\\lib\\index.js:313:28\u001b[90m)\u001b[39m at async \u001b[90mE:\\Desktop\\test\\koishiBot\\koishiBot\\\u001b[39mnode_modules\\\u001b[4mkoishi-plugin-adapter-iirose\u001b[24m\\lib\\index.js:1126:29 { cause: ConnectTimeoutError: Connect Timeout Error at onConnectTimeout \u001b[90m(E:\\Desktop\\test\\koishiBot\\koishiBot\\\u001b[39mnode_modules\\\u001b[4mundici\u001b[24m\\lib\\core\\connect.js:190:24\u001b[90m)\u001b[39m at \u001b[90mE:\\Desktop\\test\\koishiBot\\koishiBot\\\u001b[39mnode_modules\\\u001b[4mundici\u001b[24m\\lib\\core\\connect.js:133:46 at Immediate._onImmediate \u001b[90m(E:\\Desktop\\test\\koishiBot\\koishiBot\\\u001b[39mnode_modules\\\u001b[4mundici\u001b[24m\\lib\\core\\connect.js:172:33\u001b[90m)\u001b[39m \u001b[90m    at process.processImmediate (node:internal/timers:471:21)\u001b[39m { code: \u001b[32m'UND_ERR_CONNECT_TIMEOUT'\u001b[39m } }, [\u001b[32mSymbol(cordis.http.error)\u001b[39m]: \u001b[33mtrue\u001b[39m }","timestamp":1773759668690}
{"id":1412,"type":"info","level":2,"name":"stock-monitor","meta":{},"content":"收到股票更新事件","timestamp":1773759777878}
{"id":1413,"type":"info","level":2,"name":"stock-monitor","meta":{},"content":"发送股票数据到: http://felinus.gnway.cc:8000/stock","timestamp":1773759777879}
{"id":1414,"type":"info","level":2,"name":"stock-monitor","meta":{},"content":"发送数据: { unitPrice: \u001b[33m1\u001b[39m, totalStock: \u001b[33m1000\u001b[39m, personalStock: \u001b[33m0\u001b[39m, totalMoney: \u001b[33m1000\u001b[39m, personalMoney: \u001b[33m0\u001b[39m }","timestamp":1773759777879}
{"id":1415,"type":"info","level":2,"name":"stock-monitor","meta":{},"content":"请求方法: POST","timestamp":1773759777879}
{"id":1416,"type":"info","level":2,"name":"stock-monitor","meta":{},"content":"发送成功: { success: \u001b[33mtrue\u001b[39m, message: \u001b[32m'崩盘，新盘已创建'\u001b[39m, diskId: \u001b[33m61\u001b[39m, timestamp: \u001b[32m'2026-03-17T15:02:57.942Z'\u001b[39m }","timestamp":1773759777960}
{"id":1418,"type":"info","level":2,"name":"stock-monitor","meta":{},"content":"收到股票更新事件","timestamp":1773759898518}
{"id":1419,"type":"info","level":2,"name":"stock-monitor","meta":{},"content":"发送股票数据到: http://felinus.gnway.cc:8000/stock","timestamp":1773759898519}
{"id":1420,"type":"info","level":2,"name":"stock-monitor","meta":{},"content":"发送数据: { unitPrice: \u001b[33m1.79\u001b[39m, totalStock: \u001b[33m3150\u001b[39m, personalStock: \u001b[33m0\u001b[39m, totalMoney: \u001b[33m5638.5\u001b[39m, personalMoney: \u001b[33m0\u001b[39m }","timestamp":1773759898519}
{"id":1421,"type":"info","level":2,"name":"stock-monitor","meta":{},"content":"请求方法: POST","timestamp":1773759898520}
{"id":1422,"type":"info","level":2,"name":"stock-monitor","meta":{},"content":"发送成功: { success: \u001b[33mtrue\u001b[39m, message: \u001b[32m'股票数据接收成功'\u001b[39m, diskId: \u001b[33m61\u001b[39m, timestamp: \u001b[32m'2026-03-17T15:04:58.572Z'\u001b[39m }","timestamp":1773759898592}
{"id":1424,"type":"info","level":2,"name":"stock-monitor","meta":{},"content":"收到股票更新事件","timestamp":1773760020019}
{"id":1425,"type":"info","level":2,"name":"stock-monitor","meta":{},"content":"发送股票数据到: http://felinus.gnway.cc:8000/stock","timestamp":1773760020019}
{"id":1426,"type":"info","level":2,"name":"stock-monitor","meta":{},"content":"发送数据: { unitPrice: \u001b[33m2.5955\u001b[39m, totalStock: \u001b[33m1210\u001b[39m, personalStock: \u001b[33m0\u001b[39m, totalMoney: \u001b[33m3140.555\u001b[39m, personalMoney: \u001b[33m0\u001b[39m }","timestamp":1773760020020}
{"id":1427,"type":"info","level":2,"name":"stock-monitor","meta":{},"content":"请求方法: POST","timestamp":1773760020020}
{"id":1428,"type":"info","level":2,"name":"stock-monitor","meta":{},"content":"发送成功: { success: \u001b[33mtrue\u001b[39m, message: \u001b[32m'股票数据接收成功'\u001b[39m, diskId: \u001b[33m61\u001b[39m, timestamp: \u001b[32m'2026-03-17T15:07:00.093Z'\u001b[39m }","timestamp":1773760020112}
{"id":1430,"type":"info","level":2,"name":"stock-monitor","meta":{},"content":"收到股票更新事件","timestamp":1773760138388}
{"id":1431,"type":"info","level":2,"name":"stock-monitor","meta":{},"content":"发送股票数据到: http://felinus.gnway.cc:8000/stock","timestamp":1773760138389}
{"id":1432,"type":"info","level":2,"name":"stock-monitor","meta":{},"content":"发送数据: { unitPrice: \u001b[33m5.0093\u001b[39m, totalStock: \u001b[33m1953\u001b[39m, personalStock: \u001b[33m0\u001b[39m, totalMoney: \u001b[33m9783.1922\u001b[39m, personalMoney: \u001b[33m0\u001b[39m }","timestamp":1773760138389}
{"id":1433,"type":"info","level":2,"name":"stock-monitor","meta":{},"content":"请求方法: POST","timestamp":1773760138389}
{"id":1434,"type":"info","level":2,"name":"stock-monitor","meta":{},"content":"发送成功: { success: \u001b[33mtrue\u001b[39m, message: \u001b[32m'股票数据接收成功'\u001b[39m, diskId: \u001b[33m61\u001b[39m, timestamp: \u001b[32m'2026-03-17T15:08:58.447Z'\u001b[39m }","timestamp":1773760138467}
{"id":1436,"type":"info","level":2,"name":"stock-monitor","meta":{},"content":"收到股票更新事件","timestamp":1773760259580}
{"id":1437,"type":"info","level":2,"name":"stock-monitor","meta":{},"content":"发送股票数据到: http://felinus.gnway.cc:8000/stock","timestamp":1773760259580}
{"id":1438,"type":"info","level":2,"name":"stock-monitor","meta":{},"content":"发送数据: { unitPrice: \u001b[33m9.668\u001b[39m, totalStock: \u001b[33m1611\u001b[39m, personalStock: \u001b[33m0\u001b[39m, totalMoney: \u001b[33m15575.1125\u001b[39m, personalMoney: \u001b[33m0\u001b[39m }","timestamp":1773760259581}
{"id":1439,"type":"info","level":2,"name":"stock-monitor","meta":{},"content":"请求方法: POST","timestamp":1773760259581}
{"id":1440,"type":"info","level":2,"name":"stock-monitor","meta":{},"content":"发送成功: { success: \u001b[33mtrue\u001b[39m, message: \u001b[32m'股票数据接收成功'\u001b[39m, diskId: \u001b[33m61\u001b[39m, timestamp: \u001b[32m'2026-03-17T15:10:59.643Z'\u001b[39m }","timestamp":1773760259663}
{"id":1441,"type":"info","level":2,"name":"stock-monitor","meta":{},"content":"收到股票更新事件","timestamp":1773760267077}
{"id":1442,"type":"info","level":2,"name":"stock-monitor","meta":{},"content":"发送股票数据到: http://felinus.gnway.cc:8000/stock","timestamp":1773760267077}
{"id":1443,"type":"info","level":2,"name":"stock-monitor","meta":{},"content":"发送数据: { unitPrice: \u001b[33m9.668\u001b[39m, totalStock: \u001b[33m1111\u001b[39m, personalStock: \u001b[33m0\u001b[39m, totalMoney: \u001b[33m10741.1235\u001b[39m, personalMoney: \u001b[33m0\u001b[39m }","timestamp":1773760267077}
{"id":1444,"type":"info","level":2,"name":"stock-monitor","meta":{},"content":"请求方法: POST","timestamp":1773760267078}
{"id":1445,"type":"info","level":2,"name":"stock-monitor","meta":{},"content":"发送成功: { success: \u001b[33mtrue\u001b[39m, message: \u001b[32m'股票数据接收成功'\u001b[39m, diskId: \u001b[33m61\u001b[39m, timestamp: \u001b[32m'2026-03-17T15:11:07.163Z'\u001b[39m }","timestamp":1773760267182}
{"id":1446,"type":"info","level":2,"name":"stock-monitor","meta":{},"content":"收到股票更新事件","timestamp":1773760355867}
{"id":1447,"type":"info","level":2,"name":"stock-monitor","meta":{},"content":"发送股票数据到: http://felinus.gnway.cc:8000/stock","timestamp":1773760355867}
{"id":1448,"type":"info","level":2,"name":"stock-monitor","meta":{},"content":"发送数据: { unitPrice: \u001b[33m9.668\u001b[39m, totalStock: \u001b[33m1504\u001b[39m, personalStock: \u001b[33m0\u001b[39m, totalMoney: \u001b[33m14540.6388\u001b[39m, personalMoney: \u001b[33m0\u001b[39m }","timestamp":1773760355868}
{"id":1449,"type":"info","level":2,"name":"stock-monitor","meta":{},"content":"请求方法: POST","timestamp":1773760355868}
{"id":1450,"type":"info","level":2,"name":"stock-monitor","meta":{},"content":"发送成功: { success: \u001b[33mtrue\u001b[39m, message: \u001b[32m'股票数据接收成功'\u001b[39m, diskId: \u001b[33m61\u001b[39m, timestamp: \u001b[32m'2026-03-17T15:12:35.931Z'\u001b[39m }","timestamp":1773760355952}
{"id":1452,"type":"info","level":2,"name":"stock-monitor","meta":{},"content":"收到股票更新事件","timestamp":1773760378567}
{"id":1453,"type":"info","level":2,"name":"stock-monitor","meta":{},"content":"发送股票数据到: http://felinus.gnway.cc:8000/stock","timestamp":1773760378567}
{"id":1454,"type":"info","level":2,"name":"stock-monitor","meta":{},"content":"发送数据: { unitPrice: \u001b[33m8.1211\u001b[39m, totalStock: \u001b[33m2005\u001b[39m, personalStock: \u001b[33m0\u001b[39m, totalMoney: \u001b[33m16282.8085\u001b[39m, personalMoney: \u001b[33m0\u001b[39m }","timestamp":1773760378567}
{"id":1455,"type":"info","level":2,"name":"stock-monitor","meta":{},"content":"请求方法: POST","timestamp":1773760378568}
{"id":1456,"type":"info","level":2,"name":"stock-monitor","meta":{},"content":"发送成功: { success: \u001b[33mtrue\u001b[39m, message: \u001b[32m'股票数据接收成功'\u001b[39m, diskId: \u001b[33m61\u001b[39m, timestamp: \u001b[32m'2026-03-17T15:12:58.630Z'\u001b[39m }","timestamp":1773760378651}
{"id":1458,"type":"info","level":2,"name":"stock-monitor","meta":{},"content":"收到股票更新事件","timestamp":1773760498906}
{"id":1459,"type":"info","level":2,"name":"stock-monitor","meta":{},"content":"发送股票数据到: http://felinus.gnway.cc:8000/stock","timestamp":1773760498906}
{"id":1460,"type":"info","level":2,"name":"stock-monitor","meta":{},"content":"发送数据: { unitPrice: \u001b[33m4.3042\u001b[39m, totalStock: \u001b[33m2290\u001b[39m, personalStock: \u001b[33m0\u001b[39m, totalMoney: \u001b[33m9856.5809\u001b[39m, personalMoney: \u001b[33m0\u001b[39m }","timestamp":1773760498906}
{"id":1461,"type":"info","level":2,"name":"stock-monitor","meta":{},"content":"请求方法: POST","timestamp":1773760498907}
{"id":1462,"type":"info","level":2,"name":"stock-monitor","meta":{},"content":"发送成功: { success: \u001b[33mtrue\u001b[39m, message: \u001b[32m'股票数据接收成功'\u001b[39m, diskId: \u001b[33m61\u001b[39m, timestamp: \u001b[32m'2026-03-17T15:14:58.962Z'\u001b[39m }","timestamp":1773760498981}
{"id":1464,"type":"info","level":2,"name":"stock-monitor","meta":{},"content":"收到股票更新事件","timestamp":1773760619731}
{"id":1465,"type":"info","level":2,"name":"stock-monitor","meta":{},"content":"发送股票数据到: http://felinus.gnway.cc:8000/stock","timestamp":1773760619731}
{"id":1466,"type":"info","level":2,"name":"stock-monitor","meta":{},"content":"发送数据: { unitPrice: \u001b[33m6.8867\u001b[39m, totalStock: \u001b[33m1453\u001b[39m, personalStock: \u001b[33m0\u001b[39m, totalMoney: \u001b[33m10006.3665\u001b[39m, personalMoney: \u001b[33m0\u001b[39m }","timestamp":1773760619731}
{"id":1467,"type":"info","level":2,"name":"stock-monitor","meta":{},"content":"请求方法: POST","timestamp":1773760619732}
{"id":1468,"type":"info","level":2,"name":"stock-monitor","meta":{},"content":"发送成功: { success: \u001b[33mtrue\u001b[39m, message: \u001b[32m'股票数据接收成功'\u001b[39m, diskId: \u001b[33m61\u001b[39m, timestamp: \u001b[32m'2026-03-17T15:16:59.796Z'\u001b[39m }","timestamp":1773760619817}
{"id":1479,"type":"info","level":2,"name":"stock-monitor","meta":{},"content":"收到股票更新事件","timestamp":1773760738933}
{"id":1480,"type":"info","level":2,"name":"stock-monitor","meta":{},"content":"发送股票数据到: http://felinus.gnway.cc:8000/stock","timestamp":1773760738934}
{"id":1481,"type":"info","level":2,"name":"stock-monitor","meta":{},"content":"发送数据: { unitPrice: \u001b[33m12.5338\u001b[39m, totalStock: \u001b[33m1481\u001b[39m, personalStock: \u001b[33m0\u001b[39m, totalMoney: \u001b[33m18562.5329\u001b[39m, personalMoney: \u001b[33m0\u001b[39m }","timestamp":1773760738934}
{"id":1482,"type":"info","level":2,"name":"stock-monitor","meta":{},"content":"请求方法: POST","timestamp":1773760738935}
{"id":1483,"type":"info","level":2,"name":"stock-monitor","meta":{},"content":"发送成功: { success: \u001b[33mtrue\u001b[39m, message: \u001b[32m'股票数据接收成功'\u001b[39m, diskId: \u001b[33m61\u001b[39m, timestamp: \u001b[32m'2026-03-17T15:18:58.989Z'\u001b[39m }","timestamp":1773760739010}
{"id":1497,"type":"info","level":2,"name":"stock-monitor","meta":{},"content":"收到股票更新事件","timestamp":1773760860482}
{"id":1498,"type":"info","level":2,"name":"stock-monitor","meta":{},"content":"发送股票数据到: http://felinus.gnway.cc:8000/stock","timestamp":1773760860482}
{"id":1499,"type":"info","level":2,"name":"stock-monitor","meta":{},"content":"发送数据: { unitPrice: \u001b[33m23.9395\u001b[39m, totalStock: \u001b[33m1308\u001b[39m, personalStock: \u001b[33m0\u001b[39m, totalMoney: \u001b[33m31312.8998\u001b[39m, personalMoney: \u001b[33m0\u001b[39m }","timestamp":1773760860482}
{"id":1500,"type":"info","level":2,"name":"stock-monitor","meta":{},"content":"请求方法: POST","timestamp":1773760860483}
{"id":1501,"type":"info","level":2,"name":"stock-monitor","meta":{},"content":"发送成功: { success: \u001b[33mtrue\u001b[39m, message: \u001b[32m'股票数据接收成功'\u001b[39m, diskId: \u001b[33m61\u001b[39m, timestamp: \u001b[32m'2026-03-17T15:21:00.546Z'\u001b[39m }","timestamp":1773760860566}
{"id":1527,"type":"info","level":2,"name":"stock-monitor","meta":{},"content":"收到股票更新事件","timestamp":1773760979723}
{"id":1528,"type":"info","level":2,"name":"stock-monitor","meta":{},"content":"发送股票数据到: http://felinus.gnway.cc:8000/stock","timestamp":1773760979723}
{"id":1529,"type":"info","level":2,"name":"stock-monitor","meta":{},"content":"发送数据: { unitPrice: \u001b[33m38.5426\u001b[39m, totalStock: \u001b[33m1196\u001b[39m, personalStock: \u001b[33m0\u001b[39m, totalMoney: \u001b[33m46096.9934\u001b[39m, personalMoney: \u001b[33m0\u001b[39m }","timestamp":1773760979724}
{"id":1530,"type":"info","level":2,"name":"stock-monitor","meta":{},"content":"请求方法: POST","timestamp":1773760979724}
{"id":1531,"type":"info","level":2,"name":"stock-monitor","meta":{},"content":"发送成功: { success: \u001b[33mtrue\u001b[39m, message: \u001b[32m'股票数据接收成功'\u001b[39m, diskId: \u001b[33m61\u001b[39m, timestamp: \u001b[32m'2026-03-17T15:22:59.782Z'\u001b[39m }","timestamp":1773760979804}
{"id":1554,"type":"info","level":2,"name":"stock-monitor","meta":{},"content":"收到股票更新事件","timestamp":1773761101326}
{"id":1555,"type":"info","level":2,"name":"stock-monitor","meta":{},"content":"发送股票数据到: http://felinus.gnway.cc:8000/stock","timestamp":1773761101327}
{"id":1556,"type":"info","level":2,"name":"stock-monitor","meta":{},"content":"发送数据: { unitPrice: \u001b[33m55.8868\u001b[39m, totalStock: \u001b[33m1271\u001b[39m, personalStock: \u001b[33m0\u001b[39m, totalMoney: \u001b[33m71032.1522\u001b[39m, personalMoney: \u001b[33m0\u001b[39m }","timestamp":1773761101327}
{"id":1557,"type":"info","level":2,"name":"stock-monitor","meta":{},"content":"请求方法: POST","timestamp":1773761101327}
{"id":1558,"type":"info","level":2,"name":"stock-monitor","meta":{},"content":"发送成功: { success: \u001b[33mtrue\u001b[39m, message: \u001b[32m'股票数据接收成功'\u001b[39m, diskId: \u001b[33m61\u001b[39m, timestamp: \u001b[32m'2026-03-17T15:25:02.391Z'\u001b[39m }","timestamp":1773761102411}
{"id":1563,"type":"info","level":2,"name":"stock-monitor","meta":{},"content":"收到股票更新事件","timestamp":1773761219880}
{"id":1564,"type":"info","level":2,"name":"stock-monitor","meta":{},"content":"发送股票数据到: http://felinus.gnway.cc:8000/stock","timestamp":1773761219880}
{"id":1565,"type":"info","level":2,"name":"stock-monitor","meta":{},"content":"发送数据: { unitPrice: \u001b[33m107.3027\u001b[39m, totalStock: \u001b[33m1125\u001b[39m, personalStock: \u001b[33m0\u001b[39m, totalMoney: \u001b[33m120715.538\u001b[39m, personalMoney: \u001b[33m0\u001b[39m }","timestamp":1773761219880}
{"id":1566,"type":"info","level":2,"name":"stock-monitor","meta":{},"content":"请求方法: POST","timestamp":1773761219881}
{"id":1567,"type":"info","level":2,"name":"stock-monitor","meta":{},"content":"发送成功: { success: \u001b[33mtrue\u001b[39m, message: \u001b[32m'股票数据接收成功'\u001b[39m, diskId: \u001b[33m61\u001b[39m, timestamp: \u001b[32m'2026-03-17T15:26:59.941Z'\u001b[39m }","timestamp":1773761219961}
{"id":1574,"type":"warn","level":2,"name":"DEV:adapter-iirose","meta":{},"content":"获取或转换图片失败: http://s.iirose.com/images/icon/cartoon/601433.jpg TypeError: terminated \u001b[90m    at Fetch.onAborted (node:internal/deps/undici/undici:11000:53)\u001b[39m \u001b[90m    at Fetch.emit (node:events:513:28)\u001b[39m \u001b[90m    at Fetch.terminate (node:internal/deps/undici/undici:10272:14)\u001b[39m \u001b[90m    at Object.onError (node:internal/deps/undici/undici:11095:36)\u001b[39m at Request.onError \u001b[90m(E:\\Desktop\\test\\koishiBot\\koishiBot\\\u001b[39mnode_modules\\\u001b[4mundici\u001b[24m\\lib\\core\\request.js:298:27\u001b[90m)\u001b[39m at Object.errorRequest \u001b[90m(E:\\Desktop\\test\\koishiBot\\koishiBot\\\u001b[39mnode_modules\\\u001b[4mundici\u001b[24m\\lib\\core\\util.js:560:13\u001b[90m)\u001b[39m at Socket.<anonymous> \u001b[90m(E:\\Desktop\\test\\koishiBot\\koishiBot\\\u001b[39mnode_modules\\\u001b[4mundici\u001b[24m\\lib\\dispatcher\\client-h1.js:716:12\u001b[90m)\u001b[39m \u001b[90m    at Socket.emit (node:events:525:35)\u001b[39m \u001b[90m    at TCP.<anonymous> (node:net:313:12)\u001b[39m { [cause]: BodyTimeoutError: Body Timeout Error at Timeout.onParserTimeout [as callback] \u001b[90m(E:\\Desktop\\test\\koishiBot\\koishiBot\\\u001b[39mnode_modules\\\u001b[4mundici\u001b[24m\\lib\\dispatcher\\client-h1.js:626:28\u001b[90m)\u001b[39m at Timeout.onTimeout [as _onTimeout] \u001b[90m(E:\\Desktop\\test\\koishiBot\\koishiBot\\\u001b[39mnode_modules\\\u001b[4mundici\u001b[24m\\lib\\util\\timers.js:20:13\u001b[90m)\u001b[39m \u001b[90m    at listOnTimeout (node:internal/timers:564:17)\u001b[39m \u001b[90m    at process.processTimers (node:internal/timers:507:7)\u001b[39m { code: \u001b[32m'UND_ERR_BODY_TIMEOUT'\u001b[39m } }","timestamp":1773761308001}
{"id":1576,"type":"info","level":2,"name":"stock-monitor","meta":{},"content":"收到股票更新事件","timestamp":1773761340152}
{"id":1577,"type":"info","level":2,"name":"stock-monitor","meta":{},"content":"发送股票数据到: http://felinus.gnway.cc:8000/stock","timestamp":1773761340152}
{"id":1578,"type":"info","level":2,"name":"stock-monitor","meta":{},"content":"发送数据: { unitPrice: \u001b[33m197.437\u001b[39m, totalStock: \u001b[33m1059\u001b[39m, personalStock: \u001b[33m0\u001b[39m, totalMoney: \u001b[33m209085.7499\u001b[39m, personalMoney: \u001b[33m0\u001b[39m }","timestamp":1773761340153}
{"id":1579,"type":"info","level":2,"name":"stock-monitor","meta":{},"content":"请求方法: POST","timestamp":1773761340153}
{"id":1580,"type":"info","level":2,"name":"stock-monitor","meta":{},"content":"发送成功: { success: \u001b[33mtrue\u001b[39m, message: \u001b[32m'股票数据接收成功'\u001b[39m, diskId: \u001b[33m61\u001b[39m, timestamp: \u001b[32m'2026-03-17T15:29:01.218Z'\u001b[39m }","timestamp":1773761341237}
{"id":1594,"type":"info","level":2,"name":"stock-monitor","meta":{},"content":"收到股票更新事件","timestamp":1773761459209}
{"id":1595,"type":"info","level":2,"name":"stock-monitor","meta":{},"content":"发送股票数据到: http://felinus.gnway.cc:8000/stock","timestamp":1773761459209}
{"id":1596,"type":"info","level":2,"name":"stock-monitor","meta":{},"content":"发送数据: { unitPrice: \u001b[33m148.0777\u001b[39m, totalStock: \u001b[33m1056\u001b[39m, personalStock: \u001b[33m0\u001b[39m, totalMoney: \u001b[33m156370.0793\u001b[39m, personalMoney: \u001b[33m0\u001b[39m }","timestamp":1773761459209}
{"id":1597,"type":"info","level":2,"name":"stock-monitor","meta":{},"content":"请求方法: POST","timestamp":1773761459210}
{"id":1598,"type":"info","level":2,"name":"stock-monitor","meta":{},"content":"发送成功: { success: \u001b[33mtrue\u001b[39m, message: \u001b[32m'股票数据接收成功'\u001b[39m, diskId: \u001b[33m61\u001b[39m, timestamp: \u001b[32m'2026-03-17T15:31:00.275Z'\u001b[39m }","timestamp":1773761460295}
{"id":1600,"type":"info","level":2,"name":"stock-monitor","meta":{},"content":"收到股票更新事件","timestamp":1773761603021}
{"id":1601,"type":"info","level":2,"name":"stock-monitor","meta":{},"content":"发送股票数据到: http://felinus.gnway.cc:8000/stock","timestamp":1773761603023}
{"id":1602,"type":"info","level":2,"name":"stock-monitor","meta":{},"content":"发送数据: { unitPrice: \u001b[33m162.8855\u001b[39m, totalStock: \u001b[33m1007\u001b[39m, personalStock: \u001b[33m0\u001b[39m, totalMoney: \u001b[33m164025.6977\u001b[39m, personalMoney: \u001b[33m0\u001b[39m }","timestamp":1773761603023}
{"id":1603,"type":"info","level":2,"name":"stock-monitor","meta":{},"content":"请求方法: POST","timestamp":1773761603023}
{"id":1604,"type":"info","level":2,"name":"stock-monitor","meta":{},"content":"发送成功: { success: \u001b[33mtrue\u001b[39m, message: \u001b[32m'股票数据接收成功'\u001b[39m, diskId: \u001b[33m61\u001b[39m, timestamp: \u001b[32m'2026-03-17T15:33:23.091Z'\u001b[39m }","timestamp":1773761603112}
{"id":1605,"type":"info","level":2,"name":"stock-monitor","meta":{},"content":"收到股票更新事件","timestamp":1773761636647}
{"id":1606,"type":"info","level":2,"name":"stock-monitor","meta":{},"content":"发送股票数据到: http://felinus.gnway.cc:8000/stock","timestamp":1773761636647}
{"id":1607,"type":"info","level":2,"name":"stock-monitor","meta":{},"content":"发送数据: { unitPrice: \u001b[33m162.8855\u001b[39m, totalStock: \u001b[33m1028\u001b[39m, personalStock: \u001b[33m0\u001b[39m, totalMoney: \u001b[33m167446.2932\u001b[39m, personalMoney: \u001b[33m0\u001b[39m }","timestamp":1773761636647}
{"id":1608,"type":"info","level":2,"name":"stock-monitor","meta":{},"content":"请求方法: POST","timestamp":1773761636648}
{"id":1609,"type":"info","level":2,"name":"stock-monitor","meta":{},"content":"发送成功: { success: \u001b[33mtrue\u001b[39m, message: \u001b[32m'股票数据接收成功'\u001b[39m, diskId: \u001b[33m61\u001b[39m, timestamp: \u001b[32m'2026-03-17T15:33:56.706Z'\u001b[39m }","timestamp":1773761636725}
{"id":1610,"type":"warn","level":2,"name":"DEV:adapter-iirose","meta":{},"content":"获取或转换图片失败: http://s.iirose.com/images/icon/cartoon/601433.jpg TypeError: terminated \u001b[90m    at Fetch.onAborted (node:internal/deps/undici/undici:11000:53)\u001b[39m \u001b[90m    at Fetch.emit (node:events:513:28)\u001b[39m \u001b[90m    at Fetch.terminate (node:internal/deps/undici/undici:10272:14)\u001b[39m \u001b[90m    at Object.onError (node:internal/deps/undici/undici:11095:36)\u001b[39m at Request.onError \u001b[90m(E:\\Desktop\\test\\koishiBot\\koishiBot\\\u001b[39mnode_modules\\\u001b[4mundici\u001b[24m\\lib\\core\\request.js:298:27\u001b[90m)\u001b[39m at Object.errorRequest \u001b[90m(E:\\Desktop\\test\\koishiBot\\koishiBot\\\u001b[39mnode_modules\\\u001b[4mundici\u001b[24m\\lib\\core\\util.js:560:13\u001b[90m)\u001b[39m at Socket.<anonymous> \u001b[90m(E:\\Desktop\\test\\koishiBot\\koishiBot\\\u001b[39mnode_modules\\\u001b[4mundici\u001b[24m\\lib\\dispatcher\\client-h1.js:716:12\u001b[90m)\u001b[39m \u001b[90m    at Socket.emit (node:events:525:35)\u001b[39m \u001b[90m    at TCP.<anonymous> (node:net:313:12)\u001b[39m { [cause]: Error: read ECONNRESET \u001b[90m    at __node_internal_captureLargerStackTrace (node:internal/errors:484:5)\u001b[39m \u001b[90m    at __node_internal_errnoException (node:internal/errors:614:12)\u001b[39m \u001b[90m    at TCP.onStreamRead (node:internal/stream_base_commons:217:20)\u001b[39m { errno: \u001b[33m-4077\u001b[39m, code: \u001b[32m'ECONNRESET'\u001b[39m, syscall: \u001b[32m'read'\u001b[39m } }","timestamp":1773761692321}
{"id":1612,"type":"info","level":2,"name":"stock-monitor","meta":{},"content":"收到股票更新事件","timestamp":1773761700227}
{"id":1613,"type":"info","level":2,"name":"stock-monitor","meta":{},"content":"发送股票数据到: http://felinus.gnway.cc:8000/stock","timestamp":1773761700227}
{"id":1614,"type":"info","level":2,"name":"stock-monitor","meta":{},"content":"发送数据: { unitPrice: \u001b[33m115.6487\u001b[39m, totalStock: \u001b[33m1053\u001b[39m, personalStock: \u001b[33m0\u001b[39m, totalMoney: \u001b[33m121778.0858\u001b[39m, personalMoney: \u001b[33m0\u001b[39m }","timestamp":1773761700227}
{"id":1615,"type":"info","level":2,"name":"stock-monitor","meta":{},"content":"请求方法: POST","timestamp":1773761700227}
{"id":1616,"type":"info","level":2,"name":"stock-monitor","meta":{},"content":"发送成功: { success: \u001b[33mtrue\u001b[39m, message: \u001b[32m'股票数据接收成功'\u001b[39m, diskId: \u001b[33m61\u001b[39m, timestamp: \u001b[32m'2026-03-17T15:35:00.290Z'\u001b[39m }","timestamp":1773761700309}
{"id":1624,"type":"info","level":2,"name":"stock-monitor","meta":{},"content":"收到股票更新事件","timestamp":1773761820026}
{"id":1625,"type":"info","level":2,"name":"stock-monitor","meta":{},"content":"发送股票数据到: http://felinus.gnway.cc:8000/stock","timestamp":1773761820027}
{"id":1626,"type":"info","level":2,"name":"stock-monitor","meta":{},"content":"发送数据: { unitPrice: \u001b[33m134.1525\u001b[39m, totalStock: \u001b[33m1041\u001b[39m, personalStock: \u001b[33m0\u001b[39m, totalMoney: \u001b[33m139652.7496\u001b[39m, personalMoney: \u001b[33m0\u001b[39m }","timestamp":1773761820027}
{"id":1627,"type":"info","level":2,"name":"stock-monitor","meta":{},"content":"请求方法: POST","timestamp":1773761820027}
{"id":1628,"type":"info","level":2,"name":"stock-monitor","meta":{},"content":"发送成功: { success: \u001b[33mtrue\u001b[39m, message: \u001b[32m'股票数据接收成功'\u001b[39m, diskId: \u001b[33m61\u001b[39m, timestamp: \u001b[32m'2026-03-17T15:37:00.090Z'\u001b[39m }","timestamp":1773761820109}
{"id":1629,"type":"warn","level":2,"name":"DEV:adapter-iirose","meta":{},"content":"获取或转换图片失败: http://s.iirose.com/images/icon/cartoon/601433.jpg TypeError: terminated \u001b[90m    at Fetch.onAborted (node:internal/deps/undici/undici:11000:53)\u001b[39m \u001b[90m    at Fetch.emit (node:events:513:28)\u001b[39m \u001b[90m    at Fetch.terminate (node:internal/deps/undici/undici:10272:14)\u001b[39m \u001b[90m    at Object.onError (node:internal/deps/undici/undici:11095:36)\u001b[39m at Request.onError \u001b[90m(E:\\Desktop\\test\\koishiBot\\koishiBot\\\u001b[39mnode_modules\\\u001b[4mundici\u001b[24m\\lib\\core\\request.js:298:27\u001b[90m)\u001b[39m at Object.errorRequest \u001b[90m(E:\\Desktop\\test\\koishiBot\\koishiBot\\\u001b[39mnode_modules\\\u001b[4mundici\u001b[24m\\lib\\core\\util.js:560:13\u001b[90m)\u001b[39m at Socket.<anonymous> \u001b[90m(E:\\Desktop\\test\\koishiBot\\koishiBot\\\u001b[39mnode_modules\\\u001b[4mundici\u001b[24m\\lib\\dispatcher\\client-h1.js:716:12\u001b[90m)\u001b[39m \u001b[90m    at Socket.emit (node:events:525:35)\u001b[39m \u001b[90m    at TCP.<anonymous> (node:net:313:12)\u001b[39m { [cause]: BodyTimeoutError: Body Timeout Error at Timeout.onParserTimeout [as callback] \u001b[90m(E:\\Desktop\\test\\koishiBot\\koishiBot\\\u001b[39mnode_modules\\\u001b[4mundici\u001b[24m\\lib\\dispatcher\\client-h1.js:626:28\u001b[90m)\u001b[39m at Timeout.onTimeout [as _onTimeout] \u001b[90m(E:\\Desktop\\test\\koishiBot\\koishiBot\\\u001b[39mnode_modules\\\u001b[4mundici\u001b[24m\\lib\\util\\timers.js:20:13\u001b[90m)\u001b[39m \u001b[90m    at listOnTimeout (node:internal/timers:564:17)\u001b[39m \u001b[90m    at process.processTimers (node:internal/timers:507:7)\u001b[39m { code: \u001b[32m'UND_ERR_BODY_TIMEOUT'\u001b[39m } }","timestamp":1773761910317}
{"id":1631,"type":"info","level":2,"name":"stock-monitor","meta":{},"content":"收到股票更新事件","timestamp":1773761939405}
{"id":1632,"type":"info","level":2,"name":"stock-monitor","meta":{},"content":"发送股票数据到: http://felinus.gnway.cc:8000/stock","timestamp":1773761939406}
{"id":1633,"type":"info","level":2,"name":"stock-monitor","meta":{},"content":"发送数据: { unitPrice: \u001b[33m56.344\u001b[39m, totalStock: \u001b[33m1071\u001b[39m, personalStock: \u001b[33m0\u001b[39m, totalMoney: \u001b[33m60344.4763\u001b[39m, personalMoney: \u001b[33m0\u001b[39m }","timestamp":1773761939406}
{"id":1634,"type":"info","level":2,"name":"stock-monitor","meta":{},"content":"请求方法: POST","timestamp":1773761939406}
{"id":1635,"type":"info","level":2,"name":"stock-monitor","meta":{},"content":"发送成功: { success: \u001b[33mtrue\u001b[39m, message: \u001b[32m'股票数据接收成功'\u001b[39m, diskId: \u001b[33m61\u001b[39m, timestamp: \u001b[32m'2026-03-17T15:38:59.474Z'\u001b[39m }","timestamp":1773761939495}
{"id":1637,"type":"info","level":2,"name":"stock-monitor","meta":{},"content":"收到股票更新事件","timestamp":1773762061323}
{"id":1638,"type":"info","level":2,"name":"stock-monitor","meta":{},"content":"发送股票数据到: http://felinus.gnway.cc:8000/stock","timestamp":1773762061323}
{"id":1639,"type":"info","level":2,"name":"stock-monitor","meta":{},"content":"发送数据: { unitPrice: \u001b[33m20.2839\u001b[39m, totalStock: \u001b[33m1049\u001b[39m, personalStock: \u001b[33m0\u001b[39m, totalMoney: \u001b[33m21277.7666\u001b[39m, personalMoney: \u001b[33m0\u001b[39m }","timestamp":1773762061323}
{"id":1640,"type":"info","level":2,"name":"stock-monitor","meta":{},"content":"请求方法: POST","timestamp":1773762061324}
{"id":1641,"type":"info","level":2,"name":"stock-monitor","meta":{},"content":"发送成功: { success: \u001b[33mtrue\u001b[39m, message: \u001b[32m'股票数据接收成功'\u001b[39m, diskId: \u001b[33m61\u001b[39m, timestamp: \u001b[32m'2026-03-17T15:41:01.387Z'\u001b[39m }","timestamp":1773762061406}
{"id":1642,"type":"info","level":2,"name":"stock-monitor","meta":{},"content":"收到股票更新事件","timestamp":1773762133205}
{"id":1643,"type":"info","level":2,"name":"stock-monitor","meta":{},"content":"发送股票数据到: http://felinus.gnway.cc:8000/stock","timestamp":1773762133206}
{"id":1644,"type":"info","level":2,"name":"stock-monitor","meta":{},"content":"发送数据: { unitPrice: \u001b[33m20.2839\u001b[39m, totalStock: \u001b[33m1062\u001b[39m, personalStock: \u001b[33m0\u001b[39m, totalMoney: \u001b[33m21541.4567\u001b[39m, personalMoney: \u001b[33m0\u001b[39m }","timestamp":1773762133206}
{"id":1645,"type":"info","level":2,"name":"stock-monitor","meta":{},"content":"请求方法: POST","timestamp":1773762133206}
{"id":1646,"type":"info","level":2,"name":"stock-monitor","meta":{},"content":"发送成功: { success: \u001b[33mtrue\u001b[39m, message: \u001b[32m'股票数据接收成功'\u001b[39m, diskId: \u001b[33m61\u001b[39m, timestamp: \u001b[32m'2026-03-17T15:42:13.273Z'\u001b[39m }","timestamp":1773762133293}
{"id":1648,"type":"info","level":2,"name":"stock-monitor","meta":{},"content":"收到股票更新事件","timestamp":1773762179507}
{"id":1649,"type":"info","level":2,"name":"stock-monitor","meta":{},"content":"发送股票数据到: http://felinus.gnway.cc:8000/stock","timestamp":1773762179507}
{"id":1650,"type":"info","level":2,"name":"stock-monitor","meta":{},"content":"发送数据: { unitPrice: \u001b[33m22.9208\u001b[39m, totalStock: \u001b[33m1062\u001b[39m, personalStock: \u001b[33m0\u001b[39m, totalMoney: \u001b[33m24341.8461\u001b[39m, personalMoney: \u001b[33m0\u001b[39m }","timestamp":1773762179507}
{"id":1651,"type":"info","level":2,"name":"stock-monitor","meta":{},"content":"请求方法: POST","timestamp":1773762179508}
{"id":1652,"type":"info","level":2,"name":"stock-monitor","meta":{},"content":"发送成功: { success: \u001b[33mtrue\u001b[39m, message: \u001b[32m'股票数据接收成功'\u001b[39m, diskId: \u001b[33m61\u001b[39m, timestamp: \u001b[32m'2026-03-17T15:42:59.572Z'\u001b[39m }","timestamp":1773762179594}
{"id":1654,"type":"info","level":2,"name":"stock-monitor","meta":{},"content":"收到股票更新事件","timestamp":1773762299248}
{"id":1655,"type":"info","level":2,"name":"stock-monitor","meta":{},"content":"发送股票数据到: http://felinus.gnway.cc:8000/stock","timestamp":1773762299248}
{"id":1656,"type":"info","level":2,"name":"stock-monitor","meta":{},"content":"发送数据: { unitPrice: \u001b[33m10.0851\u001b[39m, totalStock: \u001b[33m1037\u001b[39m, personalStock: \u001b[33m0\u001b[39m, totalMoney: \u001b[33m10458.2839\u001b[39m, personalMoney: \u001b[33m0\u001b[39m }","timestamp":1773762299248}
{"id":1657,"type":"info","level":2,"name":"stock-monitor","meta":{},"content":"请求方法: POST","timestamp":1773762299249}
{"id":1658,"type":"info","level":2,"name":"stock-monitor","meta":{},"content":"发送成功: { success: \u001b[33mtrue\u001b[39m, message: \u001b[32m'股票数据接收成功'\u001b[39m, diskId: \u001b[33m61\u001b[39m, timestamp: \u001b[32m'2026-03-17T15:44:59.308Z'\u001b[39m }","timestamp":1773762299329}
{"id":1660,"type":"info","level":2,"name":"stock-monitor","meta":{},"content":"收到股票更新事件","timestamp":1773762419835}
{"id":1661,"type":"info","level":2,"name":"stock-monitor","meta":{},"content":"发送股票数据到: http://felinus.gnway.cc:8000/stock","timestamp":1773762419835}
{"id":1662,"type":"info","level":2,"name":"stock-monitor","meta":{},"content":"发送数据: { unitPrice: \u001b[33m17.5481\u001b[39m, totalStock: \u001b[33m1032\u001b[39m, personalStock: \u001b[33m0\u001b[39m, totalMoney: \u001b[33m18109.6734\u001b[39m, personalMoney: \u001b[33m0\u001b[39m }","timestamp":1773762419835}
{"id":1663,"type":"info","level":2,"name":"stock-monitor","meta":{},"content":"请求方法: POST","timestamp":1773762419836}
{"id":1664,"type":"info","level":2,"name":"stock-monitor","meta":{},"content":"发送成功: { success: \u001b[33mtrue\u001b[39m, message: \u001b[32m'股票数据接收成功'\u001b[39m, diskId: \u001b[33m61\u001b[39m, timestamp: \u001b[32m'2026-03-17T15:46:59.890Z'\u001b[39m }","timestamp":1773762419909}
{"id":1665,"type":"warn","level":2,"name":"DEV:adapter-iirose","meta":{},"content":"获取或转换图片失败: http://s.iirose.com/images/icon/cartoon/601433.jpg TypeError: terminated \u001b[90m    at Fetch.onAborted (node:internal/deps/undici/undici:11000:53)\u001b[39m \u001b[90m    at Fetch.emit (node:events:513:28)\u001b[39m \u001b[90m    at Fetch.terminate (node:internal/deps/undici/undici:10272:14)\u001b[39m \u001b[90m    at Object.onError (node:internal/deps/undici/undici:11095:36)\u001b[39m at Request.onError \u001b[90m(E:\\Desktop\\test\\koishiBot\\koishiBot\\\u001b[39mnode_modules\\\u001b[4mundici\u001b[24m\\lib\\core\\request.js:298:27\u001b[90m)\u001b[39m at Object.errorRequest \u001b[90m(E:\\Desktop\\test\\koishiBot\\koishiBot\\\u001b[39mnode_modules\\\u001b[4mundici\u001b[24m\\lib\\core\\util.js:560:13\u001b[90m)\u001b[39m at Socket.<anonymous> \u001b[90m(E:\\Desktop\\test\\koishiBot\\koishiBot\\\u001b[39mnode_modules\\\u001b[4mundici\u001b[24m\\lib\\dispatcher\\client-h1.js:716:12\u001b[90m)\u001b[39m \u001b[90m    at Socket.emit (node:events:525:35)\u001b[39m \u001b[90m    at TCP.<anonymous> (node:net:313:12)\u001b[39m { [cause]: BodyTimeoutError: Body Timeout Error at Timeout.onParserTimeout [as callback] \u001b[90m(E:\\Desktop\\test\\koishiBot\\koishiBot\\\u001b[39mnode_modules\\\u001b[4mundici\u001b[24m\\lib\\dispatcher\\client-h1.js:626:28\u001b[90m)\u001b[39m at Timeout.onTimeout [as _onTimeout] \u001b[90m(E:\\Desktop\\test\\koishiBot\\koishiBot\\\u001b[39mnode_modules\\\u001b[4mundici\u001b[24m\\lib\\util\\timers.js:20:13\u001b[90m)\u001b[39m \u001b[90m    at listOnTimeout (node:internal/timers:564:17)\u001b[39m \u001b[90m    at process.processTimers (node:internal/timers:507:7)\u001b[39m { code: \u001b[32m'UND_ERR_BODY_TIMEOUT'\u001b[39m } }","timestamp":1773762519742}
{"id":1667,"type":"info","level":2,"name":"stock-monitor","meta":{},"content":"收到股票更新事件","timestamp":1773762539391}
{"id":1668,"type":"info","level":2,"name":"stock-monitor","meta":{},"content":"发送股票数据到: http://felinus.gnway.cc:8000/stock","timestamp":1773762539392}
{"id":1669,"type":"info","level":2,"name":"stock-monitor","meta":{},"content":"发送数据: { unitPrice: \u001b[33m31.7621\u001b[39m, totalStock: \u001b[33m1085\u001b[39m, personalStock: \u001b[33m0\u001b[39m, totalMoney: \u001b[33m34461.9013\u001b[39m, personalMoney: \u001b[33m0\u001b[39m }","timestamp":1773762539392}
{"id":1670,"type":"info","level":2,"name":"stock-monitor","meta":{},"content":"请求方法: POST","timestamp":1773762539392}
{"id":1671,"type":"info","level":2,"name":"stock-monitor","meta":{},"content":"发送成功: { success: \u001b[33mtrue\u001b[39m, message: \u001b[32m'股票数据接收成功'\u001b[39m, diskId: \u001b[33m61\u001b[39m, timestamp: \u001b[32m'2026-03-17T15:48:59.455Z'\u001b[39m }","timestamp":1773762539476}
{"id":1672,"type":"info","level":2,"name":"stock-monitor","meta":{},"content":"收到股票更新事件","timestamp":1773762554680}
{"id":1673,"type":"info","level":2,"name":"stock-monitor","meta":{},"content":"发送股票数据到: http://felinus.gnway.cc:8000/stock","timestamp":1773762554680}
{"id":1674,"type":"info","level":2,"name":"stock-monitor","meta":{},"content":"发送数据: { unitPrice: \u001b[33m31.7621\u001b[39m, totalStock: \u001b[33m1035\u001b[39m, personalStock: \u001b[33m0\u001b[39m, totalMoney: \u001b[33m32873.7952\u001b[39m, personalMoney: \u001b[33m0\u001b[39m }","timestamp":1773762554681}
{"id":1675,"type":"info","level":2,"name":"stock-monitor","meta":{},"content":"请求方法: POST","timestamp":1773762554681}
{"id":1676,"type":"info","level":2,"name":"stock-monitor","meta":{},"content":"发送成功: { success: \u001b[33mtrue\u001b[39m, message: \u001b[32m'股票数据接收成功'\u001b[39m, diskId: \u001b[33m61\u001b[39m, timestamp: \u001b[32m'2026-03-17T15:49:14.732Z'\u001b[39m }","timestamp":1773762554753}
{"id":1678,"type":"info","level":2,"name":"stock-monitor","meta":{},"content":"收到股票更新事件","timestamp":1773762661167}
{"id":1679,"type":"info","level":2,"name":"stock-monitor","meta":{},"content":"发送股票数据到: http://felinus.gnway.cc:8000/stock","timestamp":1773762661167}
{"id":1680,"type":"info","level":2,"name":"stock-monitor","meta":{},"content":"发送数据: { unitPrice: \u001b[33m5.0819\u001b[39m, totalStock: \u001b[33m1076\u001b[39m, personalStock: \u001b[33m0\u001b[39m, totalMoney: \u001b[33m5468.1667\u001b[39m, personalMoney: \u001b[33m0\u001b[39m }","timestamp":1773762661168}
{"id":1681,"type":"info","level":2,"name":"stock-monitor","meta":{},"content":"请求方法: POST","timestamp":1773762661168}
{"id":1682,"type":"info","level":2,"name":"stock-monitor","meta":{},"content":"发送成功: { success: \u001b[33mtrue\u001b[39m, message: \u001b[32m'股票数据接收成功'\u001b[39m, diskId: \u001b[33m61\u001b[39m, timestamp: \u001b[32m'2026-03-17T15:51:01.223Z'\u001b[39m }","timestamp":1773762661246}
{"id":1683,"type":"info","level":2,"name":"stock-monitor","meta":{},"content":"收到股票更新事件","timestamp":1773762749696}
{"id":1684,"type":"info","level":2,"name":"stock-monitor","meta":{},"content":"发送股票数据到: http://felinus.gnway.cc:8000/stock","timestamp":1773762749697}
{"id":1685,"type":"info","level":2,"name":"stock-monitor","meta":{},"content":"发送数据: { unitPrice: \u001b[33m5.0819\u001b[39m, totalStock: \u001b[33m1005\u001b[39m, personalStock: \u001b[33m0\u001b[39m, totalMoney: \u001b[33m5107.3491\u001b[39m, personalMoney: \u001b[33m0\u001b[39m }","timestamp":1773762749697}
{"id":1686,"type":"info","level":2,"name":"stock-monitor","meta":{},"content":"请求方法: POST","timestamp":1773762749697}
{"id":1687,"type":"info","level":2,"name":"stock-monitor","meta":{},"content":"发送成功: { success: \u001b[33mtrue\u001b[39m, message: \u001b[32m'股票数据接收成功'\u001b[39m, diskId: \u001b[33m61\u001b[39m, timestamp: \u001b[32m'2026-03-17T15:52:36.766Z'\u001b[39m }","timestamp":1773762756786}
{"id":1689,"type":"info","level":2,"name":"stock-monitor","meta":{},"content":"收到股票更新事件","timestamp":1773762780577}
{"id":1690,"type":"info","level":2,"name":"stock-monitor","meta":{},"content":"发送股票数据到: http://felinus.gnway.cc:8000/stock","timestamp":1773762780577}
{"id":1691,"type":"info","level":2,"name":"stock-monitor","meta":{},"content":"发送数据: { unitPrice: \u001b[33m1.4229\u001b[39m, totalStock: \u001b[33m1205\u001b[39m, personalStock: \u001b[33m0\u001b[39m, totalMoney: \u001b[33m1714.6463\u001b[39m, personalMoney: \u001b[33m0\u001b[39m }","timestamp":1773762780577}
{"id":1692,"type":"info","level":2,"name":"stock-monitor","meta":{},"content":"请求方法: POST","timestamp":1773762780578}
{"id":1693,"type":"info","level":2,"name":"stock-monitor","meta":{},"content":"发送成功: { success: \u001b[33mtrue\u001b[39m, message: \u001b[32m'股票数据接收成功'\u001b[39m, diskId: \u001b[33m61\u001b[39m, timestamp: \u001b[32m'2026-03-17T15:53:00.652Z'\u001b[39m }","timestamp":1773762780672}
{"id":1695,"type":"info","level":2,"name":"stock-monitor","meta":{},"content":"收到股票更新事件","timestamp":1773762904899}
{"id":1696,"type":"info","level":2,"name":"stock-monitor","meta":{},"content":"发送股票数据到: http://felinus.gnway.cc:8000/stock","timestamp":1773762904899}
{"id":1697,"type":"info","level":2,"name":"stock-monitor","meta":{},"content":"发送数据: { unitPrice: \u001b[33m1.1668\u001b[39m, totalStock: \u001b[33m2705\u001b[39m, personalStock: \u001b[33m0\u001b[39m, totalMoney: \u001b[33m3156.2299\u001b[39m, personalMoney: \u001b[33m0\u001b[39m }","timestamp":1773762904900}
{"id":1698,"type":"info","level":2,"name":"stock-monitor","meta":{},"content":"请求方法: POST","timestamp":1773762904900}
{"id":1699,"type":"info","level":2,"name":"stock-monitor","meta":{},"content":"发送成功: { success: \u001b[33mtrue\u001b[39m, message: \u001b[32m'股票数据接收成功'\u001b[39m, diskId: \u001b[33m61\u001b[39m, timestamp: \u001b[32m'2026-03-17T15:55:04.959Z'\u001b[39m }","timestamp":1773762904979}
{"id":1701,"type":"info","level":2,"name":"stock-monitor","meta":{},"content":"收到股票更新事件","timestamp":1773763019885}
{"id":1702,"type":"info","level":2,"name":"stock-monitor","meta":{},"content":"发送股票数据到: http://felinus.gnway.cc:8000/stock","timestamp":1773763019886}
{"id":1703,"type":"info","level":2,"name":"stock-monitor","meta":{},"content":"发送数据: { unitPrice: \u001b[33m0.4317\u001b[39m, totalStock: \u001b[33m8439\u001b[39m, personalStock: \u001b[33m0\u001b[39m, totalMoney: \u001b[33m3643.2928\u001b[39m, personalMoney: \u001b[33m0\u001b[39m }","timestamp":1773763019886}
{"id":1704,"type":"info","level":2,"name":"stock-monitor","meta":{},"content":"请求方法: POST","timestamp":1773763019886}
{"id":1705,"type":"info","level":2,"name":"stock-monitor","meta":{},"content":"发送成功: { success: \u001b[33mtrue\u001b[39m, message: \u001b[32m'股票数据接收成功'\u001b[39m, diskId: \u001b[33m61\u001b[39m, timestamp: \u001b[32m'2026-03-17T15:57:00.032Z'\u001b[39m }","timestamp":1773763020082}
{"id":1725,"type":"info","level":2,"name":"stock-monitor","meta":{},"content":"收到股票更新事件","timestamp":1773763140672}
{"id":1726,"type":"info","level":2,"name":"stock-monitor","meta":{},"content":"发送股票数据到: http://felinus.gnway.cc:8000/stock","timestamp":1773763140673}
{"id":1727,"type":"info","level":2,"name":"stock-monitor","meta":{},"content":"发送数据: { unitPrice: \u001b[33m0.6605\u001b[39m, totalStock: \u001b[33m20249\u001b[39m, personalStock: \u001b[33m0\u001b[39m, totalMoney: \u001b[33m13375.1326\u001b[39m, personalMoney: \u001b[33m0\u001b[39m }","timestamp":1773763140673}
{"id":1728,"type":"info","level":2,"name":"stock-monitor","meta":{},"content":"请求方法: POST","timestamp":1773763140673}
{"id":1729,"type":"info","level":2,"name":"stock-monitor","meta":{},"content":"发送成功: { success: \u001b[33mtrue\u001b[39m, message: \u001b[32m'股票数据接收成功'\u001b[39m, diskId: \u001b[33m61\u001b[39m, timestamp: \u001b[32m'2026-03-17T15:59:00.729Z'\u001b[39m }","timestamp":1773763140974}
{"id":1775,"type":"info","level":2,"name":"stock-monitor","meta":{},"content":"收到股票更新事件","timestamp":1773763261430}
{"id":1776,"type":"info","level":2,"name":"stock-monitor","meta":{},"content":"发送股票数据到: http://felinus.gnway.cc:8000/stock","timestamp":1773763261431}
{"id":1777,"type":"info","level":2,"name":"stock-monitor","meta":{},"content":"发送数据: { unitPrice: \u001b[33m0.0991\u001b[39m, totalStock: \u001b[33m2266\u001b[39m, personalStock: \u001b[33m0\u001b[39m, totalMoney: \u001b[33m224.5152\u001b[39m, personalMoney: \u001b[33m0\u001b[39m }","timestamp":1773763261431}
{"id":1778,"type":"info","level":2,"name":"stock-monitor","meta":{},"content":"请求方法: POST","timestamp":1773763261431}
{"id":1779,"type":"info","level":2,"name":"stock-monitor","meta":{},"content":"发送成功: { success: \u001b[33mtrue\u001b[39m, message: \u001b[32m'股票数据接收成功'\u001b[39m, diskId: \u001b[33m61\u001b[39m, timestamp: \u001b[32m'2026-03-17T16:01:01.484Z'\u001b[39m }","timestamp":1773763261505}
{"id":1788,"type":"info","level":2,"name":"stock-monitor","meta":{},"content":"收到股票更新事件","timestamp":1773763380932}
{"id":1789,"type":"info","level":2,"name":"stock-monitor","meta":{},"content":"发送股票数据到: http://felinus.gnway.cc:8000/stock","timestamp":1773763380933}
{"id":1790,"type":"info","level":2,"name":"stock-monitor","meta":{},"content":"发送数据: { unitPrice: \u001b[33m0.002\u001b[39m, totalStock: \u001b[33m2266\u001b[39m, personalStock: \u001b[33m0\u001b[39m, totalMoney: \u001b[33m4.5152\u001b[39m, personalMoney: \u001b[33m0\u001b[39m }","timestamp":1773763380933}
{"id":1791,"type":"info","level":2,"name":"stock-monitor","meta":{},"content":"请求方法: POST","timestamp":1773763380933}
{"id":1792,"type":"info","level":2,"name":"stock-monitor","meta":{},"content":"发送成功: { success: \u001b[33mtrue\u001b[39m, message: \u001b[32m'股票数据接收成功'\u001b[39m, diskId: \u001b[33m61\u001b[39m, timestamp: \u001b[32m'2026-03-17T16:03:00.989Z'\u001b[39m }","timestamp":1773763381009}
{"id":1818,"type":"info","level":2,"name":"stock-monitor","meta":{},"content":"收到股票更新事件","timestamp":1773763500206}
{"id":1819,"type":"info","level":2,"name":"stock-monitor","meta":{},"content":"发送股票数据到: http://felinus.gnway.cc:8000/stock","timestamp":1773763500206}
{"id":1820,"type":"info","level":2,"name":"stock-monitor","meta":{},"content":"发送数据: { unitPrice: \u001b[33m1\u001b[39m, totalStock: \u001b[33m1000\u001b[39m, personalStock: \u001b[33m0\u001b[39m, totalMoney: \u001b[33m1000\u001b[39m, personalMoney: \u001b[33m0\u001b[39m }","timestamp":1773763500206}
{"id":1821,"type":"info","level":2,"name":"stock-monitor","meta":{},"content":"请求方法: POST","timestamp":1773763500207}
{"id":1822,"type":"info","level":2,"name":"stock-monitor","meta":{},"content":"发送成功: { success: \u001b[33mtrue\u001b[39m, message: \u001b[32m'崩盘，新盘已创建'\u001b[39m, diskId: \u001b[33m62\u001b[39m, timestamp: \u001b[32m'2026-03-17T16:05:00.269Z'\u001b[39m }","timestamp":1773763500289}
{"id":1851,"type":"info","level":2,"name":"stock-monitor","meta":{},"content":"收到股票更新事件","timestamp":1773763621134}
{"id":1852,"type":"info","level":2,"name":"stock-monitor","meta":{},"content":"发送股票数据到: http://felinus.gnway.cc:8000/stock","timestamp":1773763621135}
{"id":1853,"type":"info","level":2,"name":"stock-monitor","meta":{},"content":"发送数据: { unitPrice: \u001b[33m0.93\u001b[39m, totalStock: \u001b[33m1775\u001b[39m, personalStock: \u001b[33m0\u001b[39m, totalMoney: \u001b[33m1650.75\u001b[39m, personalMoney: \u001b[33m0\u001b[39m }","timestamp":1773763621135}
{"id":1854,"type":"info","level":2,"name":"stock-monitor","meta":{},"content":"请求方法: POST","timestamp":1773763621135}
{"id":1855,"type":"info","level":2,"name":"stock-monitor","meta":{},"content":"发送成功: { success: \u001b[33mtrue\u001b[39m, message: \u001b[32m'股票数据接收成功'\u001b[39m, diskId: \u001b[33m62\u001b[39m, timestamp: \u001b[32m'2026-03-17T16:07:01.187Z'\u001b[39m }","timestamp":1773763621207}
{"id":1860,"type":"info","level":2,"name":"stock-monitor","meta":{},"content":"收到股票更新事件","timestamp":1773763741625}
{"id":1861,"type":"info","level":2,"name":"stock-monitor","meta":{},"content":"发送股票数据到: http://felinus.gnway.cc:8000/stock","timestamp":1773763741626}
{"id":1862,"type":"info","level":2,"name":"stock-monitor","meta":{},"content":"发送数据: { unitPrice: \u001b[33m0.7905\u001b[39m, totalStock: \u001b[33m4130\u001b[39m, personalStock: \u001b[33m0\u001b[39m, totalMoney: \u001b[33m3264.765\u001b[39m, personalMoney: \u001b[33m0\u001b[39m }","timestamp":1773763741626}
{"id":1863,"type":"info","level":2,"name":"stock-monitor","meta":{},"content":"请求方法: POST","timestamp":1773763741627}
{"id":1864,"type":"info","level":2,"name":"stock-monitor","meta":{},"content":"发送成功: { success: \u001b[33mtrue\u001b[39m, message: \u001b[32m'股票数据接收成功'\u001b[39m, diskId: \u001b[33m62\u001b[39m, timestamp: \u001b[32m'2026-03-17T16:09:01.691Z'\u001b[39m }","timestamp":1773763741711}
{"id":1869,"type":"info","level":2,"name":"stock-monitor","meta":{},"content":"收到股票更新事件","timestamp":1773763862083}
{"id":1870,"type":"info","level":2,"name":"stock-monitor","meta":{},"content":"发送股票数据到: http://felinus.gnway.cc:8000/stock","timestamp":1773763862084}
{"id":1871,"type":"info","level":2,"name":"stock-monitor","meta":{},"content":"发送数据: { unitPrice: \u001b[33m0.3952\u001b[39m, totalStock: \u001b[33m6000\u001b[39m, personalStock: \u001b[33m0\u001b[39m, totalMoney: \u001b[33m2371.5\u001b[39m, personalMoney: \u001b[33m0\u001b[39m }","timestamp":1773763862085}
{"id":1872,"type":"info","level":2,"name":"stock-monitor","meta":{},"content":"请求方法: POST","timestamp":1773763862085}
{"id":1873,"type":"info","level":2,"name":"stock-monitor","meta":{},"content":"发送成功: { success: \u001b[33mtrue\u001b[39m, message: \u001b[32m'股票数据接收成功'\u001b[39m, diskId: \u001b[33m62\u001b[39m, timestamp: \u001b[32m'2026-03-17T16:11:02.141Z'\u001b[39m }","timestamp":1773763862162}
{"id":1875,"type":"info","level":2,"name":"stock-monitor","meta":{},"content":"收到股票更新事件","timestamp":1773763981475}
{"id":1876,"type":"info","level":2,"name":"stock-monitor","meta":{},"content":"发送股票数据到: http://felinus.gnway.cc:8000/stock","timestamp":1773763981476}
{"id":1877,"type":"info","level":2,"name":"stock-monitor","meta":{},"content":"发送数据: { unitPrice: \u001b[33m0.1858\u001b[39m, totalStock: \u001b[33m16700\u001b[39m, personalStock: \u001b[33m0\u001b[39m, totalMoney: \u001b[33m3102.3173\u001b[39m, personalMoney: \u001b[33m0\u001b[39m }","timestamp":1773763981476}
{"id":1878,"type":"info","level":2,"name":"stock-monitor","meta":{},"content":"请求方法: POST","timestamp":1773763981477}
{"id":1879,"type":"info","level":2,"name":"stock-monitor","meta":{},"content":"发送成功: { success: \u001b[33mtrue\u001b[39m, message: \u001b[32m'股票数据接收成功'\u001b[39m, diskId: \u001b[33m62\u001b[39m, timestamp: \u001b[32m'2026-03-17T16:13:01.537Z'\u001b[39m }","timestamp":1773763981558}
{"id":1881,"type":"info","level":2,"name":"stock-monitor","meta":{},"content":"收到股票更新事件","timestamp":1773764102546}
{"id":1882,"type":"info","level":2,"name":"stock-monitor","meta":{},"content":"发送股票数据到: http://felinus.gnway.cc:8000/stock","timestamp":1773764102547}
{"id":1883,"type":"info","level":2,"name":"stock-monitor","meta":{},"content":"发送数据: { unitPrice: \u001b[33m0.2173\u001b[39m, totalStock: \u001b[33m59373\u001b[39m, personalStock: \u001b[33m0\u001b[39m, totalMoney: \u001b[33m12904.6013\u001b[39m, personalMoney: \u001b[33m0\u001b[39m }","timestamp":1773764102547}
{"id":1884,"type":"info","level":2,"name":"stock-monitor","meta":{},"content":"请求方法: POST","timestamp":1773764102547}
{"id":1885,"type":"info","level":2,"name":"stock-monitor","meta":{},"content":"发送成功: { success: \u001b[33mtrue\u001b[39m, message: \u001b[32m'股票数据接收成功'\u001b[39m, diskId: \u001b[33m62\u001b[39m, timestamp: \u001b[32m'2026-03-17T16:15:02.611Z'\u001b[39m }","timestamp":1773764102630}
{"id":1887,"type":"info","level":2,"name":"stock-monitor","meta":{},"content":"收到股票更新事件","timestamp":1773764221208}
{"id":1888,"type":"info","level":2,"name":"stock-monitor","meta":{},"content":"发送股票数据到: http://felinus.gnway.cc:8000/stock","timestamp":1773764221209}
{"id":1889,"type":"info","level":2,"name":"stock-monitor","meta":{},"content":"发送数据: { unitPrice: \u001b[33m0.0478\u001b[39m, totalStock: \u001b[33m4952\u001b[39m, personalStock: \u001b[33m0\u001b[39m, totalMoney: \u001b[33m236.7876\u001b[39m, personalMoney: \u001b[33m0\u001b[39m }","timestamp":1773764221209}
{"id":1890,"type":"info","level":2,"name":"stock-monitor","meta":{},"content":"请求方法: POST","timestamp":1773764221209}
{"id":1891,"type":"info","level":2,"name":"stock-monitor","meta":{},"content":"发送成功: { success: \u001b[33mtrue\u001b[39m, message: \u001b[32m'股票数据接收成功'\u001b[39m, diskId: \u001b[33m62\u001b[39m, timestamp: \u001b[32m'2026-03-17T16:17:01.267Z'\u001b[39m }","timestamp":1773764221287}
{"id":1893,"type":"info","level":2,"name":"stock-monitor","meta":{},"content":"收到股票更新事件","timestamp":1773764342949}
{"id":1894,"type":"info","level":2,"name":"stock-monitor","meta":{},"content":"发送股票数据到: http://felinus.gnway.cc:8000/stock","timestamp":1773764342950}
{"id":1895,"type":"info","level":2,"name":"stock-monitor","meta":{},"content":"发送数据: { unitPrice: \u001b[33m0.2627\u001b[39m, totalStock: \u001b[33m2001\u001b[39m, personalStock: \u001b[33m0\u001b[39m, totalMoney: \u001b[33m525.6809\u001b[39m, personalMoney: \u001b[33m0\u001b[39m }","timestamp":1773764342950}
{"id":1896,"type":"info","level":2,"name":"stock-monitor","meta":{},"content":"请求方法: POST","timestamp":1773764342950}
{"id":1897,"type":"info","level":2,"name":"stock-monitor","meta":{},"content":"发送成功: { success: \u001b[33mtrue\u001b[39m, message: \u001b[32m'股票数据接收成功'\u001b[39m, diskId: \u001b[33m62\u001b[39m, timestamp: \u001b[32m'2026-03-17T16:19:03.013Z'\u001b[39m }","timestamp":1773764343035}
{"id":1899,"type":"info","level":2,"name":"stock-monitor","meta":{},"content":"收到股票更新事件","timestamp":1773764463244}
{"id":1900,"type":"info","level":2,"name":"stock-monitor","meta":{},"content":"发送股票数据到: http://felinus.gnway.cc:8000/stock","timestamp":1773764463245}
{"id":1901,"type":"info","level":2,"name":"stock-monitor","meta":{},"content":"发送数据: { unitPrice: \u001b[33m0.0184\u001b[39m, totalStock: \u001b[33m6224\u001b[39m, personalStock: \u001b[33m0\u001b[39m, totalMoney: \u001b[33m114.4571\u001b[39m, personalMoney: \u001b[33m0\u001b[39m }","timestamp":1773764463245}
{"id":1902,"type":"info","level":2,"name":"stock-monitor","meta":{},"content":"请求方法: POST","timestamp":1773764463245}
{"id":1903,"type":"info","level":2,"name":"stock-monitor","meta":{},"content":"发送成功: { success: \u001b[33mtrue\u001b[39m, message: \u001b[32m'股票数据接收成功'\u001b[39m, diskId: \u001b[33m62\u001b[39m, timestamp: \u001b[32m'2026-03-17T16:21:03.302Z'\u001b[39m }","timestamp":1773764463325}
{"id":1905,"type":"info","level":2,"name":"stock-monitor","meta":{},"content":"收到股票更新事件","timestamp":1773764581761}
{"id":1906,"type":"info","level":2,"name":"stock-monitor","meta":{},"content":"发送股票数据到: http://felinus.gnway.cc:8000/stock","timestamp":1773764581762}
{"id":1907,"type":"info","level":2,"name":"stock-monitor","meta":{},"content":"发送数据: { unitPrice: \u001b[33m1\u001b[39m, totalStock: \u001b[33m1000\u001b[39m, personalStock: \u001b[33m0\u001b[39m, totalMoney: \u001b[33m1000\u001b[39m, personalMoney: \u001b[33m0\u001b[39m }","timestamp":1773764581762}
{"id":1908,"type":"info","level":2,"name":"stock-monitor","meta":{},"content":"请求方法: POST","timestamp":1773764581763}
{"id":1909,"type":"info","level":2,"name":"stock-monitor","meta":{},"content":"发送成功: { success: \u001b[33mtrue\u001b[39m, message: \u001b[32m'崩盘，新盘已创建'\u001b[39m, diskId: \u001b[33m63\u001b[39m, timestamp: \u001b[32m'2026-03-17T16:23:01.826Z'\u001b[39m }","timestamp":1773764581845}
{"id":1910,"type":"info","level":2,"name":"stock-monitor","meta":{},"content":"收到股票更新事件","timestamp":1773764655921}
{"id":1911,"type":"info","level":2,"name":"stock-monitor","meta":{},"content":"发送股票数据到: http://felinus.gnway.cc:8000/stock","timestamp":1773764655922}
{"id":1912,"type":"info","level":2,"name":"stock-monitor","meta":{},"content":"发送数据: { unitPrice: \u001b[33m1\u001b[39m, totalStock: \u001b[33m2000\u001b[39m, personalStock: \u001b[33m0\u001b[39m, totalMoney: \u001b[33m2000\u001b[39m, personalMoney: \u001b[33m0\u001b[39m }","timestamp":1773764655922}
{"id":1913,"type":"info","level":2,"name":"stock-monitor","meta":{},"content":"请求方法: POST","timestamp":1773764655922}
{"id":1914,"type":"info","level":2,"name":"stock-monitor","meta":{},"content":"发送成功: { success: \u001b[33mtrue\u001b[39m, message: \u001b[32m'股票数据接收成功'\u001b[39m, diskId: \u001b[33m63\u001b[39m, timestamp: \u001b[32m'2026-03-17T16:24:15.978Z'\u001b[39m }","timestamp":1773764655999}
{"id":1925,"type":"info","level":2,"name":"stock-monitor","meta":{},"content":"收到股票更新事件","timestamp":1773764702120}
{"id":1926,"type":"info","level":2,"name":"stock-monitor","meta":{},"content":"发送股票数据到: http://felinus.gnway.cc:8000/stock","timestamp":1773764702121}
{"id":1927,"type":"info","level":2,"name":"stock-monitor","meta":{},"content":"发送数据: { unitPrice: \u001b[33m0.26\u001b[39m, totalStock: \u001b[33m2001\u001b[39m, personalStock: \u001b[33m0\u001b[39m, totalMoney: \u001b[33m520.26\u001b[39m, personalMoney: \u001b[33m0\u001b[39m }","timestamp":1773764702121}
{"id":1928,"type":"info","level":2,"name":"stock-monitor","meta":{},"content":"请求方法: POST","timestamp":1773764702121}
{"id":1929,"type":"info","level":2,"name":"stock-monitor","meta":{},"content":"发送成功: { success: \u001b[33mtrue\u001b[39m, message: \u001b[32m'股票数据接收成功'\u001b[39m, diskId: \u001b[33m63\u001b[39m, timestamp: \u001b[32m'2026-03-17T16:25:02.177Z'\u001b[39m }","timestamp":1773764702196}
{"id":1937,"type":"info","level":2,"name":"stock-monitor","meta":{},"content":"收到股票更新事件","timestamp":1773764821841}
{"id":1938,"type":"info","level":2,"name":"stock-monitor","meta":{},"content":"发送股票数据到: http://felinus.gnway.cc:8000/stock","timestamp":1773764821842}
{"id":1939,"type":"info","level":2,"name":"stock-monitor","meta":{},"content":"发送数据: { unitPrice: \u001b[33m0.5018\u001b[39m, totalStock: \u001b[33m13001\u001b[39m, personalStock: \u001b[33m0\u001b[39m, totalMoney: \u001b[33m6523.9018\u001b[39m, personalMoney: \u001b[33m0\u001b[39m }","timestamp":1773764821842}
{"id":1940,"type":"info","level":2,"name":"stock-monitor","meta":{},"content":"请求方法: POST","timestamp":1773764821844}
{"id":1941,"type":"info","level":2,"name":"stock-monitor","meta":{},"content":"发送成功: { success: \u001b[33mtrue\u001b[39m, message: \u001b[32m'股票数据接收成功'\u001b[39m, diskId: \u001b[33m63\u001b[39m, timestamp: \u001b[32m'2026-03-17T16:27:01.900Z'\u001b[39m }","timestamp":1773764821920}
{"id":1943,"type":"info","level":2,"name":"stock-monitor","meta":{},"content":"收到股票更新事件","timestamp":1773764943335}
{"id":1944,"type":"info","level":2,"name":"stock-monitor","meta":{},"content":"发送股票数据到: http://felinus.gnway.cc:8000/stock","timestamp":1773764943336}
{"id":1945,"type":"info","level":2,"name":"stock-monitor","meta":{},"content":"发送数据: { unitPrice: \u001b[33m0.1154\u001b[39m, totalStock: \u001b[33m4695\u001b[39m, personalStock: \u001b[33m0\u001b[39m, totalMoney: \u001b[33m541.8687\u001b[39m, personalMoney: \u001b[33m0\u001b[39m }","timestamp":1773764943336}
{"id":1946,"type":"info","level":2,"name":"stock-monitor","meta":{},"content":"请求方法: POST","timestamp":1773764943336}
{"id":1947,"type":"info","level":2,"name":"stock-monitor","meta":{},"content":"发送成功: { success: \u001b[33mtrue\u001b[39m, message: \u001b[32m'股票数据接收成功'\u001b[39m, diskId: \u001b[33m63\u001b[39m, timestamp: \u001b[32m'2026-03-17T16:29:03.394Z'\u001b[39m }","timestamp":1773764943416}
{"id":1949,"type":"info","level":2,"name":"stock-monitor","meta":{},"content":"收到股票更新事件","timestamp":1773765061920}
{"id":1950,"type":"info","level":2,"name":"stock-monitor","meta":{},"content":"发送股票数据到: http://felinus.gnway.cc:8000/stock","timestamp":1773765061921}
{"id":1951,"type":"info","level":2,"name":"stock-monitor","meta":{},"content":"发送数据: { unitPrice: \u001b[33m0.0516\u001b[39m, totalStock: \u001b[33m7992\u001b[39m, personalStock: \u001b[33m0\u001b[39m, totalMoney: \u001b[33m412.3887\u001b[39m, personalMoney: \u001b[33m0\u001b[39m }","timestamp":1773765061922}
{"id":1952,"type":"info","level":2,"name":"stock-monitor","meta":{},"content":"请求方法: POST","timestamp":1773765061922}
{"id":1953,"type":"info","level":2,"name":"stock-monitor","meta":{},"content":"发送成功: { success: \u001b[33mtrue\u001b[39m, message: \u001b[32m'股票数据接收成功'\u001b[39m, diskId: \u001b[33m63\u001b[39m, timestamp: \u001b[32m'2026-03-17T16:31:01.975Z'\u001b[39m }","timestamp":1773765061995}
{"id":1955,"type":"info","level":2,"name":"stock-monitor","meta":{},"content":"收到股票更新事件","timestamp":1773765181846}
{"id":1956,"type":"info","level":2,"name":"stock-monitor","meta":{},"content":"发送股票数据到: http://felinus.gnway.cc:8000/stock","timestamp":1773765181847}
{"id":1957,"type":"info","level":2,"name":"stock-monitor","meta":{},"content":"发送数据: { unitPrice: \u001b[33m0.0166\u001b[39m, totalStock: \u001b[33m7992\u001b[39m, personalStock: \u001b[33m0\u001b[39m, totalMoney: \u001b[33m132.3887\u001b[39m, personalMoney: \u001b[33m0\u001b[39m }","timestamp":1773765181847}
{"id":1958,"type":"info","level":2,"name":"stock-monitor","meta":{},"content":"请求方法: POST","timestamp":1773765181847}
{"id":1959,"type":"info","level":2,"name":"stock-monitor","meta":{},"content":"发送成功: { success: \u001b[33mtrue\u001b[39m, message: \u001b[32m'股票数据接收成功'\u001b[39m, diskId: \u001b[33m63\u001b[39m, timestamp: \u001b[32m'2026-03-17T16:33:01.912Z'\u001b[39m }","timestamp":1773765181932}
{"id":1961,"type":"info","level":2,"name":"stock-monitor","meta":{},"content":"收到股票更新事件","timestamp":1773765302889}
{"id":1962,"type":"info","level":2,"name":"stock-monitor","meta":{},"content":"发送股票数据到: http://felinus.gnway.cc:8000/stock","timestamp":1773765302890}
{"id":1963,"type":"info","level":2,"name":"stock-monitor","meta":{},"content":"发送数据: { unitPrice: \u001b[33m0.1392\u001b[39m, totalStock: \u001b[33m7992\u001b[39m, personalStock: \u001b[33m0\u001b[39m, totalMoney: \u001b[33m1112.3887\u001b[39m, personalMoney: \u001b[33m0\u001b[39m }","timestamp":1773765302891}
{"id":1964,"type":"info","level":2,"name":"stock-monitor","meta":{},"content":"请求方法: POST","timestamp":1773765302891}
{"id":1965,"type":"info","level":2,"name":"stock-monitor","meta":{},"content":"发送成功: { success: \u001b[33mtrue\u001b[39m, message: \u001b[32m'股票数据接收成功'\u001b[39m, diskId: \u001b[33m63\u001b[39m, timestamp: \u001b[32m'2026-03-17T16:35:02.943Z'\u001b[39m }","timestamp":1773765302963}
{"id":1967,"type":"info","level":2,"name":"stock-monitor","meta":{},"content":"收到股票更新事件","timestamp":1773765421973}
{"id":1968,"type":"info","level":2,"name":"stock-monitor","meta":{},"content":"发送股票数据到: http://felinus.gnway.cc:8000/stock","timestamp":1773765421974}
{"id":1969,"type":"info","level":2,"name":"stock-monitor","meta":{},"content":"发送数据: { unitPrice: \u001b[33m0.2074\u001b[39m, totalStock: \u001b[33m8192\u001b[39m, personalStock: \u001b[33m0\u001b[39m, totalMoney: \u001b[33m1698.9371\u001b[39m, personalMoney: \u001b[33m0\u001b[39m }","timestamp":1773765421974}
{"id":1970,"type":"info","level":2,"name":"stock-monitor","meta":{},"content":"请求方法: POST","timestamp":1773765421974}
{"id":1971,"type":"info","level":2,"name":"stock-monitor","meta":{},"content":"发送成功: { success: \u001b[33mtrue\u001b[39m, message: \u001b[32m'股票数据接收成功'\u001b[39m, diskId: \u001b[33m63\u001b[39m, timestamp: \u001b[32m'2026-03-17T16:37:02.029Z'\u001b[39m }","timestamp":1773765422049}
{"id":1981,"type":"info","level":2,"name":"stock-monitor","meta":{},"content":"收到股票更新事件","timestamp":1773765520906}
{"id":1982,"type":"info","level":2,"name":"stock-monitor","meta":{},"content":"发送股票数据到: http://felinus.gnway.cc:8000/stock","timestamp":1773765520907}
{"id":1983,"type":"info","level":2,"name":"stock-monitor","meta":{},"content":"发送数据: { unitPrice: \u001b[33m0.2074\u001b[39m, totalStock: \u001b[33m1002\u001b[39m, personalStock: \u001b[33m0\u001b[39m, totalMoney: \u001b[33m207.8046\u001b[39m, personalMoney: \u001b[33m0\u001b[39m }","timestamp":1773765520907}
{"id":1984,"type":"info","level":2,"name":"stock-monitor","meta":{},"content":"请求方法: POST","timestamp":1773765520908}
{"id":1985,"type":"info","level":2,"name":"stock-monitor","meta":{},"content":"发送成功: { success: \u001b[33mtrue\u001b[39m, message: \u001b[32m'股票数据接收成功'\u001b[39m, diskId: \u001b[33m63\u001b[39m, timestamp: \u001b[32m'2026-03-17T16:38:40.972Z'\u001b[39m }","timestamp":1773765520991}
{"id":1987,"type":"info","level":2,"name":"stock-monitor","meta":{},"content":"收到股票更新事件","timestamp":1773765543236}
{"id":1988,"type":"info","level":2,"name":"stock-monitor","meta":{},"content":"发送股票数据到: http://felinus.gnway.cc:8000/stock","timestamp":1773765543236}
{"id":1989,"type":"info","level":2,"name":"stock-monitor","meta":{},"content":"发送数据: { unitPrice: \u001b[33m0.3025\u001b[39m, totalStock: \u001b[33m1051\u001b[39m, personalStock: \u001b[33m0\u001b[39m, totalMoney: \u001b[33m317.9667\u001b[39m, personalMoney: \u001b[33m0\u001b[39m }","timestamp":1773765543236}
{"id":1990,"type":"info","level":2,"name":"stock-monitor","meta":{},"content":"请求方法: POST","timestamp":1773765543236}
{"id":1991,"type":"info","level":2,"name":"stock-monitor","meta":{},"content":"发送成功: { success: \u001b[33mtrue\u001b[39m, message: \u001b[32m'股票数据接收成功'\u001b[39m, diskId: \u001b[33m63\u001b[39m, timestamp: \u001b[32m'2026-03-17T16:39:03.288Z'\u001b[39m }","timestamp":1773765543309}
{"id":1993,"type":"info","level":2,"name":"stock-monitor","meta":{},"content":"收到股票更新事件","timestamp":1773765662960}
{"id":1994,"type":"info","level":2,"name":"stock-monitor","meta":{},"content":"发送股票数据到: http://felinus.gnway.cc:8000/stock","timestamp":1773765662961}
{"id":1995,"type":"info","level":2,"name":"stock-monitor","meta":{},"content":"发送数据: { unitPrice: \u001b[33m0.4639\u001b[39m, totalStock: \u001b[33m3223\u001b[39m, personalStock: \u001b[33m0\u001b[39m, totalMoney: \u001b[33m1495.0776\u001b[39m, personalMoney: \u001b[33m0\u001b[39m }","timestamp":1773765662961}
{"id":1996,"type":"info","level":2,"name":"stock-monitor","meta":{},"content":"请求方法: POST","timestamp":1773765662961}
{"id":1997,"type":"info","level":2,"name":"stock-monitor","meta":{},"content":"发送成功: { success: \u001b[33mtrue\u001b[39m, message: \u001b[32m'股票数据接收成功'\u001b[39m, diskId: \u001b[33m63\u001b[39m, timestamp: \u001b[32m'2026-03-17T16:41:03.016Z'\u001b[39m }","timestamp":1773765663034}
{"id":1999,"type":"info","level":2,"name":"stock-monitor","meta":{},"content":"收到股票更新事件","timestamp":1773765783999}
{"id":2000,"type":"info","level":2,"name":"stock-monitor","meta":{},"content":"发送股票数据到: http://felinus.gnway.cc:8000/stock","timestamp":1773765784000}
{"id":2001,"type":"info","level":2,"name":"stock-monitor","meta":{},"content":"发送数据: { unitPrice: \u001b[33m0.0417\u001b[39m, totalStock: \u001b[33m3224\u001b[39m, personalStock: \u001b[33m0\u001b[39m, totalMoney: \u001b[33m134.5987\u001b[39m, personalMoney: \u001b[33m0\u001b[39m }","timestamp":1773765784000}
{"id":2002,"type":"info","level":2,"name":"stock-monitor","meta":{},"content":"请求方法: POST","timestamp":1773765784001}
{"id":2003,"type":"info","level":2,"name":"stock-monitor","meta":{},"content":"发送成功: { success: \u001b[33mtrue\u001b[39m, message: \u001b[32m'股票数据接收成功'\u001b[39m, diskId: \u001b[33m63\u001b[39m, timestamp: \u001b[32m'2026-03-17T16:43:04.063Z'\u001b[39m }","timestamp":1773765784083}
{"id":2005,"type":"info","level":2,"name":"stock-monitor","meta":{},"content":"收到股票更新事件","timestamp":1773765903268}
{"id":2006,"type":"info","level":2,"name":"stock-monitor","meta":{},"content":"发送股票数据到: http://felinus.gnway.cc:8000/stock","timestamp":1773765903269}
{"id":2007,"type":"info","level":2,"name":"stock-monitor","meta":{},"content":"发送数据: { unitPrice: \u001b[33m1\u001b[39m, totalStock: \u001b[33m1000\u001b[39m, personalStock: \u001b[33m0\u001b[39m, totalMoney: \u001b[33m1000\u001b[39m, personalMoney: \u001b[33m0\u001b[39m }","timestamp":1773765903269}
{"id":2008,"type":"info","level":2,"name":"stock-monitor","meta":{},"content":"请求方法: POST","timestamp":1773765903269}
{"id":2009,"type":"info","level":2,"name":"stock-monitor","meta":{},"content":"发送成功: { success: \u001b[33mtrue\u001b[39m, message: \u001b[32m'崩盘，新盘已创建'\u001b[39m, diskId: \u001b[33m64\u001b[39m, timestamp: \u001b[32m'2026-03-17T16:45:03.327Z'\u001b[39m }","timestamp":1773765903347}
{"id":2011,"type":"info","level":2,"name":"stock-monitor","meta":{},"content":"收到股票更新事件","timestamp":1773766022809}
{"id":2012,"type":"info","level":2,"name":"stock-monitor","meta":{},"content":"发送股票数据到: http://felinus.gnway.cc:8000/stock","timestamp":1773766022809}
{"id":2013,"type":"info","level":2,"name":"stock-monitor","meta":{},"content":"发送数据: { unitPrice: \u001b[33m0.86\u001b[39m, totalStock: \u001b[33m1117\u001b[39m, personalStock: \u001b[33m0\u001b[39m, totalMoney: \u001b[33m960.62\u001b[39m, personalMoney: \u001b[33m0\u001b[39m }","timestamp":1773766022809}
{"id":2014,"type":"info","level":2,"name":"stock-monitor","meta":{},"content":"请求方法: POST","timestamp":1773766022810}
{"id":2015,"type":"info","level":2,"name":"stock-monitor","meta":{},"content":"发送成功: { success: \u001b[33mtrue\u001b[39m, message: \u001b[32m'股票数据接收成功'\u001b[39m, diskId: \u001b[33m64\u001b[39m, timestamp: \u001b[32m'2026-03-17T16:47:02.864Z'\u001b[39m }","timestamp":1773766022885}
{"id":2017,"type":"info","level":2,"name":"stock-monitor","meta":{},"content":"收到股票更新事件","timestamp":1773766143040}
{"id":2018,"type":"info","level":2,"name":"stock-monitor","meta":{},"content":"发送股票数据到: http://felinus.gnway.cc:8000/stock","timestamp":1773766143040}
{"id":2019,"type":"info","level":2,"name":"stock-monitor","meta":{},"content":"发送数据: { unitPrice: \u001b[33m0.1405\u001b[39m, totalStock: \u001b[33m1098\u001b[39m, personalStock: \u001b[33m0\u001b[39m, totalMoney: \u001b[33m154.28\u001b[39m, personalMoney: \u001b[33m0\u001b[39m }","timestamp":1773766143040}
{"id":2020,"type":"info","level":2,"name":"stock-monitor","meta":{},"content":"请求方法: POST","timestamp":1773766143041}
{"id":2021,"type":"info","level":2,"name":"stock-monitor","meta":{},"content":"发送成功: { success: \u001b[33mtrue\u001b[39m, message: \u001b[32m'股票数据接收成功'\u001b[39m, diskId: \u001b[33m64\u001b[39m, timestamp: \u001b[32m'2026-03-17T16:49:03.106Z'\u001b[39m }","timestamp":1773766143125}
{"id":2032,"type":"info","level":2,"name":"stock-monitor","meta":{},"content":"收到股票更新事件","timestamp":1773766266015}
{"id":2033,"type":"info","level":2,"name":"stock-monitor","meta":{},"content":"发送股票数据到: http://felinus.gnway.cc:8000/stock","timestamp":1773766266015}
{"id":2034,"type":"info","level":2,"name":"stock-monitor","meta":{},"content":"发送数据: { unitPrice: \u001b[33m0.2585\u001b[39m, totalStock: \u001b[33m41806\u001b[39m, personalStock: \u001b[33m0\u001b[39m, totalMoney: \u001b[33m10808.4578\u001b[39m, personalMoney: \u001b[33m0\u001b[39m }","timestamp":1773766266015}
{"id":2035,"type":"info","level":2,"name":"stock-monitor","meta":{},"content":"请求方法: POST","timestamp":1773766266016}
{"id":2036,"type":"info","level":2,"name":"stock-monitor","meta":{},"content":"发送成功: { success: \u001b[33mtrue\u001b[39m, message: \u001b[32m'股票数据接收成功'\u001b[39m, diskId: \u001b[33m64\u001b[39m, timestamp: \u001b[32m'2026-03-17T16:51:06.079Z'\u001b[39m }","timestamp":1773766266097}
{"id":2037,"type":"info","level":2,"name":"stock-monitor","meta":{},"content":"收到股票更新事件","timestamp":1773766358113}
{"id":2038,"type":"info","level":2,"name":"stock-monitor","meta":{},"content":"发送股票数据到: http://felinus.gnway.cc:8000/stock","timestamp":1773766358114}
{"id":2039,"type":"info","level":2,"name":"stock-monitor","meta":{},"content":"发送数据: { unitPrice: \u001b[33m0.2585\u001b[39m, totalStock: \u001b[33m3315\u001b[39m, personalStock: \u001b[33m0\u001b[39m, totalMoney: \u001b[33m857.0549\u001b[39m, personalMoney: \u001b[33m0\u001b[39m }","timestamp":1773766358114}
{"id":2040,"type":"info","level":2,"name":"stock-monitor","meta":{},"content":"请求方法: POST","timestamp":1773766358115}
{"id":2041,"type":"info","level":2,"name":"stock-monitor","meta":{},"content":"发送成功: { success: \u001b[33mtrue\u001b[39m, message: \u001b[32m'股票数据接收成功'\u001b[39m, diskId: \u001b[33m64\u001b[39m, timestamp: \u001b[32m'2026-03-17T16:52:38.167Z'\u001b[39m }","timestamp":1773766358186}
{"id":2049,"type":"info","level":2,"name":"stock-monitor","meta":{},"content":"收到股票更新事件","timestamp":1773766383400}
{"id":2050,"type":"info","level":2,"name":"stock-monitor","meta":{},"content":"发送股票数据到: http://felinus.gnway.cc:8000/stock","timestamp":1773766383400}
{"id":2051,"type":"info","level":2,"name":"stock-monitor","meta":{},"content":"发送数据: { unitPrice: \u001b[33m0.3309\u001b[39m, totalStock: \u001b[33m3315\u001b[39m, personalStock: \u001b[33m0\u001b[39m, totalMoney: \u001b[33m1097.0549\u001b[39m, personalMoney: \u001b[33m0\u001b[39m }","timestamp":1773766383400}
{"id":2052,"type":"info","level":2,"name":"stock-monitor","meta":{},"content":"请求方法: POST","timestamp":1773766383401}
{"id":2053,"type":"info","level":2,"name":"stock-monitor","meta":{},"content":"发送成功: { success: \u001b[33mtrue\u001b[39m, message: \u001b[32m'股票数据接收成功'\u001b[39m, diskId: \u001b[33m64\u001b[39m, timestamp: \u001b[32m'2026-03-17T16:53:03.457Z'\u001b[39m }","timestamp":1773766383475}
{"id":2061,"type":"info","level":2,"name":"stock-monitor","meta":{},"content":"收到股票更新事件","timestamp":1773766504435}
{"id":2062,"type":"info","level":2,"name":"stock-monitor","meta":{},"content":"发送股票数据到: http://felinus.gnway.cc:8000/stock","timestamp":1773766504435}
{"id":2063,"type":"info","level":2,"name":"stock-monitor","meta":{},"content":"发送数据: { unitPrice: \u001b[33m0.6315\u001b[39m, totalStock: \u001b[33m1098\u001b[39m, personalStock: \u001b[33m0\u001b[39m, totalMoney: \u001b[33m693.3684\u001b[39m, personalMoney: \u001b[33m0\u001b[39m }","timestamp":1773766504437}
{"id":2064,"type":"info","level":2,"name":"stock-monitor","meta":{},"content":"请求方法: POST","timestamp":1773766504437}
{"id":2065,"type":"info","level":2,"name":"stock-monitor","meta":{},"content":"发送成功: { success: \u001b[33mtrue\u001b[39m, message: \u001b[32m'股票数据接收成功'\u001b[39m, diskId: \u001b[33m64\u001b[39m, timestamp: \u001b[32m'2026-03-17T16:55:04.508Z'\u001b[39m }","timestamp":1773766504528}
{"id":2067,"type":"info","level":2,"name":"stock-monitor","meta":{},"content":"收到股票更新事件","timestamp":1773766623525}
{"id":2068,"type":"info","level":2,"name":"stock-monitor","meta":{},"content":"发送股票数据到: http://felinus.gnway.cc:8000/stock","timestamp":1773766623526}
{"id":2069,"type":"info","level":2,"name":"stock-monitor","meta":{},"content":"发送数据: { unitPrice: \u001b[33m1\u001b[39m, totalStock: \u001b[33m1000\u001b[39m, personalStock: \u001b[33m0\u001b[39m, totalMoney: \u001b[33m1000\u001b[39m, personalMoney: \u001b[33m0\u001b[39m }","timestamp":1773766623526}
{"id":2070,"type":"info","level":2,"name":"stock-monitor","meta":{},"content":"请求方法: POST","timestamp":1773766623526}
{"id":2071,"type":"info","level":2,"name":"stock-monitor","meta":{},"content":"发送成功: { success: \u001b[33mtrue\u001b[39m, message: \u001b[32m'崩盘，新盘已创建'\u001b[39m, diskId: \u001b[33m65\u001b[39m, timestamp: \u001b[32m'2026-03-17T16:57:03.590Z'\u001b[39m }","timestamp":1773766623609}
{"id":2073,"type":"info","level":2,"name":"stock-monitor","meta":{},"content":"收到股票更新事件","timestamp":1773766743541}
{"id":2074,"type":"info","level":2,"name":"stock-monitor","meta":{},"content":"发送股票数据到: http://felinus.gnway.cc:8000/stock","timestamp":1773766743541}
{"id":2075,"type":"info","level":2,"name":"stock-monitor","meta":{},"content":"发送数据: { unitPrice: \u001b[33m0.72\u001b[39m, totalStock: \u001b[33m1010\u001b[39m, personalStock: \u001b[33m0\u001b[39m, totalMoney: \u001b[33m727.2\u001b[39m, personalMoney: \u001b[33m0\u001b[39m }","timestamp":1773766743541}
{"id":2076,"type":"info","level":2,"name":"stock-monitor","meta":{},"content":"请求方法: POST","timestamp":1773766743542}
{"id":2077,"type":"info","level":2,"name":"stock-monitor","meta":{},"content":"发送成功: { success: \u001b[33mtrue\u001b[39m, message: \u001b[32m'股票数据接收成功'\u001b[39m, diskId: \u001b[33m65\u001b[39m, timestamp: \u001b[32m'2026-03-17T16:59:03.595Z'\u001b[39m }","timestamp":1773766743615}
{"id":2079,"type":"info","level":2,"name":"stock-monitor","meta":{},"content":"收到股票更新事件","timestamp":1773766864172}
{"id":2080,"type":"info","level":2,"name":"stock-monitor","meta":{},"content":"发送股票数据到: http://felinus.gnway.cc:8000/stock","timestamp":1773766864172}
{"id":2081,"type":"info","level":2,"name":"stock-monitor","meta":{},"content":"发送数据: { unitPrice: \u001b[33m1.2312\u001b[39m, totalStock: \u001b[33m5002\u001b[39m, personalStock: \u001b[33m0\u001b[39m, totalMoney: \u001b[33m6158.4624\u001b[39m, personalMoney: \u001b[33m0\u001b[39m }","timestamp":1773766864172}
{"id":2082,"type":"info","level":2,"name":"stock-monitor","meta":{},"content":"请求方法: POST","timestamp":1773766864173}
{"id":2083,"type":"info","level":2,"name":"stock-monitor","meta":{},"content":"发送成功: { success: \u001b[33mtrue\u001b[39m, message: \u001b[32m'股票数据接收成功'\u001b[39m, diskId: \u001b[33m65\u001b[39m, timestamp: \u001b[32m'2026-03-17T17:01:04.241Z'\u001b[39m }","timestamp":1773766864260}
{"id":2085,"type":"info","level":2,"name":"stock-monitor","meta":{},"content":"收到股票更新事件","timestamp":1773766983482}
{"id":2086,"type":"info","level":2,"name":"stock-monitor","meta":{},"content":"发送股票数据到: http://felinus.gnway.cc:8000/stock","timestamp":1773766983483}
{"id":2087,"type":"info","level":2,"name":"stock-monitor","meta":{},"content":"发送数据: { unitPrice: \u001b[33m0.1847\u001b[39m, totalStock: \u001b[33m1204\u001b[39m, personalStock: \u001b[33m0\u001b[39m, totalMoney: \u001b[33m222.3547\u001b[39m, personalMoney: \u001b[33m0\u001b[39m }","timestamp":1773766983483}
{"id":2088,"type":"info","level":2,"name":"stock-monitor","meta":{},"content":"请求方法: POST","timestamp":1773766983484}
{"id":2089,"type":"info","level":2,"name":"stock-monitor","meta":{},"content":"发送成功: { success: \u001b[33mtrue\u001b[39m, message: \u001b[32m'股票数据接收成功'\u001b[39m, diskId: \u001b[33m65\u001b[39m, timestamp: \u001b[32m'2026-03-17T17:03:03.548Z'\u001b[39m }","timestamp":1773766983569}
{"id":2090,"type":"warn","level":2,"name":"DEV:adapter-iirose","meta":{},"content":"获取或转换图片失败: http://s.iirose.com/images/icon/cartoon/601433.jpg TypeError: terminated \u001b[90m    at Fetch.onAborted (node:internal/deps/undici/undici:11000:53)\u001b[39m \u001b[90m    at Fetch.emit (node:events:513:28)\u001b[39m \u001b[90m    at Fetch.terminate (node:internal/deps/undici/undici:10272:14)\u001b[39m \u001b[90m    at Object.onError (node:internal/deps/undici/undici:11095:36)\u001b[39m at Request.onError \u001b[90m(E:\\Desktop\\test\\koishiBot\\koishiBot\\\u001b[39mnode_modules\\\u001b[4mundici\u001b[24m\\lib\\core\\request.js:298:27\u001b[90m)\u001b[39m at Object.errorRequest \u001b[90m(E:\\Desktop\\test\\koishiBot\\koishiBot\\\u001b[39mnode_modules\\\u001b[4mundici\u001b[24m\\lib\\core\\util.js:560:13\u001b[90m)\u001b[39m at Socket.<anonymous> \u001b[90m(E:\\Desktop\\test\\koishiBot\\koishiBot\\\u001b[39mnode_modules\\\u001b[4mundici\u001b[24m\\lib\\dispatcher\\client-h1.js:716:12\u001b[90m)\u001b[39m \u001b[90m    at Socket.emit (node:events:525:35)\u001b[39m \u001b[90m    at TCP.<anonymous> (node:net:313:12)\u001b[39m { [cause]: BodyTimeoutError: Body Timeout Error at Timeout.onParserTimeout [as callback] \u001b[90m(E:\\Desktop\\test\\koishiBot\\koishiBot\\\u001b[39mnode_modules\\\u001b[4mundici\u001b[24m\\lib\\dispatcher\\client-h1.js:626:28\u001b[90m)\u001b[39m at Timeout.onTimeout [as _onTimeout] \u001b[90m(E:\\Desktop\\test\\koishiBot\\koishiBot\\\u001b[39mnode_modules\\\u001b[4mundici\u001b[24m\\lib\\util\\timers.js:20:13\u001b[90m)\u001b[39m \u001b[90m    at listOnTimeout (node:internal/timers:564:17)\u001b[39m \u001b[90m    at process.processTimers (node:internal/timers:507:7)\u001b[39m { code: \u001b[32m'UND_ERR_BODY_TIMEOUT'\u001b[39m } }","timestamp":1773767071865}
{"id":2092,"type":"info","level":2,"name":"stock-monitor","meta":{},"content":"收到股票更新事件","timestamp":1773767104800}
