{"id":1,"type":"info","level":2,"name":"app","meta":{},"content":"\u001b[38;5;15;1mKoishi/4.18.11\u001b[0m","timestamp":1773733215183}
{"id":2,"type":"info","level":2,"name":"loader","meta":{"paths":[]},"content":"apply plugin \u001b[38;5;45mgroup:entry\u001b[0m","timestamp":1773733215212}
{"id":3,"type":"info","level":2,"name":"loader","meta":{"paths":[]},"content":"apply plugin \u001b[38;5;45mgroup:server\u001b[0m","timestamp":1773733215213}
{"id":4,"type":"info","level":2,"name":"loader","meta":{"paths":[]},"content":"apply plugin \u001b[38;5;45mserver:qwahpd\u001b[0m","timestamp":1773733215214}
{"id":5,"type":"info","level":2,"name":"loader","meta":{"paths":[]},"content":"apply plugin \u001b[38;5;45mgroup:basic\u001b[0m","timestamp":1773733215815}
{"id":6,"type":"info","level":2,"name":"loader","meta":{"paths":[]},"content":"apply plugin \u001b[38;5;45mcommands:q4pd8h\u001b[0m","timestamp":1773733215816}
{"id":7,"type":"info","level":2,"name":"loader","meta":{"paths":[]},"content":"apply plugin \u001b[38;5;45mhelp:ncm4eq\u001b[0m","timestamp":1773733215834}
{"id":8,"type":"info","level":2,"name":"loader","meta":{"paths":[]},"content":"apply plugin \u001b[38;5;45mhttp:jtb3z8\u001b[0m","timestamp":1773733215850}
{"id":9,"type":"info","level":2,"name":"loader","meta":{"paths":[]},"content":"apply plugin \u001b[38;5;45mlocales:hdsaoj\u001b[0m","timestamp":1773733215864}
{"id":10,"type":"info","level":2,"name":"loader","meta":{"paths":[]},"content":"apply plugin \u001b[38;5;45mproxy-agent:yp8plh\u001b[0m","timestamp":1773733215902}
{"id":11,"type":"info","level":2,"name":"loader","meta":{"paths":[]},"content":"apply plugin \u001b[38;5;45mrate-limit:8jburr\u001b[0m","timestamp":1773733216090}
{"id":12,"type":"info","level":2,"name":"loader","meta":{"paths":[]},"content":"apply plugin \u001b[38;5;45mtelemetry:3kqtr7\u001b[0m","timestamp":1773733216112}
{"id":13,"type":"info","level":2,"name":"loader","meta":{"paths":[]},"content":"apply plugin \u001b[38;5;45mgroup:console\u001b[0m","timestamp":1773733216206}
{"id":14,"type":"info","level":2,"name":"loader","meta":{"paths":[]},"content":"apply plugin \u001b[38;5;45mactions:u6i962\u001b[0m","timestamp":1773733216207}
{"id":15,"type":"info","level":2,"name":"loader","meta":{"paths":[]},"content":"apply plugin \u001b[38;5;45manalytics:2zoul1\u001b[0m","timestamp":1773733216224}
{"id":16,"type":"info","level":2,"name":"loader","meta":{"paths":[]},"content":"apply plugin \u001b[38;5;45mconfig:v8j4hz\u001b[0m","timestamp":1773733216248}
{"id":17,"type":"info","level":2,"name":"loader","meta":{"paths":[]},"content":"apply plugin \u001b[38;5;45mconsole:fyi3k1\u001b[0m","timestamp":1773733216372}
{"id":18,"type":"info","level":2,"name":"loader","meta":{"paths":[]},"content":"apply plugin \u001b[38;5;45mdataview:ip5q7k\u001b[0m","timestamp":1773733216416}
{"id":19,"type":"info","level":2,"name":"loader","meta":{"paths":[]},"content":"apply plugin \u001b[38;5;45mexplorer:id9max\u001b[0m","timestamp":1773733216445}
{"id":20,"type":"info","level":2,"name":"loader","meta":{"paths":[]},"content":"apply plugin \u001b[38;5;45mlogger:ykrpwv\u001b[0m","timestamp":1773733216499}
{"id":21,"type":"info","level":2,"name":"loader","meta":{"paths":[]},"content":"apply plugin \u001b[38;5;45minsight:w9xabz\u001b[0m","timestamp":1773733216527}
{"id":22,"type":"info","level":2,"name":"loader","meta":{"paths":[]},"content":"apply plugin \u001b[38;5;45mmarket:jamra7\u001b[0m","timestamp":1773733216556}
{"id":23,"type":"info","level":2,"name":"loader","meta":{"paths":[]},"content":"apply plugin \u001b[38;5;45mnotifier:h2b0ys\u001b[0m","timestamp":1773733216715}
{"id":24,"type":"info","level":2,"name":"loader","meta":{"paths":[]},"content":"apply plugin \u001b[38;5;45moobe:ctdb4p\u001b[0m","timestamp":1773733216734}
{"id":25,"type":"info","level":2,"name":"loader","meta":{"paths":[]},"content":"apply plugin \u001b[38;5;45msandbox:7xwb4h\u001b[0m","timestamp":1773733216755}
{"id":26,"type":"info","level":2,"name":"loader","meta":{"paths":[]},"content":"apply plugin \u001b[38;5;45mstatus:waqviw\u001b[0m","timestamp":1773733216792}
{"id":27,"type":"info","level":2,"name":"loader","meta":{"paths":[]},"content":"apply plugin \u001b[38;5;45mtheme-vanilla:t9fcu1\u001b[0m","timestamp":1773733216863}
{"id":28,"type":"info","level":2,"name":"loader","meta":{"paths":[]},"content":"apply plugin \u001b[38;5;45mgroup:storage\u001b[0m","timestamp":1773733216885}
{"id":29,"type":"info","level":2,"name":"loader","meta":{"paths":[]},"content":"apply plugin \u001b[38;5;45mdatabase-sqlite:00uj7j\u001b[0m","timestamp":1773733216886}
{"id":30,"type":"info","level":2,"name":"loader","meta":{"paths":[]},"content":"apply plugin \u001b[38;5;45massets-local:bteaiw\u001b[0m","timestamp":1773733216941}
{"id":31,"type":"info","level":2,"name":"loader","meta":{"paths":[]},"content":"apply plugin \u001b[38;5;45mgroup:adapter\u001b[0m","timestamp":1773733216982}
{"id":32,"type":"info","level":2,"name":"loader","meta":{"paths":[]},"content":"apply plugin \u001b[38;5;45mgroup:develop\u001b[0m","timestamp":1773733216983}
{"id":33,"type":"info","level":2,"name":"loader","meta":{"paths":[]},"content":"apply plugin \u001b[38;5;45mhmr:e8pbr7\u001b[0m","timestamp":1773733216983}
{"id":34,"type":"info","level":2,"name":"assets","meta":{"paths":["bteaiw"]},"content":"missing config \"selfUrl\", fallback to \"file:\" scheme","timestamp":1773733217182}
{"id":35,"type":"info","level":2,"name":"server","meta":{"paths":["qwahpd"]},"content":"server listening at \u001b[38;5;57mhttp://127.0.0.1:5140\u001b[0m","timestamp":1773733217471}
{"id":50,"type":"info","level":2,"name":"console","meta":{"paths":["fyi3k1"]},"content":"webui is available at \u001b[38;5;166mhttp://127.0.0.1:5140\u001b[0m","timestamp":1773733218531}
{"id":69,"type":"info","level":2,"name":"loader","meta":{"paths":[]},"content":"apply plugin \u001b[38;5;45madapter-iirose:m2atf0\u001b[0m","timestamp":1773733265405}
{"id":80,"type":"info","level":2,"name":"adapter-iirose","meta":{"paths":["m2atf0"]},"content":"[69b3b31f61f35] 找到可用服务器: wss://m8.iirose.com:8778, 延迟: 541ms","timestamp":1773733267119}
{"id":81,"type":"info","level":2,"name":"adapter-iirose","meta":{"paths":["m2atf0"]},"content":"[69b3b31f61f35] 正在登录中...","timestamp":1773733268963}
{"id":82,"type":"info","level":2,"name":"adapter-iirose","meta":{"paths":["m2atf0"]},"content":"[69b3b31f61f35] [69b3b31f61f35] 登陆成功：欢迎回来，小冰股票！","timestamp":1773733272530}
{"id":83,"type":"error","level":1,"name":"app","meta":{},"content":"cannot resolve plugin \"stock-monitor\"","timestamp":1773733294854}
{"id":84,"type":"info","level":2,"name":"loader","meta":{"paths":[]},"content":"apply plugin \u001b[38;5;45mstock-monitor:szmfge\u001b[0m","timestamp":1773733298525}
{"id":85,"type":"error","level":1,"name":"app","meta":{},"content":"cannot resolve plugin \"stock-monitor\"","timestamp":1773733298546}
{"id":86,"type":"info","level":2,"name":"loader","meta":{"paths":[]},"content":"apply plugin \u001b[38;5;45mstock-monitor:szmfge\u001b[0m","timestamp":1773733300927}
{"id":87,"type":"error","level":1,"name":"app","meta":{},"content":"cannot resolve plugin \"stock-monitor\"","timestamp":1773733300947}
{"id":90,"type":"info","level":2,"name":"loader","meta":{"paths":[]},"content":"apply plugin \u001b[38;5;45mstock-monitor:szmfge\u001b[0m","timestamp":1773733470537}
{"id":91,"type":"error","level":1,"name":"app","meta":{},"content":"cannot resolve plugin \"stock-monitor\"","timestamp":1773733470556}
{"id":98,"type":"info","level":2,"name":"loader","meta":{"paths":[]},"content":"apply plugin \u001b[38;5;45mstock-monitor:szmfge\u001b[0m","timestamp":1773733746345}
{"id":99,"type":"error","level":1,"name":"app","meta":{},"content":"cannot resolve plugin \"stock-monitor\"","timestamp":1773733746364}
{"id":101,"type":"info","level":2,"name":"loader","meta":{"paths":[]},"content":"apply plugin \u001b[38;5;45mstock-monitor:szmfge\u001b[0m","timestamp":1773733805047}
{"id":102,"type":"error","level":1,"name":"app","meta":{},"content":"cannot resolve plugin \"stock-monitor\"","timestamp":1773733805067}
{"id":113,"type":"warn","level":2,"name":"DEV:adapter-iirose","meta":{},"content":"获取或转换图片失败: http://s.iirose.com/images/icon/cartoon/601433.jpg TypeError: terminated \u001b[90m    at Fetch.onAborted (node:internal/deps/undici/undici:11000:53)\u001b[39m \u001b[90m    at Fetch.emit (node:events:513:28)\u001b[39m \u001b[90m    at Fetch.terminate (node:internal/deps/undici/undici:10272:14)\u001b[39m \u001b[90m    at Object.onError (node:internal/deps/undici/undici:11095:36)\u001b[39m at Request.onError \u001b[90m(E:\\Desktop\\test\\koishiBot\\koishiBot\\\u001b[39mnode_modules\\\u001b[4mundici\u001b[24m\\lib\\core\\request.js:298:27\u001b[90m)\u001b[39m at Object.errorRequest \u001b[90m(E:\\Desktop\\test\\koishiBot\\koishiBot\\\u001b[39mnode_modules\\\u001b[4mundici\u001b[24m\\lib\\core\\util.js:560:13\u001b[90m)\u001b[39m at Socket.<anonymous> \u001b[90m(E:\\Desktop\\test\\koishiBot\\koishiBot\\\u001b[39mnode_modules\\\u001b[4mundici\u001b[24m\\lib\\dispatcher\\client-h1.js:716:12\u001b[90m)\u001b[39m \u001b[90m    at Socket.emit (node:events:525:35)\u001b[39m \u001b[90m    at TCP.<anonymous> (node:net:313:12)\u001b[39m { [cause]: BodyTimeoutError: Body Timeout Error at Timeout.onParserTimeout [as callback] \u001b[90m(E:\\Desktop\\test\\koishiBot\\koishiBot\\\u001b[39mnode_modules\\\u001b[4mundici\u001b[24m\\lib\\dispatcher\\client-h1.js:626:28\u001b[90m)\u001b[39m at Timeout.onTimeout [as _onTimeout] \u001b[90m(E:\\Desktop\\test\\koishiBot\\koishiBot\\\u001b[39mnode_modules\\\u001b[4mundici\u001b[24m\\lib\\util\\timers.js:20:13\u001b[90m)\u001b[39m \u001b[90m    at listOnTimeout (node:internal/timers:564:17)\u001b[39m \u001b[90m    at process.processTimers (node:internal/timers:507:7)\u001b[39m { code: \u001b[32m'UND_ERR_BODY_TIMEOUT'\u001b[39m } }","timestamp":1773734332335}
{"id":175,"type":"info","level":2,"name":"loader","meta":{"paths":[]},"content":"apply plugin \u001b[38;5;45mstock-monitor:szmfge\u001b[0m","timestamp":1773734469441}
{"id":176,"type":"error","level":1,"name":"app","meta":{},"content":"cannot resolve plugin \"stock-monitor\"","timestamp":1773734469459}
{"id":177,"type":"info","level":2,"name":"loader","meta":{"paths":[]},"content":"apply plugin \u001b[38;5;45m./external/iirosestock:szmfge\u001b[0m","timestamp":1773734469459}
{"id":178,"type":"info","level":2,"name":"stock-monitor","meta":{},"content":"插件已启动","timestamp":1773734469597}
{"id":179,"type":"info","level":2,"name":"stock-monitor","meta":{},"content":"API 地址: http://localhost:3000/api/stock","timestamp":1773734469597}
{"id":183,"type":"info","level":2,"name":"stock-monitor","meta":{},"content":"收到股票更新事件","timestamp":1773734529949}
{"id":184,"type":"info","level":2,"name":"stock-monitor","meta":{},"content":"发送股票数据到: http://localhost:3000/api/stock","timestamp":1773734529950}
{"id":185,"type":"info","level":2,"name":"stock-monitor","meta":{},"content":"发送数据: { unitPrice: \u001b[33m0.4273\u001b[39m, totalStock: \u001b[33m11609\u001b[39m, personalStock: \u001b[33m0\u001b[39m, totalMoney: \u001b[33m4960.6409\u001b[39m, personalMoney: \u001b[33m0\u001b[39m }","timestamp":1773734529950}
{"id":186,"type":"info","level":2,"name":"stock-monitor","meta":{},"content":"请求方法: POST","timestamp":1773734529951}
{"id":187,"type":"warn","level":2,"name":"stock-monitor","meta":{},"content":"发送失败 (尝试 1/4)","timestamp":1773734529959}
{"id":188,"type":"error","level":1,"name":"stock-monitor","meta":{},"content":"错误信息: HTTPError: Not Found at [cordis.invoke] \u001b[90m(E:\\Desktop\\test\\koishiBot\\koishiBot\\\u001b[39mnode_modules\\\u001b[4m@cordisjs\u001b[24m\\plugin-http\\lib\\index.cjs:340:23\u001b[90m)\u001b[39m \u001b[90m    at process.processTicksAndRejections (node:internal/process/task_queues:95:5)\u001b[39m at async Proxy.<anonymous> \u001b[90m(E:\\Desktop\\test\\koishiBot\\koishiBot\\\u001b[39mnode_modules\\\u001b[4m@cordisjs\u001b[24m\\plugin-http\\lib\\index.cjs:184:26\u001b[90m)\u001b[39m at sendStockData (e:\\Desktop\\test\\koishiBot\\koishiBot\\external\\iirosestock\\index.js:64:17) at <anonymous> (e:\\Desktop\\test\\koishiBot\\koishiBot\\external\\iirosestock\\index.js:110:5) { response: { data: { success: \u001b[33mfalse\u001b[39m, message: \u001b[32m'接口不存在'\u001b[39m }, url: \u001b[32m'http://localhost:3000/api/stock'\u001b[39m, status: \u001b[33m404\u001b[39m, statusText: \u001b[32m'Not Found'\u001b[39m, headers: HeadersList { [\u001b[32mSymbol(headers map)\u001b[39m]: Map(8) { \u001b[32m'x-powered-by'\u001b[39m => \u001b[32m'Express'\u001b[39m, \u001b[32m'access-control-allow-origin'\u001b[39m => \u001b[32m'*'\u001b[39m, \u001b[32m'content-type'\u001b[39m => \u001b[32m'application/json; charset=utf-8'\u001b[39m, \u001b[32m'content-length'\u001b[39m => \u001b[32m'45'\u001b[39m, \u001b[32m'etag'\u001b[39m => \u001b[32m'W/\"2d-VHnSYcQmPG9Y4Yc4YgJrZkeIJgc\"'\u001b[39m, \u001b[32m'date'\u001b[39m => \u001b[32m'Tue, 17 Mar 2026 08:02:09 GMT'\u001b[39m, \u001b[32m'connection'\u001b[39m => \u001b[32m'keep-alive'\u001b[39m, \u001b[32m'keep-alive'\u001b[39m => \u001b[32m'timeout=5'\u001b[39m }, [\u001b[32mSymbol(headers map sorted)\u001b[39m]: \u001b[1mnull\u001b[22m } }, code: \u001b[90mundefined\u001b[39m, [\u001b[32mSymbol(cordis.http.error)\u001b[39m]: \u001b[33mtrue\u001b[39m }","timestamp":1773734529959}
{"id":189,"type":"info","level":2,"name":"stock-monitor","meta":{},"content":"发送股票数据到: http://localhost:3000/api/stock","timestamp":1773734530967}
{"id":190,"type":"info","level":2,"name":"stock-monitor","meta":{},"content":"发送数据: { unitPrice: \u001b[33m0.4273\u001b[39m, totalStock: \u001b[33m11609\u001b[39m, personalStock: \u001b[33m0\u001b[39m, totalMoney: \u001b[33m4960.6409\u001b[39m, personalMoney: \u001b[33m0\u001b[39m }","timestamp":1773734530968}
{"id":191,"type":"info","level":2,"name":"stock-monitor","meta":{},"content":"请求方法: POST","timestamp":1773734530969}
{"id":192,"type":"warn","level":2,"name":"stock-monitor","meta":{},"content":"发送失败 (尝试 2/4)","timestamp":1773734530973}
{"id":193,"type":"error","level":1,"name":"stock-monitor","meta":{},"content":"错误信息: HTTPError: Not Found at [cordis.invoke] \u001b[90m(E:\\Desktop\\test\\koishiBot\\koishiBot\\\u001b[39mnode_modules\\\u001b[4m@cordisjs\u001b[24m\\plugin-http\\lib\\index.cjs:340:23\u001b[90m)\u001b[39m \u001b[90m    at process.processTicksAndRejections (node:internal/process/task_queues:95:5)\u001b[39m at async Proxy.<anonymous> \u001b[90m(E:\\Desktop\\test\\koishiBot\\koishiBot\\\u001b[39mnode_modules\\\u001b[4m@cordisjs\u001b[24m\\plugin-http\\lib\\index.cjs:184:26\u001b[90m)\u001b[39m at sendStockData (e:\\Desktop\\test\\koishiBot\\koishiBot\\external\\iirosestock\\index.js:64:17) at <anonymous> (e:\\Desktop\\test\\koishiBot\\koishiBot\\external\\iirosestock\\index.js:110:5) { response: { data: { success: \u001b[33mfalse\u001b[39m, message: \u001b[32m'接口不存在'\u001b[39m }, url: \u001b[32m'http://localhost:3000/api/stock'\u001b[39m, status: \u001b[33m404\u001b[39m, statusText: \u001b[32m'Not Found'\u001b[39m, headers: HeadersList { [\u001b[32mSymbol(headers map)\u001b[39m]: Map(8) { \u001b[32m'x-powered-by'\u001b[39m => \u001b[32m'Express'\u001b[39m, \u001b[32m'access-control-allow-origin'\u001b[39m => \u001b[32m'*'\u001b[39m, \u001b[32m'content-type'\u001b[39m => \u001b[32m'application/json; charset=utf-8'\u001b[39m, \u001b[32m'content-length'\u001b[39m => \u001b[32m'45'\u001b[39m, \u001b[32m'etag'\u001b[39m => \u001b[32m'W/\"2d-VHnSYcQmPG9Y4Yc4YgJrZkeIJgc\"'\u001b[39m, \u001b[32m'date'\u001b[39m => \u001b[32m'Tue, 17 Mar 2026 08:02:10 GMT'\u001b[39m, \u001b[32m'connection'\u001b[39m => \u001b[32m'keep-alive'\u001b[39m, \u001b[32m'keep-alive'\u001b[39m => \u001b[32m'timeout=5'\u001b[39m }, [\u001b[32mSymbol(headers map sorted)\u001b[39m]: \u001b[1mnull\u001b[22m } }, code: \u001b[90mundefined\u001b[39m, [\u001b[32mSymbol(cordis.http.error)\u001b[39m]: \u001b[33mtrue\u001b[39m }","timestamp":1773734530973}
{"id":195,"type":"info","level":2,"name":"stock-monitor","meta":{},"content":"发送股票数据到: http://localhost:3000/api/stock","timestamp":1773734531989}
{"id":196,"type":"info","level":2,"name":"stock-monitor","meta":{},"content":"发送数据: { unitPrice: \u001b[33m0.4273\u001b[39m, totalStock: \u001b[33m11609\u001b[39m, personalStock: \u001b[33m0\u001b[39m, totalMoney: \u001b[33m4960.6409\u001b[39m, personalMoney: \u001b[33m0\u001b[39m }","timestamp":1773734531990}
{"id":197,"type":"info","level":2,"name":"stock-monitor","meta":{},"content":"请求方法: POST","timestamp":1773734531990}
{"id":198,"type":"warn","level":2,"name":"stock-monitor","meta":{},"content":"发送失败 (尝试 3/4)","timestamp":1773734531994}
{"id":199,"type":"error","level":1,"name":"stock-monitor","meta":{},"content":"错误信息: HTTPError: Not Found at [cordis.invoke] \u001b[90m(E:\\Desktop\\test\\koishiBot\\koishiBot\\\u001b[39mnode_modules\\\u001b[4m@cordisjs\u001b[24m\\plugin-http\\lib\\index.cjs:340:23\u001b[90m)\u001b[39m \u001b[90m    at process.processTicksAndRejections (node:internal/process/task_queues:95:5)\u001b[39m at async Proxy.<anonymous> \u001b[90m(E:\\Desktop\\test\\koishiBot\\koishiBot\\\u001b[39mnode_modules\\\u001b[4m@cordisjs\u001b[24m\\plugin-http\\lib\\index.cjs:184:26\u001b[90m)\u001b[39m at sendStockData (e:\\Desktop\\test\\koishiBot\\koishiBot\\external\\iirosestock\\index.js:64:17) at <anonymous> (e:\\Desktop\\test\\koishiBot\\koishiBot\\external\\iirosestock\\index.js:110:5) { response: { data: { success: \u001b[33mfalse\u001b[39m, message: \u001b[32m'接口不存在'\u001b[39m }, url: \u001b[32m'http://localhost:3000/api/stock'\u001b[39m, status: \u001b[33m404\u001b[39m, statusText: \u001b[32m'Not Found'\u001b[39m, headers: HeadersList { [\u001b[32mSymbol(headers map)\u001b[39m]: Map(8) { \u001b[32m'x-powered-by'\u001b[39m => \u001b[32m'Express'\u001b[39m, \u001b[32m'access-control-allow-origin'\u001b[39m => \u001b[32m'*'\u001b[39m, \u001b[32m'content-type'\u001b[39m => \u001b[32m'application/json; charset=utf-8'\u001b[39m, \u001b[32m'content-length'\u001b[39m => \u001b[32m'45'\u001b[39m, \u001b[32m'etag'\u001b[39m => \u001b[32m'W/\"2d-VHnSYcQmPG9Y4Yc4YgJrZkeIJgc\"'\u001b[39m, \u001b[32m'date'\u001b[39m => \u001b[32m'Tue, 17 Mar 2026 08:02:11 GMT'\u001b[39m, \u001b[32m'connection'\u001b[39m => \u001b[32m'keep-alive'\u001b[39m, \u001b[32m'keep-alive'\u001b[39m => \u001b[32m'timeout=5'\u001b[39m }, [\u001b[32mSymbol(headers map sorted)\u001b[39m]: \u001b[1mnull\u001b[22m } }, code: \u001b[90mundefined\u001b[39m, [\u001b[32mSymbol(cordis.http.error)\u001b[39m]: \u001b[33mtrue\u001b[39m }","timestamp":1773734531994}
{"id":200,"type":"info","level":2,"name":"stock-monitor","meta":{},"content":"发送股票数据到: http://localhost:3000/api/stock","timestamp":1773734533012}
{"id":201,"type":"info","level":2,"name":"stock-monitor","meta":{},"content":"发送数据: { unitPrice: \u001b[33m0.4273\u001b[39m, totalStock: \u001b[33m11609\u001b[39m, personalStock: \u001b[33m0\u001b[39m, totalMoney: \u001b[33m4960.6409\u001b[39m, personalMoney: \u001b[33m0\u001b[39m }","timestamp":1773734533012}
{"id":202,"type":"info","level":2,"name":"stock-monitor","meta":{},"content":"请求方法: POST","timestamp":1773734533013}
{"id":203,"type":"warn","level":2,"name":"stock-monitor","meta":{},"content":"发送失败 (尝试 4/4)","timestamp":1773734533016}
{"id":204,"type":"error","level":1,"name":"stock-monitor","meta":{},"content":"错误信息: HTTPError: Not Found at [cordis.invoke] \u001b[90m(E:\\Desktop\\test\\koishiBot\\koishiBot\\\u001b[39mnode_modules\\\u001b[4m@cordisjs\u001b[24m\\plugin-http\\lib\\index.cjs:340:23\u001b[90m)\u001b[39m \u001b[90m    at process.processTicksAndRejections (node:internal/process/task_queues:95:5)\u001b[39m at async Proxy.<anonymous> \u001b[90m(E:\\Desktop\\test\\koishiBot\\koishiBot\\\u001b[39mnode_modules\\\u001b[4m@cordisjs\u001b[24m\\plugin-http\\lib\\index.cjs:184:26\u001b[90m)\u001b[39m at sendStockData (e:\\Desktop\\test\\koishiBot\\koishiBot\\external\\iirosestock\\index.js:64:17) at <anonymous> (e:\\Desktop\\test\\koishiBot\\koishiBot\\external\\iirosestock\\index.js:110:5) { response: { data: { success: \u001b[33mfalse\u001b[39m, message: \u001b[32m'接口不存在'\u001b[39m }, url: \u001b[32m'http://localhost:3000/api/stock'\u001b[39m, status: \u001b[33m404\u001b[39m, statusText: \u001b[32m'Not Found'\u001b[39m, headers: HeadersList { [\u001b[32mSymbol(headers map)\u001b[39m]: Map(8) { \u001b[32m'x-powered-by'\u001b[39m => \u001b[32m'Express'\u001b[39m, \u001b[32m'access-control-allow-origin'\u001b[39m => \u001b[32m'*'\u001b[39m, \u001b[32m'content-type'\u001b[39m => \u001b[32m'application/json; charset=utf-8'\u001b[39m, \u001b[32m'content-length'\u001b[39m => \u001b[32m'45'\u001b[39m, \u001b[32m'etag'\u001b[39m => \u001b[32m'W/\"2d-VHnSYcQmPG9Y4Yc4YgJrZkeIJgc\"'\u001b[39m, \u001b[32m'date'\u001b[39m => \u001b[32m'Tue, 17 Mar 2026 08:02:13 GMT'\u001b[39m, \u001b[32m'connection'\u001b[39m => \u001b[32m'keep-alive'\u001b[39m, \u001b[32m'keep-alive'\u001b[39m => \u001b[32m'timeout=5'\u001b[39m }, [\u001b[32mSymbol(headers map sorted)\u001b[39m]: \u001b[1mnull\u001b[22m } }, code: \u001b[90mundefined\u001b[39m, [\u001b[32mSymbol(cordis.http.error)\u001b[39m]: \u001b[33mtrue\u001b[39m }","timestamp":1773734533016}
{"id":205,"type":"error","level":1,"name":"stock-monitor","meta":{},"content":"发送失败，达到最大重试次数","timestamp":1773734533018}
