{"id":1,"type":"info","level":2,"name":"app","meta":{},"content":"\u001b[38;5;15;1mKoishi/4.18.11\u001b[0m","timestamp":1773900805658}
{"id":2,"type":"info","level":2,"name":"loader","meta":{"paths":[]},"content":"apply plugin \u001b[38;5;45mgroup:entry\u001b[0m","timestamp":1773900805693}
{"id":3,"type":"info","level":2,"name":"loader","meta":{"paths":[]},"content":"apply plugin \u001b[38;5;45mgroup:server\u001b[0m","timestamp":1773900805694}
{"id":4,"type":"info","level":2,"name":"loader","meta":{"paths":[]},"content":"apply plugin \u001b[38;5;45mserver:qwahpd\u001b[0m","timestamp":1773900805695}
{"id":5,"type":"info","level":2,"name":"loader","meta":{"paths":[]},"content":"apply plugin \u001b[38;5;45mgroup:basic\u001b[0m","timestamp":1773900806426}
{"id":6,"type":"info","level":2,"name":"loader","meta":{"paths":[]},"content":"apply plugin \u001b[38;5;45mcommands:q4pd8h\u001b[0m","timestamp":1773900806427}
{"id":7,"type":"info","level":2,"name":"loader","meta":{"paths":[]},"content":"apply plugin \u001b[38;5;45mhelp:ncm4eq\u001b[0m","timestamp":1773900806444}
{"id":8,"type":"info","level":2,"name":"loader","meta":{"paths":[]},"content":"apply plugin \u001b[38;5;45mhttp:jtb3z8\u001b[0m","timestamp":1773900806463}
{"id":9,"type":"info","level":2,"name":"loader","meta":{"paths":[]},"content":"apply plugin \u001b[38;5;45mlocales:hdsaoj\u001b[0m","timestamp":1773900806498}
{"id":10,"type":"info","level":2,"name":"loader","meta":{"paths":[]},"content":"apply plugin \u001b[38;5;45mproxy-agent:yp8plh\u001b[0m","timestamp":1773900806579}
{"id":11,"type":"info","level":2,"name":"loader","meta":{"paths":[]},"content":"apply plugin \u001b[38;5;45mrate-limit:8jburr\u001b[0m","timestamp":1773900806830}
{"id":12,"type":"info","level":2,"name":"loader","meta":{"paths":[]},"content":"apply plugin \u001b[38;5;45mtelemetry:3kqtr7\u001b[0m","timestamp":1773900806854}
{"id":13,"type":"info","level":2,"name":"loader","meta":{"paths":[]},"content":"apply plugin \u001b[38;5;45mgroup:console\u001b[0m","timestamp":1773900806937}
{"id":14,"type":"info","level":2,"name":"loader","meta":{"paths":[]},"content":"apply plugin \u001b[38;5;45mactions:u6i962\u001b[0m","timestamp":1773900806937}
{"id":15,"type":"info","level":2,"name":"loader","meta":{"paths":[]},"content":"apply plugin \u001b[38;5;45manalytics:2zoul1\u001b[0m","timestamp":1773900806954}
{"id":16,"type":"info","level":2,"name":"loader","meta":{"paths":[]},"content":"apply plugin \u001b[38;5;45mconfig:v8j4hz\u001b[0m","timestamp":1773900806978}
{"id":17,"type":"info","level":2,"name":"loader","meta":{"paths":[]},"content":"apply plugin \u001b[38;5;45mconsole:fyi3k1\u001b[0m","timestamp":1773900807127}
{"id":18,"type":"info","level":2,"name":"loader","meta":{"paths":[]},"content":"apply plugin \u001b[38;5;45mdataview:ip5q7k\u001b[0m","timestamp":1773900807192}
{"id":19,"type":"info","level":2,"name":"loader","meta":{"paths":[]},"content":"apply plugin \u001b[38;5;45mexplorer:id9max\u001b[0m","timestamp":1773900807242}
{"id":20,"type":"info","level":2,"name":"loader","meta":{"paths":[]},"content":"apply plugin \u001b[38;5;45mlogger:ykrpwv\u001b[0m","timestamp":1773900807559}
{"id":21,"type":"info","level":2,"name":"loader","meta":{"paths":[]},"content":"apply plugin \u001b[38;5;45minsight:w9xabz\u001b[0m","timestamp":1773900807593}
{"id":22,"type":"info","level":2,"name":"loader","meta":{"paths":[]},"content":"apply plugin \u001b[38;5;45mmarket:jamra7\u001b[0m","timestamp":1773900807618}
{"id":23,"type":"info","level":2,"name":"loader","meta":{"paths":[]},"content":"apply plugin \u001b[38;5;45mnotifier:h2b0ys\u001b[0m","timestamp":1773900807755}
{"id":24,"type":"info","level":2,"name":"loader","meta":{"paths":[]},"content":"apply plugin \u001b[38;5;45moobe:ctdb4p\u001b[0m","timestamp":1773900807774}
{"id":25,"type":"info","level":2,"name":"loader","meta":{"paths":[]},"content":"apply plugin \u001b[38;5;45msandbox:7xwb4h\u001b[0m","timestamp":1773900807790}
{"id":26,"type":"info","level":2,"name":"loader","meta":{"paths":[]},"content":"apply plugin \u001b[38;5;45mstatus:waqviw\u001b[0m","timestamp":1773900807819}
{"id":27,"type":"info","level":2,"name":"loader","meta":{"paths":[]},"content":"apply plugin \u001b[38;5;45mtheme-vanilla:t9fcu1\u001b[0m","timestamp":1773900807879}
{"id":28,"type":"info","level":2,"name":"loader","meta":{"paths":[]},"content":"apply plugin \u001b[38;5;45mgroup:storage\u001b[0m","timestamp":1773900807907}
{"id":29,"type":"info","level":2,"name":"loader","meta":{"paths":[]},"content":"apply plugin \u001b[38;5;45mdatabase-sqlite:00uj7j\u001b[0m","timestamp":1773900807908}
{"id":30,"type":"info","level":2,"name":"loader","meta":{"paths":[]},"content":"apply plugin \u001b[38;5;45massets-local:bteaiw\u001b[0m","timestamp":1773900807988}
{"id":31,"type":"info","level":2,"name":"loader","meta":{"paths":[]},"content":"apply plugin \u001b[38;5;45mgroup:adapter\u001b[0m","timestamp":1773900808035}
{"id":32,"type":"info","level":2,"name":"loader","meta":{"paths":[]},"content":"apply plugin \u001b[38;5;45mgroup:develop\u001b[0m","timestamp":1773900808036}
{"id":33,"type":"info","level":2,"name":"loader","meta":{"paths":[]},"content":"apply plugin \u001b[38;5;45mhmr:e8pbr7\u001b[0m","timestamp":1773900808037}
{"id":34,"type":"info","level":2,"name":"loader","meta":{"paths":[]},"content":"apply plugin \u001b[38;5;45madapter-iirose:m2atf0\u001b[0m","timestamp":1773900808150}
{"id":35,"type":"info","level":2,"name":"loader","meta":{"paths":[]},"content":"apply plugin \u001b[38;5;45mstock-monitor:05tvar\u001b[0m","timestamp":1773900808210}
{"id":36,"type":"info","level":2,"name":"assets","meta":{"paths":["bteaiw"]},"content":"missing config \"selfUrl\", fallback to \"file:\" scheme","timestamp":1773900808852}
{"id":37,"type":"info","level":2,"name":"stock-monitor","meta":{},"content":"插件已启动","timestamp":1773900808861}
{"id":38,"type":"info","level":2,"name":"stock-monitor","meta":{},"content":"API 地址: http://felinus.gnway.cc:8000/stock","timestamp":1773900808861}
{"id":39,"type":"info","level":2,"name":"server","meta":{"paths":["qwahpd"]},"content":"server listening at \u001b[38;5;57mhttp://127.0.0.1:5140\u001b[0m","timestamp":1773900809177}
{"id":54,"type":"info","level":2,"name":"console","meta":{"paths":["fyi3k1"]},"content":"webui is available at \u001b[38;5;166mhttp://127.0.0.1:5140\u001b[0m","timestamp":1773900810373}
{"id":55,"type":"info","level":2,"name":"adapter-iirose","meta":{"paths":["m2atf0"]},"content":"[69b3b31f61f35] 找到可用服务器: wss://m9.iirose.com:8778, 延迟: 1311ms","timestamp":1773900811107}
{"id":56,"type":"info","level":2,"name":"adapter-iirose","meta":{"paths":["m2atf0"]},"content":"[69b3b31f61f35] 正在登录中...","timestamp":1773900813210}
{"id":57,"type":"info","level":2,"name":"adapter-iirose","meta":{"paths":["m2atf0"]},"content":"[69b3b31f61f35] [69b3b31f61f35] 登陆成功：欢迎回来，小冰股票！","timestamp":1773900819721}
{"id":60,"type":"info","level":2,"name":"stock-monitor","meta":{},"content":"发送数据: { unitPrice: \u001b[33m1.1804\u001b[39m, totalStock: \u001b[33m1770\u001b[39m, personalStock: \u001b[33m0\u001b[39m, totalMoney: \u001b[33m2089.3108\u001b[39m, personalMoney: \u001b[33m0\u001b[39m }","timestamp":1773900820025}
{"id":61,"type":"warn","level":2,"name":"stock-monitor","meta":{},"content":"发送失败 (尝试 1/1)","timestamp":1773900822128}
{"id":62,"type":"error","level":1,"name":"stock-monitor","meta":{},"content":"错误信息: HTTPError: Bad Gateway at [cordis.invoke] \u001b[90m(E:\\Desktop\\test\\koishiBot\\koishiBot\\\u001b[39mnode_modules\\\u001b[4m@cordisjs\u001b[24m\\plugin-http\\lib\\index.cjs:340:23\u001b[90m)\u001b[39m \u001b[90m    at process.processTicksAndRejections (node:internal/process/task_queues:95:5)\u001b[39m at async Proxy.<anonymous> \u001b[90m(E:\\Desktop\\test\\koishiBot\\koishiBot\\\u001b[39mnode_modules\\\u001b[4m@cordisjs\u001b[24m\\plugin-http\\lib\\index.cjs:184:26\u001b[90m)\u001b[39m at sendStockData (e:\\Desktop\\test\\koishiBot\\koishiBot\\external\\iirosestock\\lib\\index.js:51:27) at <anonymous> (e:\\Desktop\\test\\koishiBot\\koishiBot\\external\\iirosestock\\lib\\index.js:94:9) { response: { data: \u001b[32m'<!DOCTYPE html>\\r\\n'\u001b[39m + \u001b[32m'<html>\\r\\n'\u001b[39m + \u001b[32m'<head>\\r\\n'\u001b[39m + \u001b[32m'<title>Error</title>\\r\\n'\u001b[39m + \u001b[32m'<script>\\r\\n'\u001b[39m + \u001b[32m'window.onload=function(){\\r\\n'\u001b[39m + \u001b[32m\"window.location.href    =       'http://'+document.domain+':5353/50x_.html';\\r\\n\"\u001b[39m + \u001b[32m'}\\r\\n'\u001b[39m + \u001b[32m'</script>\\r\\n'\u001b[39m + \u001b[32m'</head>\\r\\n'\u001b[39m + \u001b[32m'<body>\\r\\n'\u001b[39m + \u001b[32m'</body>\\r\\n'\u001b[39m + \u001b[32m'</html>\\r\\n'\u001b[39m + \u001b[32m'\\r\\n'\u001b[39m + \u001b[32m'\\r\\n'\u001b[39m, url: \u001b[32m'http://felinus.gnway.cc:8000/stock'\u001b[39m, status: \u001b[33m502\u001b[39m, statusText: \u001b[32m'Bad Gateway'\u001b[39m, headers: HeadersList { [\u001b[32mSymbol(headers map)\u001b[39m]: Map(6) { \u001b[32m'server'\u001b[39m => \u001b[32m'nginx/1.8.1'\u001b[39m, \u001b[32m'date'\u001b[39m => \u001b[32m'Thu, 19 Mar 2026 06:13:47 GMT'\u001b[39m, \u001b[32m'content-type'\u001b[39m => \u001b[32m'text/html'\u001b[39m, \u001b[32m'content-length'\u001b[39m => \u001b[32m'223'\u001b[39m, \u001b[32m'connection'\u001b[39m => \u001b[32m'keep-alive'\u001b[39m, \u001b[32m'etag'\u001b[39m => \u001b[32m'\"5d5a84f2-df\"'\u001b[39m }, [\u001b[32mSymbol(headers map sorted)\u001b[39m]: \u001b[1mnull\u001b[22m } }, code: \u001b[90mundefined\u001b[39m, [\u001b[32mSymbol(cordis.http.error)\u001b[39m]: \u001b[33mtrue\u001b[39m }","timestamp":1773900822129}
{"id":63,"type":"error","level":1,"name":"stock-monitor","meta":{},"content":"发送失败，达到最大重试次数","timestamp":1773900822132}
