{"id":3975,"type":"info","level":2,"name":"stock-monitor","meta":{},"content":"收到股票更新事件","timestamp":1773801574837}
{"id":3976,"type":"info","level":2,"name":"stock-monitor","meta":{},"content":"发送股票数据到: http://felinus.gnway.cc:8000/stock","timestamp":1773801574838}
{"id":3977,"type":"info","level":2,"name":"stock-monitor","meta":{},"content":"发送数据: { unitPrice: \u001b[33m1.4633\u001b[39m, totalStock: \u001b[33m2242\u001b[39m, personalStock: \u001b[33m0\u001b[39m, totalMoney: \u001b[33m3280.7926\u001b[39m, personalMoney: \u001b[33m0\u001b[39m }","timestamp":1773801574838}
{"id":3978,"type":"info","level":2,"name":"stock-monitor","meta":{},"content":"请求方法: POST","timestamp":1773801574838}
{"id":3979,"type":"info","level":2,"name":"stock-monitor","meta":{},"content":"发送成功: { success: \u001b[33mtrue\u001b[39m, message: \u001b[32m'股票数据接收成功'\u001b[39m, diskId: \u001b[33m86\u001b[39m, timestamp: \u001b[32m'2026-03-18T02:39:34.902Z'\u001b[39m }","timestamp":1773801574921}
{"id":3981,"type":"info","level":2,"name":"stock-monitor","meta":{},"content":"收到股票更新事件","timestamp":1773801694988}
{"id":3982,"type":"info","level":2,"name":"stock-monitor","meta":{},"content":"发送股票数据到: http://felinus.gnway.cc:8000/stock","timestamp":1773801694989}
{"id":3983,"type":"info","level":2,"name":"stock-monitor","meta":{},"content":"发送数据: { unitPrice: \u001b[33m1.756\u001b[39m, totalStock: \u001b[33m1252\u001b[39m, personalStock: \u001b[33m0\u001b[39m, totalMoney: \u001b[33m2198.5115\u001b[39m, personalMoney: \u001b[33m0\u001b[39m }","timestamp":1773801694989}
{"id":3984,"type":"info","level":2,"name":"stock-monitor","meta":{},"content":"请求方法: POST","timestamp":1773801694990}
{"id":3985,"type":"info","level":2,"name":"stock-monitor","meta":{},"content":"发送成功: { success: \u001b[33mtrue\u001b[39m, message: \u001b[32m'股票数据接收成功'\u001b[39m, diskId: \u001b[33m86\u001b[39m, timestamp: \u001b[32m'2026-03-18T02:41:35.054Z'\u001b[39m }","timestamp":1773801695077}
{"id":3987,"type":"info","level":2,"name":"stock-monitor","meta":{},"content":"收到股票更新事件","timestamp":1773801817916}
{"id":3988,"type":"info","level":2,"name":"stock-monitor","meta":{},"content":"发送股票数据到: http://felinus.gnway.cc:8000/stock","timestamp":1773801817918}
{"id":3989,"type":"info","level":2,"name":"stock-monitor","meta":{},"content":"发送数据: { unitPrice: \u001b[33m1.8965\u001b[39m, totalStock: \u001b[33m1401\u001b[39m, personalStock: \u001b[33m0\u001b[39m, totalMoney: \u001b[33m2656.9679\u001b[39m, personalMoney: \u001b[33m0\u001b[39m }","timestamp":1773801817920}
{"id":3990,"type":"info","level":2,"name":"stock-monitor","meta":{},"content":"请求方法: POST","timestamp":1773801817921}
{"id":3991,"type":"info","level":2,"name":"stock-monitor","meta":{},"content":"发送成功: { success: \u001b[33mtrue\u001b[39m, message: \u001b[32m'股票数据接收成功'\u001b[39m, diskId: \u001b[33m86\u001b[39m, timestamp: \u001b[32m'2026-03-18T02:43:37.992Z'\u001b[39m }","timestamp":1773801818013}
{"id":3992,"type":"warn","level":2,"name":"DEV:adapter-iirose","meta":{},"content":"获取或转换图片失败: http://s.iirose.com/images/icon/cartoon/601433.jpg HTTPError: fetch http://s.iirose.com/images/icon/cartoon/601433.jpg failed at \u001b[90mE:\\Desktop\\test\\koishiBot\\koishiBot\\\u001b[39mnode_modules\\\u001b[4m@cordisjs\u001b[24m\\plugin-http\\lib\\index.cjs:327:23 at async [cordis.invoke] \u001b[90m(E:\\Desktop\\test\\koishiBot\\koishiBot\\\u001b[39mnode_modules\\\u001b[4m@cordisjs\u001b[24m\\plugin-http\\lib\\index.cjs:325:19\u001b[90m)\u001b[39m \u001b[90m    ... 2 lines matching cause stack trace ...\u001b[39m at async \u001b[90mE:\\Desktop\\test\\koishiBot\\koishiBot\\\u001b[39mnode_modules\\\u001b[4mkoishi-plugin-adapter-iirose\u001b[24m\\lib\\index.js:1126:29 { response: \u001b[90mundefined\u001b[39m, code: \u001b[90mundefined\u001b[39m, cause: TypeError: fetch failed \u001b[90m    at Object.fetch (node:internal/deps/undici/undici:11118:11)\u001b[39m at async [cordis.invoke] \u001b[90m(E:\\Desktop\\test\\koishiBot\\koishiBot\\\u001b[39mnode_modules\\\u001b[4m@cordisjs\u001b[24m\\plugin-http\\lib\\index.cjs:325:19\u001b[90m)\u001b[39m at async Proxy.file \u001b[90m(E:\\Desktop\\test\\koishiBot\\koishiBot\\\u001b[39mnode_modules\\\u001b[4m@cordisjs\u001b[24m\\plugin-http\\lib\\index.cjs:410:49\u001b[90m)\u001b[39m at async getImageAsBase64 \u001b[90m(E:\\Desktop\\test\\koishiBot\\koishiBot\\\u001b[39mnode_modules\\\u001b[4mkoishi-plugin-adapter-iirose\u001b[24m\\lib\\index.js:313:28\u001b[90m)\u001b[39m at async \u001b[90mE:\\Desktop\\test\\koishiBot\\koishiBot\\\u001b[39mnode_modules\\\u001b[4mkoishi-plugin-adapter-iirose\u001b[24m\\lib\\index.js:1126:29 { cause: Error: read ECONNRESET \u001b[90m    at __node_internal_captureLargerStackTrace (node:internal/errors:484:5)\u001b[39m \u001b[90m    at __node_internal_errnoException (node:internal/errors:614:12)\u001b[39m \u001b[90m    at TCP.onStreamRead (node:internal/stream_base_commons:217:20)\u001b[39m { errno: \u001b[33m-4077\u001b[39m, code: \u001b[32m'ECONNRESET'\u001b[39m, syscall: \u001b[32m'read'\u001b[39m } }, [\u001b[32mSymbol(cordis.http.error)\u001b[39m]: \u001b[33mtrue\u001b[39m }","timestamp":1773801826203}
{"id":3994,"type":"info","level":2,"name":"stock-monitor","meta":{},"content":"收到股票更新事件","timestamp":1773801945625}
{"id":3995,"type":"info","level":2,"name":"stock-monitor","meta":{},"content":"发送股票数据到: http://felinus.gnway.cc:8000/stock","timestamp":1773801945625}
{"id":3996,"type":"info","level":2,"name":"stock-monitor","meta":{},"content":"发送数据: { unitPrice: \u001b[33m1.7258\u001b[39m, totalStock: \u001b[33m1251\u001b[39m, personalStock: \u001b[33m0\u001b[39m, totalMoney: \u001b[33m2158.9713\u001b[39m, personalMoney: \u001b[33m0\u001b[39m }","timestamp":1773801945625}
{"id":3997,"type":"info","level":2,"name":"stock-monitor","meta":{},"content":"请求方法: POST","timestamp":1773801945626}
{"id":3998,"type":"info","level":2,"name":"stock-monitor","meta":{},"content":"发送成功: { success: \u001b[33mtrue\u001b[39m, message: \u001b[32m'股票数据接收成功'\u001b[39m, diskId: \u001b[33m86\u001b[39m, timestamp: \u001b[32m'2026-03-18T02:45:45.684Z'\u001b[39m }","timestamp":1773801945704}
{"id":4000,"type":"info","level":2,"name":"stock-monitor","meta":{},"content":"收到股票更新事件","timestamp":1773802055384}
{"id":4001,"type":"info","level":2,"name":"stock-monitor","meta":{},"content":"发送股票数据到: http://felinus.gnway.cc:8000/stock","timestamp":1773802055385}
{"id":4002,"type":"info","level":2,"name":"stock-monitor","meta":{},"content":"发送数据: { unitPrice: \u001b[33m1.8293\u001b[39m, totalStock: \u001b[33m1136\u001b[39m, personalStock: \u001b[33m0\u001b[39m, totalMoney: \u001b[33m2078.135\u001b[39m, personalMoney: \u001b[33m0\u001b[39m }","timestamp":1773802055385}
{"id":4003,"type":"info","level":2,"name":"stock-monitor","meta":{},"content":"请求方法: POST","timestamp":1773802055389}
{"id":4004,"type":"info","level":2,"name":"stock-monitor","meta":{},"content":"发送成功: { success: \u001b[33mtrue\u001b[39m, message: \u001b[32m'股票数据接收成功'\u001b[39m, diskId: \u001b[33m86\u001b[39m, timestamp: \u001b[32m'2026-03-18T02:47:35.448Z'\u001b[39m }","timestamp":1773802055467}
{"id":4006,"type":"info","level":2,"name":"stock-monitor","meta":{},"content":"收到股票更新事件","timestamp":1773802175338}
{"id":4007,"type":"info","level":2,"name":"stock-monitor","meta":{},"content":"发送股票数据到: http://felinus.gnway.cc:8000/stock","timestamp":1773802175338}
{"id":4008,"type":"info","level":2,"name":"stock-monitor","meta":{},"content":"发送数据: { unitPrice: \u001b[33m3.4209\u001b[39m, totalStock: \u001b[33m1106\u001b[39m, personalStock: \u001b[33m0\u001b[39m, totalMoney: \u001b[33m3783.4863\u001b[39m, personalMoney: \u001b[33m0\u001b[39m }","timestamp":1773802175339}
{"id":4009,"type":"info","level":2,"name":"stock-monitor","meta":{},"content":"请求方法: POST","timestamp":1773802175339}
{"id":4010,"type":"info","level":2,"name":"stock-monitor","meta":{},"content":"发送成功: { success: \u001b[33mtrue\u001b[39m, message: \u001b[32m'股票数据接收成功'\u001b[39m, diskId: \u001b[33m86\u001b[39m, timestamp: \u001b[32m'2026-03-18T02:49:35.406Z'\u001b[39m }","timestamp":1773802175425}
{"id":4012,"type":"info","level":2,"name":"stock-monitor","meta":{},"content":"收到股票更新事件","timestamp":1773802295560}
{"id":4013,"type":"info","level":2,"name":"stock-monitor","meta":{},"content":"发送股票数据到: http://felinus.gnway.cc:8000/stock","timestamp":1773802295562}
{"id":4014,"type":"info","level":2,"name":"stock-monitor","meta":{},"content":"发送数据: { unitPrice: \u001b[33m5.9181\u001b[39m, totalStock: \u001b[33m1141\u001b[39m, personalStock: \u001b[33m0\u001b[39m, totalMoney: \u001b[33m6752.5652\u001b[39m, personalMoney: \u001b[33m0\u001b[39m }","timestamp":1773802295563}
{"id":4015,"type":"info","level":2,"name":"stock-monitor","meta":{},"content":"请求方法: POST","timestamp":1773802295563}
{"id":4016,"type":"info","level":2,"name":"stock-monitor","meta":{},"content":"发送成功: { success: \u001b[33mtrue\u001b[39m, message: \u001b[32m'股票数据接收成功'\u001b[39m, diskId: \u001b[33m86\u001b[39m, timestamp: \u001b[32m'2026-03-18T02:51:35.630Z'\u001b[39m }","timestamp":1773802295651}
{"id":4018,"type":"info","level":2,"name":"stock-monitor","meta":{},"content":"收到股票更新事件","timestamp":1773802416068}
{"id":4019,"type":"info","level":2,"name":"stock-monitor","meta":{},"content":"发送股票数据到: http://felinus.gnway.cc:8000/stock","timestamp":1773802416069}
{"id":4020,"type":"info","level":2,"name":"stock-monitor","meta":{},"content":"发送数据: { unitPrice: \u001b[33m11.3036\u001b[39m, totalStock: \u001b[33m1210\u001b[39m, personalStock: \u001b[33m0\u001b[39m, totalMoney: \u001b[33m13677.3474\u001b[39m, personalMoney: \u001b[33m0\u001b[39m }","timestamp":1773802416069}
{"id":4021,"type":"info","level":2,"name":"stock-monitor","meta":{},"content":"请求方法: POST","timestamp":1773802416070}
{"id":4022,"type":"info","level":2,"name":"stock-monitor","meta":{},"content":"发送成功: { success: \u001b[33mtrue\u001b[39m, message: \u001b[32m'股票数据接收成功'\u001b[39m, diskId: \u001b[33m86\u001b[39m, timestamp: \u001b[32m'2026-03-18T02:53:36.123Z'\u001b[39m }","timestamp":1773802416143}
{"id":4024,"type":"info","level":2,"name":"stock-monitor","meta":{},"content":"收到股票更新事件","timestamp":1773802536150}
{"id":4025,"type":"info","level":2,"name":"stock-monitor","meta":{},"content":"发送股票数据到: http://felinus.gnway.cc:8000/stock","timestamp":1773802536151}
{"id":4026,"type":"info","level":2,"name":"stock-monitor","meta":{},"content":"发送数据: { unitPrice: \u001b[33m6.33\u001b[39m, totalStock: \u001b[33m1126\u001b[39m, personalStock: \u001b[33m0\u001b[39m, totalMoney: \u001b[33m7127.5935\u001b[39m, personalMoney: \u001b[33m0\u001b[39m }","timestamp":1773802536152}
{"id":4027,"type":"info","level":2,"name":"stock-monitor","meta":{},"content":"请求方法: POST","timestamp":1773802536152}
{"id":4028,"type":"info","level":2,"name":"stock-monitor","meta":{},"content":"发送成功: { success: \u001b[33mtrue\u001b[39m, message: \u001b[32m'股票数据接收成功'\u001b[39m, diskId: \u001b[33m86\u001b[39m, timestamp: \u001b[32m'2026-03-18T02:55:36.220Z'\u001b[39m }","timestamp":1773802536251}
{"id":4030,"type":"info","level":2,"name":"stock-monitor","meta":{},"content":"收到股票更新事件","timestamp":1773802655667}
{"id":4031,"type":"info","level":2,"name":"stock-monitor","meta":{},"content":"发送股票数据到: http://felinus.gnway.cc:8000/stock","timestamp":1773802655668}
{"id":4032,"type":"info","level":2,"name":"stock-monitor","meta":{},"content":"发送数据: { unitPrice: \u001b[33m11.0142\u001b[39m, totalStock: \u001b[33m1069\u001b[39m, personalStock: \u001b[33m0\u001b[39m, totalMoney: \u001b[33m11774.2021\u001b[39m, personalMoney: \u001b[33m0\u001b[39m }","timestamp":1773802655668}
{"id":4033,"type":"info","level":2,"name":"stock-monitor","meta":{},"content":"请求方法: POST","timestamp":1773802655668}
{"id":4034,"type":"info","level":2,"name":"stock-monitor","meta":{},"content":"发送成功: { success: \u001b[33mtrue\u001b[39m, message: \u001b[32m'股票数据接收成功'\u001b[39m, diskId: \u001b[33m86\u001b[39m, timestamp: \u001b[32m'2026-03-18T02:57:35.735Z'\u001b[39m }","timestamp":1773802655757}
{"id":4036,"type":"info","level":2,"name":"stock-monitor","meta":{},"content":"收到股票更新事件","timestamp":1773802778001}
{"id":4037,"type":"info","level":2,"name":"stock-monitor","meta":{},"content":"发送股票数据到: http://felinus.gnway.cc:8000/stock","timestamp":1773802778001}
{"id":4038,"type":"info","level":2,"name":"stock-monitor","meta":{},"content":"发送数据: { unitPrice: \u001b[33m21.4777\u001b[39m, totalStock: \u001b[33m1110\u001b[39m, personalStock: \u001b[33m0\u001b[39m, totalMoney: \u001b[33m23840.2811\u001b[39m, personalMoney: \u001b[33m0\u001b[39m }","timestamp":1773802778001}
{"id":4039,"type":"info","level":2,"name":"stock-monitor","meta":{},"content":"请求方法: POST","timestamp":1773802778002}
{"id":4040,"type":"info","level":2,"name":"stock-monitor","meta":{},"content":"发送成功: { success: \u001b[33mtrue\u001b[39m, message: \u001b[32m'股票数据接收成功'\u001b[39m, diskId: \u001b[33m86\u001b[39m, timestamp: \u001b[32m'2026-03-18T02:59:38.063Z'\u001b[39m }","timestamp":1773802778082}
{"id":4042,"type":"info","level":2,"name":"stock-monitor","meta":{},"content":"收到股票更新事件","timestamp":1773802910432}
{"id":4043,"type":"info","level":2,"name":"stock-monitor","meta":{},"content":"发送股票数据到: http://felinus.gnway.cc:8000/stock","timestamp":1773802910434}
{"id":4044,"type":"info","level":2,"name":"stock-monitor","meta":{},"content":"发送数据: { unitPrice: \u001b[33m39.0895\u001b[39m, totalStock: \u001b[33m1061\u001b[39m, personalStock: \u001b[33m0\u001b[39m, totalMoney: \u001b[33m41473.9276\u001b[39m, personalMoney: \u001b[33m0\u001b[39m }","timestamp":1773802910434}
{"id":4045,"type":"info","level":2,"name":"stock-monitor","meta":{},"content":"请求方法: POST","timestamp":1773802910435}
{"id":4046,"type":"info","level":2,"name":"stock-monitor","meta":{},"content":"发送成功: { success: \u001b[33mtrue\u001b[39m, message: \u001b[32m'股票数据接收成功'\u001b[39m, diskId: \u001b[33m86\u001b[39m, timestamp: \u001b[32m'2026-03-18T03:01:50.498Z'\u001b[39m }","timestamp":1773802910518}
{"id":4048,"type":"info","level":2,"name":"stock-monitor","meta":{},"content":"收到股票更新事件","timestamp":1773803054411}
{"id":4049,"type":"info","level":2,"name":"stock-monitor","meta":{},"content":"发送股票数据到: http://felinus.gnway.cc:8000/stock","timestamp":1773803054411}
{"id":4050,"type":"info","level":2,"name":"stock-monitor","meta":{},"content":"发送数据: { unitPrice: \u001b[33m20.7174\u001b[39m, totalStock: \u001b[33m1006\u001b[39m, personalStock: \u001b[33m0\u001b[39m, totalMoney: \u001b[33m20841.7236\u001b[39m, personalMoney: \u001b[33m0\u001b[39m }","timestamp":1773803054411}
{"id":4051,"type":"info","level":2,"name":"stock-monitor","meta":{},"content":"请求方法: POST","timestamp":1773803054412}
{"id":4052,"type":"info","level":2,"name":"stock-monitor","meta":{},"content":"发送成功: { success: \u001b[33mtrue\u001b[39m, message: \u001b[32m'股票数据接收成功'\u001b[39m, diskId: \u001b[33m86\u001b[39m, timestamp: \u001b[32m'2026-03-18T03:04:14.469Z'\u001b[39m }","timestamp":1773803054489}
{"id":4054,"type":"info","level":2,"name":"stock-monitor","meta":{},"content":"收到股票更新事件","timestamp":1773803135690}
{"id":4055,"type":"info","level":2,"name":"stock-monitor","meta":{},"content":"发送股票数据到: http://felinus.gnway.cc:8000/stock","timestamp":1773803135690}
{"id":4056,"type":"info","level":2,"name":"stock-monitor","meta":{},"content":"发送数据: { unitPrice: \u001b[33m35.4268\u001b[39m, totalStock: \u001b[33m1046\u001b[39m, personalStock: \u001b[33m0\u001b[39m, totalMoney: \u001b[33m37056.4188\u001b[39m, personalMoney: \u001b[33m0\u001b[39m }","timestamp":1773803135690}
{"id":4057,"type":"info","level":2,"name":"stock-monitor","meta":{},"content":"请求方法: POST","timestamp":1773803135691}
{"id":4058,"type":"info","level":2,"name":"stock-monitor","meta":{},"content":"发送成功: { success: \u001b[33mtrue\u001b[39m, message: \u001b[32m'股票数据接收成功'\u001b[39m, diskId: \u001b[33m86\u001b[39m, timestamp: \u001b[32m'2026-03-18T03:05:35.762Z'\u001b[39m }","timestamp":1773803135782}
{"id":4060,"type":"info","level":2,"name":"stock-monitor","meta":{},"content":"收到股票更新事件","timestamp":1773803255681}
{"id":4061,"type":"info","level":2,"name":"stock-monitor","meta":{},"content":"发送股票数据到: http://felinus.gnway.cc:8000/stock","timestamp":1773803255682}
{"id":4062,"type":"info","level":2,"name":"stock-monitor","meta":{},"content":"发送数据: { unitPrice: \u001b[33m5.6683\u001b[39m, totalStock: \u001b[33m1033\u001b[39m, personalStock: \u001b[33m0\u001b[39m, totalMoney: \u001b[33m5855.3393\u001b[39m, personalMoney: \u001b[33m0\u001b[39m }","timestamp":1773803255682}
{"id":4063,"type":"info","level":2,"name":"stock-monitor","meta":{},"content":"请求方法: POST","timestamp":1773803255683}
{"id":4064,"type":"info","level":2,"name":"stock-monitor","meta":{},"content":"发送成功: { success: \u001b[33mtrue\u001b[39m, message: \u001b[32m'股票数据接收成功'\u001b[39m, diskId: \u001b[33m86\u001b[39m, timestamp: \u001b[32m'2026-03-18T03:07:35.749Z'\u001b[39m }","timestamp":1773803255768}
{"id":4066,"type":"info","level":2,"name":"stock-monitor","meta":{},"content":"收到股票更新事件","timestamp":1773803375964}
{"id":4067,"type":"info","level":2,"name":"stock-monitor","meta":{},"content":"发送股票数据到: http://felinus.gnway.cc:8000/stock","timestamp":1773803375965}
{"id":4068,"type":"info","level":2,"name":"stock-monitor","meta":{},"content":"发送数据: { unitPrice: \u001b[33m2.0406\u001b[39m, totalStock: \u001b[33m1093\u001b[39m, personalStock: \u001b[33m0\u001b[39m, totalMoney: \u001b[33m2230.3571\u001b[39m, personalMoney: \u001b[33m0\u001b[39m }","timestamp":1773803375965}
{"id":4069,"type":"info","level":2,"name":"stock-monitor","meta":{},"content":"请求方法: POST","timestamp":1773803375965}
{"id":4070,"type":"info","level":2,"name":"stock-monitor","meta":{},"content":"发送成功: { success: \u001b[33mtrue\u001b[39m, message: \u001b[32m'股票数据接收成功'\u001b[39m, diskId: \u001b[33m86\u001b[39m, timestamp: \u001b[32m'2026-03-18T03:09:36.021Z'\u001b[39m }","timestamp":1773803376043}
{"id":4082,"type":"info","level":2,"name":"stock-monitor","meta":{},"content":"收到股票更新事件","timestamp":1773803496340}
{"id":4083,"type":"info","level":2,"name":"stock-monitor","meta":{},"content":"发送股票数据到: http://felinus.gnway.cc:8000/stock","timestamp":1773803496340}
{"id":4084,"type":"info","level":2,"name":"stock-monitor","meta":{},"content":"发送数据: { unitPrice: \u001b[33m0.9183\u001b[39m, totalStock: \u001b[33m1119\u001b[39m, personalStock: \u001b[33m0\u001b[39m, totalMoney: \u001b[33m1027.5355\u001b[39m, personalMoney: \u001b[33m0\u001b[39m }","timestamp":1773803496340}
{"id":4085,"type":"info","level":2,"name":"stock-monitor","meta":{},"content":"请求方法: POST","timestamp":1773803496341}
{"id":4086,"type":"info","level":2,"name":"stock-monitor","meta":{},"content":"发送成功: { success: \u001b[33mtrue\u001b[39m, message: \u001b[32m'股票数据接收成功'\u001b[39m, diskId: \u001b[33m86\u001b[39m, timestamp: \u001b[32m'2026-03-18T03:11:36.407Z'\u001b[39m }","timestamp":1773803496427}
{"id":4088,"type":"info","level":2,"name":"stock-monitor","meta":{},"content":"收到股票更新事件","timestamp":1773803616886}
{"id":4089,"type":"info","level":2,"name":"stock-monitor","meta":{},"content":"发送股票数据到: http://felinus.gnway.cc:8000/stock","timestamp":1773803616887}
{"id":4090,"type":"info","level":2,"name":"stock-monitor","meta":{},"content":"发送数据: { unitPrice: \u001b[33m1.46\u001b[39m, totalStock: \u001b[33m1622\u001b[39m, personalStock: \u001b[33m0\u001b[39m, totalMoney: \u001b[33m2368.1801\u001b[39m, personalMoney: \u001b[33m0\u001b[39m }","timestamp":1773803616887}
{"id":4091,"type":"info","level":2,"name":"stock-monitor","meta":{},"content":"请求方法: POST","timestamp":1773803616888}
{"id":4092,"type":"info","level":2,"name":"stock-monitor","meta":{},"content":"发送成功: { success: \u001b[33mtrue\u001b[39m, message: \u001b[32m'股票数据接收成功'\u001b[39m, diskId: \u001b[33m86\u001b[39m, timestamp: \u001b[32m'2026-03-18T03:13:36.946Z'\u001b[39m }","timestamp":1773803616970}
{"id":4094,"type":"info","level":2,"name":"stock-monitor","meta":{},"content":"收到股票更新事件","timestamp":1773803736308}
{"id":4095,"type":"info","level":2,"name":"stock-monitor","meta":{},"content":"发送股票数据到: http://felinus.gnway.cc:8000/stock","timestamp":1773803736308}
{"id":4096,"type":"info","level":2,"name":"stock-monitor","meta":{},"content":"发送数据: { unitPrice: \u001b[33m2.7595\u001b[39m, totalStock: \u001b[33m1619\u001b[39m, personalStock: \u001b[33m0\u001b[39m, totalMoney: \u001b[33m4467.582\u001b[39m, personalMoney: \u001b[33m0\u001b[39m }","timestamp":1773803736309}
{"id":4097,"type":"info","level":2,"name":"stock-monitor","meta":{},"content":"请求方法: POST","timestamp":1773803736309}
{"id":4098,"type":"info","level":2,"name":"stock-monitor","meta":{},"content":"发送成功: { success: \u001b[33mtrue\u001b[39m, message: \u001b[32m'股票数据接收成功'\u001b[39m, diskId: \u001b[33m86\u001b[39m, timestamp: \u001b[32m'2026-03-18T03:15:36.371Z'\u001b[39m }","timestamp":1773803736392}
{"id":4100,"type":"info","level":2,"name":"stock-monitor","meta":{},"content":"收到股票更新事件","timestamp":1773803856246}
{"id":4101,"type":"info","level":2,"name":"stock-monitor","meta":{},"content":"发送股票数据到: http://felinus.gnway.cc:8000/stock","timestamp":1773803856246}
{"id":4102,"type":"info","level":2,"name":"stock-monitor","meta":{},"content":"发送数据: { unitPrice: \u001b[33m3.9736\u001b[39m, totalStock: \u001b[33m1100\u001b[39m, personalStock: \u001b[33m0\u001b[39m, totalMoney: \u001b[33m4371.0006\u001b[39m, personalMoney: \u001b[33m0\u001b[39m }","timestamp":1773803856246}
{"id":4103,"type":"info","level":2,"name":"stock-monitor","meta":{},"content":"请求方法: POST","timestamp":1773803856247}
{"id":4104,"type":"info","level":2,"name":"stock-monitor","meta":{},"content":"发送成功: { success: \u001b[33mtrue\u001b[39m, message: \u001b[32m'股票数据接收成功'\u001b[39m, diskId: \u001b[33m86\u001b[39m, timestamp: \u001b[32m'2026-03-18T03:17:36.311Z'\u001b[39m }","timestamp":1773803856331}
{"id":4106,"type":"info","level":2,"name":"stock-monitor","meta":{},"content":"收到股票更新事件","timestamp":1773803976320}
{"id":4107,"type":"info","level":2,"name":"stock-monitor","meta":{},"content":"发送股票数据到: http://felinus.gnway.cc:8000/stock","timestamp":1773803976321}
{"id":4108,"type":"info","level":2,"name":"stock-monitor","meta":{},"content":"发送数据: { unitPrice: \u001b[33m1.5895\u001b[39m, totalStock: \u001b[33m1074\u001b[39m, personalStock: \u001b[33m0\u001b[39m, totalMoney: \u001b[33m1707.0744\u001b[39m, personalMoney: \u001b[33m0\u001b[39m }","timestamp":1773803976324}
{"id":4109,"type":"info","level":2,"name":"stock-monitor","meta":{},"content":"请求方法: POST","timestamp":1773803976325}
{"id":4110,"type":"info","level":2,"name":"stock-monitor","meta":{},"content":"发送成功: { success: \u001b[33mtrue\u001b[39m, message: \u001b[32m'股票数据接收成功'\u001b[39m, diskId: \u001b[33m86\u001b[39m, timestamp: \u001b[32m'2026-03-18T03:19:36.394Z'\u001b[39m }","timestamp":1773803976414}
{"id":4112,"type":"info","level":2,"name":"stock-monitor","meta":{},"content":"收到股票更新事件","timestamp":1773804096809}
{"id":4113,"type":"info","level":2,"name":"stock-monitor","meta":{},"content":"发送股票数据到: http://felinus.gnway.cc:8000/stock","timestamp":1773804096810}
{"id":4114,"type":"info","level":2,"name":"stock-monitor","meta":{},"content":"发送数据: { unitPrice: \u001b[33m2.0186\u001b[39m, totalStock: \u001b[33m1430\u001b[39m, personalStock: \u001b[33m0\u001b[39m, totalMoney: \u001b[33m2886.6088\u001b[39m, personalMoney: \u001b[33m0\u001b[39m }","timestamp":1773804096810}
{"id":4115,"type":"info","level":2,"name":"stock-monitor","meta":{},"content":"请求方法: POST","timestamp":1773804096810}
{"id":4116,"type":"info","level":2,"name":"stock-monitor","meta":{},"content":"发送成功: { success: \u001b[33mtrue\u001b[39m, message: \u001b[32m'股票数据接收成功'\u001b[39m, diskId: \u001b[33m86\u001b[39m, timestamp: \u001b[32m'2026-03-18T03:21:36.875Z'\u001b[39m }","timestamp":1773804096896}
{"id":4118,"type":"info","level":2,"name":"stock-monitor","meta":{},"content":"收到股票更新事件","timestamp":1773804218609}
{"id":4119,"type":"info","level":2,"name":"stock-monitor","meta":{},"content":"发送股票数据到: http://felinus.gnway.cc:8000/stock","timestamp":1773804218610}
{"id":4120,"type":"info","level":2,"name":"stock-monitor","meta":{},"content":"发送数据: { unitPrice: \u001b[33m0.3633\u001b[39m, totalStock: \u001b[33m1081\u001b[39m, personalStock: \u001b[33m0\u001b[39m, totalMoney: \u001b[33m392.7807\u001b[39m, personalMoney: \u001b[33m0\u001b[39m }","timestamp":1773804218610}
{"id":4121,"type":"info","level":2,"name":"stock-monitor","meta":{},"content":"请求方法: POST","timestamp":1773804218611}
{"id":4122,"type":"info","level":2,"name":"stock-monitor","meta":{},"content":"发送成功: { success: \u001b[33mtrue\u001b[39m, message: \u001b[32m'股票数据接收成功'\u001b[39m, diskId: \u001b[33m86\u001b[39m, timestamp: \u001b[32m'2026-03-18T03:23:39.257Z'\u001b[39m }","timestamp":1773804219478}
{"id":4124,"type":"info","level":2,"name":"stock-monitor","meta":{},"content":"收到股票更新事件","timestamp":1773804337915}
{"id":4125,"type":"info","level":2,"name":"stock-monitor","meta":{},"content":"发送股票数据到: http://felinus.gnway.cc:8000/stock","timestamp":1773804337917}
{"id":4126,"type":"info","level":2,"name":"stock-monitor","meta":{},"content":"发送数据: { unitPrice: \u001b[33m1\u001b[39m, totalStock: \u001b[33m1000\u001b[39m, personalStock: \u001b[33m0\u001b[39m, totalMoney: \u001b[33m1000\u001b[39m, personalMoney: \u001b[33m0\u001b[39m }","timestamp":1773804337917}
{"id":4127,"type":"info","level":2,"name":"stock-monitor","meta":{},"content":"请求方法: POST","timestamp":1773804337917}
{"id":4128,"type":"info","level":2,"name":"stock-monitor","meta":{},"content":"发送成功: { success: \u001b[33mtrue\u001b[39m, message: \u001b[32m'崩盘，新盘已创建'\u001b[39m, diskId: \u001b[33m87\u001b[39m, timestamp: \u001b[32m'2026-03-18T03:25:38.593Z'\u001b[39m }","timestamp":1773804338817}
{"id":4130,"type":"info","level":2,"name":"stock-monitor","meta":{},"content":"收到股票更新事件","timestamp":1773804457216}
{"id":4131,"type":"info","level":2,"name":"stock-monitor","meta":{},"content":"发送股票数据到: http://felinus.gnway.cc:8000/stock","timestamp":1773804457217}
{"id":4132,"type":"info","level":2,"name":"stock-monitor","meta":{},"content":"发送数据: { unitPrice: \u001b[33m0.34\u001b[39m, totalStock: \u001b[33m1403\u001b[39m, personalStock: \u001b[33m0\u001b[39m, totalMoney: \u001b[33m477.02\u001b[39m, personalMoney: \u001b[33m0\u001b[39m }","timestamp":1773804457217}
{"id":4133,"type":"info","level":2,"name":"stock-monitor","meta":{},"content":"请求方法: POST","timestamp":1773804457220}
{"id":4134,"type":"info","level":2,"name":"stock-monitor","meta":{},"content":"发送成功: { success: \u001b[33mtrue\u001b[39m, message: \u001b[32m'股票数据接收成功'\u001b[39m, diskId: \u001b[33m87\u001b[39m, timestamp: \u001b[32m'2026-03-18T03:27:37.896Z'\u001b[39m }","timestamp":1773804458098}
{"id":4136,"type":"info","level":2,"name":"stock-monitor","meta":{},"content":"收到股票更新事件","timestamp":1773804576680}
{"id":4137,"type":"info","level":2,"name":"stock-monitor","meta":{},"content":"发送股票数据到: http://felinus.gnway.cc:8000/stock","timestamp":1773804576681}
{"id":4138,"type":"info","level":2,"name":"stock-monitor","meta":{},"content":"发送数据: { unitPrice: \u001b[33m0.5052\u001b[39m, totalStock: \u001b[33m1816\u001b[39m, personalStock: \u001b[33m0\u001b[39m, totalMoney: \u001b[33m917.44\u001b[39m, personalMoney: \u001b[33m0\u001b[39m }","timestamp":1773804576681}
{"id":4139,"type":"info","level":2,"name":"stock-monitor","meta":{},"content":"请求方法: POST","timestamp":1773804576682}
{"id":4140,"type":"info","level":2,"name":"stock-monitor","meta":{},"content":"发送成功: { success: \u001b[33mtrue\u001b[39m, message: \u001b[32m'股票数据接收成功'\u001b[39m, diskId: \u001b[33m87\u001b[39m, timestamp: \u001b[32m'2026-03-18T03:29:36.741Z'\u001b[39m }","timestamp":1773804576761}
{"id":4142,"type":"info","level":2,"name":"stock-monitor","meta":{},"content":"收到股票更新事件","timestamp":1773804696751}
{"id":4143,"type":"info","level":2,"name":"stock-monitor","meta":{},"content":"发送股票数据到: http://felinus.gnway.cc:8000/stock","timestamp":1773804696751}
{"id":4144,"type":"info","level":2,"name":"stock-monitor","meta":{},"content":"发送数据: { unitPrice: \u001b[33m0.8689\u001b[39m, totalStock: \u001b[33m2503\u001b[39m, personalStock: \u001b[33m0\u001b[39m, totalMoney: \u001b[33m2174.9592\u001b[39m, personalMoney: \u001b[33m0\u001b[39m }","timestamp":1773804696751}
{"id":4145,"type":"info","level":2,"name":"stock-monitor","meta":{},"content":"请求方法: POST","timestamp":1773804696752}
{"id":4146,"type":"info","level":2,"name":"stock-monitor","meta":{},"content":"发送成功: { success: \u001b[33mtrue\u001b[39m, message: \u001b[32m'股票数据接收成功'\u001b[39m, diskId: \u001b[33m87\u001b[39m, timestamp: \u001b[32m'2026-03-18T03:31:36.822Z'\u001b[39m }","timestamp":1773804696842}
{"id":4148,"type":"info","level":2,"name":"stock-monitor","meta":{},"content":"收到股票更新事件","timestamp":1773804817052}
{"id":4149,"type":"info","level":2,"name":"stock-monitor","meta":{},"content":"发送股票数据到: http://felinus.gnway.cc:8000/stock","timestamp":1773804817052}
{"id":4150,"type":"info","level":2,"name":"stock-monitor","meta":{},"content":"发送数据: { unitPrice: \u001b[33m1.3382\u001b[39m, totalStock: \u001b[33m1869\u001b[39m, personalStock: \u001b[33m0\u001b[39m, totalMoney: \u001b[33m2501.038\u001b[39m, personalMoney: \u001b[33m0\u001b[39m }","timestamp":1773804817053}
{"id":4151,"type":"info","level":2,"name":"stock-monitor","meta":{},"content":"请求方法: POST","timestamp":1773804817054}
{"id":4152,"type":"info","level":2,"name":"stock-monitor","meta":{},"content":"发送成功: { success: \u001b[33mtrue\u001b[39m, message: \u001b[32m'股票数据接收成功'\u001b[39m, diskId: \u001b[33m87\u001b[39m, timestamp: \u001b[32m'2026-03-18T03:33:37.110Z'\u001b[39m }","timestamp":1773804817130}
{"id":4154,"type":"info","level":2,"name":"stock-monitor","meta":{},"content":"收到股票更新事件","timestamp":1773804936941}
{"id":4155,"type":"info","level":2,"name":"stock-monitor","meta":{},"content":"发送股票数据到: http://felinus.gnway.cc:8000/stock","timestamp":1773804936942}
{"id":4156,"type":"info","level":2,"name":"stock-monitor","meta":{},"content":"发送数据: { unitPrice: \u001b[33m2.4622\u001b[39m, totalStock: \u001b[33m1704\u001b[39m, personalStock: \u001b[33m0\u001b[39m, totalMoney: \u001b[33m4195.6418\u001b[39m, personalMoney: \u001b[33m0\u001b[39m }","timestamp":1773804936942}
{"id":4157,"type":"info","level":2,"name":"stock-monitor","meta":{},"content":"请求方法: POST","timestamp":1773804936943}
{"id":4158,"type":"info","level":2,"name":"stock-monitor","meta":{},"content":"发送成功: { success: \u001b[33mtrue\u001b[39m, message: \u001b[32m'股票数据接收成功'\u001b[39m, diskId: \u001b[33m87\u001b[39m, timestamp: \u001b[32m'2026-03-18T03:35:37.019Z'\u001b[39m }","timestamp":1773804937040}
{"id":4160,"type":"info","level":2,"name":"stock-monitor","meta":{},"content":"收到股票更新事件","timestamp":1773805057065}
{"id":4161,"type":"info","level":2,"name":"stock-monitor","meta":{},"content":"发送股票数据到: http://felinus.gnway.cc:8000/stock","timestamp":1773805057069}
{"id":4162,"type":"info","level":2,"name":"stock-monitor","meta":{},"content":"发送数据: { unitPrice: \u001b[33m1.3788\u001b[39m, totalStock: \u001b[33m1222\u001b[39m, personalStock: \u001b[33m0\u001b[39m, totalMoney: \u001b[33m1684.954\u001b[39m, personalMoney: \u001b[33m0\u001b[39m }","timestamp":1773805057070}
{"id":4163,"type":"info","level":2,"name":"stock-monitor","meta":{},"content":"请求方法: POST","timestamp":1773805057072}
{"id":4164,"type":"info","level":2,"name":"stock-monitor","meta":{},"content":"发送成功: { success: \u001b[33mtrue\u001b[39m, message: \u001b[32m'股票数据接收成功'\u001b[39m, diskId: \u001b[33m87\u001b[39m, timestamp: \u001b[32m'2026-03-18T03:37:37.155Z'\u001b[39m }","timestamp":1773805057180}
{"id":4166,"type":"info","level":2,"name":"stock-monitor","meta":{},"content":"收到股票更新事件","timestamp":1773805176986}
{"id":4167,"type":"info","level":2,"name":"stock-monitor","meta":{},"content":"发送股票数据到: http://felinus.gnway.cc:8000/stock","timestamp":1773805176987}
{"id":4168,"type":"info","level":2,"name":"stock-monitor","meta":{},"content":"发送数据: { unitPrice: \u001b[33m0.9376\u001b[39m, totalStock: \u001b[33m1715\u001b[39m, personalStock: \u001b[33m0\u001b[39m, totalMoney: \u001b[33m1608.0142\u001b[39m, personalMoney: \u001b[33m0\u001b[39m }","timestamp":1773805176987}
{"id":4169,"type":"info","level":2,"name":"stock-monitor","meta":{},"content":"请求方法: POST","timestamp":1773805176988}
{"id":4170,"type":"info","level":2,"name":"stock-monitor","meta":{},"content":"发送成功: { success: \u001b[33mtrue\u001b[39m, message: \u001b[32m'股票数据接收成功'\u001b[39m, diskId: \u001b[33m87\u001b[39m, timestamp: \u001b[32m'2026-03-18T03:39:37.055Z'\u001b[39m }","timestamp":1773805177075}
{"id":4172,"type":"info","level":2,"name":"stock-monitor","meta":{},"content":"收到股票更新事件","timestamp":1773805297610}
{"id":4173,"type":"info","level":2,"name":"stock-monitor","meta":{},"content":"发送股票数据到: http://felinus.gnway.cc:8000/stock","timestamp":1773805297611}
{"id":4174,"type":"info","level":2,"name":"stock-monitor","meta":{},"content":"发送数据: { unitPrice: \u001b[33m0.6376\u001b[39m, totalStock: \u001b[33m2154\u001b[39m, personalStock: \u001b[33m0\u001b[39m, totalMoney: \u001b[33m1373.3473\u001b[39m, personalMoney: \u001b[33m0\u001b[39m }","timestamp":1773805297611}
{"id":4175,"type":"info","level":2,"name":"stock-monitor","meta":{},"content":"请求方法: POST","timestamp":1773805297612}
{"id":4176,"type":"info","level":2,"name":"stock-monitor","meta":{},"content":"发送成功: { success: \u001b[33mtrue\u001b[39m, message: \u001b[32m'股票数据接收成功'\u001b[39m, diskId: \u001b[33m87\u001b[39m, timestamp: \u001b[32m'2026-03-18T03:41:37.676Z'\u001b[39m }","timestamp":1773805297696}
{"id":4178,"type":"info","level":2,"name":"stock-monitor","meta":{},"content":"收到股票更新事件","timestamp":1773805417477}
{"id":4179,"type":"info","level":2,"name":"stock-monitor","meta":{},"content":"发送股票数据到: http://felinus.gnway.cc:8000/stock","timestamp":1773805417479}
{"id":4180,"type":"info","level":2,"name":"stock-monitor","meta":{},"content":"发送数据: { unitPrice: \u001b[33m1.1349\u001b[39m, totalStock: \u001b[33m2370\u001b[39m, personalStock: \u001b[33m0\u001b[39m, totalMoney: \u001b[33m2689.6949\u001b[39m, personalMoney: \u001b[33m0\u001b[39m }","timestamp":1773805417479}
{"id":4181,"type":"info","level":2,"name":"stock-monitor","meta":{},"content":"请求方法: POST","timestamp":1773805417479}
{"id":4182,"type":"info","level":2,"name":"stock-monitor","meta":{},"content":"发送成功: { success: \u001b[33mtrue\u001b[39m, message: \u001b[32m'股票数据接收成功'\u001b[39m, diskId: \u001b[33m87\u001b[39m, timestamp: \u001b[32m'2026-03-18T03:43:37.558Z'\u001b[39m }","timestamp":1773805417578}
{"id":4184,"type":"info","level":2,"name":"stock-monitor","meta":{},"content":"收到股票更新事件","timestamp":1773805538299}
{"id":4185,"type":"info","level":2,"name":"stock-monitor","meta":{},"content":"发送股票数据到: http://felinus.gnway.cc:8000/stock","timestamp":1773805538299}
{"id":4186,"type":"info","level":2,"name":"stock-monitor","meta":{},"content":"发送数据: { unitPrice: \u001b[33m1.5435\u001b[39m, totalStock: \u001b[33m1956\u001b[39m, personalStock: \u001b[33m0\u001b[39m, totalMoney: \u001b[33m3018.9953\u001b[39m, personalMoney: \u001b[33m0\u001b[39m }","timestamp":1773805538300}
{"id":4187,"type":"info","level":2,"name":"stock-monitor","meta":{},"content":"请求方法: POST","timestamp":1773805538301}
{"id":4188,"type":"info","level":2,"name":"stock-monitor","meta":{},"content":"发送成功: { success: \u001b[33mtrue\u001b[39m, message: \u001b[32m'股票数据接收成功'\u001b[39m, diskId: \u001b[33m87\u001b[39m, timestamp: \u001b[32m'2026-03-18T03:45:38.365Z'\u001b[39m }","timestamp":1773805538383}
{"id":4190,"type":"info","level":2,"name":"stock-monitor","meta":{},"content":"收到股票更新事件","timestamp":1773805657621}
{"id":4191,"type":"info","level":2,"name":"stock-monitor","meta":{},"content":"发送股票数据到: http://felinus.gnway.cc:8000/stock","timestamp":1773805657623}
{"id":4192,"type":"info","level":2,"name":"stock-monitor","meta":{},"content":"发送数据: { unitPrice: \u001b[33m2.7628\u001b[39m, totalStock: \u001b[33m1610\u001b[39m, personalStock: \u001b[33m0\u001b[39m, totalMoney: \u001b[33m4448.079\u001b[39m, personalMoney: \u001b[33m0\u001b[39m }","timestamp":1773805657624}
{"id":4193,"type":"info","level":2,"name":"stock-monitor","meta":{},"content":"请求方法: POST","timestamp":1773805657626}
{"id":4194,"type":"info","level":2,"name":"stock-monitor","meta":{},"content":"发送成功: { success: \u001b[33mtrue\u001b[39m, message: \u001b[32m'股票数据接收成功'\u001b[39m, diskId: \u001b[33m87\u001b[39m, timestamp: \u001b[32m'2026-03-18T03:47:37.694Z'\u001b[39m }","timestamp":1773805657712}
{"id":4196,"type":"info","level":2,"name":"stock-monitor","meta":{},"content":"收到股票更新事件","timestamp":1773805777815}
{"id":4197,"type":"info","level":2,"name":"stock-monitor","meta":{},"content":"发送股票数据到: http://felinus.gnway.cc:8000/stock","timestamp":1773805777816}
{"id":4198,"type":"info","level":2,"name":"stock-monitor","meta":{},"content":"发送数据: { unitPrice: \u001b[33m3.6469\u001b[39m, totalStock: \u001b[33m1399\u001b[39m, personalStock: \u001b[33m0\u001b[39m, totalMoney: \u001b[33m5101.9742\u001b[39m, personalMoney: \u001b[33m0\u001b[39m }","timestamp":1773805777816}
{"id":4199,"type":"info","level":2,"name":"stock-monitor","meta":{},"content":"请求方法: POST","timestamp":1773805777816}
{"id":4200,"type":"info","level":2,"name":"stock-monitor","meta":{},"content":"发送成功: { success: \u001b[33mtrue\u001b[39m, message: \u001b[32m'股票数据接收成功'\u001b[39m, diskId: \u001b[33m87\u001b[39m, timestamp: \u001b[32m'2026-03-18T03:49:37.880Z'\u001b[39m }","timestamp":1773805777900}
{"id":4202,"type":"info","level":2,"name":"stock-monitor","meta":{},"content":"收到股票更新事件","timestamp":1773805897871}
{"id":4203,"type":"info","level":2,"name":"stock-monitor","meta":{},"content":"发送股票数据到: http://felinus.gnway.cc:8000/stock","timestamp":1773805897872}
{"id":4204,"type":"info","level":2,"name":"stock-monitor","meta":{},"content":"发送数据: { unitPrice: \u001b[33m3.2457\u001b[39m, totalStock: \u001b[33m1153\u001b[39m, personalStock: \u001b[33m0\u001b[39m, totalMoney: \u001b[33m3742.3108\u001b[39m, personalMoney: \u001b[33m0\u001b[39m }","timestamp":1773805897872}
{"id":4205,"type":"info","level":2,"name":"stock-monitor","meta":{},"content":"请求方法: POST","timestamp":1773805897873}
{"id":4206,"type":"info","level":2,"name":"stock-monitor","meta":{},"content":"发送成功: { success: \u001b[33mtrue\u001b[39m, message: \u001b[32m'股票数据接收成功'\u001b[39m, diskId: \u001b[33m87\u001b[39m, timestamp: \u001b[32m'2026-03-18T03:51:37.932Z'\u001b[39m }","timestamp":1773805897953}
{"id":4208,"type":"info","level":2,"name":"stock-monitor","meta":{},"content":"收到股票更新事件","timestamp":1773806017661}
{"id":4209,"type":"info","level":2,"name":"stock-monitor","meta":{},"content":"发送股票数据到: http://felinus.gnway.cc:8000/stock","timestamp":1773806017662}
{"id":4210,"type":"info","level":2,"name":"stock-monitor","meta":{},"content":"发送数据: { unitPrice: \u001b[33m2.7913\u001b[39m, totalStock: \u001b[33m1207\u001b[39m, personalStock: \u001b[33m0\u001b[39m, totalMoney: \u001b[33m3369.1184\u001b[39m, personalMoney: \u001b[33m0\u001b[39m }","timestamp":1773806017662}
{"id":4211,"type":"info","level":2,"name":"stock-monitor","meta":{},"content":"请求方法: POST","timestamp":1773806017662}
{"id":4212,"type":"info","level":2,"name":"stock-monitor","meta":{},"content":"发送成功: { success: \u001b[33mtrue\u001b[39m, message: \u001b[32m'股票数据接收成功'\u001b[39m, diskId: \u001b[33m87\u001b[39m, timestamp: \u001b[32m'2026-03-18T03:53:37.751Z'\u001b[39m }","timestamp":1773806017793}
{"id":4214,"type":"info","level":2,"name":"stock-monitor","meta":{},"content":"收到股票更新事件","timestamp":1773806137646}
{"id":4215,"type":"info","level":2,"name":"stock-monitor","meta":{},"content":"发送股票数据到: http://felinus.gnway.cc:8000/stock","timestamp":1773806137649}
{"id":4216,"type":"info","level":2,"name":"stock-monitor","meta":{},"content":"发送数据: { unitPrice: \u001b[33m1.8702\u001b[39m, totalStock: \u001b[33m1297\u001b[39m, personalStock: \u001b[33m0\u001b[39m, totalMoney: \u001b[33m2425.6257\u001b[39m, personalMoney: \u001b[33m0\u001b[39m }","timestamp":1773806137649}
{"id":4217,"type":"info","level":2,"name":"stock-monitor","meta":{},"content":"请求方法: POST","timestamp":1773806137650}
{"id":4218,"type":"info","level":2,"name":"stock-monitor","meta":{},"content":"发送成功: { success: \u001b[33mtrue\u001b[39m, message: \u001b[32m'股票数据接收成功'\u001b[39m, diskId: \u001b[33m87\u001b[39m, timestamp: \u001b[32m'2026-03-18T03:55:37.715Z'\u001b[39m }","timestamp":1773806137735}
{"id":4220,"type":"info","level":2,"name":"stock-monitor","meta":{},"content":"收到股票更新事件","timestamp":1773806257686}
{"id":4221,"type":"info","level":2,"name":"stock-monitor","meta":{},"content":"发送股票数据到: http://felinus.gnway.cc:8000/stock","timestamp":1773806257688}
{"id":4222,"type":"info","level":2,"name":"stock-monitor","meta":{},"content":"发送数据: { unitPrice: \u001b[33m0.0374\u001b[39m, totalStock: \u001b[33m1767\u001b[39m, personalStock: \u001b[33m0\u001b[39m, totalMoney: \u001b[33m66.0922\u001b[39m, personalMoney: \u001b[33m0\u001b[39m }","timestamp":1773806257688}
{"id":4223,"type":"info","level":2,"name":"stock-monitor","meta":{},"content":"请求方法: POST","timestamp":1773806257702}
{"id":4224,"type":"info","level":2,"name":"stock-monitor","meta":{},"content":"发送成功: { success: \u001b[33mtrue\u001b[39m, message: \u001b[32m'股票数据接收成功'\u001b[39m, diskId: \u001b[33m87\u001b[39m, timestamp: \u001b[32m'2026-03-18T03:57:37.768Z'\u001b[39m }","timestamp":1773806257789}
{"id":4226,"type":"info","level":2,"name":"stock-monitor","meta":{},"content":"收到股票更新事件","timestamp":1773806377711}
{"id":4227,"type":"info","level":2,"name":"stock-monitor","meta":{},"content":"发送股票数据到: http://felinus.gnway.cc:8000/stock","timestamp":1773806377711}
{"id":4228,"type":"info","level":2,"name":"stock-monitor","meta":{},"content":"发送数据: { unitPrice: \u001b[33m1\u001b[39m, totalStock: \u001b[33m1000\u001b[39m, personalStock: \u001b[33m0\u001b[39m, totalMoney: \u001b[33m1000\u001b[39m, personalMoney: \u001b[33m0\u001b[39m }","timestamp":1773806377711}
{"id":4229,"type":"info","level":2,"name":"stock-monitor","meta":{},"content":"请求方法: POST","timestamp":1773806377712}
{"id":4230,"type":"info","level":2,"name":"stock-monitor","meta":{},"content":"发送成功: { success: \u001b[33mtrue\u001b[39m, message: \u001b[32m'崩盘，新盘已创建'\u001b[39m, diskId: \u001b[33m88\u001b[39m, timestamp: \u001b[32m'2026-03-18T03:59:37.787Z'\u001b[39m }","timestamp":1773806377807}
{"id":4232,"type":"info","level":2,"name":"stock-monitor","meta":{},"content":"收到股票更新事件","timestamp":1773806498122}
{"id":4233,"type":"info","level":2,"name":"stock-monitor","meta":{},"content":"发送股票数据到: http://felinus.gnway.cc:8000/stock","timestamp":1773806498122}
{"id":4234,"type":"info","level":2,"name":"stock-monitor","meta":{},"content":"发送数据: { unitPrice: \u001b[33m0.86\u001b[39m, totalStock: \u001b[33m4773\u001b[39m, personalStock: \u001b[33m0\u001b[39m, totalMoney: \u001b[33m4104.78\u001b[39m, personalMoney: \u001b[33m0\u001b[39m }","timestamp":1773806498122}
{"id":4235,"type":"info","level":2,"name":"stock-monitor","meta":{},"content":"请求方法: POST","timestamp":1773806498123}
{"id":4236,"type":"info","level":2,"name":"stock-monitor","meta":{},"content":"发送成功: { success: \u001b[33mtrue\u001b[39m, message: \u001b[32m'股票数据接收成功'\u001b[39m, diskId: \u001b[33m88\u001b[39m, timestamp: \u001b[32m'2026-03-18T04:01:38.197Z'\u001b[39m }","timestamp":1773806498219}
{"id":4238,"type":"info","level":2,"name":"stock-monitor","meta":{},"content":"收到股票更新事件","timestamp":1773806619064}
{"id":4239,"type":"info","level":2,"name":"stock-monitor","meta":{},"content":"发送股票数据到: http://felinus.gnway.cc:8000/stock","timestamp":1773806619064}
{"id":4240,"type":"info","level":2,"name":"stock-monitor","meta":{},"content":"发送数据: { unitPrice: \u001b[33m0.645\u001b[39m, totalStock: \u001b[33m4797\u001b[39m, personalStock: \u001b[33m0\u001b[39m, totalMoney: \u001b[33m3094.065\u001b[39m, personalMoney: \u001b[33m0\u001b[39m }","timestamp":1773806619064}
{"id":4241,"type":"info","level":2,"name":"stock-monitor","meta":{},"content":"请求方法: POST","timestamp":1773806619071}
{"id":4242,"type":"info","level":2,"name":"stock-monitor","meta":{},"content":"发送成功: { success: \u001b[33mtrue\u001b[39m, message: \u001b[32m'股票数据接收成功'\u001b[39m, diskId: \u001b[33m88\u001b[39m, timestamp: \u001b[32m'2026-03-18T04:03:39.139Z'\u001b[39m }","timestamp":1773806619159}
{"id":4244,"type":"info","level":2,"name":"stock-monitor","meta":{},"content":"收到股票更新事件","timestamp":1773806738354}
{"id":4245,"type":"info","level":2,"name":"stock-monitor","meta":{},"content":"发送股票数据到: http://felinus.gnway.cc:8000/stock","timestamp":1773806738356}
{"id":4246,"type":"info","level":2,"name":"stock-monitor","meta":{},"content":"发送数据: { unitPrice: \u001b[33m0.3418\u001b[39m, totalStock: \u001b[33m4797\u001b[39m, personalStock: \u001b[33m0\u001b[39m, totalMoney: \u001b[33m1639.8545\u001b[39m, personalMoney: \u001b[33m0\u001b[39m }","timestamp":1773806738356}
{"id":4247,"type":"info","level":2,"name":"stock-monitor","meta":{},"content":"请求方法: POST","timestamp":1773806738357}
{"id":4248,"type":"info","level":2,"name":"stock-monitor","meta":{},"content":"发送成功: { success: \u001b[33mtrue\u001b[39m, message: \u001b[32m'股票数据接收成功'\u001b[39m, diskId: \u001b[33m88\u001b[39m, timestamp: \u001b[32m'2026-03-18T04:05:38.417Z'\u001b[39m }","timestamp":1773806738438}
{"id":4250,"type":"info","level":2,"name":"stock-monitor","meta":{},"content":"收到股票更新事件","timestamp":1773806858539}
{"id":4251,"type":"info","level":2,"name":"stock-monitor","meta":{},"content":"发送股票数据到: http://felinus.gnway.cc:8000/stock","timestamp":1773806858539}
{"id":4252,"type":"info","level":2,"name":"stock-monitor","meta":{},"content":"发送数据: { unitPrice: \u001b[33m0.5196\u001b[39m, totalStock: \u001b[33m8800\u001b[39m, personalStock: \u001b[33m0\u001b[39m, totalMoney: \u001b[33m4572.5856\u001b[39m, personalMoney: \u001b[33m0\u001b[39m }","timestamp":1773806858540}
{"id":4253,"type":"info","level":2,"name":"stock-monitor","meta":{},"content":"请求方法: POST","timestamp":1773806858543}
{"id":4254,"type":"info","level":2,"name":"stock-monitor","meta":{},"content":"发送成功: { success: \u001b[33mtrue\u001b[39m, message: \u001b[32m'股票数据接收成功'\u001b[39m, diskId: \u001b[33m88\u001b[39m, timestamp: \u001b[32m'2026-03-18T04:07:38.612Z'\u001b[39m }","timestamp":1773806858632}
{"id":4256,"type":"info","level":2,"name":"stock-monitor","meta":{},"content":"收到股票更新事件","timestamp":1773806978709}
{"id":4257,"type":"info","level":2,"name":"stock-monitor","meta":{},"content":"发送股票数据到: http://felinus.gnway.cc:8000/stock","timestamp":1773806978710}
{"id":4258,"type":"info","level":2,"name":"stock-monitor","meta":{},"content":"发送数据: { unitPrice: \u001b[33m0.0883\u001b[39m, totalStock: \u001b[33m4015\u001b[39m, personalStock: \u001b[33m0\u001b[39m, totalMoney: \u001b[33m354.6612\u001b[39m, personalMoney: \u001b[33m0\u001b[39m }","timestamp":1773806978710}
{"id":4259,"type":"info","level":2,"name":"stock-monitor","meta":{},"content":"请求方法: POST","timestamp":1773806978710}
{"id":4260,"type":"info","level":2,"name":"stock-monitor","meta":{},"content":"发送成功: { success: \u001b[33mtrue\u001b[39m, message: \u001b[32m'股票数据接收成功'\u001b[39m, diskId: \u001b[33m88\u001b[39m, timestamp: \u001b[32m'2026-03-18T04:09:38.775Z'\u001b[39m }","timestamp":1773806978796}
{"id":4262,"type":"info","level":2,"name":"stock-monitor","meta":{},"content":"收到股票更新事件","timestamp":1773807099258}
{"id":4263,"type":"info","level":2,"name":"stock-monitor","meta":{},"content":"发送股票数据到: http://felinus.gnway.cc:8000/stock","timestamp":1773807099259}
{"id":4264,"type":"info","level":2,"name":"stock-monitor","meta":{},"content":"发送数据: { unitPrice: \u001b[33m0.2872\u001b[39m, totalStock: \u001b[33m3972\u001b[39m, personalStock: \u001b[33m0\u001b[39m, totalMoney: \u001b[33m1140.8628\u001b[39m, personalMoney: \u001b[33m0\u001b[39m }","timestamp":1773807099259}
{"id":4265,"type":"info","level":2,"name":"stock-monitor","meta":{},"content":"请求方法: POST","timestamp":1773807099259}
{"id":4266,"type":"info","level":2,"name":"stock-monitor","meta":{},"content":"发送成功: { success: \u001b[33mtrue\u001b[39m, message: \u001b[32m'股票数据接收成功'\u001b[39m, diskId: \u001b[33m88\u001b[39m, timestamp: \u001b[32m'2026-03-18T04:11:39.321Z'\u001b[39m }","timestamp":1773807099341}
{"id":4268,"type":"info","level":2,"name":"stock-monitor","meta":{},"content":"收到股票更新事件","timestamp":1773807218415}
{"id":4269,"type":"info","level":2,"name":"stock-monitor","meta":{},"content":"发送股票数据到: http://felinus.gnway.cc:8000/stock","timestamp":1773807218416}
{"id":4270,"type":"info","level":2,"name":"stock-monitor","meta":{},"content":"发送数据: { unitPrice: \u001b[33m0.1723\u001b[39m, totalStock: \u001b[33m4130\u001b[39m, personalStock: \u001b[33m0\u001b[39m, totalMoney: \u001b[33m711.7467\u001b[39m, personalMoney: \u001b[33m0\u001b[39m }","timestamp":1773807218416}
{"id":4271,"type":"info","level":2,"name":"stock-monitor","meta":{},"content":"请求方法: POST","timestamp":1773807218417}
{"id":4272,"type":"info","level":2,"name":"stock-monitor","meta":{},"content":"发送成功: { success: \u001b[33mtrue\u001b[39m, message: \u001b[32m'股票数据接收成功'\u001b[39m, diskId: \u001b[33m88\u001b[39m, timestamp: \u001b[32m'2026-03-18T04:13:38.480Z'\u001b[39m }","timestamp":1773807218501}
{"id":4274,"type":"info","level":2,"name":"stock-monitor","meta":{},"content":"收到股票更新事件","timestamp":1773807338765}
{"id":4275,"type":"info","level":2,"name":"stock-monitor","meta":{},"content":"发送股票数据到: http://felinus.gnway.cc:8000/stock","timestamp":1773807338765}
{"id":4276,"type":"info","level":2,"name":"stock-monitor","meta":{},"content":"发送数据: { unitPrice: \u001b[33m0.349\u001b[39m, totalStock: \u001b[33m4641\u001b[39m, personalStock: \u001b[33m0\u001b[39m, totalMoney: \u001b[33m1619.8103\u001b[39m, personalMoney: \u001b[33m0\u001b[39m }","timestamp":1773807338765}
{"id":4277,"type":"info","level":2,"name":"stock-monitor","meta":{},"content":"请求方法: POST","timestamp":1773807338767}
{"id":4278,"type":"info","level":2,"name":"stock-monitor","meta":{},"content":"发送成功: { success: \u001b[33mtrue\u001b[39m, message: \u001b[32m'股票数据接收成功'\u001b[39m, diskId: \u001b[33m88\u001b[39m, timestamp: \u001b[32m'2026-03-18T04:15:38.827Z'\u001b[39m }","timestamp":1773807338847}
{"id":4280,"type":"info","level":2,"name":"stock-monitor","meta":{},"content":"收到股票更新事件","timestamp":1773807458635}
{"id":4281,"type":"info","level":2,"name":"stock-monitor","meta":{},"content":"发送股票数据到: http://felinus.gnway.cc:8000/stock","timestamp":1773807458636}
{"id":4282,"type":"info","level":2,"name":"stock-monitor","meta":{},"content":"发送数据: { unitPrice: \u001b[33m0.3665\u001b[39m, totalStock: \u001b[33m4356\u001b[39m, personalStock: \u001b[33m0\u001b[39m, totalMoney: \u001b[33m1596.356\u001b[39m, personalMoney: \u001b[33m0\u001b[39m }","timestamp":1773807458636}
{"id":4283,"type":"info","level":2,"name":"stock-monitor","meta":{},"content":"请求方法: POST","timestamp":1773807458636}
{"id":4284,"type":"info","level":2,"name":"stock-monitor","meta":{},"content":"发送成功: { success: \u001b[33mtrue\u001b[39m, message: \u001b[32m'股票数据接收成功'\u001b[39m, diskId: \u001b[33m88\u001b[39m, timestamp: \u001b[32m'2026-03-18T04:17:38.699Z'\u001b[39m }","timestamp":1773807458719}
{"id":4286,"type":"info","level":2,"name":"stock-monitor","meta":{},"content":"收到股票更新事件","timestamp":1773807585001}
{"id":4287,"type":"info","level":2,"name":"stock-monitor","meta":{},"content":"发送股票数据到: http://felinus.gnway.cc:8000/stock","timestamp":1773807585002}
{"id":4288,"type":"info","level":2,"name":"stock-monitor","meta":{},"content":"发送数据: { unitPrice: \u001b[33m0.1173\u001b[39m, totalStock: \u001b[33m3879\u001b[39m, personalStock: \u001b[33m0\u001b[39m, totalMoney: \u001b[33m454.8955\u001b[39m, personalMoney: \u001b[33m0\u001b[39m }","timestamp":1773807585002}
{"id":4289,"type":"info","level":2,"name":"stock-monitor","meta":{},"content":"请求方法: POST","timestamp":1773807585002}
{"id":4290,"type":"info","level":2,"name":"stock-monitor","meta":{},"content":"发送成功: { success: \u001b[33mtrue\u001b[39m, message: \u001b[32m'股票数据接收成功'\u001b[39m, diskId: \u001b[33m88\u001b[39m, timestamp: \u001b[32m'2026-03-18T04:19:45.063Z'\u001b[39m }","timestamp":1773807585085}
{"id":4292,"type":"info","level":2,"name":"stock-monitor","meta":{},"content":"收到股票更新事件","timestamp":1773807699692}
{"id":4293,"type":"info","level":2,"name":"stock-monitor","meta":{},"content":"发送股票数据到: http://felinus.gnway.cc:8000/stock","timestamp":1773807699693}
{"id":4294,"type":"info","level":2,"name":"stock-monitor","meta":{},"content":"发送数据: { unitPrice: \u001b[33m0.1501\u001b[39m, totalStock: \u001b[33m17134\u001b[39m, personalStock: \u001b[33m0\u001b[39m, totalMoney: \u001b[33m2571.9386\u001b[39m, personalMoney: \u001b[33m0\u001b[39m }","timestamp":1773807699693}
{"id":4295,"type":"info","level":2,"name":"stock-monitor","meta":{},"content":"请求方法: POST","timestamp":1773807699693}
{"id":4296,"type":"info","level":2,"name":"stock-monitor","meta":{},"content":"发送成功: { success: \u001b[33mtrue\u001b[39m, message: \u001b[32m'股票数据接收成功'\u001b[39m, diskId: \u001b[33m88\u001b[39m, timestamp: \u001b[32m'2026-03-18T04:21:39.755Z'\u001b[39m }","timestamp":1773807699776}
{"id":4298,"type":"info","level":2,"name":"stock-monitor","meta":{},"content":"收到股票更新事件","timestamp":1773807818958}
{"id":4299,"type":"info","level":2,"name":"stock-monitor","meta":{},"content":"发送股票数据到: http://felinus.gnway.cc:8000/stock","timestamp":1773807818959}
{"id":4300,"type":"info","level":2,"name":"stock-monitor","meta":{},"content":"发送数据: { unitPrice: \u001b[33m0.2342\u001b[39m, totalStock: \u001b[33m8834\u001b[39m, personalStock: \u001b[33m0\u001b[39m, totalMoney: \u001b[33m2068.6348\u001b[39m, personalMoney: \u001b[33m0\u001b[39m }","timestamp":1773807818959}
{"id":4301,"type":"info","level":2,"name":"stock-monitor","meta":{},"content":"请求方法: POST","timestamp":1773807818959}
{"id":4302,"type":"info","level":2,"name":"stock-monitor","meta":{},"content":"发送成功: { success: \u001b[33mtrue\u001b[39m, message: \u001b[32m'股票数据接收成功'\u001b[39m, diskId: \u001b[33m88\u001b[39m, timestamp: \u001b[32m'2026-03-18T04:23:39.038Z'\u001b[39m }","timestamp":1773807819060}
{"id":4315,"type":"info","level":2,"name":"stock-monitor","meta":{},"content":"收到股票更新事件","timestamp":1773807939749}
{"id":4316,"type":"info","level":2,"name":"stock-monitor","meta":{},"content":"发送股票数据到: http://felinus.gnway.cc:8000/stock","timestamp":1773807939750}
{"id":4317,"type":"info","level":2,"name":"stock-monitor","meta":{},"content":"发送数据: { unitPrice: \u001b[33m0.0726\u001b[39m, totalStock: \u001b[33m6829\u001b[39m, personalStock: \u001b[33m0\u001b[39m, totalMoney: \u001b[33m495.73\u001b[39m, personalMoney: \u001b[33m0\u001b[39m }","timestamp":1773807939750}
{"id":4318,"type":"info","level":2,"name":"stock-monitor","meta":{},"content":"请求方法: POST","timestamp":1773807939750}
{"id":4319,"type":"info","level":2,"name":"stock-monitor","meta":{},"content":"发送成功: { success: \u001b[33mtrue\u001b[39m, message: \u001b[32m'股票数据接收成功'\u001b[39m, diskId: \u001b[33m88\u001b[39m, timestamp: \u001b[32m'2026-03-18T04:25:39.818Z'\u001b[39m }","timestamp":1773807939839}
{"id":4321,"type":"info","level":2,"name":"stock-monitor","meta":{},"content":"收到股票更新事件","timestamp":1773808059821}
{"id":4322,"type":"info","level":2,"name":"stock-monitor","meta":{},"content":"发送股票数据到: http://felinus.gnway.cc:8000/stock","timestamp":1773808059822}
{"id":4323,"type":"info","level":2,"name":"stock-monitor","meta":{},"content":"发送数据: { unitPrice: \u001b[33m0.0492\u001b[39m, totalStock: \u001b[33m6829\u001b[39m, personalStock: \u001b[33m0\u001b[39m, totalMoney: \u001b[33m335.73\u001b[39m, personalMoney: \u001b[33m0\u001b[39m }","timestamp":1773808059822}
{"id":4324,"type":"info","level":2,"name":"stock-monitor","meta":{},"content":"请求方法: POST","timestamp":1773808059823}
{"id":4325,"type":"info","level":2,"name":"stock-monitor","meta":{},"content":"发送成功: { success: \u001b[33mtrue\u001b[39m, message: \u001b[32m'股票数据接收成功'\u001b[39m, diskId: \u001b[33m88\u001b[39m, timestamp: \u001b[32m'2026-03-18T04:27:39.878Z'\u001b[39m }","timestamp":1773808059898}
{"id":4327,"type":"info","level":2,"name":"stock-monitor","meta":{},"content":"收到股票更新事件","timestamp":1773808180066}
{"id":4328,"type":"info","level":2,"name":"stock-monitor","meta":{},"content":"发送股票数据到: http://felinus.gnway.cc:8000/stock","timestamp":1773808180066}
{"id":4329,"type":"info","level":2,"name":"stock-monitor","meta":{},"content":"发送数据: { unitPrice: \u001b[33m0.0404\u001b[39m, totalStock: \u001b[33m6829\u001b[39m, personalStock: \u001b[33m0\u001b[39m, totalMoney: \u001b[33m275.73\u001b[39m, personalMoney: \u001b[33m0\u001b[39m }","timestamp":1773808180067}
{"id":4330,"type":"info","level":2,"name":"stock-monitor","meta":{},"content":"请求方法: POST","timestamp":1773808180067}
{"id":4331,"type":"info","level":2,"name":"stock-monitor","meta":{},"content":"发送成功: { success: \u001b[33mtrue\u001b[39m, message: \u001b[32m'股票数据接收成功'\u001b[39m, diskId: \u001b[33m88\u001b[39m, timestamp: \u001b[32m'2026-03-18T04:29:40.181Z'\u001b[39m }","timestamp":1773808180202}
{"id":4333,"type":"info","level":2,"name":"stock-monitor","meta":{},"content":"收到股票更新事件","timestamp":1773808300584}
{"id":4334,"type":"info","level":2,"name":"stock-monitor","meta":{},"content":"发送股票数据到: http://felinus.gnway.cc:8000/stock","timestamp":1773808300584}
{"id":4335,"type":"info","level":2,"name":"stock-monitor","meta":{},"content":"发送数据: { unitPrice: \u001b[33m1\u001b[39m, totalStock: \u001b[33m1000\u001b[39m, personalStock: \u001b[33m0\u001b[39m, totalMoney: \u001b[33m1000\u001b[39m, personalMoney: \u001b[33m0\u001b[39m }","timestamp":1773808300584}
{"id":4336,"type":"info","level":2,"name":"stock-monitor","meta":{},"content":"请求方法: POST","timestamp":1773808300585}
{"id":4337,"type":"info","level":2,"name":"stock-monitor","meta":{},"content":"发送成功: { success: \u001b[33mtrue\u001b[39m, message: \u001b[32m'崩盘，新盘已创建'\u001b[39m, diskId: \u001b[33m89\u001b[39m, timestamp: \u001b[32m'2026-03-18T04:31:40.659Z'\u001b[39m }","timestamp":1773808300680}
{"id":4339,"type":"info","level":2,"name":"stock-monitor","meta":{},"content":"收到股票更新事件","timestamp":1773808419810}
{"id":4340,"type":"info","level":2,"name":"stock-monitor","meta":{},"content":"发送股票数据到: http://felinus.gnway.cc:8000/stock","timestamp":1773808419810}
{"id":4341,"type":"info","level":2,"name":"stock-monitor","meta":{},"content":"发送数据: { unitPrice: \u001b[33m0.76\u001b[39m, totalStock: \u001b[33m1212\u001b[39m, personalStock: \u001b[33m0\u001b[39m, totalMoney: \u001b[33m921.12\u001b[39m, personalMoney: \u001b[33m0\u001b[39m }","timestamp":1773808419811}
{"id":4342,"type":"info","level":2,"name":"stock-monitor","meta":{},"content":"请求方法: POST","timestamp":1773808419811}
{"id":4343,"type":"info","level":2,"name":"stock-monitor","meta":{},"content":"发送成功: { success: \u001b[33mtrue\u001b[39m, message: \u001b[32m'股票数据接收成功'\u001b[39m, diskId: \u001b[33m89\u001b[39m, timestamp: \u001b[32m'2026-03-18T04:33:39.888Z'\u001b[39m }","timestamp":1773808419911}
{"id":4345,"type":"info","level":2,"name":"stock-monitor","meta":{},"content":"收到股票更新事件","timestamp":1773808540737}
{"id":4346,"type":"info","level":2,"name":"stock-monitor","meta":{},"content":"发送股票数据到: http://felinus.gnway.cc:8000/stock","timestamp":1773808540737}
{"id":4347,"type":"info","level":2,"name":"stock-monitor","meta":{},"content":"发送数据: { unitPrice: \u001b[33m0.646\u001b[39m, totalStock: \u001b[33m1512\u001b[39m, personalStock: \u001b[33m0\u001b[39m, totalMoney: \u001b[33m976.752\u001b[39m, personalMoney: \u001b[33m0\u001b[39m }","timestamp":1773808540738}
{"id":4348,"type":"info","level":2,"name":"stock-monitor","meta":{},"content":"请求方法: POST","timestamp":1773808540738}
{"id":4349,"type":"info","level":2,"name":"stock-monitor","meta":{},"content":"发送成功: { success: \u001b[33mtrue\u001b[39m, message: \u001b[32m'股票数据接收成功'\u001b[39m, diskId: \u001b[33m89\u001b[39m, timestamp: \u001b[32m'2026-03-18T04:35:40.801Z'\u001b[39m }","timestamp":1773808540820}
{"id":4351,"type":"info","level":2,"name":"stock-monitor","meta":{},"content":"收到股票更新事件","timestamp":1773808659720}
{"id":4352,"type":"info","level":2,"name":"stock-monitor","meta":{},"content":"发送股票数据到: http://felinus.gnway.cc:8000/stock","timestamp":1773808659721}
{"id":4353,"type":"info","level":2,"name":"stock-monitor","meta":{},"content":"发送数据: { unitPrice: \u001b[33m0.7881\u001b[39m, totalStock: \u001b[33m2411\u001b[39m, personalStock: \u001b[33m0\u001b[39m, totalMoney: \u001b[33m1900.1573\u001b[39m, personalMoney: \u001b[33m0\u001b[39m }","timestamp":1773808659721}
{"id":4354,"type":"info","level":2,"name":"stock-monitor","meta":{},"content":"请求方法: POST","timestamp":1773808659721}
{"id":4355,"type":"info","level":2,"name":"stock-monitor","meta":{},"content":"发送成功: { success: \u001b[33mtrue\u001b[39m, message: \u001b[32m'股票数据接收成功'\u001b[39m, diskId: \u001b[33m89\u001b[39m, timestamp: \u001b[32m'2026-03-18T04:37:39.786Z'\u001b[39m }","timestamp":1773808659807}
{"id":4357,"type":"info","level":2,"name":"stock-monitor","meta":{},"content":"收到股票更新事件","timestamp":1773808779705}
{"id":4358,"type":"info","level":2,"name":"stock-monitor","meta":{},"content":"发送股票数据到: http://felinus.gnway.cc:8000/stock","timestamp":1773808779706}
{"id":4359,"type":"info","level":2,"name":"stock-monitor","meta":{},"content":"发送数据: { unitPrice: \u001b[33m0.6226\u001b[39m, totalStock: \u001b[33m1311\u001b[39m, personalStock: \u001b[33m0\u001b[39m, totalMoney: \u001b[33m816.248\u001b[39m, personalMoney: \u001b[33m0\u001b[39m }","timestamp":1773808779706}
{"id":4360,"type":"info","level":2,"name":"stock-monitor","meta":{},"content":"请求方法: POST","timestamp":1773808779709}
{"id":4361,"type":"info","level":2,"name":"stock-monitor","meta":{},"content":"发送成功: { success: \u001b[33mtrue\u001b[39m, message: \u001b[32m'股票数据接收成功'\u001b[39m, diskId: \u001b[33m89\u001b[39m, timestamp: \u001b[32m'2026-03-18T04:39:39.772Z'\u001b[39m }","timestamp":1773808779792}
{"id":4372,"type":"info","level":2,"name":"stock-monitor","meta":{},"content":"收到股票更新事件","timestamp":1773808900027}
{"id":4373,"type":"info","level":2,"name":"stock-monitor","meta":{},"content":"发送股票数据到: http://felinus.gnway.cc:8000/stock","timestamp":1773808900028}
{"id":4374,"type":"info","level":2,"name":"stock-monitor","meta":{},"content":"发送数据: { unitPrice: \u001b[33m1.4739\u001b[39m, totalStock: \u001b[33m1022\u001b[39m, personalStock: \u001b[33m0\u001b[39m, totalMoney: \u001b[33m1506.3123\u001b[39m, personalMoney: \u001b[33m0\u001b[39m }","timestamp":1773808900028}
{"id":4375,"type":"info","level":2,"name":"stock-monitor","meta":{},"content":"请求方法: POST","timestamp":1773808900029}
{"id":4376,"type":"info","level":2,"name":"stock-monitor","meta":{},"content":"发送成功: { success: \u001b[33mtrue\u001b[39m, message: \u001b[32m'股票数据接收成功'\u001b[39m, diskId: \u001b[33m89\u001b[39m, timestamp: \u001b[32m'2026-03-18T04:41:40.088Z'\u001b[39m }","timestamp":1773808900108}
{"id":4378,"type":"info","level":2,"name":"stock-monitor","meta":{},"content":"收到股票更新事件","timestamp":1773809019914}
{"id":4379,"type":"info","level":2,"name":"stock-monitor","meta":{},"content":"发送股票数据到: http://felinus.gnway.cc:8000/stock","timestamp":1773809019917}
{"id":4380,"type":"info","level":2,"name":"stock-monitor","meta":{},"content":"发送数据: { unitPrice: \u001b[33m0.8843\u001b[39m, totalStock: \u001b[33m1151\u001b[39m, personalStock: \u001b[33m0\u001b[39m, totalMoney: \u001b[33m1017.8662\u001b[39m, personalMoney: \u001b[33m0\u001b[39m }","timestamp":1773809019917}
{"id":4381,"type":"info","level":2,"name":"stock-monitor","meta":{},"content":"请求方法: POST","timestamp":1773809019918}
{"id":4382,"type":"info","level":2,"name":"stock-monitor","meta":{},"content":"发送成功: { success: \u001b[33mtrue\u001b[39m, message: \u001b[32m'股票数据接收成功'\u001b[39m, diskId: \u001b[33m89\u001b[39m, timestamp: \u001b[32m'2026-03-18T04:43:39.982Z'\u001b[39m }","timestamp":1773809020002}
{"id":4384,"type":"info","level":2,"name":"stock-monitor","meta":{},"content":"收到股票更新事件","timestamp":1773809140555}
{"id":4385,"type":"info","level":2,"name":"stock-monitor","meta":{},"content":"发送股票数据到: http://felinus.gnway.cc:8000/stock","timestamp":1773809140555}
{"id":4386,"type":"info","level":2,"name":"stock-monitor","meta":{},"content":"发送数据: { unitPrice: \u001b[33m0.6665\u001b[39m, totalStock: \u001b[33m1010\u001b[39m, personalStock: \u001b[33m0\u001b[39m, totalMoney: \u001b[33m673.1754\u001b[39m, personalMoney: \u001b[33m0\u001b[39m }","timestamp":1773809140555}
{"id":4387,"type":"info","level":2,"name":"stock-monitor","meta":{},"content":"请求方法: POST","timestamp":1773809140556}
{"id":4388,"type":"info","level":2,"name":"stock-monitor","meta":{},"content":"发送成功: { success: \u001b[33mtrue\u001b[39m, message: \u001b[32m'股票数据接收成功'\u001b[39m, diskId: \u001b[33m89\u001b[39m, timestamp: \u001b[32m'2026-03-18T04:45:40.617Z'\u001b[39m }","timestamp":1773809140638}
{"id":4390,"type":"info","level":2,"name":"stock-monitor","meta":{},"content":"收到股票更新事件","timestamp":1773809260257}
{"id":4391,"type":"info","level":2,"name":"stock-monitor","meta":{},"content":"发送股票数据到: http://felinus.gnway.cc:8000/stock","timestamp":1773809260258}
{"id":4392,"type":"info","level":2,"name":"stock-monitor","meta":{},"content":"发送数据: { unitPrice: \u001b[33m1\u001b[39m, totalStock: \u001b[33m1000\u001b[39m, personalStock: \u001b[33m0\u001b[39m, totalMoney: \u001b[33m1000\u001b[39m, personalMoney: \u001b[33m0\u001b[39m }","timestamp":1773809260258}
{"id":4393,"type":"info","level":2,"name":"stock-monitor","meta":{},"content":"请求方法: POST","timestamp":1773809260258}
{"id":4394,"type":"info","level":2,"name":"stock-monitor","meta":{},"content":"发送成功: { success: \u001b[33mtrue\u001b[39m, message: \u001b[32m'崩盘，新盘已创建'\u001b[39m, diskId: \u001b[33m90\u001b[39m, timestamp: \u001b[32m'2026-03-18T04:47:40.319Z'\u001b[39m }","timestamp":1773809260340}
{"id":4396,"type":"info","level":2,"name":"stock-monitor","meta":{},"content":"收到股票更新事件","timestamp":1773809380346}
{"id":4397,"type":"info","level":2,"name":"stock-monitor","meta":{},"content":"发送股票数据到: http://felinus.gnway.cc:8000/stock","timestamp":1773809380348}
{"id":4398,"type":"info","level":2,"name":"stock-monitor","meta":{},"content":"发送数据: { unitPrice: \u001b[33m1.36\u001b[39m, totalStock: \u001b[33m1000\u001b[39m, personalStock: \u001b[33m0\u001b[39m, totalMoney: \u001b[33m1360\u001b[39m, personalMoney: \u001b[33m0\u001b[39m }","timestamp":1773809380348}
{"id":4399,"type":"info","level":2,"name":"stock-monitor","meta":{},"content":"请求方法: POST","timestamp":1773809380348}
{"id":4400,"type":"info","level":2,"name":"stock-monitor","meta":{},"content":"发送成功: { success: \u001b[33mtrue\u001b[39m, message: \u001b[32m'股票数据接收成功'\u001b[39m, diskId: \u001b[33m90\u001b[39m, timestamp: \u001b[32m'2026-03-18T04:49:40.409Z'\u001b[39m }","timestamp":1773809380431}
{"id":4411,"type":"info","level":2,"name":"stock-monitor","meta":{},"content":"收到股票更新事件","timestamp":1773809500340}
{"id":4412,"type":"info","level":2,"name":"stock-monitor","meta":{},"content":"发送股票数据到: http://felinus.gnway.cc:8000/stock","timestamp":1773809500343}
{"id":4413,"type":"info","level":2,"name":"stock-monitor","meta":{},"content":"发送数据: { unitPrice: \u001b[33m0.3128\u001b[39m, totalStock: \u001b[33m1301\u001b[39m, personalStock: \u001b[33m0\u001b[39m, totalMoney: \u001b[33m406.9528\u001b[39m, personalMoney: \u001b[33m0\u001b[39m }","timestamp":1773809500344}
{"id":4414,"type":"info","level":2,"name":"stock-monitor","meta":{},"content":"请求方法: POST","timestamp":1773809500344}
{"id":4415,"type":"info","level":2,"name":"stock-monitor","meta":{},"content":"发送成功: { success: \u001b[33mtrue\u001b[39m, message: \u001b[32m'股票数据接收成功'\u001b[39m, diskId: \u001b[33m90\u001b[39m, timestamp: \u001b[32m'2026-03-18T04:51:40.411Z'\u001b[39m }","timestamp":1773809500433}
{"id":4417,"type":"info","level":2,"name":"stock-monitor","meta":{},"content":"收到股票更新事件","timestamp":1773809620279}
{"id":4418,"type":"info","level":2,"name":"stock-monitor","meta":{},"content":"发送股票数据到: http://felinus.gnway.cc:8000/stock","timestamp":1773809620279}
{"id":4419,"type":"info","level":2,"name":"stock-monitor","meta":{},"content":"发送数据: { unitPrice: \u001b[33m0.0282\u001b[39m, totalStock: \u001b[33m7001\u001b[39m, personalStock: \u001b[33m0\u001b[39m, totalMoney: \u001b[33m197.0922\u001b[39m, personalMoney: \u001b[33m0\u001b[39m }","timestamp":1773809620280}
{"id":4420,"type":"info","level":2,"name":"stock-monitor","meta":{},"content":"请求方法: POST","timestamp":1773809620280}
{"id":4421,"type":"info","level":2,"name":"stock-monitor","meta":{},"content":"发送成功: { success: \u001b[33mtrue\u001b[39m, message: \u001b[32m'股票数据接收成功'\u001b[39m, diskId: \u001b[33m90\u001b[39m, timestamp: \u001b[32m'2026-03-18T04:53:40.357Z'\u001b[39m }","timestamp":1773809620377}
{"id":4422,"type":"warn","level":2,"name":"DEV:adapter-iirose","meta":{},"content":"获取或转换图片失败: http://s.iirose.com/images/icon/cartoon/601433.jpg TypeError: terminated \u001b[90m    at Fetch.onAborted (node:internal/deps/undici/undici:11000:53)\u001b[39m \u001b[90m    at Fetch.emit (node:events:513:28)\u001b[39m \u001b[90m    at Fetch.terminate (node:internal/deps/undici/undici:10272:14)\u001b[39m \u001b[90m    at Object.onError (node:internal/deps/undici/undici:11095:36)\u001b[39m at Request.onError \u001b[90m(E:\\Desktop\\test\\koishiBot\\koishiBot\\\u001b[39mnode_modules\\\u001b[4mundici\u001b[24m\\lib\\core\\request.js:298:27\u001b[90m)\u001b[39m at Object.errorRequest \u001b[90m(E:\\Desktop\\test\\koishiBot\\koishiBot\\\u001b[39mnode_modules\\\u001b[4mundici\u001b[24m\\lib\\core\\util.js:560:13\u001b[90m)\u001b[39m at Socket.<anonymous> \u001b[90m(E:\\Desktop\\test\\koishiBot\\koishiBot\\\u001b[39mnode_modules\\\u001b[4mundici\u001b[24m\\lib\\dispatcher\\client-h1.js:716:12\u001b[90m)\u001b[39m \u001b[90m    at Socket.emit (node:events:525:35)\u001b[39m \u001b[90m    at TCP.<anonymous> (node:net:313:12)\u001b[39m { [cause]: BodyTimeoutError: Body Timeout Error at Timeout.onParserTimeout [as callback] \u001b[90m(E:\\Desktop\\test\\koishiBot\\koishiBot\\\u001b[39mnode_modules\\\u001b[4mundici\u001b[24m\\lib\\dispatcher\\client-h1.js:626:28\u001b[90m)\u001b[39m at Timeout.onTimeout [as _onTimeout] \u001b[90m(E:\\Desktop\\test\\koishiBot\\koishiBot\\\u001b[39mnode_modules\\\u001b[4mundici\u001b[24m\\lib\\util\\timers.js:20:13\u001b[90m)\u001b[39m \u001b[90m    at listOnTimeout (node:internal/timers:564:17)\u001b[39m \u001b[90m    at process.processTimers (node:internal/timers:507:7)\u001b[39m { code: \u001b[32m'UND_ERR_BODY_TIMEOUT'\u001b[39m } }","timestamp":1773809658906}
{"id":4430,"type":"info","level":2,"name":"stock-monitor","meta":{},"content":"收到股票更新事件","timestamp":1773809740239}
{"id":4431,"type":"info","level":2,"name":"stock-monitor","meta":{},"content":"发送股票数据到: http://felinus.gnway.cc:8000/stock","timestamp":1773809740240}
{"id":4432,"type":"info","level":2,"name":"stock-monitor","meta":{},"content":"发送数据: { unitPrice: \u001b[33m1\u001b[39m, totalStock: \u001b[33m1000\u001b[39m, personalStock: \u001b[33m0\u001b[39m, totalMoney: \u001b[33m1000\u001b[39m, personalMoney: \u001b[33m0\u001b[39m }","timestamp":1773809740240}
{"id":4433,"type":"info","level":2,"name":"stock-monitor","meta":{},"content":"请求方法: POST","timestamp":1773809740241}
{"id":4434,"type":"info","level":2,"name":"stock-monitor","meta":{},"content":"发送成功: { success: \u001b[33mtrue\u001b[39m, message: \u001b[32m'崩盘，新盘已创建'\u001b[39m, diskId: \u001b[33m91\u001b[39m, timestamp: \u001b[32m'2026-03-18T04:55:40.304Z'\u001b[39m }","timestamp":1773809740324}
{"id":4436,"type":"info","level":2,"name":"stock-monitor","meta":{},"content":"收到股票更新事件","timestamp":1773809860334}
{"id":4437,"type":"info","level":2,"name":"stock-monitor","meta":{},"content":"发送股票数据到: http://felinus.gnway.cc:8000/stock","timestamp":1773809860335}
{"id":4438,"type":"info","level":2,"name":"stock-monitor","meta":{},"content":"发送数据: { unitPrice: \u001b[33m0.31\u001b[39m, totalStock: \u001b[33m1537\u001b[39m, personalStock: \u001b[33m0\u001b[39m, totalMoney: \u001b[33m476.47\u001b[39m, personalMoney: \u001b[33m0\u001b[39m }","timestamp":1773809860335}
{"id":4439,"type":"info","level":2,"name":"stock-monitor","meta":{},"content":"请求方法: POST","timestamp":1773809860335}
{"id":4440,"type":"info","level":2,"name":"stock-monitor","meta":{},"content":"发送成功: { success: \u001b[33mtrue\u001b[39m, message: \u001b[32m'股票数据接收成功'\u001b[39m, diskId: \u001b[33m91\u001b[39m, timestamp: \u001b[32m'2026-03-18T04:57:40.396Z'\u001b[39m }","timestamp":1773809860417}
{"id":4442,"type":"info","level":2,"name":"stock-monitor","meta":{},"content":"收到股票更新事件","timestamp":1773809980450}
{"id":4443,"type":"info","level":2,"name":"stock-monitor","meta":{},"content":"发送股票数据到: http://felinus.gnway.cc:8000/stock","timestamp":1773809980452}
{"id":4444,"type":"info","level":2,"name":"stock-monitor","meta":{},"content":"发送数据: { unitPrice: \u001b[33m0.3224\u001b[39m, totalStock: \u001b[33m9537\u001b[39m, personalStock: \u001b[33m0\u001b[39m, totalMoney: \u001b[33m3074.7288\u001b[39m, personalMoney: \u001b[33m0\u001b[39m }","timestamp":1773809980452}
{"id":4445,"type":"info","level":2,"name":"stock-monitor","meta":{},"content":"请求方法: POST","timestamp":1773809980452}
{"id":4446,"type":"info","level":2,"name":"stock-monitor","meta":{},"content":"发送成功: { success: \u001b[33mtrue\u001b[39m, message: \u001b[32m'股票数据接收成功'\u001b[39m, diskId: \u001b[33m91\u001b[39m, timestamp: \u001b[32m'2026-03-18T04:59:40.519Z'\u001b[39m }","timestamp":1773809980540}
{"id":4448,"type":"info","level":2,"name":"stock-monitor","meta":{},"content":"收到股票更新事件","timestamp":1773810100837}
{"id":4449,"type":"info","level":2,"name":"stock-monitor","meta":{},"content":"发送股票数据到: http://felinus.gnway.cc:8000/stock","timestamp":1773810100838}
{"id":4450,"type":"info","level":2,"name":"stock-monitor","meta":{},"content":"发送数据: { unitPrice: \u001b[33m0.4525\u001b[39m, totalStock: \u001b[33m1537\u001b[39m, personalStock: \u001b[33m0\u001b[39m, totalMoney: \u001b[33m695.5288\u001b[39m, personalMoney: \u001b[33m0\u001b[39m }","timestamp":1773810100838}
{"id":4451,"type":"info","level":2,"name":"stock-monitor","meta":{},"content":"请求方法: POST","timestamp":1773810100839}
{"id":4452,"type":"info","level":2,"name":"stock-monitor","meta":{},"content":"发送成功: { success: \u001b[33mtrue\u001b[39m, message: \u001b[32m'股票数据接收成功'\u001b[39m, diskId: \u001b[33m91\u001b[39m, timestamp: \u001b[32m'2026-03-18T05:01:40.900Z'\u001b[39m }","timestamp":1773810101143}
{"id":4454,"type":"info","level":2,"name":"stock-monitor","meta":{},"content":"收到股票更新事件","timestamp":1773810221265}
{"id":4455,"type":"info","level":2,"name":"stock-monitor","meta":{},"content":"发送股票数据到: http://felinus.gnway.cc:8000/stock","timestamp":1773810221265}
{"id":4456,"type":"info","level":2,"name":"stock-monitor","meta":{},"content":"发送数据: { unitPrice: \u001b[33m1.0706\u001b[39m, totalStock: \u001b[33m1537\u001b[39m, personalStock: \u001b[33m0\u001b[39m, totalMoney: \u001b[33m1645.5288\u001b[39m, personalMoney: \u001b[33m0\u001b[39m }","timestamp":1773810221266}
{"id":4457,"type":"info","level":2,"name":"stock-monitor","meta":{},"content":"请求方法: POST","timestamp":1773810221266}
{"id":4458,"type":"info","level":2,"name":"stock-monitor","meta":{},"content":"发送成功: { success: \u001b[33mtrue\u001b[39m, message: \u001b[32m'股票数据接收成功'\u001b[39m, diskId: \u001b[33m91\u001b[39m, timestamp: \u001b[32m'2026-03-18T05:03:41.337Z'\u001b[39m }","timestamp":1773810221358}
{"id":4460,"type":"info","level":2,"name":"stock-monitor","meta":{},"content":"收到股票更新事件","timestamp":1773810341035}
{"id":4461,"type":"info","level":2,"name":"stock-monitor","meta":{},"content":"发送股票数据到: http://felinus.gnway.cc:8000/stock","timestamp":1773810341036}
{"id":4462,"type":"info","level":2,"name":"stock-monitor","meta":{},"content":"发送数据: { unitPrice: \u001b[33m0.2784\u001b[39m, totalStock: \u001b[33m1070\u001b[39m, personalStock: \u001b[33m0\u001b[39m, totalMoney: \u001b[33m297.8439\u001b[39m, personalMoney: \u001b[33m0\u001b[39m }","timestamp":1773810341036}
{"id":4463,"type":"info","level":2,"name":"stock-monitor","meta":{},"content":"请求方法: POST","timestamp":1773810341037}
{"id":4464,"type":"info","level":2,"name":"stock-monitor","meta":{},"content":"发送成功: { success: \u001b[33mtrue\u001b[39m, message: \u001b[32m'股票数据接收成功'\u001b[39m, diskId: \u001b[33m91\u001b[39m, timestamp: \u001b[32m'2026-03-18T05:05:41.104Z'\u001b[39m }","timestamp":1773810341124}
{"id":4466,"type":"info","level":2,"name":"stock-monitor","meta":{},"content":"收到股票更新事件","timestamp":1773810460757}
{"id":4467,"type":"info","level":2,"name":"stock-monitor","meta":{},"content":"发送股票数据到: http://felinus.gnway.cc:8000/stock","timestamp":1773810460757}
{"id":4468,"type":"info","level":2,"name":"stock-monitor","meta":{},"content":"发送数据: { unitPrice: \u001b[33m1\u001b[39m, totalStock: \u001b[33m1000\u001b[39m, personalStock: \u001b[33m0\u001b[39m, totalMoney: \u001b[33m1000\u001b[39m, personalMoney: \u001b[33m0\u001b[39m }","timestamp":1773810460757}
{"id":4469,"type":"info","level":2,"name":"stock-monitor","meta":{},"content":"请求方法: POST","timestamp":1773810460758}
{"id":4470,"type":"info","level":2,"name":"stock-monitor","meta":{},"content":"发送成功: { success: \u001b[33mtrue\u001b[39m, message: \u001b[32m'崩盘，新盘已创建'\u001b[39m, diskId: \u001b[33m92\u001b[39m, timestamp: \u001b[32m'2026-03-18T05:07:40.815Z'\u001b[39m }","timestamp":1773810460834}
{"id":4472,"type":"info","level":2,"name":"stock-monitor","meta":{},"content":"收到股票更新事件","timestamp":1773810580723}
{"id":4473,"type":"info","level":2,"name":"stock-monitor","meta":{},"content":"发送股票数据到: http://felinus.gnway.cc:8000/stock","timestamp":1773810580724}
{"id":4474,"type":"info","level":2,"name":"stock-monitor","meta":{},"content":"发送数据: { unitPrice: \u001b[33m1.72\u001b[39m, totalStock: \u001b[33m2221\u001b[39m, personalStock: \u001b[33m0\u001b[39m, totalMoney: \u001b[33m3820.12\u001b[39m, personalMoney: \u001b[33m0\u001b[39m }","timestamp":1773810580724}
{"id":4475,"type":"info","level":2,"name":"stock-monitor","meta":{},"content":"请求方法: POST","timestamp":1773810580725}
{"id":4476,"type":"info","level":2,"name":"stock-monitor","meta":{},"content":"发送成功: { success: \u001b[33mtrue\u001b[39m, message: \u001b[32m'股票数据接收成功'\u001b[39m, diskId: \u001b[33m92\u001b[39m, timestamp: \u001b[32m'2026-03-18T05:09:40.778Z'\u001b[39m }","timestamp":1773810580798}
{"id":4478,"type":"info","level":2,"name":"stock-monitor","meta":{},"content":"收到股票更新事件","timestamp":1773810701336}
{"id":4479,"type":"info","level":2,"name":"stock-monitor","meta":{},"content":"发送股票数据到: http://felinus.gnway.cc:8000/stock","timestamp":1773810701336}
{"id":4480,"type":"info","level":2,"name":"stock-monitor","meta":{},"content":"发送数据: { unitPrice: \u001b[33m1.7544\u001b[39m, totalStock: \u001b[33m1000\u001b[39m, personalStock: \u001b[33m0\u001b[39m, totalMoney: \u001b[33m1754.4\u001b[39m, personalMoney: \u001b[33m0\u001b[39m }","timestamp":1773810701336}
{"id":4481,"type":"info","level":2,"name":"stock-monitor","meta":{},"content":"请求方法: POST","timestamp":1773810701337}
{"id":4482,"type":"info","level":2,"name":"stock-monitor","meta":{},"content":"发送成功: { success: \u001b[33mtrue\u001b[39m, message: \u001b[32m'股票数据接收成功'\u001b[39m, diskId: \u001b[33m92\u001b[39m, timestamp: \u001b[32m'2026-03-18T05:11:42.427Z'\u001b[39m }","timestamp":1773810702449}
{"id":4484,"type":"info","level":2,"name":"stock-monitor","meta":{},"content":"收到股票更新事件","timestamp":1773810820965}
{"id":4485,"type":"info","level":2,"name":"stock-monitor","meta":{},"content":"发送股票数据到: http://felinus.gnway.cc:8000/stock","timestamp":1773810820966}
{"id":4486,"type":"info","level":2,"name":"stock-monitor","meta":{},"content":"发送数据: { unitPrice: \u001b[33m1.8948\u001b[39m, totalStock: \u001b[33m1000\u001b[39m, personalStock: \u001b[33m0\u001b[39m, totalMoney: \u001b[33m1894.752\u001b[39m, personalMoney: \u001b[33m0\u001b[39m }","timestamp":1773810820966}
{"id":4487,"type":"info","level":2,"name":"stock-monitor","meta":{},"content":"请求方法: POST","timestamp":1773810820967}
{"id":4488,"type":"info","level":2,"name":"stock-monitor","meta":{},"content":"发送成功: { success: \u001b[33mtrue\u001b[39m, message: \u001b[32m'股票数据接收成功'\u001b[39m, diskId: \u001b[33m92\u001b[39m, timestamp: \u001b[32m'2026-03-18T05:13:41.037Z'\u001b[39m }","timestamp":1773810821058}
{"id":4490,"type":"info","level":2,"name":"stock-monitor","meta":{},"content":"收到股票更新事件","timestamp":1773810940918}
{"id":4491,"type":"info","level":2,"name":"stock-monitor","meta":{},"content":"发送股票数据到: http://felinus.gnway.cc:8000/stock","timestamp":1773810940920}
{"id":4492,"type":"info","level":2,"name":"stock-monitor","meta":{},"content":"发送数据: { unitPrice: \u001b[33m3.6379\u001b[39m, totalStock: \u001b[33m1005\u001b[39m, personalStock: \u001b[33m0\u001b[39m, totalMoney: \u001b[33m3656.1135\u001b[39m, personalMoney: \u001b[33m0\u001b[39m }","timestamp":1773810940921}
{"id":4493,"type":"info","level":2,"name":"stock-monitor","meta":{},"content":"请求方法: POST","timestamp":1773810940921}
{"id":4494,"type":"info","level":2,"name":"stock-monitor","meta":{},"content":"发送成功: { success: \u001b[33mtrue\u001b[39m, message: \u001b[32m'股票数据接收成功'\u001b[39m, diskId: \u001b[33m92\u001b[39m, timestamp: \u001b[32m'2026-03-18T05:15:40.988Z'\u001b[39m }","timestamp":1773810941007}
{"id":4496,"type":"info","level":2,"name":"stock-monitor","meta":{},"content":"收到股票更新事件","timestamp":1773811061096}
{"id":4497,"type":"info","level":2,"name":"stock-monitor","meta":{},"content":"发送股票数据到: http://felinus.gnway.cc:8000/stock","timestamp":1773811061097}
{"id":4498,"type":"info","level":2,"name":"stock-monitor","meta":{},"content":"发送数据: { unitPrice: \u001b[33m4.4019\u001b[39m, totalStock: \u001b[33m1876\u001b[39m, personalStock: \u001b[33m0\u001b[39m, totalMoney: \u001b[33m8257.9416\u001b[39m, personalMoney: \u001b[33m0\u001b[39m }","timestamp":1773811061097}
{"id":4499,"type":"info","level":2,"name":"stock-monitor","meta":{},"content":"请求方法: POST","timestamp":1773811061098}
{"id":4500,"type":"info","level":2,"name":"stock-monitor","meta":{},"content":"发送成功: { success: \u001b[33mtrue\u001b[39m, message: \u001b[32m'股票数据接收成功'\u001b[39m, diskId: \u001b[33m92\u001b[39m, timestamp: \u001b[32m'2026-03-18T05:17:41.165Z'\u001b[39m }","timestamp":1773811061191}
{"id":4502,"type":"info","level":2,"name":"stock-monitor","meta":{},"content":"收到股票更新事件","timestamp":1773811181044}
{"id":4503,"type":"info","level":2,"name":"stock-monitor","meta":{},"content":"发送股票数据到: http://felinus.gnway.cc:8000/stock","timestamp":1773811181045}
{"id":4504,"type":"info","level":2,"name":"stock-monitor","meta":{},"content":"发送数据: { unitPrice: \u001b[33m2.6411\u001b[39m, totalStock: \u001b[33m1003\u001b[39m, personalStock: \u001b[33m0\u001b[39m, totalMoney: \u001b[33m2649.0561\u001b[39m, personalMoney: \u001b[33m0\u001b[39m }","timestamp":1773811181045}
{"id":4505,"type":"info","level":2,"name":"stock-monitor","meta":{},"content":"请求方法: POST","timestamp":1773811181045}
{"id":4506,"type":"info","level":2,"name":"stock-monitor","meta":{},"content":"发送成功: { success: \u001b[33mtrue\u001b[39m, message: \u001b[32m'股票数据接收成功'\u001b[39m, diskId: \u001b[33m92\u001b[39m, timestamp: \u001b[32m'2026-03-18T05:19:41.106Z'\u001b[39m }","timestamp":1773811181351}
{"id":4508,"type":"info","level":2,"name":"stock-monitor","meta":{},"content":"收到股票更新事件","timestamp":1773811301223}
{"id":4509,"type":"info","level":2,"name":"stock-monitor","meta":{},"content":"发送股票数据到: http://felinus.gnway.cc:8000/stock","timestamp":1773811301225}
{"id":4510,"type":"info","level":2,"name":"stock-monitor","meta":{},"content":"发送数据: { unitPrice: \u001b[33m1.4262\u001b[39m, totalStock: \u001b[33m1015\u001b[39m, personalStock: \u001b[33m0\u001b[39m, totalMoney: \u001b[33m1447.6048\u001b[39m, personalMoney: \u001b[33m0\u001b[39m }","timestamp":1773811301226}
{"id":4511,"type":"info","level":2,"name":"stock-monitor","meta":{},"content":"请求方法: POST","timestamp":1773811301226}
{"id":4512,"type":"info","level":2,"name":"stock-monitor","meta":{},"content":"发送成功: { success: \u001b[33mtrue\u001b[39m, message: \u001b[32m'股票数据接收成功'\u001b[39m, diskId: \u001b[33m92\u001b[39m, timestamp: \u001b[32m'2026-03-18T05:21:41.290Z'\u001b[39m }","timestamp":1773811301310}
{"id":4514,"type":"info","level":2,"name":"stock-monitor","meta":{},"content":"收到股票更新事件","timestamp":1773811421343}
{"id":4515,"type":"info","level":2,"name":"stock-monitor","meta":{},"content":"发送股票数据到: http://felinus.gnway.cc:8000/stock","timestamp":1773811421347}
{"id":4516,"type":"info","level":2,"name":"stock-monitor","meta":{},"content":"发送数据: { unitPrice: \u001b[33m2.068\u001b[39m, totalStock: \u001b[33m1037\u001b[39m, personalStock: \u001b[33m0\u001b[39m, totalMoney: \u001b[33m2144.5232\u001b[39m, personalMoney: \u001b[33m0\u001b[39m }","timestamp":1773811421347}
{"id":4517,"type":"info","level":2,"name":"stock-monitor","meta":{},"content":"请求方法: POST","timestamp":1773811421347}
{"id":4518,"type":"info","level":2,"name":"stock-monitor","meta":{},"content":"发送成功: { success: \u001b[33mtrue\u001b[39m, message: \u001b[32m'股票数据接收成功'\u001b[39m, diskId: \u001b[33m92\u001b[39m, timestamp: \u001b[32m'2026-03-18T05:23:41.410Z'\u001b[39m }","timestamp":1773811421429}
{"id":4520,"type":"info","level":2,"name":"stock-monitor","meta":{},"content":"收到股票更新事件","timestamp":1773811541779}
{"id":4521,"type":"info","level":2,"name":"stock-monitor","meta":{},"content":"发送股票数据到: http://felinus.gnway.cc:8000/stock","timestamp":1773811541780}
{"id":4522,"type":"info","level":2,"name":"stock-monitor","meta":{},"content":"发送数据: { unitPrice: \u001b[33m3.3295\u001b[39m, totalStock: \u001b[33m1017\u001b[39m, personalStock: \u001b[33m0\u001b[39m, totalMoney: \u001b[33m3386.0925\u001b[39m, personalMoney: \u001b[33m0\u001b[39m }","timestamp":1773811541780}
{"id":4523,"type":"info","level":2,"name":"stock-monitor","meta":{},"content":"请求方法: POST","timestamp":1773811541780}
{"id":4524,"type":"info","level":2,"name":"stock-monitor","meta":{},"content":"发送成功: { success: \u001b[33mtrue\u001b[39m, message: \u001b[32m'股票数据接收成功'\u001b[39m, diskId: \u001b[33m92\u001b[39m, timestamp: \u001b[32m'2026-03-18T05:25:41.849Z'\u001b[39m }","timestamp":1773811541870}
{"id":4526,"type":"info","level":2,"name":"stock-monitor","meta":{},"content":"收到股票更新事件","timestamp":1773811661965}
{"id":4527,"type":"info","level":2,"name":"stock-monitor","meta":{},"content":"发送股票数据到: http://felinus.gnway.cc:8000/stock","timestamp":1773811661966}
{"id":4528,"type":"info","level":2,"name":"stock-monitor","meta":{},"content":"发送数据: { unitPrice: \u001b[33m1.9311\u001b[39m, totalStock: \u001b[33m1708\u001b[39m, personalStock: \u001b[33m0\u001b[39m, totalMoney: \u001b[33m3298.3271\u001b[39m, personalMoney: \u001b[33m0\u001b[39m }","timestamp":1773811661966}
{"id":4529,"type":"info","level":2,"name":"stock-monitor","meta":{},"content":"请求方法: POST","timestamp":1773811661966}
{"id":4530,"type":"info","level":2,"name":"stock-monitor","meta":{},"content":"发送成功: { success: \u001b[33mtrue\u001b[39m, message: \u001b[32m'股票数据接收成功'\u001b[39m, diskId: \u001b[33m92\u001b[39m, timestamp: \u001b[32m'2026-03-18T05:27:42.021Z'\u001b[39m }","timestamp":1773811662041}
{"id":4532,"type":"info","level":2,"name":"stock-monitor","meta":{},"content":"收到股票更新事件","timestamp":1773811781761}
{"id":4533,"type":"info","level":2,"name":"stock-monitor","meta":{},"content":"发送股票数据到: http://felinus.gnway.cc:8000/stock","timestamp":1773811781761}
{"id":4534,"type":"info","level":2,"name":"stock-monitor","meta":{},"content":"发送数据: { unitPrice: \u001b[33m2.2401\u001b[39m, totalStock: \u001b[33m1000\u001b[39m, personalStock: \u001b[33m0\u001b[39m, totalMoney: \u001b[33m2240.0816\u001b[39m, personalMoney: \u001b[33m0\u001b[39m }","timestamp":1773811781762}
{"id":4535,"type":"info","level":2,"name":"stock-monitor","meta":{},"content":"请求方法: POST","timestamp":1773811781762}
{"id":4536,"type":"info","level":2,"name":"stock-monitor","meta":{},"content":"发送成功: { success: \u001b[33mtrue\u001b[39m, message: \u001b[32m'股票数据接收成功'\u001b[39m, diskId: \u001b[33m92\u001b[39m, timestamp: \u001b[32m'2026-03-18T05:29:41.832Z'\u001b[39m }","timestamp":1773811781852}
{"id":4538,"type":"info","level":2,"name":"stock-monitor","meta":{},"content":"收到股票更新事件","timestamp":1773811901590}
{"id":4539,"type":"info","level":2,"name":"stock-monitor","meta":{},"content":"发送股票数据到: http://felinus.gnway.cc:8000/stock","timestamp":1773811901590}
{"id":4540,"type":"info","level":2,"name":"stock-monitor","meta":{},"content":"发送数据: { unitPrice: \u001b[33m4.0545\u001b[39m, totalStock: \u001b[33m1524\u001b[39m, personalStock: \u001b[33m0\u001b[39m, totalMoney: \u001b[33m6179.1308\u001b[39m, personalMoney: \u001b[33m0\u001b[39m }","timestamp":1773811901591}
{"id":4541,"type":"info","level":2,"name":"stock-monitor","meta":{},"content":"请求方法: POST","timestamp":1773811901591}
{"id":4542,"type":"info","level":2,"name":"stock-monitor","meta":{},"content":"发送成功: { success: \u001b[33mtrue\u001b[39m, message: \u001b[32m'股票数据接收成功'\u001b[39m, diskId: \u001b[33m92\u001b[39m, timestamp: \u001b[32m'2026-03-18T05:31:41.657Z'\u001b[39m }","timestamp":1773811901678}
{"id":4544,"type":"info","level":2,"name":"stock-monitor","meta":{},"content":"收到股票更新事件","timestamp":1773812022208}
{"id":4545,"type":"info","level":2,"name":"stock-monitor","meta":{},"content":"发送股票数据到: http://felinus.gnway.cc:8000/stock","timestamp":1773812022211}
{"id":4546,"type":"info","level":2,"name":"stock-monitor","meta":{},"content":"发送数据: { unitPrice: \u001b[33m0.6487\u001b[39m, totalStock: \u001b[33m1524\u001b[39m, personalStock: \u001b[33m0\u001b[39m, totalMoney: \u001b[33m988.6609\u001b[39m, personalMoney: \u001b[33m0\u001b[39m }","timestamp":1773812022212}
{"id":4547,"type":"info","level":2,"name":"stock-monitor","meta":{},"content":"请求方法: POST","timestamp":1773812022212}
{"id":4548,"type":"info","level":2,"name":"stock-monitor","meta":{},"content":"发送成功: { success: \u001b[33mtrue\u001b[39m, message: \u001b[32m'股票数据接收成功'\u001b[39m, diskId: \u001b[33m92\u001b[39m, timestamp: \u001b[32m'2026-03-18T05:33:42.272Z'\u001b[39m }","timestamp":1773812022292}
{"id":4550,"type":"info","level":2,"name":"stock-monitor","meta":{},"content":"收到股票更新事件","timestamp":1773812142108}
{"id":4551,"type":"info","level":2,"name":"stock-monitor","meta":{},"content":"发送股票数据到: http://felinus.gnway.cc:8000/stock","timestamp":1773812142108}
{"id":4552,"type":"info","level":2,"name":"stock-monitor","meta":{},"content":"发送数据: { unitPrice: \u001b[33m1.2196\u001b[39m, totalStock: \u001b[33m4602\u001b[39m, personalStock: \u001b[33m0\u001b[39m, totalMoney: \u001b[33m5612.6358\u001b[39m, personalMoney: \u001b[33m0\u001b[39m }","timestamp":1773812142108}
{"id":4553,"type":"info","level":2,"name":"stock-monitor","meta":{},"content":"请求方法: POST","timestamp":1773812142109}
{"id":4554,"type":"info","level":2,"name":"stock-monitor","meta":{},"content":"发送成功: { success: \u001b[33mtrue\u001b[39m, message: \u001b[32m'股票数据接收成功'\u001b[39m, diskId: \u001b[33m92\u001b[39m, timestamp: \u001b[32m'2026-03-18T05:35:42.168Z'\u001b[39m }","timestamp":1773812142188}
{"id":4556,"type":"info","level":2,"name":"stock-monitor","meta":{},"content":"收到股票更新事件","timestamp":1773812262021}
{"id":4557,"type":"info","level":2,"name":"stock-monitor","meta":{},"content":"发送股票数据到: http://felinus.gnway.cc:8000/stock","timestamp":1773812262022}
{"id":4558,"type":"info","level":2,"name":"stock-monitor","meta":{},"content":"发送数据: { unitPrice: \u001b[33m0.8659\u001b[39m, totalStock: \u001b[33m1663\u001b[39m, personalStock: \u001b[33m0\u001b[39m, totalMoney: \u001b[33m1440.0277\u001b[39m, personalMoney: \u001b[33m0\u001b[39m }","timestamp":1773812262022}
{"id":4559,"type":"info","level":2,"name":"stock-monitor","meta":{},"content":"请求方法: POST","timestamp":1773812262023}
{"id":4560,"type":"info","level":2,"name":"stock-monitor","meta":{},"content":"发送成功: { success: \u001b[33mtrue\u001b[39m, message: \u001b[32m'股票数据接收成功'\u001b[39m, diskId: \u001b[33m92\u001b[39m, timestamp: \u001b[32m'2026-03-18T05:37:42.086Z'\u001b[39m }","timestamp":1773812262105}
{"id":4562,"type":"info","level":2,"name":"stock-monitor","meta":{},"content":"收到股票更新事件","timestamp":1773812381818}
{"id":4563,"type":"info","level":2,"name":"stock-monitor","meta":{},"content":"发送股票数据到: http://felinus.gnway.cc:8000/stock","timestamp":1773812381819}
{"id":4564,"type":"info","level":2,"name":"stock-monitor","meta":{},"content":"发送数据: { unitPrice: \u001b[33m0.0759\u001b[39m, totalStock: \u001b[33m1000\u001b[39m, personalStock: \u001b[33m0\u001b[39m, totalMoney: \u001b[33m75.9217\u001b[39m, personalMoney: \u001b[33m0\u001b[39m }","timestamp":1773812381819}
{"id":4565,"type":"info","level":2,"name":"stock-monitor","meta":{},"content":"请求方法: POST","timestamp":1773812381820}
{"id":4566,"type":"info","level":2,"name":"stock-monitor","meta":{},"content":"发送成功: { success: \u001b[33mtrue\u001b[39m, message: \u001b[32m'股票数据接收成功'\u001b[39m, diskId: \u001b[33m92\u001b[39m, timestamp: \u001b[32m'2026-03-18T05:39:41.885Z'\u001b[39m }","timestamp":1773812381906}
{"id":4568,"type":"info","level":2,"name":"stock-monitor","meta":{},"content":"收到股票更新事件","timestamp":1773812502323}
{"id":4569,"type":"info","level":2,"name":"stock-monitor","meta":{},"content":"发送股票数据到: http://felinus.gnway.cc:8000/stock","timestamp":1773812502323}
{"id":4570,"type":"info","level":2,"name":"stock-monitor","meta":{},"content":"发送数据: { unitPrice: \u001b[33m0.5959\u001b[39m, totalStock: \u001b[33m1000\u001b[39m, personalStock: \u001b[33m0\u001b[39m, totalMoney: \u001b[33m595.9217\u001b[39m, personalMoney: \u001b[33m0\u001b[39m }","timestamp":1773812502323}
{"id":4571,"type":"info","level":2,"name":"stock-monitor","meta":{},"content":"请求方法: POST","timestamp":1773812502323}
{"id":4572,"type":"info","level":2,"name":"stock-monitor","meta":{},"content":"发送成功: { success: \u001b[33mtrue\u001b[39m, message: \u001b[32m'股票数据接收成功'\u001b[39m, diskId: \u001b[33m92\u001b[39m, timestamp: \u001b[32m'2026-03-18T05:41:42.403Z'\u001b[39m }","timestamp":1773812502424}
{"id":4574,"type":"info","level":2,"name":"stock-monitor","meta":{},"content":"收到股票更新事件","timestamp":1773812622062}
{"id":4575,"type":"info","level":2,"name":"stock-monitor","meta":{},"content":"发送股票数据到: http://felinus.gnway.cc:8000/stock","timestamp":1773812622064}
{"id":4576,"type":"info","level":2,"name":"stock-monitor","meta":{},"content":"发送数据: { unitPrice: \u001b[33m1.2859\u001b[39m, totalStock: \u001b[33m1000\u001b[39m, personalStock: \u001b[33m0\u001b[39m, totalMoney: \u001b[33m1285.9217\u001b[39m, personalMoney: \u001b[33m0\u001b[39m }","timestamp":1773812622064}
{"id":4577,"type":"info","level":2,"name":"stock-monitor","meta":{},"content":"请求方法: POST","timestamp":1773812622064}
{"id":4578,"type":"info","level":2,"name":"stock-monitor","meta":{},"content":"发送成功: { success: \u001b[33mtrue\u001b[39m, message: \u001b[32m'股票数据接收成功'\u001b[39m, diskId: \u001b[33m92\u001b[39m, timestamp: \u001b[32m'2026-03-18T05:43:42.121Z'\u001b[39m }","timestamp":1773812622140}
{"id":4580,"type":"info","level":2,"name":"stock-monitor","meta":{},"content":"收到股票更新事件","timestamp":1773812742712}
{"id":4581,"type":"info","level":2,"name":"stock-monitor","meta":{},"content":"发送股票数据到: http://felinus.gnway.cc:8000/stock","timestamp":1773812742713}
{"id":4582,"type":"info","level":2,"name":"stock-monitor","meta":{},"content":"发送数据: { unitPrice: \u001b[33m0.4244\u001b[39m, totalStock: \u001b[33m1000\u001b[39m, personalStock: \u001b[33m0\u001b[39m, totalMoney: \u001b[33m424.3541\u001b[39m, personalMoney: \u001b[33m0\u001b[39m }","timestamp":1773812742713}
{"id":4583,"type":"info","level":2,"name":"stock-monitor","meta":{},"content":"请求方法: POST","timestamp":1773812742714}
{"id":4584,"type":"info","level":2,"name":"stock-monitor","meta":{},"content":"发送成功: { success: \u001b[33mtrue\u001b[39m, message: \u001b[32m'股票数据接收成功'\u001b[39m, diskId: \u001b[33m92\u001b[39m, timestamp: \u001b[32m'2026-03-18T05:45:43.156Z'\u001b[39m }","timestamp":1773812743273}
{"id":4586,"type":"info","level":2,"name":"stock-monitor","meta":{},"content":"收到股票更新事件","timestamp":1773812864133}
